[0.007s] Invoking command in '/home/hong/Movement_Control/Go2Robot/build/go2_robot': CMAKE_PREFIX_PATH=${CMAKE_PREFIX_PATH}:/opt/ros/humble /usr/bin/cmake --build /home/hong/Movement_Control/Go2Robot/build/go2_robot -- -j24 -l24
[0.050s] [  6%] Built target go2_robot__rosidl_generator_c
[0.050s] [  8%] Built target go2_robot__cpp
[0.051s] [ 10%] Built target go2_robot__rs
[0.051s] [ 20%] Built target OsqpEigen
[0.059s] [ 20%] Built target ament_cmake_python_copy_go2_robot
[0.065s] [ 26%] Built target go2_robot__rosidl_typesupport_c
[0.066s] [ 32%] Built target go2_robot__rosidl_typesupport_introspection_c
[0.067s] [ 38%] Built target go2_robot__rosidl_typesupport_cpp
[0.067s] [ 44%] Built target go2_robot__rosidl_typesupport_fastrtps_cpp
[0.068s] [ 51%] Built target go2_robot__rosidl_typesupport_introspection_cpp
[0.069s] [ 57%] Built target go2_robot__rosidl_typesupport_fastrtps_c
[0.083s] [ 75%] Built target go2_core
[0.088s] [ 75%] Built target go2_robot
[0.105s] [35m[1mConsolidate compiler generated dependencies of target go2_control_node[0m
[0.105s] [ 77%] Built target go2_robot__py
[0.125s] [ 81%] Built target go2_robot__rosidl_generator_py
[0.134s] [ 83%] [32mBuilding CXX object CMakeFiles/go2_control_node.dir/src/ros2/go2_control_node.cpp.o[0m
[0.144s] [ 87%] Built target go2_robot__rosidl_typesupport_c__pyext
[0.145s] [ 91%] Built target go2_robot__rosidl_typesupport_introspection_c__pyext
[0.145s] [ 95%] Built target go2_robot__rosidl_typesupport_fastrtps_c__pyext
[0.194s] running egg_info
[0.194s] writing go2_robot.egg-info/PKG-INFO
[0.194s] writing dependency_links to go2_robot.egg-info/dependency_links.txt
[0.194s] writing top-level names to go2_robot.egg-info/top_level.txt
[0.196s] reading manifest file 'go2_robot.egg-info/SOURCES.txt'
[0.196s] writing manifest file 'go2_robot.egg-info/SOURCES.txt'
[0.216s] [ 95%] Built target ament_cmake_python_build_go2_robot_egg
[4.918s] [01m[K/home/hong/Movement_Control/Go2Robot/src/ros2/go2_control_node.cpp:[m[K In member function ‘[01m[Kvoid go2::Go2ControlNode::wbcControlLoop()[m[K’:
[4.918s] [01m[K/home/hong/Movement_Control/Go2Robot/src/ros2/go2_control_node.cpp:318:10:[m[K [01;31m[Kerror: [m[Kconflicting declaration ‘[01m[Kauto tau[m[K’
[4.918s]   318 |     auto [01;31m[Ktau[m[K = pin->getJointTorquesFromSolution(test_a, f_mpc);
[4.918s]       |          [01;31m[K^~~[m[K
[4.918s] [01m[K/home/hong/Movement_Control/Go2Robot/src/ros2/go2_control_node.cpp:317:10:[m[K [01;36m[Knote: [m[Kprevious declaration as ‘[01m[KEigen::Matrix<double, -1, 1> tau[m[K’
[4.918s]   317 |     auto [01;36m[Ktau[m[K = pin->getJointTorquesFromSolution(q_a_wbc, f_wbc);
[4.918s]       |          [01;36m[K^~~[m[K
[8.693s] gmake[2]: *** [CMakeFiles/go2_control_node.dir/build.make:76：CMakeFiles/go2_control_node.dir/src/ros2/go2_control_node.cpp.o] 错误 1
[8.693s] gmake[1]: *** [CMakeFiles/Makefile2:294：CMakeFiles/go2_control_node.dir/all] 错误 2
[8.694s] gmake: *** [Makefile:146：all] 错误 2
[8.699s] Invoked command in '/home/hong/Movement_Control/Go2Robot/build/go2_robot' returned '2': CMAKE_PREFIX_PATH=${CMAKE_PREFIX_PATH}:/opt/ros/humble /usr/bin/cmake --build /home/hong/Movement_Control/Go2Robot/build/go2_robot -- -j24 -l24
