[  2%] Built target go2_robot__rs
[  4%] Built target go2_robot__cpp
[  4%] Built target ament_cmake_python_copy_go2_robot
[ 10%] Built target go2_robot__rosidl_generator_c
[ 20%] Built target OsqpEigen
[ 26%] Built target go2_robot__rosidl_typesupport_fastrtps_cpp
[ 34%] Built target go2_robot__rosidl_typesupport_introspection_cpp
[ 38%] Built target go2_robot__rosidl_typesupport_cpp
[ 44%] Built target go2_robot__rosidl_typesupport_c
[ 51%] Built target go2_robot__rosidl_typesupport_fastrtps_c
[35m[1mConsolidate compiler generated dependencies of target go2_core[0m
[ 57%] Built target go2_robot__rosidl_typesupport_introspection_c
[ 57%] Built target go2_robot
[ 59%] Built target go2_robot__py
[ 77%] Built target go2_core
[ 81%] Built target go2_robot__rosidl_generator_py
[35m[1mConsolidate compiler generated dependencies of target go2_control_node[0m
[ 85%] Built target go2_robot__rosidl_typesupport_introspection_c__pyext
[ 93%] Built target go2_robot__rosidl_typesupport_c__pyext
[ 93%] Built target go2_robot__rosidl_typesupport_fastrtps_c__pyext
[ 95%] [32mBuilding CXX object CMakeFiles/go2_control_node.dir/src/ros2/go2_control_node.cpp.o[0m
running egg_info
writing go2_robot.egg-info/PKG-INFO
writing dependency_links to go2_robot.egg-info/dependency_links.txt
writing top-level names to go2_robot.egg-info/top_level.txt
reading manifest file 'go2_robot.egg-info/SOURCES.txt'
writing manifest file 'go2_robot.egg-info/SOURCES.txt'
[ 95%] Built target ament_cmake_python_build_go2_robot_egg
