[0.008s] Invoking command in '/home/hong/Movement_Control/Go2Robot/build/go2_robot': CMAKE_PREFIX_PATH=${CMAKE_PREFIX_PATH}:/opt/ros/humble /usr/bin/cmake --build /home/hong/Movement_Control/Go2Robot/build/go2_robot -- -j24 -l24
[0.057s] [  2%] Built target go2_robot__rs
[0.058s] [  4%] Built target go2_robot__cpp
[0.060s] [ 10%] Built target go2_robot__rosidl_generator_c
[0.060s] [ 10%] Built target ament_cmake_python_copy_go2_robot
[0.062s] [ 20%] Built target OsqpEigen
[0.073s] [ 26%] Built target go2_robot__rosidl_typesupport_introspection_c
[0.073s] [ 32%] Built target go2_robot__rosidl_typesupport_introspection_cpp
[0.073s] [ 38%] Built target go2_robot__rosidl_typesupport_c
[0.078s] [ 44%] Built target go2_robot__rosidl_typesupport_cpp
[0.078s] [ 51%] Built target go2_robot__rosidl_typesupport_fastrtps_cpp
[0.080s] [ 57%] Built target go2_robot__rosidl_typesupport_fastrtps_c
[0.099s] [ 57%] Built target go2_robot
[0.099s] [ 59%] [32mBuilding CXX object CMakeFiles/go2_core.dir/src/WBC/WBC.cpp.o[0m
[0.118s] [ 61%] Built target go2_robot__py
[0.136s] [ 65%] Built target go2_robot__rosidl_generator_py
[0.155s] [ 69%] Built target go2_robot__rosidl_typesupport_introspection_c__pyext
[0.157s] [ 77%] Built target go2_robot__rosidl_typesupport_c__pyext
[0.157s] [ 77%] Built target go2_robot__rosidl_typesupport_fastrtps_c__pyext
[0.195s] running egg_info
[0.196s] writing go2_robot.egg-info/PKG-INFO
[0.196s] writing dependency_links to go2_robot.egg-info/dependency_links.txt
[0.196s] writing top-level names to go2_robot.egg-info/top_level.txt
[0.197s] reading manifest file 'go2_robot.egg-info/SOURCES.txt'
[0.198s] writing manifest file 'go2_robot.egg-info/SOURCES.txt'
[0.215s] [ 77%] Built target ament_cmake_python_build_go2_robot_egg
[9.305s] [ 79%] [32m[1mLinking CXX static library libgo2_core.a[0m
[9.350s] [ 93%] Built target go2_core
[9.368s] [35m[1mConsolidate compiler generated dependencies of target go2_control_node[0m
[9.402s] [ 95%] [32mBuilding CXX object CMakeFiles/go2_control_node.dir/src/ros2/go2_control_node.cpp.o[0m
[23.864s] [ 97%] [32m[1mLinking CXX executable go2_control_node[0m
[24.037s] [100%] Built target go2_control_node
[24.917s] Invoked command in '/home/hong/Movement_Control/Go2Robot/build/go2_robot' returned '0': CMAKE_PREFIX_PATH=${CMAKE_PREFIX_PATH}:/opt/ros/humble /usr/bin/cmake --build /home/hong/Movement_Control/Go2Robot/build/go2_robot -- -j24 -l24
[24.928s] Invoking command in '/home/hong/Movement_Control/Go2Robot/build/go2_robot': CMAKE_PREFIX_PATH=${CMAKE_PREFIX_PATH}:/opt/ros/humble /usr/bin/cmake --install /home/hong/Movement_Control/Go2Robot/build/go2_robot
[24.938s] -- Install configuration: "Release"
[24.938s] -- Up-to-date: /home/hong/Movement_Control/Go2Robot/install/go2_robot/share/ament_index/resource_index/rosidl_interfaces/go2_robot
[24.938s] -- Up-to-date: /home/hong/Movement_Control/Go2Robot/install/go2_robot/include/go2_robot/go2_robot
[24.938s] -- Up-to-date: /home/hong/Movement_Control/Go2Robot/install/go2_robot/include/go2_robot/go2_robot/msg
[24.938s] -- Up-to-date: /home/hong/Movement_Control/Go2Robot/install/go2_robot/include/go2_robot/go2_robot/msg/rosidl_generator_c__visibility_control.h
[24.938s] -- Up-to-date: /home/hong/Movement_Control/Go2Robot/install/go2_robot/include/go2_robot/go2_robot/msg/go2_telemetry.h
[24.938s] -- Up-to-date: /home/hong/Movement_Control/Go2Robot/install/go2_robot/include/go2_robot/go2_robot/msg/detail
[24.938s] -- Up-to-date: /home/hong/Movement_Control/Go2Robot/install/go2_robot/include/go2_robot/go2_robot/msg/detail/go2_telemetry__functions.c
[24.938s] -- Up-to-date: /home/hong/Movement_Control/Go2Robot/install/go2_robot/include/go2_robot/go2_robot/msg/detail/go2_telemetry__type_support.h
[24.938s] -- Up-to-date: /home/hong/Movement_Control/Go2Robot/install/go2_robot/include/go2_robot/go2_robot/msg/detail/go2_telemetry__functions.h
[24.938s] -- Up-to-date: /home/hong/Movement_Control/Go2Robot/install/go2_robot/include/go2_robot/go2_robot/msg/detail/go2_telemetry__struct.h
[24.938s] -- Up-to-date: /home/hong/Movement_Control/Go2Robot/install/go2_robot/share/go2_robot/environment/library_path.sh
[24.939s] -- Up-to-date: /home/hong/Movement_Control/Go2Robot/install/go2_robot/share/go2_robot/environment/library_path.dsv
[24.939s] -- Up-to-date: /home/hong/Movement_Control/Go2Robot/install/go2_robot/lib/libgo2_robot__rosidl_generator_c.so
[24.939s] -- Up-to-date: /home/hong/Movement_Control/Go2Robot/install/go2_robot/include/go2_robot/go2_robot
[24.939s] -- Up-to-date: /home/hong/Movement_Control/Go2Robot/install/go2_robot/include/go2_robot/go2_robot/msg
[24.939s] -- Up-to-date: /home/hong/Movement_Control/Go2Robot/install/go2_robot/include/go2_robot/go2_robot/msg/rosidl_typesupport_fastrtps_c__visibility_control.h
[24.939s] -- Up-to-date: /home/hong/Movement_Control/Go2Robot/install/go2_robot/include/go2_robot/go2_robot/msg/detail
[24.939s] -- Up-to-date: /home/hong/Movement_Control/Go2Robot/install/go2_robot/include/go2_robot/go2_robot/msg/detail/go2_telemetry__rosidl_typesupport_fastrtps_c.h
[24.939s] -- Up-to-date: /home/hong/Movement_Control/Go2Robot/install/go2_robot/lib/libgo2_robot__rosidl_typesupport_fastrtps_c.so
[24.939s] -- Up-to-date: /home/hong/Movement_Control/Go2Robot/install/go2_robot/include/go2_robot/go2_robot
[24.939s] -- Up-to-date: /home/hong/Movement_Control/Go2Robot/install/go2_robot/include/go2_robot/go2_robot/msg
[24.939s] -- Up-to-date: /home/hong/Movement_Control/Go2Robot/install/go2_robot/include/go2_robot/go2_robot/msg/rosidl_generator_cpp__visibility_control.hpp
[24.939s] -- Up-to-date: /home/hong/Movement_Control/Go2Robot/install/go2_robot/include/go2_robot/go2_robot/msg/go2_telemetry.hpp
[24.939s] -- Up-to-date: /home/hong/Movement_Control/Go2Robot/install/go2_robot/include/go2_robot/go2_robot/msg/detail
[24.939s] -- Up-to-date: /home/hong/Movement_Control/Go2Robot/install/go2_robot/include/go2_robot/go2_robot/msg/detail/go2_telemetry__builder.hpp
[24.939s] -- Up-to-date: /home/hong/Movement_Control/Go2Robot/install/go2_robot/include/go2_robot/go2_robot/msg/detail/go2_telemetry__type_support.hpp
[24.939s] -- Up-to-date: /home/hong/Movement_Control/Go2Robot/install/go2_robot/include/go2_robot/go2_robot/msg/detail/go2_telemetry__traits.hpp
[24.940s] -- Up-to-date: /home/hong/Movement_Control/Go2Robot/install/go2_robot/include/go2_robot/go2_robot/msg/detail/go2_telemetry__struct.hpp
[24.940s] -- Up-to-date: /home/hong/Movement_Control/Go2Robot/install/go2_robot/include/go2_robot/go2_robot
[24.940s] -- Up-to-date: /home/hong/Movement_Control/Go2Robot/install/go2_robot/include/go2_robot/go2_robot/msg
[24.940s] -- Up-to-date: /home/hong/Movement_Control/Go2Robot/install/go2_robot/include/go2_robot/go2_robot/msg/rosidl_typesupport_fastrtps_cpp__visibility_control.h
[24.940s] -- Up-to-date: /home/hong/Movement_Control/Go2Robot/install/go2_robot/include/go2_robot/go2_robot/msg/detail
[24.940s] -- Up-to-date: /home/hong/Movement_Control/Go2Robot/install/go2_robot/include/go2_robot/go2_robot/msg/detail/go2_telemetry__rosidl_typesupport_fastrtps_cpp.hpp
[24.940s] -- Up-to-date: /home/hong/Movement_Control/Go2Robot/install/go2_robot/include/go2_robot/go2_robot/msg/detail/dds_fastrtps
[24.940s] -- Up-to-date: /home/hong/Movement_Control/Go2Robot/install/go2_robot/lib/libgo2_robot__rosidl_typesupport_fastrtps_cpp.so
[24.940s] -- Up-to-date: /home/hong/Movement_Control/Go2Robot/install/go2_robot/include/go2_robot/go2_robot
[24.940s] -- Up-to-date: /home/hong/Movement_Control/Go2Robot/install/go2_robot/include/go2_robot/go2_robot/msg
[24.940s] -- Up-to-date: /home/hong/Movement_Control/Go2Robot/install/go2_robot/include/go2_robot/go2_robot/msg/rosidl_typesupport_introspection_c__visibility_control.h
[24.940s] -- Up-to-date: /home/hong/Movement_Control/Go2Robot/install/go2_robot/include/go2_robot/go2_robot/msg/detail
[24.940s] -- Up-to-date: /home/hong/Movement_Control/Go2Robot/install/go2_robot/include/go2_robot/go2_robot/msg/detail/go2_telemetry__type_support.c
[24.940s] -- Up-to-date: /home/hong/Movement_Control/Go2Robot/install/go2_robot/include/go2_robot/go2_robot/msg/detail/go2_telemetry__rosidl_typesupport_introspection_c.h
[24.940s] -- Up-to-date: /home/hong/Movement_Control/Go2Robot/install/go2_robot/lib/libgo2_robot__rosidl_typesupport_introspection_c.so
[24.940s] -- Up-to-date: /home/hong/Movement_Control/Go2Robot/install/go2_robot/lib/libgo2_robot__rosidl_typesupport_c.so
[24.940s] -- Up-to-date: /home/hong/Movement_Control/Go2Robot/install/go2_robot/include/go2_robot/go2_robot
[24.941s] -- Up-to-date: /home/hong/Movement_Control/Go2Robot/install/go2_robot/include/go2_robot/go2_robot/msg
[24.941s] -- Up-to-date: /home/hong/Movement_Control/Go2Robot/install/go2_robot/include/go2_robot/go2_robot/msg/detail
[24.941s] -- Up-to-date: /home/hong/Movement_Control/Go2Robot/install/go2_robot/include/go2_robot/go2_robot/msg/detail/go2_telemetry__rosidl_typesupport_introspection_cpp.hpp
[24.941s] -- Up-to-date: /home/hong/Movement_Control/Go2Robot/install/go2_robot/include/go2_robot/go2_robot/msg/detail/go2_telemetry__type_support.cpp
[24.941s] -- Up-to-date: /home/hong/Movement_Control/Go2Robot/install/go2_robot/lib/libgo2_robot__rosidl_typesupport_introspection_cpp.so
[24.941s] -- Up-to-date: /home/hong/Movement_Control/Go2Robot/install/go2_robot/lib/libgo2_robot__rosidl_typesupport_cpp.so
[24.941s] -- Up-to-date: /home/hong/Movement_Control/Go2Robot/install/go2_robot/share/go2_robot/environment/pythonpath.sh
[24.941s] -- Up-to-date: /home/hong/Movement_Control/Go2Robot/install/go2_robot/share/go2_robot/environment/pythonpath.dsv
[24.941s] -- Up-to-date: /home/hong/Movement_Control/Go2Robot/install/go2_robot/local/lib/python3.10/dist-packages/go2_robot-0.1.0-py3.10.egg-info
[24.941s] -- Installing: /home/hong/Movement_Control/Go2Robot/install/go2_robot/local/lib/python3.10/dist-packages/go2_robot-0.1.0-py3.10.egg-info/SOURCES.txt
[24.941s] -- Installing: /home/hong/Movement_Control/Go2Robot/install/go2_robot/local/lib/python3.10/dist-packages/go2_robot-0.1.0-py3.10.egg-info/top_level.txt
[24.942s] -- Installing: /home/hong/Movement_Control/Go2Robot/install/go2_robot/local/lib/python3.10/dist-packages/go2_robot-0.1.0-py3.10.egg-info/PKG-INFO
[24.942s] -- Installing: /home/hong/Movement_Control/Go2Robot/install/go2_robot/local/lib/python3.10/dist-packages/go2_robot-0.1.0-py3.10.egg-info/dependency_links.txt
[24.942s] -- Up-to-date: /home/hong/Movement_Control/Go2Robot/install/go2_robot/local/lib/python3.10/dist-packages/go2_robot
[24.942s] -- Up-to-date: /home/hong/Movement_Control/Go2Robot/install/go2_robot/local/lib/python3.10/dist-packages/go2_robot/_go2_robot_s.ep.rosidl_typesupport_fastrtps_c.c
[24.942s] -- Up-to-date: /home/hong/Movement_Control/Go2Robot/install/go2_robot/local/lib/python3.10/dist-packages/go2_robot/go2_robot_s__rosidl_typesupport_fastrtps_c..cpython-310-x86_64-linux-gnu.so
[24.942s] -- Up-to-date: /home/hong/Movement_Control/Go2Robot/install/go2_robot/local/lib/python3.10/dist-packages/go2_robot/__init__.py
[24.942s] -- Up-to-date: /home/hong/Movement_Control/Go2Robot/install/go2_robot/local/lib/python3.10/dist-packages/go2_robot/_go2_robot_s.ep.rosidl_typesupport_introspection_c.c
[24.942s] -- Up-to-date: /home/hong/Movement_Control/Go2Robot/install/go2_robot/local/lib/python3.10/dist-packages/go2_robot/_go2_robot_s.ep.rosidl_typesupport_c.c
[24.942s] -- Up-to-date: /home/hong/Movement_Control/Go2Robot/install/go2_robot/local/lib/python3.10/dist-packages/go2_robot/go2_robot_s__rosidl_typesupport_introspection_c..cpython-310-x86_64-linux-gnu.so
[24.943s] -- Up-to-date: /home/hong/Movement_Control/Go2Robot/install/go2_robot/local/lib/python3.10/dist-packages/go2_robot/msg
[24.943s] -- Up-to-date: /home/hong/Movement_Control/Go2Robot/install/go2_robot/local/lib/python3.10/dist-packages/go2_robot/msg/__init__.py
[24.943s] -- Up-to-date: /home/hong/Movement_Control/Go2Robot/install/go2_robot/local/lib/python3.10/dist-packages/go2_robot/msg/_go2_telemetry.py
[24.943s] -- Up-to-date: /home/hong/Movement_Control/Go2Robot/install/go2_robot/local/lib/python3.10/dist-packages/go2_robot/msg/_go2_telemetry_s.c
[24.943s] -- Up-to-date: /home/hong/Movement_Control/Go2Robot/install/go2_robot/local/lib/python3.10/dist-packages/go2_robot/libgo2_robot__rosidl_generator_py.so
[24.943s] -- Up-to-date: /home/hong/Movement_Control/Go2Robot/install/go2_robot/local/lib/python3.10/dist-packages/go2_robot/go2_robot_s__rosidl_typesupport_c..cpython-310-x86_64-linux-gnu.so
[24.976s] Listing '/home/hong/Movement_Control/Go2Robot/install/go2_robot/local/lib/python3.10/dist-packages/go2_robot'...
[24.976s] Listing '/home/hong/Movement_Control/Go2Robot/install/go2_robot/local/lib/python3.10/dist-packages/go2_robot/msg'...
[24.980s] -- Up-to-date: /home/hong/Movement_Control/Go2Robot/install/go2_robot/local/lib/python3.10/dist-packages/go2_robot/go2_robot_s__rosidl_typesupport_fastrtps_c..cpython-310-x86_64-linux-gnu.so
[24.980s] -- Up-to-date: /home/hong/Movement_Control/Go2Robot/install/go2_robot/local/lib/python3.10/dist-packages/go2_robot/go2_robot_s__rosidl_typesupport_introspection_c..cpython-310-x86_64-linux-gnu.so
[24.980s] -- Up-to-date: /home/hong/Movement_Control/Go2Robot/install/go2_robot/local/lib/python3.10/dist-packages/go2_robot/go2_robot_s__rosidl_typesupport_c..cpython-310-x86_64-linux-gnu.so
[24.981s] -- Up-to-date: /home/hong/Movement_Control/Go2Robot/install/go2_robot/lib/libgo2_robot__rosidl_generator_py.so
[24.981s] -- Up-to-date: /home/hong/Movement_Control/Go2Robot/install/go2_robot/share/ament_index/resource_index/rust_packages/go2_robot
[24.981s] -- Up-to-date: /home/hong/Movement_Control/Go2Robot/install/go2_robot/share/go2_robot/rust
[24.981s] -- Up-to-date: /home/hong/Movement_Control/Go2Robot/install/go2_robot/share/go2_robot/rust/Cargo.toml
[24.981s] -- Up-to-date: /home/hong/Movement_Control/Go2Robot/install/go2_robot/share/go2_robot/rust/build.rs
[24.981s] -- Up-to-date: /home/hong/Movement_Control/Go2Robot/install/go2_robot/share/go2_robot/rust/src
[24.981s] -- Up-to-date: /home/hong/Movement_Control/Go2Robot/install/go2_robot/share/go2_robot/rust/src/msg
[24.981s] -- Up-to-date: /home/hong/Movement_Control/Go2Robot/install/go2_robot/share/go2_robot/rust/src/msg/rmw.rs
[24.981s] -- Up-to-date: /home/hong/Movement_Control/Go2Robot/install/go2_robot/share/go2_robot/rust/src/lib.rs
[24.982s] -- Up-to-date: /home/hong/Movement_Control/Go2Robot/install/go2_robot/share/go2_robot/rust/src/msg.rs
[24.982s] -- Up-to-date: /home/hong/Movement_Control/Go2Robot/install/go2_robot/share/go2_robot/msg/Go2Telemetry.idl
[24.982s] -- Up-to-date: /home/hong/Movement_Control/Go2Robot/install/go2_robot/share/go2_robot/msg/Go2Telemetry.msg
[24.982s] -- Installing: /home/hong/Movement_Control/Go2Robot/install/go2_robot/lib/go2_robot/go2_control_node
[24.985s] -- Set runtime path of "/home/hong/Movement_Control/Go2Robot/install/go2_robot/lib/go2_robot/go2_control_node" to ""
[24.985s] -- Up-to-date: /home/hong/Movement_Control/Go2Robot/install/go2_robot/share/go2_robot/config
[24.985s] -- Up-to-date: /home/hong/Movement_Control/Go2Robot/install/go2_robot/share/go2_robot/config/go2_params.yaml
[24.985s] -- Up-to-date: /home/hong/Movement_Control/Go2Robot/install/go2_robot/share/go2_robot/config/mpc.yaml
[24.985s] -- Up-to-date: /home/hong/Movement_Control/Go2Robot/install/go2_robot/share/go2_robot/launch
[24.985s] -- Up-to-date: /home/hong/Movement_Control/Go2Robot/install/go2_robot/share/go2_robot/launch/go2_sim.launch.py
[24.985s] -- Up-to-date: /home/hong/Movement_Control/Go2Robot/install/go2_robot/share/go2_robot/launch/__pycache__
[24.986s] -- Up-to-date: /home/hong/Movement_Control/Go2Robot/install/go2_robot/share/go2_robot/launch/__pycache__/go2_sim.launch.cpython-310.pyc
[24.986s] -- Up-to-date: /home/hong/Movement_Control/Go2Robot/install/go2_robot/share/go2_robot/go2
[24.986s] -- Up-to-date: /home/hong/Movement_Control/Go2Robot/install/go2_robot/share/go2_robot/go2/my_bot.xml
[24.986s] -- Up-to-date: /home/hong/Movement_Control/Go2Robot/install/go2_robot/share/go2_robot/go2/scene.xml
[24.986s] -- Up-to-date: /home/hong/Movement_Control/Go2Robot/install/go2_robot/share/go2_robot/go2/height_field.png
[24.986s] -- Up-to-date: /home/hong/Movement_Control/Go2Robot/install/go2_robot/share/go2_robot/go2/go2.xml
[24.986s] -- Up-to-date: /home/hong/Movement_Control/Go2Robot/install/go2_robot/share/go2_robot/go2/scene_terrain.xml
[24.986s] -- Up-to-date: /home/hong/Movement_Control/Go2Robot/install/go2_robot/share/go2_robot/go2/dae
[24.986s] -- Up-to-date: /home/hong/Movement_Control/Go2Robot/install/go2_robot/share/go2_robot/go2/dae/thigh.dae
[24.986s] -- Up-to-date: /home/hong/Movement_Control/Go2Robot/install/go2_robot/share/go2_robot/go2/dae/foot.dae
[24.986s] -- Up-to-date: /home/hong/Movement_Control/Go2Robot/install/go2_robot/share/go2_robot/go2/dae/calf_mirror.dae
[24.986s] -- Up-to-date: /home/hong/Movement_Control/Go2Robot/install/go2_robot/share/go2_robot/go2/dae/thigh_mirror.dae
[24.986s] -- Up-to-date: /home/hong/Movement_Control/Go2Robot/install/go2_robot/share/go2_robot/go2/dae/base.dae
[24.987s] -- Up-to-date: /home/hong/Movement_Control/Go2Robot/install/go2_robot/share/go2_robot/go2/dae/calf.dae
[24.987s] -- Up-to-date: /home/hong/Movement_Control/Go2Robot/install/go2_robot/share/go2_robot/go2/dae/hip.dae
[24.987s] -- Up-to-date: /home/hong/Movement_Control/Go2Robot/install/go2_robot/share/go2_robot/go2/mjmodel.xml
[24.987s] -- Up-to-date: /home/hong/Movement_Control/Go2Robot/install/go2_robot/share/go2_robot/go2/go2_description.urdf
[24.987s] -- Up-to-date: /home/hong/Movement_Control/Go2Robot/install/go2_robot/share/go2_robot/go2/estiandtruth.xml
[24.987s] -- Up-to-date: /home/hong/Movement_Control/Go2Robot/install/go2_robot/share/go2_robot/go2/assets
[24.987s] -- Up-to-date: /home/hong/Movement_Control/Go2Robot/install/go2_robot/share/go2_robot/go2/assets/thigh_mirror_0.obj
[24.987s] -- Up-to-date: /home/hong/Movement_Control/Go2Robot/install/go2_robot/share/go2_robot/go2/assets/calf_mirror_1.obj
[24.987s] -- Up-to-date: /home/hong/Movement_Control/Go2Robot/install/go2_robot/share/go2_robot/go2/assets/base_1.obj
[24.987s] -- Up-to-date: /home/hong/Movement_Control/Go2Robot/install/go2_robot/share/go2_robot/go2/assets/calf_1.stl
[24.987s] -- Up-to-date: /home/hong/Movement_Control/Go2Robot/install/go2_robot/share/go2_robot/go2/assets/base_0.obj
[24.987s] -- Up-to-date: /home/hong/Movement_Control/Go2Robot/install/go2_robot/share/go2_robot/go2/assets/thigh_mirror_1.obj
[24.987s] -- Up-to-date: /home/hong/Movement_Control/Go2Robot/install/go2_robot/share/go2_robot/go2/assets/calf_mirror_1.stl
[24.987s] -- Up-to-date: /home/hong/Movement_Control/Go2Robot/install/go2_robot/share/go2_robot/go2/assets/thigh_mirror_0.stl
[24.987s] -- Up-to-date: /home/hong/Movement_Control/Go2Robot/install/go2_robot/share/go2_robot/go2/assets/foot.obj
[24.988s] -- Up-to-date: /home/hong/Movement_Control/Go2Robot/install/go2_robot/share/go2_robot/go2/assets/base_3.stl
[24.988s] -- Up-to-date: /home/hong/Movement_Control/Go2Robot/install/go2_robot/share/go2_robot/go2/assets/hip_1.obj
[24.988s] -- Up-to-date: /home/hong/Movement_Control/Go2Robot/install/go2_robot/share/go2_robot/go2/assets/hip_1.stl
[24.988s] -- Up-to-date: /home/hong/Movement_Control/Go2Robot/install/go2_robot/share/go2_robot/go2/assets/thigh_0.obj
[24.988s] -- Up-to-date: /home/hong/Movement_Control/Go2Robot/install/go2_robot/share/go2_robot/go2/assets/thigh_0.stl
[24.988s] -- Up-to-date: /home/hong/Movement_Control/Go2Robot/install/go2_robot/share/go2_robot/go2/assets/base_3.obj
[24.988s] -- Up-to-date: /home/hong/Movement_Control/Go2Robot/install/go2_robot/share/go2_robot/go2/assets/hip_0.obj
[24.988s] -- Up-to-date: /home/hong/Movement_Control/Go2Robot/install/go2_robot/share/go2_robot/go2/assets/calf_1.obj
[24.988s] -- Up-to-date: /home/hong/Movement_Control/Go2Robot/install/go2_robot/share/go2_robot/go2/assets/base_4.stl
[24.988s] -- Up-to-date: /home/hong/Movement_Control/Go2Robot/install/go2_robot/share/go2_robot/go2/assets/calf_mirror_0.stl
[24.988s] -- Up-to-date: /home/hong/Movement_Control/Go2Robot/install/go2_robot/share/go2_robot/go2/assets/base_1.stl
[24.988s] -- Up-to-date: /home/hong/Movement_Control/Go2Robot/install/go2_robot/share/go2_robot/go2/assets/base_2.stl
[24.988s] -- Up-to-date: /home/hong/Movement_Control/Go2Robot/install/go2_robot/share/go2_robot/go2/assets/calf_mirror_0.obj
[24.988s] -- Up-to-date: /home/hong/Movement_Control/Go2Robot/install/go2_robot/share/go2_robot/go2/assets/foot.stl
[24.989s] -- Up-to-date: /home/hong/Movement_Control/Go2Robot/install/go2_robot/share/go2_robot/go2/assets/calf_0.obj
[24.989s] -- Up-to-date: /home/hong/Movement_Control/Go2Robot/install/go2_robot/share/go2_robot/go2/assets/thigh_mirror_1.stl
[24.989s] -- Up-to-date: /home/hong/Movement_Control/Go2Robot/install/go2_robot/share/go2_robot/go2/assets/hip_0.stl
[24.989s] -- Up-to-date: /home/hong/Movement_Control/Go2Robot/install/go2_robot/share/go2_robot/go2/assets/calf_0.stl
[24.989s] -- Up-to-date: /home/hong/Movement_Control/Go2Robot/install/go2_robot/share/go2_robot/go2/assets/base_4.obj
[24.989s] -- Up-to-date: /home/hong/Movement_Control/Go2Robot/install/go2_robot/share/go2_robot/go2/assets/base_0.stl
[24.989s] -- Up-to-date: /home/hong/Movement_Control/Go2Robot/install/go2_robot/share/go2_robot/go2/assets/thigh_1.stl
[24.989s] -- Up-to-date: /home/hong/Movement_Control/Go2Robot/install/go2_robot/share/go2_robot/go2/assets/thigh_1.obj
[24.989s] -- Up-to-date: /home/hong/Movement_Control/Go2Robot/install/go2_robot/share/go2_robot/go2/assets/base_2.obj
[24.989s] -- Up-to-date: /home/hong/Movement_Control/Go2Robot/install/go2_robot/share/go2_robot/go2/meshes
[24.989s] -- Up-to-date: /home/hong/Movement_Control/Go2Robot/install/go2_robot/share/go2_robot/go2/meshes/RR_knee_Link.STL
[24.989s] -- Up-to-date: /home/hong/Movement_Control/Go2Robot/install/go2_robot/share/go2_robot/go2/meshes/FL_elbow_Link.STL
[24.989s] -- Up-to-date: /home/hong/Movement_Control/Go2Robot/install/go2_robot/share/go2_robot/go2/meshes/FR_elbow_Link.STL
[24.989s] -- Up-to-date: /home/hong/Movement_Control/Go2Robot/install/go2_robot/share/go2_robot/go2/meshes/RL_elbow_Link.STL
[24.989s] -- Up-to-date: /home/hong/Movement_Control/Go2Robot/install/go2_robot/share/go2_robot/go2/meshes/FL_knee_Link.STL
[24.989s] -- Up-to-date: /home/hong/Movement_Control/Go2Robot/install/go2_robot/share/go2_robot/go2/meshes/base_link.STL
[24.989s] -- Up-to-date: /home/hong/Movement_Control/Go2Robot/install/go2_robot/share/go2_robot/go2/meshes/FR_knee_Link.STL
[24.990s] -- Up-to-date: /home/hong/Movement_Control/Go2Robot/install/go2_robot/share/go2_robot/go2/meshes/RR_elbow_Link.STL
[24.990s] -- Up-to-date: /home/hong/Movement_Control/Go2Robot/install/go2_robot/share/go2_robot/go2/meshes/RL_knee_Link.STL
[24.990s] -- Up-to-date: /home/hong/Movement_Control/Go2Robot/install/go2_robot/share/go2_robot/go2/unitree_hfield.png
[24.990s] -- Up-to-date: /home/hong/Movement_Control/Go2Robot/install/go2_robot/share/ament_index/resource_index/package_run_dependencies/go2_robot
[24.990s] -- Up-to-date: /home/hong/Movement_Control/Go2Robot/install/go2_robot/share/ament_index/resource_index/parent_prefix_path/go2_robot
[24.990s] -- Up-to-date: /home/hong/Movement_Control/Go2Robot/install/go2_robot/share/go2_robot/environment/ament_prefix_path.sh
[24.990s] -- Up-to-date: /home/hong/Movement_Control/Go2Robot/install/go2_robot/share/go2_robot/environment/ament_prefix_path.dsv
[24.990s] -- Up-to-date: /home/hong/Movement_Control/Go2Robot/install/go2_robot/share/go2_robot/environment/path.sh
[24.990s] -- Up-to-date: /home/hong/Movement_Control/Go2Robot/install/go2_robot/share/go2_robot/environment/path.dsv
[24.990s] -- Up-to-date: /home/hong/Movement_Control/Go2Robot/install/go2_robot/share/go2_robot/local_setup.bash
[24.990s] -- Up-to-date: /home/hong/Movement_Control/Go2Robot/install/go2_robot/share/go2_robot/local_setup.sh
[24.990s] -- Up-to-date: /home/hong/Movement_Control/Go2Robot/install/go2_robot/share/go2_robot/local_setup.zsh
[24.990s] -- Up-to-date: /home/hong/Movement_Control/Go2Robot/install/go2_robot/share/go2_robot/local_setup.dsv
[24.990s] -- Installing: /home/hong/Movement_Control/Go2Robot/install/go2_robot/share/go2_robot/package.dsv
[24.990s] -- Up-to-date: /home/hong/Movement_Control/Go2Robot/install/go2_robot/share/ament_index/resource_index/packages/go2_robot
[24.990s] -- Up-to-date: /home/hong/Movement_Control/Go2Robot/install/go2_robot/share/go2_robot/cmake/export_go2_robot__rosidl_generator_cExport.cmake
[24.991s] -- Up-to-date: /home/hong/Movement_Control/Go2Robot/install/go2_robot/share/go2_robot/cmake/export_go2_robot__rosidl_generator_cExport-release.cmake
[24.991s] -- Up-to-date: /home/hong/Movement_Control/Go2Robot/install/go2_robot/share/go2_robot/cmake/export_go2_robot__rosidl_typesupport_fastrtps_cExport.cmake
[24.991s] -- Up-to-date: /home/hong/Movement_Control/Go2Robot/install/go2_robot/share/go2_robot/cmake/export_go2_robot__rosidl_typesupport_fastrtps_cExport-release.cmake
[24.991s] -- Up-to-date: /home/hong/Movement_Control/Go2Robot/install/go2_robot/share/go2_robot/cmake/export_go2_robot__rosidl_generator_cppExport.cmake
[24.991s] -- Up-to-date: /home/hong/Movement_Control/Go2Robot/install/go2_robot/share/go2_robot/cmake/export_go2_robot__rosidl_typesupport_fastrtps_cppExport.cmake
[24.991s] -- Up-to-date: /home/hong/Movement_Control/Go2Robot/install/go2_robot/share/go2_robot/cmake/export_go2_robot__rosidl_typesupport_fastrtps_cppExport-release.cmake
[24.991s] -- Up-to-date: /home/hong/Movement_Control/Go2Robot/install/go2_robot/share/go2_robot/cmake/go2_robot__rosidl_typesupport_introspection_cExport.cmake
[24.991s] -- Up-to-date: /home/hong/Movement_Control/Go2Robot/install/go2_robot/share/go2_robot/cmake/go2_robot__rosidl_typesupport_introspection_cExport-release.cmake
[24.991s] -- Up-to-date: /home/hong/Movement_Control/Go2Robot/install/go2_robot/share/go2_robot/cmake/go2_robot__rosidl_typesupport_cExport.cmake
[24.991s] -- Up-to-date: /home/hong/Movement_Control/Go2Robot/install/go2_robot/share/go2_robot/cmake/go2_robot__rosidl_typesupport_cExport-release.cmake
[24.991s] -- Up-to-date: /home/hong/Movement_Control/Go2Robot/install/go2_robot/share/go2_robot/cmake/go2_robot__rosidl_typesupport_introspection_cppExport.cmake
[24.991s] -- Up-to-date: /home/hong/Movement_Control/Go2Robot/install/go2_robot/share/go2_robot/cmake/go2_robot__rosidl_typesupport_introspection_cppExport-release.cmake
[24.991s] -- Up-to-date: /home/hong/Movement_Control/Go2Robot/install/go2_robot/share/go2_robot/cmake/go2_robot__rosidl_typesupport_cppExport.cmake
[24.991s] -- Up-to-date: /home/hong/Movement_Control/Go2Robot/install/go2_robot/share/go2_robot/cmake/go2_robot__rosidl_typesupport_cppExport-release.cmake
[24.991s] -- Up-to-date: /home/hong/Movement_Control/Go2Robot/install/go2_robot/share/go2_robot/cmake/export_go2_robot__rosidl_generator_pyExport.cmake
[24.991s] -- Up-to-date: /home/hong/Movement_Control/Go2Robot/install/go2_robot/share/go2_robot/cmake/export_go2_robot__rosidl_generator_pyExport-release.cmake
[24.991s] -- Up-to-date: /home/hong/Movement_Control/Go2Robot/install/go2_robot/share/go2_robot/cmake/rosidl_cmake-extras.cmake
[24.991s] -- Up-to-date: /home/hong/Movement_Control/Go2Robot/install/go2_robot/share/go2_robot/cmake/ament_cmake_export_dependencies-extras.cmake
[24.992s] -- Up-to-date: /home/hong/Movement_Control/Go2Robot/install/go2_robot/share/go2_robot/cmake/ament_cmake_export_include_directories-extras.cmake
[24.992s] -- Up-to-date: /home/hong/Movement_Control/Go2Robot/install/go2_robot/share/go2_robot/cmake/ament_cmake_export_libraries-extras.cmake
[24.992s] -- Up-to-date: /home/hong/Movement_Control/Go2Robot/install/go2_robot/share/go2_robot/cmake/ament_cmake_export_targets-extras.cmake
[24.992s] -- Up-to-date: /home/hong/Movement_Control/Go2Robot/install/go2_robot/share/go2_robot/cmake/rosidl_cmake_export_typesupport_targets-extras.cmake
[24.992s] -- Up-to-date: /home/hong/Movement_Control/Go2Robot/install/go2_robot/share/go2_robot/cmake/rosidl_cmake_export_typesupport_libraries-extras.cmake
[24.992s] -- Up-to-date: /home/hong/Movement_Control/Go2Robot/install/go2_robot/share/go2_robot/cmake/go2_robotConfig.cmake
[24.992s] -- Up-to-date: /home/hong/Movement_Control/Go2Robot/install/go2_robot/share/go2_robot/cmake/go2_robotConfig-version.cmake
[24.992s] -- Up-to-date: /home/hong/Movement_Control/Go2Robot/install/go2_robot/share/go2_robot/package.xml
[24.992s] -- Up-to-date: /home/hong/Movement_Control/Go2Robot/install/go2_robot/lib/libOsqpEigen.so.0.11.0
[24.992s] -- Up-to-date: /home/hong/Movement_Control/Go2Robot/install/go2_robot/lib/libOsqpEigen.so
[24.992s] -- Up-to-date: /home/hong/Movement_Control/Go2Robot/install/go2_robot/include/OsqpEigen/OsqpEigen.h
[24.992s] -- Up-to-date: /home/hong/Movement_Control/Go2Robot/install/go2_robot/include/OsqpEigen/Constants.hpp
[24.992s] -- Up-to-date: /home/hong/Movement_Control/Go2Robot/install/go2_robot/include/OsqpEigen/SparseMatrixHelper.hpp
[24.992s] -- Up-to-date: /home/hong/Movement_Control/Go2Robot/install/go2_robot/include/OsqpEigen/SparseMatrixHelper.tpp
[24.992s] -- Up-to-date: /home/hong/Movement_Control/Go2Robot/install/go2_robot/include/OsqpEigen/Data.hpp
[24.992s] -- Up-to-date: /home/hong/Movement_Control/Go2Robot/install/go2_robot/include/OsqpEigen/Data.tpp
[24.992s] -- Up-to-date: /home/hong/Movement_Control/Go2Robot/install/go2_robot/include/OsqpEigen/Settings.hpp
[24.992s] -- Up-to-date: /home/hong/Movement_Control/Go2Robot/install/go2_robot/include/OsqpEigen/Solver.hpp
[24.992s] -- Up-to-date: /home/hong/Movement_Control/Go2Robot/install/go2_robot/include/OsqpEigen/Solver.tpp
[24.993s] -- Up-to-date: /home/hong/Movement_Control/Go2Robot/install/go2_robot/include/OsqpEigen/Compat.hpp
[24.993s] -- Up-to-date: /home/hong/Movement_Control/Go2Robot/install/go2_robot/include/OsqpEigen/Debug.hpp
[24.993s] -- Up-to-date: /home/hong/Movement_Control/Go2Robot/install/go2_robot/lib/cmake/OsqpEigen/OsqpEigenConfigVersion.cmake
[24.993s] -- Up-to-date: /home/hong/Movement_Control/Go2Robot/install/go2_robot/lib/cmake/OsqpEigen/OsqpEigenConfig.cmake
[24.993s] -- Up-to-date: /home/hong/Movement_Control/Go2Robot/install/go2_robot/lib/cmake/OsqpEigen/OsqpEigenTargets.cmake
[24.993s] -- Up-to-date: /home/hong/Movement_Control/Go2Robot/install/go2_robot/lib/cmake/OsqpEigen/OsqpEigenTargets-release.cmake
[24.993s] -- Up-to-date: /home/hong/Movement_Control/Go2Robot/install/go2_robot/share/cmake/osqp-eigen/package.xml
[24.994s] Invoked command in '/home/hong/Movement_Control/Go2Robot/build/go2_robot' returned '0': CMAKE_PREFIX_PATH=${CMAKE_PREFIX_PATH}:/opt/ros/humble /usr/bin/cmake --install /home/hong/Movement_Control/Go2Robot/build/go2_robot
