-- Found ament_cmake: 1.3.14 (/opt/ros/humble/share/ament_cmake/cmake)
-- Found rclcpp: 16.0.19 (/opt/ros/humble/share/rclcpp/cmake)
-- Found rosidl_generator_c: 3.1.8 (/opt/ros/humble/share/rosidl_generator_c/cmake)
-- Found rosidl_adapter: 3.1.8 (/opt/ros/humble/share/rosidl_adapter/cmake)
-- Found rosidl_generator_cpp: 3.1.8 (/opt/ros/humble/share/rosidl_generator_cpp/cmake)
-- Using all available rosidl_typesupport_c: rosidl_typesupport_fastrtps_c;rosidl_typesupport_introspection_c
-- Using all available rosidl_typesupport_cpp: rosidl_typesupport_fastrtps_cpp;rosidl_typesupport_introspection_cpp
-- Found rmw_implementation_cmake: 6.1.2 (/opt/ros/humble/share/rmw_implementation_cmake/cmake)
-- Found rmw_fastrtps_cpp: 6.2.10 (/opt/ros/humble/share/rmw_fastrtps_cpp/cmake)
-- Using RMW implementation 'rmw_fastrtps_cpp' as default
-- Found geometry_msgs: 4.9.2 (/opt/ros/humble/share/geometry_msgs/cmake)
-- Found sensor_msgs: 4.9.1 (/opt/ros/humble/share/sensor_msgs/cmake)
-- Found nav_msgs: 4.9.1 (/opt/ros/humble/share/nav_msgs/cmake)
-- Found rosidl_default_generators: 1.2.1 (/opt/ros/humble/share/rosidl_default_generators/cmake)
[33mCMake Warning (dev) at /usr/share/cmake-3.22/Modules/FindOpenGL.cmake:315 (message):
  Policy CMP0072 is not set: FindOpenGL prefers GLVND by default when
  available.  Run "cmake --help-policy CMP0072" for policy details.  Use the
  cmake_policy command to set the policy and suppress this warning.

  FindOpenGL found both a legacy GL library:

    OPENGL_gl_LIBRARY: /usr/lib/x86_64-linux-gnu/libGL.so

  and GLVND libraries for OpenGL and GLX:

    OPENGL_opengl_LIBRARY: /usr/lib/x86_64-linux-gnu/libOpenGL.so
    OPENGL_glx_LIBRARY: /usr/lib/x86_64-linux-gnu/libGLX.so

  OpenGL_GL_PREFERENCE has not been set to "GLVND" or "LEGACY", so for
  compatibility with CMake 3.10 and below the legacy GL library will be used.
Call Stack (most recent call first):
  CMakeLists.txt:27 (find_package)
This warning is for project developers.  Use -Wno-dev to suppress it.
[0m
-- pinocchio_default FOUND. pinocchio_default at /opt/ros/humble/lib/x86_64-linux-gnu/libpinocchio_default.so
-- pinocchio_parsers FOUND. pinocchio_parsers at /opt/ros/humble/lib/x86_64-linux-gnu/libpinocchio_parsers.so
-- boost_filesystem FOUND. boost_filesystem at /lib/x86_64-linux-gnu/libboost_filesystem.so
-- Found Boost: /usr/include (found version "1.74.0") found components: filesystem serialization 
-- eigenpy FOUND. eigenpy at /opt/ros/humble/lib/x86_64-linux-gnu/libeigenpy.so
-- PythonLibraryDirs: 
-- PythonLibVersionString: 3.10.12
-- Python site lib: lib/python3.10/site-packages
-- Python include dirs: /usr/include/python3.10
-- Checking for NumPy
--   NUMPY_INCLUDE_DIRS=/home/hong/.local/lib/python3.10/site-packages/numpy/_core/include
--   NUMPY_VERSION=2.2.6
-- NumPy include dir: /home/hong/.local/lib/python3.10/site-packages/numpy/_core/include
[33mCMake Warning at /usr/share/cmake-3.22/Modules/FindBoost.cmake:2201 (message):
  No header defined for python310; skipping header check (note: header-only
  libraries have no designated component)
Call Stack (most recent call first):
  /opt/ros/humble/lib/x86_64-linux-gnu/cmake/eigenpy/boost.cmake:148 (find_package)
  /opt/ros/humble/lib/x86_64-linux-gnu/cmake/eigenpy/eigenpyConfig.cmake:149 (SEARCH_FOR_BOOST_PYTHON)
  /usr/share/cmake-3.22/Modules/CMakeFindDependencyMacro.cmake:47 (find_package)
  /opt/ros/humble/lib/x86_64-linux-gnu/cmake/pinocchio/pinocchioConfig.cmake:161 (find_dependency)
  CMakeLists.txt:39 (find_package)

[0m
-- Found Boost: /usr/include (found version "1.74.0") found components: python310 
-- Default C++ standard: 201703
-- C++ standard sufficient: Minimal required 11, currently defined: 17
-- hpp-fcl FOUND. hpp-fcl at /opt/ros/humble/lib/x86_64-linux-gnu/libhpp-fcl.so
-- Found Boost: /usr/include (found version "1.74.0") found components: chrono serialization filesystem 
-- C++ standard sufficient: Minimal required 11, currently defined: 17
-- C++ standard sufficient: Minimal required 11, currently defined: 17
-- Found ament_cmake_ros: 0.10.0 (/opt/ros/humble/share/ament_cmake_ros/cmake)
-- Using all available rosidl_typesupport_c: rosidl_typesupport_fastrtps_c;rosidl_typesupport_introspection_c
-- Using all available rosidl_typesupport_cpp: rosidl_typesupport_fastrtps_cpp;rosidl_typesupport_introspection_cpp
-- Found python_cmake_module: 0.10.0 (/opt/ros/humble/share/python_cmake_module/cmake)
-- Found PythonLibs: /usr/lib/x86_64-linux-gnu/libpython3.10.so (found suitable version "3.10.12", minimum required is "3.5") 
-- Using PYTHON_EXECUTABLE: /usr/bin/python3
-- Using PYTHON_INCLUDE_DIRS: /usr/include/python3.10
-- Using PYTHON_LIBRARIES: /usr/lib/x86_64-linux-gnu/libpython3.10.so
-- Found PythonExtra: .so  
-- Configuring done
-- Generating done
-- Build files have been written to: /home/hong/Movement_Control/Go2Robot/build/go2_robot
[  2%] [34m[1mGenerating C code for ROS interfaces[0m
[  4%] [32mBuilding CXX object third_party/osqp-eigen/CMakeFiles/OsqpEigen.dir/src/Settings.cpp.o[0m
[  6%] [32mBuilding CXX object third_party/osqp-eigen/CMakeFiles/OsqpEigen.dir/src/Solver.cpp.o[0m
[  8%] [32mBuilding CXX object third_party/osqp-eigen/CMakeFiles/OsqpEigen.dir/src/Debug.cpp.o[0m
[ 10%] [34m[1mGenerating Rust code for ROS interfaces[0m
[ 12%] [32mBuilding CXX object third_party/osqp-eigen/CMakeFiles/OsqpEigen.dir/src/Data.cpp.o[0m
[ 14%] [34m[1mGenerating C++ code for ROS interfaces[0m
[ 14%] Built target ament_cmake_python_copy_go2_robot
running egg_info
creating go2_robot.egg-info
writing go2_robot.egg-info/PKG-INFO
writing dependency_links to go2_robot.egg-info/dependency_links.txt
writing top-level names to go2_robot.egg-info/top_level.txt
writing manifest file 'go2_robot.egg-info/SOURCES.txt'
reading manifest file 'go2_robot.egg-info/SOURCES.txt'
writing manifest file 'go2_robot.egg-info/SOURCES.txt'
[ 14%] Built target ament_cmake_python_build_go2_robot_egg
[ 16%] [32mBuilding C object CMakeFiles/go2_robot__rosidl_generator_c.dir/rosidl_generator_c/go2_robot/msg/detail/go2_telemetry__functions.c.o[0m
[ 16%] Built target go2_robot__rs
[ 16%] Built target go2_robot__cpp
[ 18%] [34m[1mGenerating C++ type support for eProsima Fast-RTPS[0m
[ 20%] [34m[1mGenerating C++ type support dispatch for ROS interfaces[0m
[ 22%] [34m[1mGenerating C++ introspection for ROS interfaces[0m
[ 24%] [32m[1mLinking C shared library libgo2_robot__rosidl_generator_c.so[0m
[ 24%] Built target go2_robot__rosidl_generator_c
[ 28%] [34m[1mGenerating C introspection for ROS interfaces[0m
[ 28%] [34m[1mGenerating C type support for eProsima Fast-RTPS[0m
[ 30%] [34m[1mGenerating C type support dispatch for ROS interfaces[0m
[ 32%] [32mBuilding CXX object CMakeFiles/go2_robot__rosidl_typesupport_introspection_cpp.dir/rosidl_typesupport_introspection_cpp/go2_robot/msg/detail/go2_telemetry__type_support.cpp.o[0m
[ 34%] [32mBuilding CXX object CMakeFiles/go2_robot__rosidl_typesupport_cpp.dir/rosidl_typesupport_cpp/go2_robot/msg/go2_telemetry__type_support.cpp.o[0m
[ 36%] [32mBuilding CXX object CMakeFiles/go2_robot__rosidl_typesupport_fastrtps_cpp.dir/rosidl_typesupport_fastrtps_cpp/go2_robot/msg/detail/dds_fastrtps/go2_telemetry__type_support.cpp.o[0m
[ 38%] [32mBuilding CXX object CMakeFiles/go2_robot__rosidl_typesupport_c.dir/rosidl_typesupport_c/go2_robot/msg/go2_telemetry__type_support.cpp.o[0m
[ 40%] [32m[1mLinking CXX shared library libgo2_robot__rosidl_typesupport_c.so[0m
[ 42%] [32mBuilding C object CMakeFiles/go2_robot__rosidl_typesupport_introspection_c.dir/rosidl_typesupport_introspection_c/go2_robot/msg/detail/go2_telemetry__type_support.c.o[0m
[ 44%] [32m[1mLinking CXX shared library libgo2_robot__rosidl_typesupport_cpp.so[0m
[ 44%] Built target go2_robot__rosidl_typesupport_c
[ 46%] [32m[1mLinking C shared library libgo2_robot__rosidl_typesupport_introspection_c.so[0m
[ 46%] Built target go2_robot__rosidl_typesupport_cpp
[ 46%] Built target go2_robot__rosidl_typesupport_introspection_c
[ 48%] [32m[1mLinking CXX shared library libgo2_robot__rosidl_typesupport_introspection_cpp.so[0m
[ 48%] Built target go2_robot__rosidl_typesupport_introspection_cpp
[ 51%] [32mBuilding CXX object CMakeFiles/go2_robot__rosidl_typesupport_fastrtps_c.dir/rosidl_typesupport_fastrtps_c/go2_robot/msg/detail/go2_telemetry__type_support_c.cpp.o[0m
[ 53%] [32m[1mLinking CXX shared library libgo2_robot__rosidl_typesupport_fastrtps_cpp.so[0m
[ 53%] Built target go2_robot__rosidl_typesupport_fastrtps_cpp
[ 55%] [32m[1mLinking CXX shared library ../../lib/libOsqpEigen.so[0m
[ 55%] Built target OsqpEigen
[ 57%] [32mBuilding CXX object CMakeFiles/go2_core.dir/src/WBC/WBC.cpp.o[0m
[ 59%] [32mBuilding CXX object CMakeFiles/go2_core.dir/src/Planner/GaitScheduler.cpp.o[0m
[ 61%] [32mBuilding CXX object CMakeFiles/go2_core.dir/src/Planner/SwingLegPlanner.cpp.o[0m
[ 63%] [32mBuilding CXX object CMakeFiles/go2_core.dir/src/fsm/ControlFSM.cpp.o[0m
[ 65%] [32mBuilding CXX object CMakeFiles/go2_core.dir/src/SIM/MJCsim.cpp.o[0m
[ 67%] [32mBuilding CXX object CMakeFiles/go2_core.dir/src/MPC/MPC.cpp.o[0m
[ 69%] [32mBuilding CXX object CMakeFiles/go2_core.dir/src/Model/pinocchio.cpp.o[0m
[ 71%] [32mBuilding CXX object CMakeFiles/go2_core.dir/src/Estimator/PositionVelocityEstimator.cpp.o[0m
[ 73%] [32m[1mLinking CXX shared library libgo2_robot__rosidl_typesupport_fastrtps_c.so[0m
[ 73%] Built target go2_robot__rosidl_typesupport_fastrtps_c
[ 73%] Built target go2_robot
[ 75%] [34m[1mGenerating Python code for ROS interfaces[0m
[ 75%] Built target go2_robot__py
[ 77%] [32mBuilding C object CMakeFiles/go2_robot__rosidl_generator_py.dir/rosidl_generator_py/go2_robot/msg/_go2_telemetry_s.c.o[0m
[ 79%] [32m[1mLinking C shared library rosidl_generator_py/go2_robot/libgo2_robot__rosidl_generator_py.so[0m
[ 79%] Built target go2_robot__rosidl_generator_py
[ 83%] [32mBuilding C object CMakeFiles/go2_robot__rosidl_typesupport_fastrtps_c__pyext.dir/rosidl_generator_py/go2_robot/_go2_robot_s.ep.rosidl_typesupport_fastrtps_c.c.o[0m
[ 85%] [32mBuilding C object CMakeFiles/go2_robot__rosidl_typesupport_introspection_c__pyext.dir/rosidl_generator_py/go2_robot/_go2_robot_s.ep.rosidl_typesupport_introspection_c.c.o[0m
[ 83%] [32mBuilding C object CMakeFiles/go2_robot__rosidl_typesupport_c__pyext.dir/rosidl_generator_py/go2_robot/_go2_robot_s.ep.rosidl_typesupport_c.c.o[0m
[ 89%] [32m[1mLinking C shared library rosidl_generator_py/go2_robot/go2_robot_s__rosidl_typesupport_c..cpython-310-x86_64-linux-gnu.so[0m
[ 89%] [32m[1mLinking C shared library rosidl_generator_py/go2_robot/go2_robot_s__rosidl_typesupport_introspection_c..cpython-310-x86_64-linux-gnu.so[0m
[ 91%] [32m[1mLinking C shared library rosidl_generator_py/go2_robot/go2_robot_s__rosidl_typesupport_fastrtps_c..cpython-310-x86_64-linux-gnu.so[0m
[ 91%] Built target go2_robot__rosidl_typesupport_introspection_c__pyext
[ 91%] Built target go2_robot__rosidl_typesupport_c__pyext
[ 91%] Built target go2_robot__rosidl_typesupport_fastrtps_c__pyext
[ 93%] [32m[1mLinking CXX static library libgo2_core.a[0m
[ 93%] Built target go2_core
[ 95%] [32mBuilding CXX object CMakeFiles/go2_control_node.dir/src/ros2/go2_control_node.cpp.o[0m
[ 97%] [32mBuilding CXX object CMakeFiles/go2_control_node.dir/src/ros2/main.cpp.o[0m
In file included from [01m[K/home/hong/Movement_Control/Go2Robot/src/ros2/go2_control_node.cpp:1[m[K:
[01m[K/home/hong/Movement_Control/Go2Robot/include/ros2/go2_control_node.hpp:30:10:[m[K [01;31m[Kfatal error: [m[Kmsg/go2_telemetry.hpp: 没有那个文件或目录
   30 | #include [01;31m[K"msg/go2_telemetry.hpp"[m[K
      |          [01;31m[K^~~~~~~~~~~~~~~~~~~~~~~[m[K
compilation terminated.
In file included from [01m[K/home/hong/Movement_Control/Go2Robot/src/ros2/main.cpp:2[m[K:
[01m[K/home/hong/Movement_Control/Go2Robot/include/ros2/go2_control_node.hpp:30:10:[m[K [01;31m[Kfatal error: [m[Kmsg/go2_telemetry.hpp: 没有那个文件或目录
   30 | #include [01;31m[K"msg/go2_telemetry.hpp"[m[K
      |          [01;31m[K^~~~~~~~~~~~~~~~~~~~~~~[m[K
compilation terminated.
gmake[2]: *** [CMakeFiles/go2_control_node.dir/build.make:76：CMakeFiles/go2_control_node.dir/src/ros2/go2_control_node.cpp.o] 错误 1
gmake[2]: *** 正在等待未完成的任务....
gmake[2]: *** [CMakeFiles/go2_control_node.dir/build.make:90：CMakeFiles/go2_control_node.dir/src/ros2/main.cpp.o] 错误 1
gmake[1]: *** [CMakeFiles/Makefile2:294：CMakeFiles/go2_control_node.dir/all] 错误 2
gmake: *** [Makefile:146：all] 错误 2
