[0.007s] Invoking command in '/home/hong/Movement_Control/Go2Robot/build/go2_robot': CMAKE_PREFIX_PATH=/opt/ros/humble /usr/bin/cmake /home/hong/Movement_Control/Go2Robot -DCMAKE_INSTALL_PREFIX=/home/hong/Movement_Control/Go2Robot/install/go2_robot
[0.020s] -- Found ament_cmake: 1.3.14 (/opt/ros/humble/share/ament_cmake/cmake)
[0.063s] -- Found Python3: /home/hong/miniconda3/envs/rl_env/bin/python3 (found version "3.8.10") found components: Interpreter 
[0.111s] -- Found rclcpp: 16.0.19 (/opt/ros/humble/share/rclcpp/cmake)
[0.129s] -- Found rosidl_generator_c: 3.1.8 (/opt/ros/humble/share/rosidl_generator_c/cmake)
[0.131s] -- Found rosidl_adapter: 3.1.8 (/opt/ros/humble/share/rosidl_adapter/cmake)
[0.134s] -- Found rosidl_generator_cpp: 3.1.8 (/opt/ros/humble/share/rosidl_generator_cpp/cmake)
[0.140s] -- Using all available rosidl_typesupport_c: rosidl_typesupport_fastrtps_c;rosidl_typesupport_introspection_c
[0.148s] -- Using all available rosidl_typesupport_cpp: rosidl_typesupport_fastrtps_cpp;rosidl_typesupport_introspection_cpp
[0.168s] -- Found rmw_implementation_cmake: 6.1.2 (/opt/ros/humble/share/rmw_implementation_cmake/cmake)
[0.169s] -- Found rmw_fastrtps_cpp: 6.2.10 (/opt/ros/humble/share/rmw_fastrtps_cpp/cmake)
[0.247s] -- Using RMW implementation 'rmw_fastrtps_cpp' as default
[0.285s] -- Found geometry_msgs: 4.9.1 (/opt/ros/humble/share/geometry_msgs/cmake)
[0.294s] -- Found sensor_msgs: 4.9.1 (/opt/ros/humble/share/sensor_msgs/cmake)
[0.344s] [33mCMake Warning (dev) at /usr/share/cmake-3.22/Modules/FindOpenGL.cmake:315 (message):
[0.344s]   Policy CMP0072 is not set: FindOpenGL prefers GLVND by default when
[0.344s]   available.  Run "cmake --help-policy CMP0072" for policy details.  Use the
[0.344s]   cmake_policy command to set the policy and suppress this warning.
[0.344s] 
[0.344s]   FindOpenGL found both a legacy GL library:
[0.344s] 
[0.344s]     OPENGL_gl_LIBRARY: /usr/lib/x86_64-linux-gnu/libGL.so
[0.344s] 
[0.344s]   and GLVND libraries for OpenGL and GLX:
[0.344s] 
[0.344s]     OPENGL_opengl_LIBRARY: /usr/lib/x86_64-linux-gnu/libOpenGL.so
[0.345s]     OPENGL_glx_LIBRARY: /usr/lib/x86_64-linux-gnu/libGLX.so
[0.345s] 
[0.345s]   OpenGL_GL_PREFERENCE has not been set to "GLVND" or "LEGACY", so for
[0.345s]   compatibility with CMake 3.10 and below the legacy GL library will be used.
[0.345s] Call Stack (most recent call first):
[0.345s]   CMakeLists.txt:26 (find_package)
[0.345s] This warning is for project developers.  Use -Wno-dev to suppress it.
[0.345s] [0m
[0.370s] -- pinocchio_default FOUND. pinocchio_default at /opt/ros/humble/lib/x86_64-linux-gnu/libpinocchio_default.so
[0.370s] -- pinocchio_parsers FOUND. pinocchio_parsers at /opt/ros/humble/lib/x86_64-linux-gnu/libpinocchio_parsers.so
[0.371s] -- boost_filesystem FOUND. boost_filesystem at /lib/x86_64-linux-gnu/libboost_filesystem.so
[0.378s] -- Found Boost: /usr/include (found version "1.74.0") found components: filesystem serialization 
[0.379s] -- eigenpy FOUND. eigenpy at /opt/ros/humble/lib/x86_64-linux-gnu/libeigenpy.so
[0.398s] -- Checking for NumPy
[0.590s] --   NUMPY_INCLUDE_DIRS=/home/hong/miniconda3/envs/rl_env/lib/python3.8/site-packages/numpy/core/include
[0.705s] --   NUMPY_VERSION=1.23.2
[0.922s] -- Found Python3: /home/hong/miniconda3/envs/rl_env/bin/python3 (found version "3.8.10") found components: Interpreter Development.Module NumPy 
[0.923s] -- PythonLibraryDirs: 
[0.923s] -- PythonLibVersionString: 3.8.10
[0.940s] -- Python site lib: lib/python3.8/site-packages
[0.940s] -- Python include dirs: /home/hong/miniconda3/envs/rl_env/include/python3.8
[0.974s] -- Checking for NumPy
[1.057s] --   NUMPY_INCLUDE_DIRS=/home/hong/miniconda3/envs/rl_env/lib/python3.8/site-packages/numpy/core/include
[1.138s] --   NUMPY_VERSION=1.23.2
[1.138s] -- NumPy include dir: /home/hong/miniconda3/envs/rl_env/lib/python3.8/site-packages/numpy/core/include
[1.142s] [33mCMake Warning at /usr/share/cmake-3.22/Modules/FindBoost.cmake:2201 (message):
[1.142s]   No header defined for python310; skipping header check (note: header-only
[1.142s]   libraries have no designated component)
[1.142s] Call Stack (most recent call first):
[1.142s]   /opt/ros/humble/lib/x86_64-linux-gnu/cmake/eigenpy/boost.cmake:148 (find_package)
[1.142s]   /opt/ros/humble/lib/x86_64-linux-gnu/cmake/eigenpy/eigenpyConfig.cmake:149 (SEARCH_FOR_BOOST_PYTHON)
[1.142s]   /usr/share/cmake-3.22/Modules/CMakeFindDependencyMacro.cmake:47 (find_package)
[1.142s]   /opt/ros/humble/lib/x86_64-linux-gnu/cmake/pinocchio/pinocchioConfig.cmake:161 (find_dependency)
[1.142s]   CMakeLists.txt:38 (find_package)
[1.142s] 
[1.142s] [0m
[1.142s] -- Found Boost: /usr/include (found version "1.74.0") found components: python310 
[1.358s] -- Default C++ standard: 201703
[1.358s] -- C++ standard sufficient: Minimal required 11, currently defined: 17
[1.359s] -- hpp-fcl FOUND. hpp-fcl at /opt/ros/humble/lib/x86_64-linux-gnu/libhpp-fcl.so
[1.364s] -- Found Boost: /usr/include (found version "1.74.0") found components: chrono serialization filesystem 
[1.366s] -- C++ standard sufficient: Minimal required 11, currently defined: 17
[1.366s] -- C++ standard sufficient: Minimal required 11, currently defined: 17
[1.423s] -- Configuring done
[1.503s] -- Generating done
[1.523s] -- Build files have been written to: /home/hong/Movement_Control/Go2Robot/build/go2_robot
[1.530s] Invoked command in '/home/hong/Movement_Control/Go2Robot/build/go2_robot' returned '0': CMAKE_PREFIX_PATH=/opt/ros/humble /usr/bin/cmake /home/hong/Movement_Control/Go2Robot -DCMAKE_INSTALL_PREFIX=/home/hong/Movement_Control/Go2Robot/install/go2_robot
[1.532s] Invoking command in '/home/hong/Movement_Control/Go2Robot/build/go2_robot': CMAKE_PREFIX_PATH=/opt/ros/humble /usr/bin/cmake --build /home/hong/Movement_Control/Go2Robot/build/go2_robot -- -j24 -l24
[1.567s] [35m[1mConsolidate compiler generated dependencies of target OsqpEigen[0m
[1.580s] [ 29%] Built target OsqpEigen
[1.594s] [35m[1mConsolidate compiler generated dependencies of target go2_core[0m
[1.631s] [ 82%] Built target go2_core
[1.660s] [ 88%] [32mBuilding CXX object CMakeFiles/go2_control_node.dir/src/ros2/go2_control_node.cpp.o[0m
[1.660s] [ 94%] [32mBuilding CXX object CMakeFiles/go2_control_node.dir/src/ros2/main.cpp.o[0m
[1.806s] In file included from [01m[K/home/hong/Movement_Control/Go2Robot/src/ros2/main.cpp:2[m[K:
[1.806s] [01m[K/home/hong/Movement_Control/Go2Robot/include/ros2/go2_control_node.hpp:27:10:[m[K [01;31m[Kfatal error: [m[Kgeometry_msgs/msg/odometry.hpp: 没有那个文件或目录
[1.806s]    27 | #include [01;31m[K<geometry_msgs/msg/odometry.hpp>[m[K
[1.806s]       |          [01;31m[K^~~~~~~~~~~~~~~~~~~~~~~~~~~~~~~~[m[K
[1.806s] compilation terminated.
[1.808s] gmake[2]: *** [CMakeFiles/go2_control_node.dir/build.make:90：CMakeFiles/go2_control_node.dir/src/ros2/main.cpp.o] 错误 1
[1.808s] gmake[2]: *** 正在等待未完成的任务....
[1.823s] In file included from [01m[K/home/hong/Movement_Control/Go2Robot/src/ros2/go2_control_node.cpp:1[m[K:
[1.823s] [01m[K/home/hong/Movement_Control/Go2Robot/include/ros2/go2_control_node.hpp:27:10:[m[K [01;31m[Kfatal error: [m[Kgeometry_msgs/msg/odometry.hpp: 没有那个文件或目录
[1.823s]    27 | #include [01;31m[K<geometry_msgs/msg/odometry.hpp>[m[K
[1.823s]       |          [01;31m[K^~~~~~~~~~~~~~~~~~~~~~~~~~~~~~~~[m[K
[1.823s] compilation terminated.
[1.825s] gmake[2]: *** [CMakeFiles/go2_control_node.dir/build.make:76：CMakeFiles/go2_control_node.dir/src/ros2/go2_control_node.cpp.o] 错误 1
[1.825s] gmake[1]: *** [CMakeFiles/Makefile2:228：CMakeFiles/go2_control_node.dir/all] 错误 2
[1.825s] gmake: *** [Makefile:146：all] 错误 2
[1.827s] Invoked command in '/home/hong/Movement_Control/Go2Robot/build/go2_robot' returned '2': CMAKE_PREFIX_PATH=/opt/ros/humble /usr/bin/cmake --build /home/hong/Movement_Control/Go2Robot/build/go2_robot -- -j24 -l24
