[0.007s] Invoking command in '/home/hong/Movement_Control/Go2Robot/build/go2_robot': CMAKE_PREFIX_PATH=/opt/ros/humble /usr/bin/cmake /home/hong/Movement_Control/Go2Robot -DCMAKE_BUILD_TYPE=Release -DCMAKE_INSTALL_PREFIX=/home/hong/Movement_Control/Go2Robot/install/go2_robot
[0.015s] -- Found ament_cmake: 1.3.14 (/opt/ros/humble/share/ament_cmake/cmake)
[0.066s] -- Found Python3: /home/hong/miniconda3/envs/rl_env/bin/python3 (found version "3.8.10") found components: Interpreter 
[0.114s] -- Found rclcpp: 16.0.19 (/opt/ros/humble/share/rclcpp/cmake)
[0.134s] -- Found rosidl_generator_c: 3.1.8 (/opt/ros/humble/share/rosidl_generator_c/cmake)
[0.136s] -- Found rosidl_adapter: 3.1.8 (/opt/ros/humble/share/rosidl_adapter/cmake)
[0.141s] -- Found rosidl_generator_cpp: 3.1.8 (/opt/ros/humble/share/rosidl_generator_cpp/cmake)
[0.147s] -- Using all available rosidl_typesupport_c: rosidl_typesupport_fastrtps_c;rosidl_typesupport_introspection_c
[0.157s] -- Using all available rosidl_typesupport_cpp: rosidl_typesupport_fastrtps_cpp;rosidl_typesupport_introspection_cpp
[0.180s] -- Found rmw_implementation_cmake: 6.1.2 (/opt/ros/humble/share/rmw_implementation_cmake/cmake)
[0.180s] -- Found rmw_fastrtps_cpp: 6.2.10 (/opt/ros/humble/share/rmw_fastrtps_cpp/cmake)
[0.380s] -- Using RMW implementation 'rmw_fastrtps_cpp' as default
[0.380s] -- Found geometry_msgs: 4.9.1 (/opt/ros/humble/share/geometry_msgs/cmake)
[0.380s] -- Found sensor_msgs: 4.9.1 (/opt/ros/humble/share/sensor_msgs/cmake)
[0.380s] CMake Warning (dev) at /usr/share/cmake-3.22/Modules/FindOpenGL.cmake:315 (message):
[0.381s]   Policy CMP0072 is not set: FindOpenGL prefers GLVND by default when
[0.381s]   available.  Run "cmake --help-policy CMP0072" for policy details.  Use the
[0.381s]   cmake_policy command to set the policy and suppress this warning.
[0.381s] 
[0.381s]   FindOpenGL found both a legacy GL library:
[0.381s] 
[0.381s]     OPENGL_gl_LIBRARY: /usr/lib/x86_64-linux-gnu/libGL.so
[0.381s] 
[0.381s]   and GLVND libraries for OpenGL and GLX:
[0.381s] 
[0.381s]     OPENGL_opengl_LIBRARY: /usr/lib/x86_64-linux-gnu/libOpenGL.so
[0.381s]     OPENGL_glx_LIBRARY: /usr/lib/x86_64-linux-gnu/libGLX.so
[0.381s] 
[0.381s]   OpenGL_GL_PREFERENCE has not been set to "GLVND" or "LEGACY", so for
[0.381s]   compatibility with CMake 3.10 and below the legacy GL library will be used.
[0.381s] Call Stack (most recent call first):
[0.381s]   CMakeLists.txt:26 (find_package)
[0.381s] This warning is for project developers.  Use -Wno-dev to suppress it.
[0.381s] 
[0.394s] -- pinocchio_default FOUND. pinocchio_default at /opt/ros/humble/lib/x86_64-linux-gnu/libpinocchio_default.so
[0.394s] -- pinocchio_parsers FOUND. pinocchio_parsers at /opt/ros/humble/lib/x86_64-linux-gnu/libpinocchio_parsers.so
[0.394s] -- boost_filesystem FOUND. boost_filesystem at /lib/x86_64-linux-gnu/libboost_filesystem.so
[0.400s] -- Found Boost: /usr/include (found version "1.74.0") found components: filesystem serialization 
[0.401s] -- eigenpy FOUND. eigenpy at /opt/ros/humble/lib/x86_64-linux-gnu/libeigenpy.so
[0.424s] -- Checking for NumPy
[0.591s] --   NUMPY_INCLUDE_DIRS=/home/hong/miniconda3/envs/rl_env/lib/python3.8/site-packages/numpy/core/include
[0.679s] --   NUMPY_VERSION=1.23.2
[0.885s] -- Found Python3: /home/hong/miniconda3/envs/rl_env/bin/python3 (found version "3.8.10") found components: Interpreter Development.Module NumPy 
[0.886s] -- PythonLibraryDirs: 
[0.886s] -- PythonLibVersionString: 3.8.10
[0.905s] -- Python site lib: lib/python3.8/site-packages
[0.905s] -- Python include dirs: /home/hong/miniconda3/envs/rl_env/include/python3.8
[0.936s] -- Checking for NumPy
[1.022s] --   NUMPY_INCLUDE_DIRS=/home/hong/miniconda3/envs/rl_env/lib/python3.8/site-packages/numpy/core/include
[1.129s] --   NUMPY_VERSION=1.23.2
[1.129s] -- NumPy include dir: /home/hong/miniconda3/envs/rl_env/lib/python3.8/site-packages/numpy/core/include
[1.132s] CMake Warning at /usr/share/cmake-3.22/Modules/FindBoost.cmake:2201 (message):
[1.132s]   No header defined for python310; skipping header check (note: header-only
[1.132s]   libraries have no designated component)
[1.132s] Call Stack (most recent call first):
[1.132s]   /opt/ros/humble/lib/x86_64-linux-gnu/cmake/eigenpy/boost.cmake:148 (find_package)
[1.132s]   /opt/ros/humble/lib/x86_64-linux-gnu/cmake/eigenpy/eigenpyConfig.cmake:149 (SEARCH_FOR_BOOST_PYTHON)
[1.132s]   /usr/share/cmake-3.22/Modules/CMakeFindDependencyMacro.cmake:47 (find_package)
[1.132s]   /opt/ros/humble/lib/x86_64-linux-gnu/cmake/pinocchio/pinocchioConfig.cmake:161 (find_dependency)
[1.132s]   CMakeLists.txt:38 (find_package)
[1.132s] 
[1.133s] 
[1.133s] -- Found Boost: /usr/include (found version "1.74.0") found components: python310 
[1.377s] -- Default C++ standard: 201703
[1.377s] -- C++ standard sufficient: Minimal required 11, currently defined: 17
[1.378s] -- hpp-fcl FOUND. hpp-fcl at /opt/ros/humble/lib/x86_64-linux-gnu/libhpp-fcl.so
[1.385s] -- Found Boost: /usr/include (found version "1.74.0") found components: chrono serialization filesystem 
[1.386s] -- C++ standard sufficient: Minimal required 11, currently defined: 17
[1.387s] -- C++ standard sufficient: Minimal required 11, currently defined: 17
[1.966s] -- Configuring done
[1.970s] CMake Error at CMakeLists.txt:75 (add_executable):
[1.970s]   Target "go2_control_node" links to target "geometry_msgs::geometry_msgs"
[1.970s]   but the target was not found.  Perhaps a find_package() call is missing for
[1.970s]   an IMPORTED target, or an ALIAS target is missing?
[1.970s] 
[1.970s] 
[1.970s] CMake Error at CMakeLists.txt:75 (add_executable):
[1.970s]   Target "go2_control_node" links to target "sensor_msgs::sensor_msgs" but
[1.970s]   the target was not found.  Perhaps a find_package() call is missing for an
[1.970s]   IMPORTED target, or an ALIAS target is missing?
[1.970s] 
[1.970s] 
[1.970s] CMake Error at CMakeLists.txt:75 (add_executable):
[1.970s]   Target "go2_control_node" links to target "std_msgs::std_msgs" but the
[1.970s]   target was not found.  Perhaps a find_package() call is missing for an
[1.970s]   IMPORTED target, or an ALIAS target is missing?
[1.970s] 
[1.970s] 
[2.012s] -- Generating done
[2.014s] CMake Generate step failed.  Build files cannot be regenerated correctly.
[2.021s] Invoked command in '/home/hong/Movement_Control/Go2Robot/build/go2_robot' returned '1': CMAKE_PREFIX_PATH=/opt/ros/humble /usr/bin/cmake /home/hong/Movement_Control/Go2Robot -DCMAKE_BUILD_TYPE=Release -DCMAKE_INSTALL_PREFIX=/home/hong/Movement_Control/Go2Robot/install/go2_robot
