[0.009s] Invoking command in '/home/hong/Movement_Control/Go2Robot/build/go2_robot': CMAKE_PREFIX_PATH=/opt/ros/humble /usr/bin/cmake --build /home/hong/Movement_Control/Go2Robot/build/go2_robot -- -j24 -l24
[0.032s] -- Found ament_cmake: 1.3.14 (/opt/ros/humble/share/ament_cmake/cmake)
[0.080s] -- Found Python3: /home/hong/miniconda3/envs/rl_env/bin/python3 (found version "3.8.10") found components: Interpreter 
[0.130s] -- Found rclcpp: 16.0.19 (/opt/ros/humble/share/rclcpp/cmake)
[0.149s] -- Found rosidl_generator_c: 3.1.8 (/opt/ros/humble/share/rosidl_generator_c/cmake)
[0.150s] -- Found rosidl_adapter: 3.1.8 (/opt/ros/humble/share/rosidl_adapter/cmake)
[0.154s] -- Found rosidl_generator_cpp: 3.1.8 (/opt/ros/humble/share/rosidl_generator_cpp/cmake)
[0.160s] -- Using all available rosidl_typesupport_c: rosidl_typesupport_fastrtps_c;rosidl_typesupport_introspection_c
[0.168s] -- Using all available rosidl_typesupport_cpp: rosidl_typesupport_fastrtps_cpp;rosidl_typesupport_introspection_cpp
[0.188s] -- Found rmw_implementation_cmake: 6.1.2 (/opt/ros/humble/share/rmw_implementation_cmake/cmake)
[0.189s] -- Found rmw_fastrtps_cpp: 6.2.10 (/opt/ros/humble/share/rmw_fastrtps_cpp/cmake)
[0.260s] -- Using RMW implementation 'rmw_fastrtps_cpp' as default
[0.291s] -- Found geometry_msgs: 4.9.2 (/opt/ros/humble/share/geometry_msgs/cmake)
[0.299s] -- Found sensor_msgs: 4.9.1 (/opt/ros/humble/share/sensor_msgs/cmake)
[0.337s] [33mCMake Warning (dev) at /usr/share/cmake-3.22/Modules/FindOpenGL.cmake:315 (message):
[0.337s]   Policy CMP0072 is not set: FindOpenGL prefers GLVND by default when
[0.337s]   available.  Run "cmake --help-policy CMP0072" for policy details.  Use the
[0.337s]   cmake_policy command to set the policy and suppress this warning.
[0.337s] 
[0.337s]   FindOpenGL found both a legacy GL library:
[0.337s] 
[0.337s]     OPENGL_gl_LIBRARY: /usr/lib/x86_64-linux-gnu/libGL.so
[0.338s] 
[0.338s]   and GLVND libraries for OpenGL and GLX:
[0.338s] 
[0.338s]     OPENGL_opengl_LIBRARY: /usr/lib/x86_64-linux-gnu/libOpenGL.so
[0.338s]     OPENGL_glx_LIBRARY: /usr/lib/x86_64-linux-gnu/libGLX.so
[0.338s] 
[0.338s]   OpenGL_GL_PREFERENCE has not been set to "GLVND" or "LEGACY", so for
[0.338s]   compatibility with CMake 3.10 and below the legacy GL library will be used.
[0.338s] Call Stack (most recent call first):
[0.338s]   CMakeLists.txt:26 (find_package)
[0.338s] This warning is for project developers.  Use -Wno-dev to suppress it.
[0.338s] [0m
[0.356s] -- pinocchio_default FOUND. pinocchio_default at /opt/ros/humble/lib/x86_64-linux-gnu/libpinocchio_default.so
[0.356s] -- pinocchio_parsers FOUND. pinocchio_parsers at /opt/ros/humble/lib/x86_64-linux-gnu/libpinocchio_parsers.so
[0.357s] -- boost_filesystem FOUND. boost_filesystem at /lib/x86_64-linux-gnu/libboost_filesystem.so
[0.362s] -- Found Boost: /usr/include (found version "1.74.0") found components: filesystem serialization 
[0.363s] -- eigenpy FOUND. eigenpy at /opt/ros/humble/lib/x86_64-linux-gnu/libeigenpy.so
[0.380s] -- Checking for NumPy
[0.551s] --   NUMPY_INCLUDE_DIRS=/home/hong/miniconda3/envs/rl_env/lib/python3.8/site-packages/numpy/core/include
[0.629s] --   NUMPY_VERSION=1.23.2
[0.830s] -- Found Python3: /home/hong/miniconda3/envs/rl_env/bin/python3 (found version "3.8.10") found components: Interpreter Development.Module NumPy 
[0.830s] -- PythonLibraryDirs: 
[0.830s] -- PythonLibVersionString: 3.8.10
[0.850s] -- Python site lib: lib/python3.8/site-packages
[0.850s] -- Python include dirs: /home/hong/miniconda3/envs/rl_env/include/python3.8
[0.894s] -- Checking for NumPy
[0.973s] --   NUMPY_INCLUDE_DIRS=/home/hong/miniconda3/envs/rl_env/lib/python3.8/site-packages/numpy/core/include
[1.071s] --   NUMPY_VERSION=1.23.2
[1.071s] -- NumPy include dir: /home/hong/miniconda3/envs/rl_env/lib/python3.8/site-packages/numpy/core/include
[1.074s] [33mCMake Warning at /usr/share/cmake-3.22/Modules/FindBoost.cmake:2201 (message):
[1.074s]   No header defined for python310; skipping header check (note: header-only
[1.074s]   libraries have no designated component)
[1.075s] Call Stack (most recent call first):
[1.075s]   /opt/ros/humble/lib/x86_64-linux-gnu/cmake/eigenpy/boost.cmake:148 (find_package)
[1.075s]   /opt/ros/humble/lib/x86_64-linux-gnu/cmake/eigenpy/eigenpyConfig.cmake:149 (SEARCH_FOR_BOOST_PYTHON)
[1.075s]   /usr/share/cmake-3.22/Modules/CMakeFindDependencyMacro.cmake:47 (find_package)
[1.075s]   /opt/ros/humble/lib/x86_64-linux-gnu/cmake/pinocchio/pinocchioConfig.cmake:161 (find_dependency)
[1.075s]   CMakeLists.txt:38 (find_package)
[1.075s] 
[1.075s] [0m
[1.075s] -- Found Boost: /usr/include (found version "1.74.0") found components: python310 
[1.297s] -- Default C++ standard: 201703
[1.297s] -- C++ standard sufficient: Minimal required 11, currently defined: 17
[1.298s] -- hpp-fcl FOUND. hpp-fcl at /opt/ros/humble/lib/x86_64-linux-gnu/libhpp-fcl.so
[1.305s] -- Found Boost: /usr/include (found version "1.74.0") found components: chrono serialization filesystem 
[1.306s] -- C++ standard sufficient: Minimal required 11, currently defined: 17
[1.307s] -- C++ standard sufficient: Minimal required 11, currently defined: 17
[1.309s] [31mCMake Error at CMakeLists.txt:89 (target_link_libraries):
[1.309s]   The plain signature for target_link_libraries has already been used with
[1.309s]   the target "go2_control_node".  All uses of target_link_libraries with a
[1.309s]   target must be either all-keyword or all-plain.
[1.309s] 
[1.309s]   The uses of the plain signature are here:
[1.309s] 
[1.309s]    * /opt/ros/humble/share/ament_cmake_target_dependencies/cmake/ament_target_dependencies.cmake:145 (target_link_libraries)
[1.309s] 
[1.309s] 
[1.310s] [0m
[1.367s] -- Configuring incomplete, errors occurred!
[1.367s] See also "/home/hong/Movement_Control/Go2Robot/build/go2_robot/CMakeFiles/CMakeOutput.log".
[1.374s] gmake: *** [Makefile:930：cmake_check_build_system] 错误 1
[1.376s] Invoked command in '/home/hong/Movement_Control/Go2Robot/build/go2_robot' returned '2': CMAKE_PREFIX_PATH=/opt/ros/humble /usr/bin/cmake --build /home/hong/Movement_Control/Go2Robot/build/go2_robot -- -j24 -l24
