[0.174s] Invoking command in '/home/hong/Movement_Control/Go2Robot/build/go2_robot': CMAKE_PREFIX_PATH=${CMAKE_PREFIX_PATH}:/opt/ros/humble /usr/bin/cmake --build /home/hong/Movement_Control/Go2Robot/build/go2_robot -- -j24 -l24
[0.195s] [  2%] Built target go2_robot__rs
[0.196s] [ 10%] Built target go2_robot__rosidl_generator_c
[0.196s] [  8%] Built target go2_robot__cpp
[0.198s] [ 10%] Built target ament_cmake_python_copy_go2_robot
[0.199s] [ 20%] Built target OsqpEigen
[0.211s] [ 26%] Built target go2_robot__rosidl_typesupport_c
[0.211s] [ 32%] Built target go2_robot__rosidl_typesupport_fastrtps_cpp
[0.213s] [ 38%] Built target go2_robot__rosidl_typesupport_cpp
[0.214s] [ 44%] Built target go2_robot__rosidl_typesupport_introspection_cpp
[0.215s] [ 51%] Built target go2_robot__rosidl_typesupport_fastrtps_c
[0.215s] [ 57%] Built target go2_robot__rosidl_typesupport_introspection_c
[0.232s] [ 57%] Built target go2_robot
[0.238s] [ 59%] [32mBuilding CXX object CMakeFiles/go2_core.dir/src/Model/pinocchio.cpp.o[0m
[0.251s] [ 61%] Built target go2_robot__py
[0.274s] [ 65%] Built target go2_robot__rosidl_generator_py
[0.293s] [ 69%] Built target go2_robot__rosidl_typesupport_introspection_c__pyext
[0.293s] [ 73%] Built target go2_robot__rosidl_typesupport_c__pyext
[0.294s] [ 77%] Built target go2_robot__rosidl_typesupport_fastrtps_c__pyext
[0.333s] running egg_info
[0.334s] writing go2_robot.egg-info/PKG-INFO
[0.334s] writing dependency_links to go2_robot.egg-info/dependency_links.txt
[0.334s] writing top-level names to go2_robot.egg-info/top_level.txt
[0.335s] reading manifest file 'go2_robot.egg-info/SOURCES.txt'
[0.336s] writing manifest file 'go2_robot.egg-info/SOURCES.txt'
[0.354s] [ 77%] Built target ament_cmake_python_build_go2_robot_egg
[34.977s] [ 79%] [32m[1mLinking CXX static library libgo2_core.a[0m
[35.024s] [ 93%] Built target go2_core
[35.051s] [35m[1mConsolidate compiler generated dependencies of target go2_control_node[0m
[35.086s] [ 95%] [32m[1mLinking CXX executable go2_control_node[0m
[35.261s] [100%] Built target go2_control_node
[35.270s] Invoked command in '/home/hong/Movement_Control/Go2Robot/build/go2_robot' returned '0': CMAKE_PREFIX_PATH=${CMAKE_PREFIX_PATH}:/opt/ros/humble /usr/bin/cmake --build /home/hong/Movement_Control/Go2Robot/build/go2_robot -- -j24 -l24
[35.280s] Invoking command in '/home/hong/Movement_Control/Go2Robot/build/go2_robot': CMAKE_PREFIX_PATH=${CMAKE_PREFIX_PATH}:/opt/ros/humble /usr/bin/cmake --install /home/hong/Movement_Control/Go2Robot/build/go2_robot
[35.286s] -- Install configuration: "Release"
[35.286s] -- Up-to-date: /home/hong/Movement_Control/Go2Robot/install/go2_robot/share/ament_index/resource_index/rosidl_interfaces/go2_robot
[35.286s] -- Up-to-date: /home/hong/Movement_Control/Go2Robot/install/go2_robot/include/go2_robot/go2_robot
[35.286s] -- Up-to-date: /home/hong/Movement_Control/Go2Robot/install/go2_robot/include/go2_robot/go2_robot/msg
[35.286s] -- Up-to-date: /home/hong/Movement_Control/Go2Robot/install/go2_robot/include/go2_robot/go2_robot/msg/rosidl_generator_c__visibility_control.h
[35.286s] -- Up-to-date: /home/hong/Movement_Control/Go2Robot/install/go2_robot/include/go2_robot/go2_robot/msg/go2_telemetry.h
[35.286s] -- Up-to-date: /home/hong/Movement_Control/Go2Robot/install/go2_robot/include/go2_robot/go2_robot/msg/detail
[35.287s] -- Up-to-date: /home/hong/Movement_Control/Go2Robot/install/go2_robot/include/go2_robot/go2_robot/msg/detail/go2_telemetry__functions.c
[35.287s] -- Up-to-date: /home/hong/Movement_Control/Go2Robot/install/go2_robot/include/go2_robot/go2_robot/msg/detail/go2_telemetry__type_support.h
[35.287s] -- Up-to-date: /home/hong/Movement_Control/Go2Robot/install/go2_robot/include/go2_robot/go2_robot/msg/detail/go2_telemetry__functions.h
[35.287s] -- Up-to-date: /home/hong/Movement_Control/Go2Robot/install/go2_robot/include/go2_robot/go2_robot/msg/detail/go2_telemetry__struct.h
[35.287s] -- Up-to-date: /home/hong/Movement_Control/Go2Robot/install/go2_robot/share/go2_robot/environment/library_path.sh
[35.287s] -- Up-to-date: /home/hong/Movement_Control/Go2Robot/install/go2_robot/share/go2_robot/environment/library_path.dsv
[35.287s] -- Up-to-date: /home/hong/Movement_Control/Go2Robot/install/go2_robot/lib/libgo2_robot__rosidl_generator_c.so
[35.287s] -- Up-to-date: /home/hong/Movement_Control/Go2Robot/install/go2_robot/include/go2_robot/go2_robot
[35.287s] -- Up-to-date: /home/hong/Movement_Control/Go2Robot/install/go2_robot/include/go2_robot/go2_robot/msg
[35.287s] -- Up-to-date: /home/hong/Movement_Control/Go2Robot/install/go2_robot/include/go2_robot/go2_robot/msg/rosidl_typesupport_fastrtps_c__visibility_control.h
[35.288s] -- Up-to-date: /home/hong/Movement_Control/Go2Robot/install/go2_robot/include/go2_robot/go2_robot/msg/detail
[35.288s] -- Up-to-date: /home/hong/Movement_Control/Go2Robot/install/go2_robot/include/go2_robot/go2_robot/msg/detail/go2_telemetry__rosidl_typesupport_fastrtps_c.h
[35.288s] -- Up-to-date: /home/hong/Movement_Control/Go2Robot/install/go2_robot/lib/libgo2_robot__rosidl_typesupport_fastrtps_c.so
[35.288s] -- Up-to-date: /home/hong/Movement_Control/Go2Robot/install/go2_robot/include/go2_robot/go2_robot
[35.288s] -- Up-to-date: /home/hong/Movement_Control/Go2Robot/install/go2_robot/include/go2_robot/go2_robot/msg
[35.288s] -- Up-to-date: /home/hong/Movement_Control/Go2Robot/install/go2_robot/include/go2_robot/go2_robot/msg/rosidl_generator_cpp__visibility_control.hpp
[35.288s] -- Up-to-date: /home/hong/Movement_Control/Go2Robot/install/go2_robot/include/go2_robot/go2_robot/msg/go2_telemetry.hpp
[35.288s] -- Up-to-date: /home/hong/Movement_Control/Go2Robot/install/go2_robot/include/go2_robot/go2_robot/msg/detail
[35.288s] -- Up-to-date: /home/hong/Movement_Control/Go2Robot/install/go2_robot/include/go2_robot/go2_robot/msg/detail/go2_telemetry__builder.hpp
[35.288s] -- Up-to-date: /home/hong/Movement_Control/Go2Robot/install/go2_robot/include/go2_robot/go2_robot/msg/detail/go2_telemetry__type_support.hpp
[35.288s] -- Up-to-date: /home/hong/Movement_Control/Go2Robot/install/go2_robot/include/go2_robot/go2_robot/msg/detail/go2_telemetry__traits.hpp
[35.288s] -- Up-to-date: /home/hong/Movement_Control/Go2Robot/install/go2_robot/include/go2_robot/go2_robot/msg/detail/go2_telemetry__struct.hpp
[35.288s] -- Up-to-date: /home/hong/Movement_Control/Go2Robot/install/go2_robot/include/go2_robot/go2_robot
[35.289s] -- Up-to-date: /home/hong/Movement_Control/Go2Robot/install/go2_robot/include/go2_robot/go2_robot/msg
[35.289s] -- Up-to-date: /home/hong/Movement_Control/Go2Robot/install/go2_robot/include/go2_robot/go2_robot/msg/rosidl_typesupport_fastrtps_cpp__visibility_control.h
[35.289s] -- Up-to-date: /home/hong/Movement_Control/Go2Robot/install/go2_robot/include/go2_robot/go2_robot/msg/detail
[35.289s] -- Up-to-date: /home/hong/Movement_Control/Go2Robot/install/go2_robot/include/go2_robot/go2_robot/msg/detail/go2_telemetry__rosidl_typesupport_fastrtps_cpp.hpp
[35.289s] -- Up-to-date: /home/hong/Movement_Control/Go2Robot/install/go2_robot/include/go2_robot/go2_robot/msg/detail/dds_fastrtps
[35.289s] -- Up-to-date: /home/hong/Movement_Control/Go2Robot/install/go2_robot/lib/libgo2_robot__rosidl_typesupport_fastrtps_cpp.so
[35.289s] -- Up-to-date: /home/hong/Movement_Control/Go2Robot/install/go2_robot/include/go2_robot/go2_robot
[35.289s] -- Up-to-date: /home/hong/Movement_Control/Go2Robot/install/go2_robot/include/go2_robot/go2_robot/msg
[35.289s] -- Up-to-date: /home/hong/Movement_Control/Go2Robot/install/go2_robot/include/go2_robot/go2_robot/msg/rosidl_typesupport_introspection_c__visibility_control.h
[35.289s] -- Up-to-date: /home/hong/Movement_Control/Go2Robot/install/go2_robot/include/go2_robot/go2_robot/msg/detail
[35.289s] -- Up-to-date: /home/hong/Movement_Control/Go2Robot/install/go2_robot/include/go2_robot/go2_robot/msg/detail/go2_telemetry__type_support.c
[35.289s] -- Up-to-date: /home/hong/Movement_Control/Go2Robot/install/go2_robot/include/go2_robot/go2_robot/msg/detail/go2_telemetry__rosidl_typesupport_introspection_c.h
[35.289s] -- Up-to-date: /home/hong/Movement_Control/Go2Robot/install/go2_robot/lib/libgo2_robot__rosidl_typesupport_introspection_c.so
[35.289s] -- Up-to-date: /home/hong/Movement_Control/Go2Robot/install/go2_robot/lib/libgo2_robot__rosidl_typesupport_c.so
[35.289s] -- Up-to-date: /home/hong/Movement_Control/Go2Robot/install/go2_robot/include/go2_robot/go2_robot
[35.290s] -- Up-to-date: /home/hong/Movement_Control/Go2Robot/install/go2_robot/include/go2_robot/go2_robot/msg
[35.290s] -- Up-to-date: /home/hong/Movement_Control/Go2Robot/install/go2_robot/include/go2_robot/go2_robot/msg/detail
[35.290s] -- Up-to-date: /home/hong/Movement_Control/Go2Robot/install/go2_robot/include/go2_robot/go2_robot/msg/detail/go2_telemetry__rosidl_typesupport_introspection_cpp.hpp
[35.290s] -- Up-to-date: /home/hong/Movement_Control/Go2Robot/install/go2_robot/include/go2_robot/go2_robot/msg/detail/go2_telemetry__type_support.cpp
[35.290s] -- Up-to-date: /home/hong/Movement_Control/Go2Robot/install/go2_robot/lib/libgo2_robot__rosidl_typesupport_introspection_cpp.so
[35.290s] -- Up-to-date: /home/hong/Movement_Control/Go2Robot/install/go2_robot/lib/libgo2_robot__rosidl_typesupport_cpp.so
[35.290s] -- Up-to-date: /home/hong/Movement_Control/Go2Robot/install/go2_robot/share/go2_robot/environment/pythonpath.sh
[35.290s] -- Up-to-date: /home/hong/Movement_Control/Go2Robot/install/go2_robot/share/go2_robot/environment/pythonpath.dsv
[35.290s] -- Up-to-date: /home/hong/Movement_Control/Go2Robot/install/go2_robot/local/lib/python3.10/dist-packages/go2_robot-0.1.0-py3.10.egg-info
[35.290s] -- Installing: /home/hong/Movement_Control/Go2Robot/install/go2_robot/local/lib/python3.10/dist-packages/go2_robot-0.1.0-py3.10.egg-info/SOURCES.txt
[35.290s] -- Installing: /home/hong/Movement_Control/Go2Robot/install/go2_robot/local/lib/python3.10/dist-packages/go2_robot-0.1.0-py3.10.egg-info/top_level.txt
[35.290s] -- Installing: /home/hong/Movement_Control/Go2Robot/install/go2_robot/local/lib/python3.10/dist-packages/go2_robot-0.1.0-py3.10.egg-info/PKG-INFO
[35.290s] -- Installing: /home/hong/Movement_Control/Go2Robot/install/go2_robot/local/lib/python3.10/dist-packages/go2_robot-0.1.0-py3.10.egg-info/dependency_links.txt
[35.290s] -- Up-to-date: /home/hong/Movement_Control/Go2Robot/install/go2_robot/local/lib/python3.10/dist-packages/go2_robot
[35.291s] -- Up-to-date: /home/hong/Movement_Control/Go2Robot/install/go2_robot/local/lib/python3.10/dist-packages/go2_robot/_go2_robot_s.ep.rosidl_typesupport_fastrtps_c.c
[35.291s] -- Up-to-date: /home/hong/Movement_Control/Go2Robot/install/go2_robot/local/lib/python3.10/dist-packages/go2_robot/go2_robot_s__rosidl_typesupport_fastrtps_c..cpython-310-x86_64-linux-gnu.so
[35.291s] -- Up-to-date: /home/hong/Movement_Control/Go2Robot/install/go2_robot/local/lib/python3.10/dist-packages/go2_robot/__init__.py
[35.291s] -- Up-to-date: /home/hong/Movement_Control/Go2Robot/install/go2_robot/local/lib/python3.10/dist-packages/go2_robot/_go2_robot_s.ep.rosidl_typesupport_introspection_c.c
[35.291s] -- Up-to-date: /home/hong/Movement_Control/Go2Robot/install/go2_robot/local/lib/python3.10/dist-packages/go2_robot/_go2_robot_s.ep.rosidl_typesupport_c.c
[35.291s] -- Up-to-date: /home/hong/Movement_Control/Go2Robot/install/go2_robot/local/lib/python3.10/dist-packages/go2_robot/go2_robot_s__rosidl_typesupport_introspection_c..cpython-310-x86_64-linux-gnu.so
[35.291s] -- Up-to-date: /home/hong/Movement_Control/Go2Robot/install/go2_robot/local/lib/python3.10/dist-packages/go2_robot/msg
[35.291s] -- Up-to-date: /home/hong/Movement_Control/Go2Robot/install/go2_robot/local/lib/python3.10/dist-packages/go2_robot/msg/__init__.py
[35.291s] -- Up-to-date: /home/hong/Movement_Control/Go2Robot/install/go2_robot/local/lib/python3.10/dist-packages/go2_robot/msg/_go2_telemetry.py
[35.291s] -- Up-to-date: /home/hong/Movement_Control/Go2Robot/install/go2_robot/local/lib/python3.10/dist-packages/go2_robot/msg/_go2_telemetry_s.c
[35.291s] -- Up-to-date: /home/hong/Movement_Control/Go2Robot/install/go2_robot/local/lib/python3.10/dist-packages/go2_robot/libgo2_robot__rosidl_generator_py.so
[35.291s] -- Up-to-date: /home/hong/Movement_Control/Go2Robot/install/go2_robot/local/lib/python3.10/dist-packages/go2_robot/go2_robot_s__rosidl_typesupport_c..cpython-310-x86_64-linux-gnu.so
[35.311s] Listing '/home/hong/Movement_Control/Go2Robot/install/go2_robot/local/lib/python3.10/dist-packages/go2_robot'...
[35.311s] Listing '/home/hong/Movement_Control/Go2Robot/install/go2_robot/local/lib/python3.10/dist-packages/go2_robot/msg'...
[35.313s] -- Up-to-date: /home/hong/Movement_Control/Go2Robot/install/go2_robot/local/lib/python3.10/dist-packages/go2_robot/go2_robot_s__rosidl_typesupport_fastrtps_c..cpython-310-x86_64-linux-gnu.so
[35.314s] -- Up-to-date: /home/hong/Movement_Control/Go2Robot/install/go2_robot/local/lib/python3.10/dist-packages/go2_robot/go2_robot_s__rosidl_typesupport_introspection_c..cpython-310-x86_64-linux-gnu.so
[35.314s] -- Up-to-date: /home/hong/Movement_Control/Go2Robot/install/go2_robot/local/lib/python3.10/dist-packages/go2_robot/go2_robot_s__rosidl_typesupport_c..cpython-310-x86_64-linux-gnu.so
[35.314s] -- Up-to-date: /home/hong/Movement_Control/Go2Robot/install/go2_robot/lib/libgo2_robot__rosidl_generator_py.so
[35.314s] -- Up-to-date: /home/hong/Movement_Control/Go2Robot/install/go2_robot/share/ament_index/resource_index/rust_packages/go2_robot
[35.314s] -- Up-to-date: /home/hong/Movement_Control/Go2Robot/install/go2_robot/share/go2_robot/rust
[35.314s] -- Up-to-date: /home/hong/Movement_Control/Go2Robot/install/go2_robot/share/go2_robot/rust/Cargo.toml
[35.314s] -- Up-to-date: /home/hong/Movement_Control/Go2Robot/install/go2_robot/share/go2_robot/rust/build.rs
[35.314s] -- Up-to-date: /home/hong/Movement_Control/Go2Robot/install/go2_robot/share/go2_robot/rust/src
[35.314s] -- Up-to-date: /home/hong/Movement_Control/Go2Robot/install/go2_robot/share/go2_robot/rust/src/msg
[35.315s] -- Up-to-date: /home/hong/Movement_Control/Go2Robot/install/go2_robot/share/go2_robot/rust/src/msg/rmw.rs
[35.315s] -- Up-to-date: /home/hong/Movement_Control/Go2Robot/install/go2_robot/share/go2_robot/rust/src/lib.rs
[35.315s] -- Up-to-date: /home/hong/Movement_Control/Go2Robot/install/go2_robot/share/go2_robot/rust/src/msg.rs
[35.315s] -- Up-to-date: /home/hong/Movement_Control/Go2Robot/install/go2_robot/share/go2_robot/msg/Go2Telemetry.idl
[35.315s] -- Up-to-date: /home/hong/Movement_Control/Go2Robot/install/go2_robot/share/go2_robot/msg/Go2Telemetry.msg
[35.315s] -- Installing: /home/hong/Movement_Control/Go2Robot/install/go2_robot/lib/go2_robot/go2_control_node
[35.316s] -- Set runtime path of "/home/hong/Movement_Control/Go2Robot/install/go2_robot/lib/go2_robot/go2_control_node" to ""
[35.316s] -- Up-to-date: /home/hong/Movement_Control/Go2Robot/install/go2_robot/share/go2_robot/config
[35.316s] -- Up-to-date: /home/hong/Movement_Control/Go2Robot/install/go2_robot/share/go2_robot/config/go2_params.yaml
[35.316s] -- Up-to-date: /home/hong/Movement_Control/Go2Robot/install/go2_robot/share/go2_robot/config/mpc.yaml
[35.316s] -- Up-to-date: /home/hong/Movement_Control/Go2Robot/install/go2_robot/share/go2_robot/launch
[35.316s] -- Up-to-date: /home/hong/Movement_Control/Go2Robot/install/go2_robot/share/go2_robot/launch/go2_sim.launch.py
[35.317s] -- Up-to-date: /home/hong/Movement_Control/Go2Robot/install/go2_robot/share/go2_robot/launch/__pycache__
[35.317s] -- Up-to-date: /home/hong/Movement_Control/Go2Robot/install/go2_robot/share/go2_robot/launch/__pycache__/go2_sim.launch.cpython-310.pyc
[35.317s] -- Up-to-date: /home/hong/Movement_Control/Go2Robot/install/go2_robot/share/go2_robot/go2
[35.317s] -- Up-to-date: /home/hong/Movement_Control/Go2Robot/install/go2_robot/share/go2_robot/go2/my_bot.xml
[35.317s] -- Up-to-date: /home/hong/Movement_Control/Go2Robot/install/go2_robot/share/go2_robot/go2/scene.xml
[35.317s] -- Up-to-date: /home/hong/Movement_Control/Go2Robot/install/go2_robot/share/go2_robot/go2/height_field.png
[35.317s] -- Up-to-date: /home/hong/Movement_Control/Go2Robot/install/go2_robot/share/go2_robot/go2/go2.xml
[35.317s] -- Up-to-date: /home/hong/Movement_Control/Go2Robot/install/go2_robot/share/go2_robot/go2/scene_terrain.xml
[35.317s] -- Up-to-date: /home/hong/Movement_Control/Go2Robot/install/go2_robot/share/go2_robot/go2/dae
[35.317s] -- Up-to-date: /home/hong/Movement_Control/Go2Robot/install/go2_robot/share/go2_robot/go2/dae/thigh.dae
[35.318s] -- Up-to-date: /home/hong/Movement_Control/Go2Robot/install/go2_robot/share/go2_robot/go2/dae/foot.dae
[35.318s] -- Up-to-date: /home/hong/Movement_Control/Go2Robot/install/go2_robot/share/go2_robot/go2/dae/calf_mirror.dae
[35.318s] -- Up-to-date: /home/hong/Movement_Control/Go2Robot/install/go2_robot/share/go2_robot/go2/dae/thigh_mirror.dae
[35.318s] -- Up-to-date: /home/hong/Movement_Control/Go2Robot/install/go2_robot/share/go2_robot/go2/dae/base.dae
[35.318s] -- Up-to-date: /home/hong/Movement_Control/Go2Robot/install/go2_robot/share/go2_robot/go2/dae/calf.dae
[35.318s] -- Up-to-date: /home/hong/Movement_Control/Go2Robot/install/go2_robot/share/go2_robot/go2/dae/hip.dae
[35.318s] -- Up-to-date: /home/hong/Movement_Control/Go2Robot/install/go2_robot/share/go2_robot/go2/mjmodel.xml
[35.318s] -- Up-to-date: /home/hong/Movement_Control/Go2Robot/install/go2_robot/share/go2_robot/go2/go2_description.urdf
[35.318s] -- Up-to-date: /home/hong/Movement_Control/Go2Robot/install/go2_robot/share/go2_robot/go2/estiandtruth.xml
[35.318s] -- Up-to-date: /home/hong/Movement_Control/Go2Robot/install/go2_robot/share/go2_robot/go2/assets
[35.318s] -- Up-to-date: /home/hong/Movement_Control/Go2Robot/install/go2_robot/share/go2_robot/go2/assets/thigh_mirror_0.obj
[35.318s] -- Up-to-date: /home/hong/Movement_Control/Go2Robot/install/go2_robot/share/go2_robot/go2/assets/calf_mirror_1.obj
[35.319s] -- Up-to-date: /home/hong/Movement_Control/Go2Robot/install/go2_robot/share/go2_robot/go2/assets/base_1.obj
[35.319s] -- Up-to-date: /home/hong/Movement_Control/Go2Robot/install/go2_robot/share/go2_robot/go2/assets/calf_1.stl
[35.319s] -- Up-to-date: /home/hong/Movement_Control/Go2Robot/install/go2_robot/share/go2_robot/go2/assets/base_0.obj
[35.319s] -- Up-to-date: /home/hong/Movement_Control/Go2Robot/install/go2_robot/share/go2_robot/go2/assets/thigh_mirror_1.obj
[35.319s] -- Up-to-date: /home/hong/Movement_Control/Go2Robot/install/go2_robot/share/go2_robot/go2/assets/calf_mirror_1.stl
[35.319s] -- Up-to-date: /home/hong/Movement_Control/Go2Robot/install/go2_robot/share/go2_robot/go2/assets/thigh_mirror_0.stl
[35.319s] -- Up-to-date: /home/hong/Movement_Control/Go2Robot/install/go2_robot/share/go2_robot/go2/assets/foot.obj
[35.319s] -- Up-to-date: /home/hong/Movement_Control/Go2Robot/install/go2_robot/share/go2_robot/go2/assets/base_3.stl
[35.319s] -- Up-to-date: /home/hong/Movement_Control/Go2Robot/install/go2_robot/share/go2_robot/go2/assets/hip_1.obj
[35.319s] -- Up-to-date: /home/hong/Movement_Control/Go2Robot/install/go2_robot/share/go2_robot/go2/assets/hip_1.stl
[35.319s] -- Up-to-date: /home/hong/Movement_Control/Go2Robot/install/go2_robot/share/go2_robot/go2/assets/thigh_0.obj
[35.319s] -- Up-to-date: /home/hong/Movement_Control/Go2Robot/install/go2_robot/share/go2_robot/go2/assets/thigh_0.stl
[35.320s] -- Up-to-date: /home/hong/Movement_Control/Go2Robot/install/go2_robot/share/go2_robot/go2/assets/base_3.obj
[35.320s] -- Up-to-date: /home/hong/Movement_Control/Go2Robot/install/go2_robot/share/go2_robot/go2/assets/hip_0.obj
[35.320s] -- Up-to-date: /home/hong/Movement_Control/Go2Robot/install/go2_robot/share/go2_robot/go2/assets/calf_1.obj
[35.320s] -- Up-to-date: /home/hong/Movement_Control/Go2Robot/install/go2_robot/share/go2_robot/go2/assets/base_4.stl
[35.320s] -- Up-to-date: /home/hong/Movement_Control/Go2Robot/install/go2_robot/share/go2_robot/go2/assets/calf_mirror_0.stl
[35.320s] -- Up-to-date: /home/hong/Movement_Control/Go2Robot/install/go2_robot/share/go2_robot/go2/assets/base_1.stl
[35.320s] -- Up-to-date: /home/hong/Movement_Control/Go2Robot/install/go2_robot/share/go2_robot/go2/assets/base_2.stl
[35.320s] -- Up-to-date: /home/hong/Movement_Control/Go2Robot/install/go2_robot/share/go2_robot/go2/assets/calf_mirror_0.obj
[35.320s] -- Up-to-date: /home/hong/Movement_Control/Go2Robot/install/go2_robot/share/go2_robot/go2/assets/foot.stl
[35.320s] -- Up-to-date: /home/hong/Movement_Control/Go2Robot/install/go2_robot/share/go2_robot/go2/assets/calf_0.obj
[35.320s] -- Up-to-date: /home/hong/Movement_Control/Go2Robot/install/go2_robot/share/go2_robot/go2/assets/thigh_mirror_1.stl
[35.320s] -- Up-to-date: /home/hong/Movement_Control/Go2Robot/install/go2_robot/share/go2_robot/go2/assets/hip_0.stl
[35.320s] -- Up-to-date: /home/hong/Movement_Control/Go2Robot/install/go2_robot/share/go2_robot/go2/assets/calf_0.stl
[35.320s] -- Up-to-date: /home/hong/Movement_Control/Go2Robot/install/go2_robot/share/go2_robot/go2/assets/base_4.obj
[35.320s] -- Up-to-date: /home/hong/Movement_Control/Go2Robot/install/go2_robot/share/go2_robot/go2/assets/base_0.stl
[35.320s] -- Up-to-date: /home/hong/Movement_Control/Go2Robot/install/go2_robot/share/go2_robot/go2/assets/thigh_1.stl
[35.321s] -- Up-to-date: /home/hong/Movement_Control/Go2Robot/install/go2_robot/share/go2_robot/go2/assets/thigh_1.obj
[35.321s] -- Up-to-date: /home/hong/Movement_Control/Go2Robot/install/go2_robot/share/go2_robot/go2/assets/base_2.obj
[35.321s] -- Up-to-date: /home/hong/Movement_Control/Go2Robot/install/go2_robot/share/go2_robot/go2/meshes
[35.321s] -- Up-to-date: /home/hong/Movement_Control/Go2Robot/install/go2_robot/share/go2_robot/go2/meshes/RR_knee_Link.STL
[35.321s] -- Up-to-date: /home/hong/Movement_Control/Go2Robot/install/go2_robot/share/go2_robot/go2/meshes/FL_elbow_Link.STL
[35.321s] -- Up-to-date: /home/hong/Movement_Control/Go2Robot/install/go2_robot/share/go2_robot/go2/meshes/FR_elbow_Link.STL
[35.321s] -- Up-to-date: /home/hong/Movement_Control/Go2Robot/install/go2_robot/share/go2_robot/go2/meshes/RL_elbow_Link.STL
[35.321s] -- Up-to-date: /home/hong/Movement_Control/Go2Robot/install/go2_robot/share/go2_robot/go2/meshes/FL_knee_Link.STL
[35.321s] -- Up-to-date: /home/hong/Movement_Control/Go2Robot/install/go2_robot/share/go2_robot/go2/meshes/base_link.STL
[35.321s] -- Up-to-date: /home/hong/Movement_Control/Go2Robot/install/go2_robot/share/go2_robot/go2/meshes/FR_knee_Link.STL
[35.321s] -- Up-to-date: /home/hong/Movement_Control/Go2Robot/install/go2_robot/share/go2_robot/go2/meshes/RR_elbow_Link.STL
[35.321s] -- Up-to-date: /home/hong/Movement_Control/Go2Robot/install/go2_robot/share/go2_robot/go2/meshes/RL_knee_Link.STL
[35.321s] -- Up-to-date: /home/hong/Movement_Control/Go2Robot/install/go2_robot/share/go2_robot/go2/unitree_hfield.png
[35.321s] -- Up-to-date: /home/hong/Movement_Control/Go2Robot/install/go2_robot/share/ament_index/resource_index/package_run_dependencies/go2_robot
[35.321s] -- Up-to-date: /home/hong/Movement_Control/Go2Robot/install/go2_robot/share/ament_index/resource_index/parent_prefix_path/go2_robot
[35.321s] -- Up-to-date: /home/hong/Movement_Control/Go2Robot/install/go2_robot/share/go2_robot/environment/ament_prefix_path.sh
[35.321s] -- Up-to-date: /home/hong/Movement_Control/Go2Robot/install/go2_robot/share/go2_robot/environment/ament_prefix_path.dsv
[35.321s] -- Up-to-date: /home/hong/Movement_Control/Go2Robot/install/go2_robot/share/go2_robot/environment/path.sh
[35.321s] -- Up-to-date: /home/hong/Movement_Control/Go2Robot/install/go2_robot/share/go2_robot/environment/path.dsv
[35.321s] -- Up-to-date: /home/hong/Movement_Control/Go2Robot/install/go2_robot/share/go2_robot/local_setup.bash
[35.321s] -- Up-to-date: /home/hong/Movement_Control/Go2Robot/install/go2_robot/share/go2_robot/local_setup.sh
[35.322s] -- Up-to-date: /home/hong/Movement_Control/Go2Robot/install/go2_robot/share/go2_robot/local_setup.zsh
[35.322s] -- Up-to-date: /home/hong/Movement_Control/Go2Robot/install/go2_robot/share/go2_robot/local_setup.dsv
[35.322s] -- Installing: /home/hong/Movement_Control/Go2Robot/install/go2_robot/share/go2_robot/package.dsv
[35.322s] -- Up-to-date: /home/hong/Movement_Control/Go2Robot/install/go2_robot/share/ament_index/resource_index/packages/go2_robot
[35.322s] -- Up-to-date: /home/hong/Movement_Control/Go2Robot/install/go2_robot/share/go2_robot/cmake/export_go2_robot__rosidl_generator_cExport.cmake
[35.322s] -- Up-to-date: /home/hong/Movement_Control/Go2Robot/install/go2_robot/share/go2_robot/cmake/export_go2_robot__rosidl_generator_cExport-release.cmake
[35.322s] -- Up-to-date: /home/hong/Movement_Control/Go2Robot/install/go2_robot/share/go2_robot/cmake/export_go2_robot__rosidl_typesupport_fastrtps_cExport.cmake
[35.322s] -- Up-to-date: /home/hong/Movement_Control/Go2Robot/install/go2_robot/share/go2_robot/cmake/export_go2_robot__rosidl_typesupport_fastrtps_cExport-release.cmake
[35.322s] -- Up-to-date: /home/hong/Movement_Control/Go2Robot/install/go2_robot/share/go2_robot/cmake/export_go2_robot__rosidl_generator_cppExport.cmake
[35.322s] -- Up-to-date: /home/hong/Movement_Control/Go2Robot/install/go2_robot/share/go2_robot/cmake/export_go2_robot__rosidl_typesupport_fastrtps_cppExport.cmake
[35.322s] -- Up-to-date: /home/hong/Movement_Control/Go2Robot/install/go2_robot/share/go2_robot/cmake/export_go2_robot__rosidl_typesupport_fastrtps_cppExport-release.cmake
[35.322s] -- Up-to-date: /home/hong/Movement_Control/Go2Robot/install/go2_robot/share/go2_robot/cmake/go2_robot__rosidl_typesupport_introspection_cExport.cmake
[35.322s] -- Up-to-date: /home/hong/Movement_Control/Go2Robot/install/go2_robot/share/go2_robot/cmake/go2_robot__rosidl_typesupport_introspection_cExport-release.cmake
[35.322s] -- Up-to-date: /home/hong/Movement_Control/Go2Robot/install/go2_robot/share/go2_robot/cmake/go2_robot__rosidl_typesupport_cExport.cmake
[35.322s] -- Up-to-date: /home/hong/Movement_Control/Go2Robot/install/go2_robot/share/go2_robot/cmake/go2_robot__rosidl_typesupport_cExport-release.cmake
[35.322s] -- Up-to-date: /home/hong/Movement_Control/Go2Robot/install/go2_robot/share/go2_robot/cmake/go2_robot__rosidl_typesupport_introspection_cppExport.cmake
[35.322s] -- Up-to-date: /home/hong/Movement_Control/Go2Robot/install/go2_robot/share/go2_robot/cmake/go2_robot__rosidl_typesupport_introspection_cppExport-release.cmake
[35.322s] -- Up-to-date: /home/hong/Movement_Control/Go2Robot/install/go2_robot/share/go2_robot/cmake/go2_robot__rosidl_typesupport_cppExport.cmake
[35.322s] -- Up-to-date: /home/hong/Movement_Control/Go2Robot/install/go2_robot/share/go2_robot/cmake/go2_robot__rosidl_typesupport_cppExport-release.cmake
[35.322s] -- Up-to-date: /home/hong/Movement_Control/Go2Robot/install/go2_robot/share/go2_robot/cmake/export_go2_robot__rosidl_generator_pyExport.cmake
[35.322s] -- Up-to-date: /home/hong/Movement_Control/Go2Robot/install/go2_robot/share/go2_robot/cmake/export_go2_robot__rosidl_generator_pyExport-release.cmake
[35.322s] -- Up-to-date: /home/hong/Movement_Control/Go2Robot/install/go2_robot/share/go2_robot/cmake/rosidl_cmake-extras.cmake
[35.322s] -- Up-to-date: /home/hong/Movement_Control/Go2Robot/install/go2_robot/share/go2_robot/cmake/ament_cmake_export_dependencies-extras.cmake
[35.322s] -- Up-to-date: /home/hong/Movement_Control/Go2Robot/install/go2_robot/share/go2_robot/cmake/ament_cmake_export_include_directories-extras.cmake
[35.322s] -- Up-to-date: /home/hong/Movement_Control/Go2Robot/install/go2_robot/share/go2_robot/cmake/ament_cmake_export_libraries-extras.cmake
[35.322s] -- Up-to-date: /home/hong/Movement_Control/Go2Robot/install/go2_robot/share/go2_robot/cmake/ament_cmake_export_targets-extras.cmake
[35.322s] -- Up-to-date: /home/hong/Movement_Control/Go2Robot/install/go2_robot/share/go2_robot/cmake/rosidl_cmake_export_typesupport_targets-extras.cmake
[35.322s] -- Up-to-date: /home/hong/Movement_Control/Go2Robot/install/go2_robot/share/go2_robot/cmake/rosidl_cmake_export_typesupport_libraries-extras.cmake
[35.322s] -- Up-to-date: /home/hong/Movement_Control/Go2Robot/install/go2_robot/share/go2_robot/cmake/go2_robotConfig.cmake
[35.322s] -- Up-to-date: /home/hong/Movement_Control/Go2Robot/install/go2_robot/share/go2_robot/cmake/go2_robotConfig-version.cmake
[35.322s] -- Up-to-date: /home/hong/Movement_Control/Go2Robot/install/go2_robot/share/go2_robot/package.xml
[35.323s] -- Up-to-date: /home/hong/Movement_Control/Go2Robot/install/go2_robot/lib/libOsqpEigen.so.0.11.0
[35.323s] -- Up-to-date: /home/hong/Movement_Control/Go2Robot/install/go2_robot/lib/libOsqpEigen.so
[35.323s] -- Up-to-date: /home/hong/Movement_Control/Go2Robot/install/go2_robot/include/OsqpEigen/OsqpEigen.h
[35.323s] -- Up-to-date: /home/hong/Movement_Control/Go2Robot/install/go2_robot/include/OsqpEigen/Constants.hpp
[35.323s] -- Up-to-date: /home/hong/Movement_Control/Go2Robot/install/go2_robot/include/OsqpEigen/SparseMatrixHelper.hpp
[35.323s] -- Up-to-date: /home/hong/Movement_Control/Go2Robot/install/go2_robot/include/OsqpEigen/SparseMatrixHelper.tpp
[35.323s] -- Up-to-date: /home/hong/Movement_Control/Go2Robot/install/go2_robot/include/OsqpEigen/Data.hpp
[35.323s] -- Up-to-date: /home/hong/Movement_Control/Go2Robot/install/go2_robot/include/OsqpEigen/Data.tpp
[35.323s] -- Up-to-date: /home/hong/Movement_Control/Go2Robot/install/go2_robot/include/OsqpEigen/Settings.hpp
[35.323s] -- Up-to-date: /home/hong/Movement_Control/Go2Robot/install/go2_robot/include/OsqpEigen/Solver.hpp
[35.323s] -- Up-to-date: /home/hong/Movement_Control/Go2Robot/install/go2_robot/include/OsqpEigen/Solver.tpp
[35.323s] -- Up-to-date: /home/hong/Movement_Control/Go2Robot/install/go2_robot/include/OsqpEigen/Compat.hpp
[35.323s] -- Up-to-date: /home/hong/Movement_Control/Go2Robot/install/go2_robot/include/OsqpEigen/Debug.hpp
[35.323s] -- Up-to-date: /home/hong/Movement_Control/Go2Robot/install/go2_robot/lib/cmake/OsqpEigen/OsqpEigenConfigVersion.cmake
[35.323s] -- Up-to-date: /home/hong/Movement_Control/Go2Robot/install/go2_robot/lib/cmake/OsqpEigen/OsqpEigenConfig.cmake
[35.323s] -- Up-to-date: /home/hong/Movement_Control/Go2Robot/install/go2_robot/lib/cmake/OsqpEigen/OsqpEigenTargets.cmake
[35.323s] -- Up-to-date: /home/hong/Movement_Control/Go2Robot/install/go2_robot/lib/cmake/OsqpEigen/OsqpEigenTargets-release.cmake
[35.323s] -- Up-to-date: /home/hong/Movement_Control/Go2Robot/install/go2_robot/share/cmake/osqp-eigen/package.xml
[35.323s] Invoked command in '/home/hong/Movement_Control/Go2Robot/build/go2_robot' returned '0': CMAKE_PREFIX_PATH=${CMAKE_PREFIX_PATH}:/opt/ros/humble /usr/bin/cmake --install /home/hong/Movement_Control/Go2Robot/build/go2_robot
