[0.154s] Invoking command in '/home/hong/Movement_Control/Go2Robot/build/go2_robot': /usr/bin/cmake --build /home/hong/Movement_Control/Go2Robot/build/go2_robot -- -j24 -l24
[0.455s] [  2%] Built target go2_robot__rs
[0.455s] [  8%] Built target go2_robot__rosidl_generator_c
[0.457s] [ 10%] Built target go2_robot__cpp
[0.461s] [ 20%] Built target OsqpEigen
[0.510s] [ 26%] Built target go2_robot__rosidl_typesupport_fastrtps_c
[0.511s] [ 32%] Built target go2_robot__rosidl_typesupport_fastrtps_cpp
[0.526s] [ 38%] Built target go2_robot__rosidl_typesupport_introspection_cpp
[0.530s] [ 44%] Built target go2_robot__rosidl_typesupport_cpp
[0.533s] [ 51%] Built target go2_robot__rosidl_typesupport_c
[0.538s] [ 51%] Built target ament_cmake_python_copy_go2_robot
[0.541s] [ 57%] Built target go2_robot__rosidl_typesupport_introspection_c
[0.542s] Consolidate compiler generated dependencies of target go2_core
[0.560s] [ 57%] Built target go2_robot
[0.564s] [ 59%] Building CXX object CMakeFiles/go2_core.dir/src/fsm/ControlFSM.cpp.o
[0.564s] [ 61%] Building CXX object CMakeFiles/go2_core.dir/src/Planner/SwingLegPlanner.cpp.o
[0.587s] [ 63%] Built target go2_robot__py
[0.612s] [ 67%] Built target go2_robot__rosidl_generator_py
[0.676s] [ 71%] Built target go2_robot__rosidl_typesupport_introspection_c__pyext
[0.676s] [ 75%] Built target go2_robot__rosidl_typesupport_fastrtps_c__pyext
[0.696s] [ 79%] Built target go2_robot__rosidl_typesupport_c__pyext
[0.707s] running egg_info
[0.707s] writing go2_robot.egg-info/PKG-INFO
[0.708s] writing dependency_links to go2_robot.egg-info/dependency_links.txt
[0.708s] writing top-level names to go2_robot.egg-info/top_level.txt
[0.710s] reading manifest file 'go2_robot.egg-info/SOURCES.txt'
[0.710s] writing manifest file 'go2_robot.egg-info/SOURCES.txt'
[0.732s] [ 79%] Built target ament_cmake_python_build_go2_robot_egg
[2.947s] [ 81%] Linking CXX static library libgo2_core.a
[3.232s] [ 93%] Built target go2_core
[3.272s] Consolidate compiler generated dependencies of target go2_control_node
[3.293s] [ 95%] Building CXX object CMakeFiles/go2_control_node.dir/src/ros2/main.cpp.o
[3.293s] [ 97%] Building CXX object CMakeFiles/go2_control_node.dir/src/ros2/go2_control_node.cpp.o
[22.232s] [100%] Linking CXX executable go2_control_node
[25.959s] [100%] Built target go2_control_node
[25.968s] Invoked command in '/home/hong/Movement_Control/Go2Robot/build/go2_robot' returned '0': /usr/bin/cmake --build /home/hong/Movement_Control/Go2Robot/build/go2_robot -- -j24 -l24
[26.008s] Invoking command in '/home/hong/Movement_Control/Go2Robot/build/go2_robot': /usr/bin/cmake --install /home/hong/Movement_Control/Go2Robot/build/go2_robot
[26.023s] -- Install configuration: "Release"
[26.023s] -- Up-to-date: /home/hong/Movement_Control/Go2Robot/install/go2_robot/share/ament_index/resource_index/rosidl_interfaces/go2_robot
[26.023s] -- Up-to-date: /home/hong/Movement_Control/Go2Robot/install/go2_robot/include/go2_robot/go2_robot
[26.023s] -- Up-to-date: /home/hong/Movement_Control/Go2Robot/install/go2_robot/include/go2_robot/go2_robot/msg
[26.024s] -- Up-to-date: /home/hong/Movement_Control/Go2Robot/install/go2_robot/include/go2_robot/go2_robot/msg/rosidl_generator_c__visibility_control.h
[26.024s] -- Up-to-date: /home/hong/Movement_Control/Go2Robot/install/go2_robot/include/go2_robot/go2_robot/msg/go2_telemetry.h
[26.024s] -- Up-to-date: /home/hong/Movement_Control/Go2Robot/install/go2_robot/include/go2_robot/go2_robot/msg/detail
[26.024s] -- Up-to-date: /home/hong/Movement_Control/Go2Robot/install/go2_robot/include/go2_robot/go2_robot/msg/detail/go2_telemetry__functions.c
[26.024s] -- Up-to-date: /home/hong/Movement_Control/Go2Robot/install/go2_robot/include/go2_robot/go2_robot/msg/detail/go2_telemetry__type_support.h
[26.024s] -- Up-to-date: /home/hong/Movement_Control/Go2Robot/install/go2_robot/include/go2_robot/go2_robot/msg/detail/go2_telemetry__functions.h
[26.024s] -- Up-to-date: /home/hong/Movement_Control/Go2Robot/install/go2_robot/include/go2_robot/go2_robot/msg/detail/go2_telemetry__struct.h
[26.024s] -- Up-to-date: /home/hong/Movement_Control/Go2Robot/install/go2_robot/share/go2_robot/environment/library_path.sh
[26.024s] -- Up-to-date: /home/hong/Movement_Control/Go2Robot/install/go2_robot/share/go2_robot/environment/library_path.dsv
[26.031s] -- Up-to-date: /home/hong/Movement_Control/Go2Robot/install/go2_robot/lib/libgo2_robot__rosidl_generator_c.so
[26.031s] -- Up-to-date: /home/hong/Movement_Control/Go2Robot/install/go2_robot/include/go2_robot/go2_robot
[26.031s] -- Up-to-date: /home/hong/Movement_Control/Go2Robot/install/go2_robot/include/go2_robot/go2_robot/msg
[26.031s] -- Up-to-date: /home/hong/Movement_Control/Go2Robot/install/go2_robot/include/go2_robot/go2_robot/msg/rosidl_typesupport_fastrtps_c__visibility_control.h
[26.032s] -- Up-to-date: /home/hong/Movement_Control/Go2Robot/install/go2_robot/include/go2_robot/go2_robot/msg/detail
[26.032s] -- Up-to-date: /home/hong/Movement_Control/Go2Robot/install/go2_robot/include/go2_robot/go2_robot/msg/detail/go2_telemetry__rosidl_typesupport_fastrtps_c.h
[26.032s] -- Up-to-date: /home/hong/Movement_Control/Go2Robot/install/go2_robot/lib/libgo2_robot__rosidl_typesupport_fastrtps_c.so
[26.032s] -- Up-to-date: /home/hong/Movement_Control/Go2Robot/install/go2_robot/include/go2_robot/go2_robot
[26.032s] -- Up-to-date: /home/hong/Movement_Control/Go2Robot/install/go2_robot/include/go2_robot/go2_robot/msg
[26.032s] -- Up-to-date: /home/hong/Movement_Control/Go2Robot/install/go2_robot/include/go2_robot/go2_robot/msg/rosidl_generator_cpp__visibility_control.hpp
[26.032s] -- Up-to-date: /home/hong/Movement_Control/Go2Robot/install/go2_robot/include/go2_robot/go2_robot/msg/go2_telemetry.hpp
[26.033s] -- Up-to-date: /home/hong/Movement_Control/Go2Robot/install/go2_robot/include/go2_robot/go2_robot/msg/detail
[26.033s] -- Up-to-date: /home/hong/Movement_Control/Go2Robot/install/go2_robot/include/go2_robot/go2_robot/msg/detail/go2_telemetry__builder.hpp
[26.033s] -- Up-to-date: /home/hong/Movement_Control/Go2Robot/install/go2_robot/include/go2_robot/go2_robot/msg/detail/go2_telemetry__type_support.hpp
[26.033s] -- Up-to-date: /home/hong/Movement_Control/Go2Robot/install/go2_robot/include/go2_robot/go2_robot/msg/detail/go2_telemetry__traits.hpp
[26.033s] -- Up-to-date: /home/hong/Movement_Control/Go2Robot/install/go2_robot/include/go2_robot/go2_robot/msg/detail/go2_telemetry__struct.hpp
[26.033s] -- Up-to-date: /home/hong/Movement_Control/Go2Robot/install/go2_robot/include/go2_robot/go2_robot
[26.033s] -- Up-to-date: /home/hong/Movement_Control/Go2Robot/install/go2_robot/include/go2_robot/go2_robot/msg
[26.033s] -- Up-to-date: /home/hong/Movement_Control/Go2Robot/install/go2_robot/include/go2_robot/go2_robot/msg/rosidl_typesupport_fastrtps_cpp__visibility_control.h
[26.033s] -- Up-to-date: /home/hong/Movement_Control/Go2Robot/install/go2_robot/include/go2_robot/go2_robot/msg/detail
[26.033s] -- Up-to-date: /home/hong/Movement_Control/Go2Robot/install/go2_robot/include/go2_robot/go2_robot/msg/detail/go2_telemetry__rosidl_typesupport_fastrtps_cpp.hpp
[26.033s] -- Up-to-date: /home/hong/Movement_Control/Go2Robot/install/go2_robot/include/go2_robot/go2_robot/msg/detail/dds_fastrtps
[26.033s] -- Up-to-date: /home/hong/Movement_Control/Go2Robot/install/go2_robot/lib/libgo2_robot__rosidl_typesupport_fastrtps_cpp.so
[26.033s] -- Up-to-date: /home/hong/Movement_Control/Go2Robot/install/go2_robot/include/go2_robot/go2_robot
[26.033s] -- Up-to-date: /home/hong/Movement_Control/Go2Robot/install/go2_robot/include/go2_robot/go2_robot/msg
[26.033s] -- Up-to-date: /home/hong/Movement_Control/Go2Robot/install/go2_robot/include/go2_robot/go2_robot/msg/rosidl_typesupport_introspection_c__visibility_control.h
[26.033s] -- Up-to-date: /home/hong/Movement_Control/Go2Robot/install/go2_robot/include/go2_robot/go2_robot/msg/detail
[26.033s] -- Up-to-date: /home/hong/Movement_Control/Go2Robot/install/go2_robot/include/go2_robot/go2_robot/msg/detail/go2_telemetry__type_support.c
[26.033s] -- Up-to-date: /home/hong/Movement_Control/Go2Robot/install/go2_robot/include/go2_robot/go2_robot/msg/detail/go2_telemetry__rosidl_typesupport_introspection_c.h
[26.034s] -- Up-to-date: /home/hong/Movement_Control/Go2Robot/install/go2_robot/lib/libgo2_robot__rosidl_typesupport_introspection_c.so
[26.034s] -- Up-to-date: /home/hong/Movement_Control/Go2Robot/install/go2_robot/lib/libgo2_robot__rosidl_typesupport_c.so
[26.034s] -- Up-to-date: /home/hong/Movement_Control/Go2Robot/install/go2_robot/include/go2_robot/go2_robot
[26.034s] -- Up-to-date: /home/hong/Movement_Control/Go2Robot/install/go2_robot/include/go2_robot/go2_robot/msg
[26.034s] -- Up-to-date: /home/hong/Movement_Control/Go2Robot/install/go2_robot/include/go2_robot/go2_robot/msg/detail
[26.034s] -- Up-to-date: /home/hong/Movement_Control/Go2Robot/install/go2_robot/include/go2_robot/go2_robot/msg/detail/go2_telemetry__rosidl_typesupport_introspection_cpp.hpp
[26.034s] -- Up-to-date: /home/hong/Movement_Control/Go2Robot/install/go2_robot/include/go2_robot/go2_robot/msg/detail/go2_telemetry__type_support.cpp
[26.034s] -- Up-to-date: /home/hong/Movement_Control/Go2Robot/install/go2_robot/lib/libgo2_robot__rosidl_typesupport_introspection_cpp.so
[26.034s] -- Up-to-date: /home/hong/Movement_Control/Go2Robot/install/go2_robot/lib/libgo2_robot__rosidl_typesupport_cpp.so
[26.034s] -- Up-to-date: /home/hong/Movement_Control/Go2Robot/install/go2_robot/share/go2_robot/environment/pythonpath.sh
[26.034s] -- Up-to-date: /home/hong/Movement_Control/Go2Robot/install/go2_robot/share/go2_robot/environment/pythonpath.dsv
[26.034s] -- Up-to-date: /home/hong/Movement_Control/Go2Robot/install/go2_robot/local/lib/python3.10/dist-packages/go2_robot-0.1.0-py3.10.egg-info
[26.035s] -- Installing: /home/hong/Movement_Control/Go2Robot/install/go2_robot/local/lib/python3.10/dist-packages/go2_robot-0.1.0-py3.10.egg-info/SOURCES.txt
[26.035s] -- Installing: /home/hong/Movement_Control/Go2Robot/install/go2_robot/local/lib/python3.10/dist-packages/go2_robot-0.1.0-py3.10.egg-info/top_level.txt
[26.035s] -- Installing: /home/hong/Movement_Control/Go2Robot/install/go2_robot/local/lib/python3.10/dist-packages/go2_robot-0.1.0-py3.10.egg-info/PKG-INFO
[26.035s] -- Installing: /home/hong/Movement_Control/Go2Robot/install/go2_robot/local/lib/python3.10/dist-packages/go2_robot-0.1.0-py3.10.egg-info/dependency_links.txt
[26.035s] -- Up-to-date: /home/hong/Movement_Control/Go2Robot/install/go2_robot/local/lib/python3.10/dist-packages/go2_robot
[26.035s] -- Up-to-date: /home/hong/Movement_Control/Go2Robot/install/go2_robot/local/lib/python3.10/dist-packages/go2_robot/_go2_robot_s.ep.rosidl_typesupport_fastrtps_c.c
[26.035s] -- Up-to-date: /home/hong/Movement_Control/Go2Robot/install/go2_robot/local/lib/python3.10/dist-packages/go2_robot/go2_robot_s__rosidl_typesupport_fastrtps_c..cpython-310-x86_64-linux-gnu.so
[26.035s] -- Up-to-date: /home/hong/Movement_Control/Go2Robot/install/go2_robot/local/lib/python3.10/dist-packages/go2_robot/__init__.py
[26.035s] -- Up-to-date: /home/hong/Movement_Control/Go2Robot/install/go2_robot/local/lib/python3.10/dist-packages/go2_robot/_go2_robot_s.ep.rosidl_typesupport_introspection_c.c
[26.035s] -- Up-to-date: /home/hong/Movement_Control/Go2Robot/install/go2_robot/local/lib/python3.10/dist-packages/go2_robot/_go2_robot_s.ep.rosidl_typesupport_c.c
[26.035s] -- Up-to-date: /home/hong/Movement_Control/Go2Robot/install/go2_robot/local/lib/python3.10/dist-packages/go2_robot/go2_robot_s__rosidl_typesupport_introspection_c..cpython-310-x86_64-linux-gnu.so
[26.035s] -- Up-to-date: /home/hong/Movement_Control/Go2Robot/install/go2_robot/local/lib/python3.10/dist-packages/go2_robot/msg
[26.035s] -- Up-to-date: /home/hong/Movement_Control/Go2Robot/install/go2_robot/local/lib/python3.10/dist-packages/go2_robot/msg/__init__.py
[26.035s] -- Up-to-date: /home/hong/Movement_Control/Go2Robot/install/go2_robot/local/lib/python3.10/dist-packages/go2_robot/msg/_go2_telemetry.py
[26.035s] -- Up-to-date: /home/hong/Movement_Control/Go2Robot/install/go2_robot/local/lib/python3.10/dist-packages/go2_robot/msg/_go2_telemetry_s.c
[26.035s] -- Up-to-date: /home/hong/Movement_Control/Go2Robot/install/go2_robot/local/lib/python3.10/dist-packages/go2_robot/libgo2_robot__rosidl_generator_py.so
[26.035s] -- Up-to-date: /home/hong/Movement_Control/Go2Robot/install/go2_robot/local/lib/python3.10/dist-packages/go2_robot/go2_robot_s__rosidl_typesupport_c..cpython-310-x86_64-linux-gnu.so
[26.241s] Listing '/home/hong/Movement_Control/Go2Robot/install/go2_robot/local/lib/python3.10/dist-packages/go2_robot'...
[26.241s] Listing '/home/hong/Movement_Control/Go2Robot/install/go2_robot/local/lib/python3.10/dist-packages/go2_robot/msg'...
[26.245s] -- Up-to-date: /home/hong/Movement_Control/Go2Robot/install/go2_robot/local/lib/python3.10/dist-packages/go2_robot/go2_robot_s__rosidl_typesupport_fastrtps_c..cpython-310-x86_64-linux-gnu.so
[26.245s] -- Up-to-date: /home/hong/Movement_Control/Go2Robot/install/go2_robot/local/lib/python3.10/dist-packages/go2_robot/go2_robot_s__rosidl_typesupport_introspection_c..cpython-310-x86_64-linux-gnu.so
[26.246s] -- Up-to-date: /home/hong/Movement_Control/Go2Robot/install/go2_robot/local/lib/python3.10/dist-packages/go2_robot/go2_robot_s__rosidl_typesupport_c..cpython-310-x86_64-linux-gnu.so
[26.247s] -- Up-to-date: /home/hong/Movement_Control/Go2Robot/install/go2_robot/lib/libgo2_robot__rosidl_generator_py.so
[26.247s] -- Up-to-date: /home/hong/Movement_Control/Go2Robot/install/go2_robot/share/ament_index/resource_index/rust_packages/go2_robot
[26.247s] -- Up-to-date: /home/hong/Movement_Control/Go2Robot/install/go2_robot/share/go2_robot/rust
[26.247s] -- Up-to-date: /home/hong/Movement_Control/Go2Robot/install/go2_robot/share/go2_robot/rust/Cargo.toml
[26.247s] -- Up-to-date: /home/hong/Movement_Control/Go2Robot/install/go2_robot/share/go2_robot/rust/build.rs
[26.247s] -- Up-to-date: /home/hong/Movement_Control/Go2Robot/install/go2_robot/share/go2_robot/rust/src
[26.247s] -- Up-to-date: /home/hong/Movement_Control/Go2Robot/install/go2_robot/share/go2_robot/rust/src/msg
[26.247s] -- Up-to-date: /home/hong/Movement_Control/Go2Robot/install/go2_robot/share/go2_robot/rust/src/msg/rmw.rs
[26.247s] -- Up-to-date: /home/hong/Movement_Control/Go2Robot/install/go2_robot/share/go2_robot/rust/src/lib.rs
[26.248s] -- Up-to-date: /home/hong/Movement_Control/Go2Robot/install/go2_robot/share/go2_robot/rust/src/msg.rs
[26.248s] -- Up-to-date: /home/hong/Movement_Control/Go2Robot/install/go2_robot/share/go2_robot/msg/Go2Telemetry.idl
[26.248s] -- Up-to-date: /home/hong/Movement_Control/Go2Robot/install/go2_robot/share/go2_robot/msg/Go2Telemetry.msg
[26.248s] -- Installing: /home/hong/Movement_Control/Go2Robot/install/go2_robot/lib/go2_robot/go2_control_node
[26.264s] -- Set runtime path of "/home/hong/Movement_Control/Go2Robot/install/go2_robot/lib/go2_robot/go2_control_node" to ""
[26.265s] -- Up-to-date: /home/hong/Movement_Control/Go2Robot/install/go2_robot/share/go2_robot/config
[26.265s] -- Up-to-date: /home/hong/Movement_Control/Go2Robot/install/go2_robot/share/go2_robot/config/go2_params.yaml
[26.265s] -- Up-to-date: /home/hong/Movement_Control/Go2Robot/install/go2_robot/share/go2_robot/config/mpc.yaml
[26.265s] -- Up-to-date: /home/hong/Movement_Control/Go2Robot/install/go2_robot/share/go2_robot/launch
[26.265s] -- Up-to-date: /home/hong/Movement_Control/Go2Robot/install/go2_robot/share/go2_robot/launch/go2_sim.launch.py
[26.265s] -- Up-to-date: /home/hong/Movement_Control/Go2Robot/install/go2_robot/share/go2_robot/launch/__pycache__
[26.265s] -- Up-to-date: /home/hong/Movement_Control/Go2Robot/install/go2_robot/share/go2_robot/launch/__pycache__/go2_sim.launch.cpython-310.pyc
[26.265s] -- Up-to-date: /home/hong/Movement_Control/Go2Robot/install/go2_robot/share/go2_robot/go2
[26.265s] -- Up-to-date: /home/hong/Movement_Control/Go2Robot/install/go2_robot/share/go2_robot/go2/my_bot.xml
[26.265s] -- Up-to-date: /home/hong/Movement_Control/Go2Robot/install/go2_robot/share/go2_robot/go2/scene.xml
[26.265s] -- Up-to-date: /home/hong/Movement_Control/Go2Robot/install/go2_robot/share/go2_robot/go2/height_field.png
[26.265s] -- Up-to-date: /home/hong/Movement_Control/Go2Robot/install/go2_robot/share/go2_robot/go2/go2.xml
[26.265s] -- Up-to-date: /home/hong/Movement_Control/Go2Robot/install/go2_robot/share/go2_robot/go2/scene_terrain.xml
[26.265s] -- Up-to-date: /home/hong/Movement_Control/Go2Robot/install/go2_robot/share/go2_robot/go2/dae
[26.265s] -- Up-to-date: /home/hong/Movement_Control/Go2Robot/install/go2_robot/share/go2_robot/go2/dae/thigh.dae
[26.265s] -- Up-to-date: /home/hong/Movement_Control/Go2Robot/install/go2_robot/share/go2_robot/go2/dae/foot.dae
[26.265s] -- Up-to-date: /home/hong/Movement_Control/Go2Robot/install/go2_robot/share/go2_robot/go2/dae/calf_mirror.dae
[26.265s] -- Up-to-date: /home/hong/Movement_Control/Go2Robot/install/go2_robot/share/go2_robot/go2/dae/thigh_mirror.dae
[26.265s] -- Up-to-date: /home/hong/Movement_Control/Go2Robot/install/go2_robot/share/go2_robot/go2/dae/base.dae
[26.266s] -- Up-to-date: /home/hong/Movement_Control/Go2Robot/install/go2_robot/share/go2_robot/go2/dae/calf.dae
[26.266s] -- Up-to-date: /home/hong/Movement_Control/Go2Robot/install/go2_robot/share/go2_robot/go2/dae/hip.dae
[26.266s] -- Up-to-date: /home/hong/Movement_Control/Go2Robot/install/go2_robot/share/go2_robot/go2/mjmodel.xml
[26.266s] -- Up-to-date: /home/hong/Movement_Control/Go2Robot/install/go2_robot/share/go2_robot/go2/go2_description.urdf
[26.266s] -- Up-to-date: /home/hong/Movement_Control/Go2Robot/install/go2_robot/share/go2_robot/go2/estiandtruth.xml
[26.266s] -- Up-to-date: /home/hong/Movement_Control/Go2Robot/install/go2_robot/share/go2_robot/go2/assets
[26.266s] -- Up-to-date: /home/hong/Movement_Control/Go2Robot/install/go2_robot/share/go2_robot/go2/assets/thigh_mirror_0.obj
[26.266s] -- Up-to-date: /home/hong/Movement_Control/Go2Robot/install/go2_robot/share/go2_robot/go2/assets/calf_mirror_1.obj
[26.266s] -- Up-to-date: /home/hong/Movement_Control/Go2Robot/install/go2_robot/share/go2_robot/go2/assets/base_1.obj
[26.266s] -- Up-to-date: /home/hong/Movement_Control/Go2Robot/install/go2_robot/share/go2_robot/go2/assets/calf_1.stl
[26.266s] -- Up-to-date: /home/hong/Movement_Control/Go2Robot/install/go2_robot/share/go2_robot/go2/assets/base_0.obj
[26.266s] -- Up-to-date: /home/hong/Movement_Control/Go2Robot/install/go2_robot/share/go2_robot/go2/assets/thigh_mirror_1.obj
[26.266s] -- Up-to-date: /home/hong/Movement_Control/Go2Robot/install/go2_robot/share/go2_robot/go2/assets/calf_mirror_1.stl
[26.266s] -- Up-to-date: /home/hong/Movement_Control/Go2Robot/install/go2_robot/share/go2_robot/go2/assets/thigh_mirror_0.stl
[26.266s] -- Up-to-date: /home/hong/Movement_Control/Go2Robot/install/go2_robot/share/go2_robot/go2/assets/foot.obj
[26.266s] -- Up-to-date: /home/hong/Movement_Control/Go2Robot/install/go2_robot/share/go2_robot/go2/assets/base_3.stl
[26.266s] -- Up-to-date: /home/hong/Movement_Control/Go2Robot/install/go2_robot/share/go2_robot/go2/assets/hip_1.obj
[26.266s] -- Up-to-date: /home/hong/Movement_Control/Go2Robot/install/go2_robot/share/go2_robot/go2/assets/hip_1.stl
[26.266s] -- Up-to-date: /home/hong/Movement_Control/Go2Robot/install/go2_robot/share/go2_robot/go2/assets/thigh_0.obj
[26.266s] -- Up-to-date: /home/hong/Movement_Control/Go2Robot/install/go2_robot/share/go2_robot/go2/assets/thigh_0.stl
[26.266s] -- Up-to-date: /home/hong/Movement_Control/Go2Robot/install/go2_robot/share/go2_robot/go2/assets/base_3.obj
[26.266s] -- Up-to-date: /home/hong/Movement_Control/Go2Robot/install/go2_robot/share/go2_robot/go2/assets/hip_0.obj
[26.266s] -- Up-to-date: /home/hong/Movement_Control/Go2Robot/install/go2_robot/share/go2_robot/go2/assets/calf_1.obj
[26.266s] -- Up-to-date: /home/hong/Movement_Control/Go2Robot/install/go2_robot/share/go2_robot/go2/assets/base_4.stl
[26.266s] -- Up-to-date: /home/hong/Movement_Control/Go2Robot/install/go2_robot/share/go2_robot/go2/assets/calf_mirror_0.stl
[26.266s] -- Up-to-date: /home/hong/Movement_Control/Go2Robot/install/go2_robot/share/go2_robot/go2/assets/base_1.stl
[26.267s] -- Up-to-date: /home/hong/Movement_Control/Go2Robot/install/go2_robot/share/go2_robot/go2/assets/base_2.stl
[26.267s] -- Up-to-date: /home/hong/Movement_Control/Go2Robot/install/go2_robot/share/go2_robot/go2/assets/calf_mirror_0.obj
[26.267s] -- Up-to-date: /home/hong/Movement_Control/Go2Robot/install/go2_robot/share/go2_robot/go2/assets/foot.stl
[26.267s] -- Up-to-date: /home/hong/Movement_Control/Go2Robot/install/go2_robot/share/go2_robot/go2/assets/calf_0.obj
[26.267s] -- Up-to-date: /home/hong/Movement_Control/Go2Robot/install/go2_robot/share/go2_robot/go2/assets/thigh_mirror_1.stl
[26.267s] -- Up-to-date: /home/hong/Movement_Control/Go2Robot/install/go2_robot/share/go2_robot/go2/assets/hip_0.stl
[26.267s] -- Up-to-date: /home/hong/Movement_Control/Go2Robot/install/go2_robot/share/go2_robot/go2/assets/calf_0.stl
[26.267s] -- Up-to-date: /home/hong/Movement_Control/Go2Robot/install/go2_robot/share/go2_robot/go2/assets/base_4.obj
[26.267s] -- Up-to-date: /home/hong/Movement_Control/Go2Robot/install/go2_robot/share/go2_robot/go2/assets/base_0.stl
[26.267s] -- Up-to-date: /home/hong/Movement_Control/Go2Robot/install/go2_robot/share/go2_robot/go2/assets/thigh_1.stl
[26.267s] -- Up-to-date: /home/hong/Movement_Control/Go2Robot/install/go2_robot/share/go2_robot/go2/assets/thigh_1.obj
[26.267s] -- Up-to-date: /home/hong/Movement_Control/Go2Robot/install/go2_robot/share/go2_robot/go2/assets/base_2.obj
[26.267s] -- Up-to-date: /home/hong/Movement_Control/Go2Robot/install/go2_robot/share/go2_robot/go2/meshes
[26.267s] -- Up-to-date: /home/hong/Movement_Control/Go2Robot/install/go2_robot/share/go2_robot/go2/meshes/RR_knee_Link.STL
[26.267s] -- Up-to-date: /home/hong/Movement_Control/Go2Robot/install/go2_robot/share/go2_robot/go2/meshes/FL_elbow_Link.STL
[26.267s] -- Up-to-date: /home/hong/Movement_Control/Go2Robot/install/go2_robot/share/go2_robot/go2/meshes/FR_elbow_Link.STL
[26.267s] -- Up-to-date: /home/hong/Movement_Control/Go2Robot/install/go2_robot/share/go2_robot/go2/meshes/RL_elbow_Link.STL
[26.267s] -- Up-to-date: /home/hong/Movement_Control/Go2Robot/install/go2_robot/share/go2_robot/go2/meshes/FL_knee_Link.STL
[26.267s] -- Up-to-date: /home/hong/Movement_Control/Go2Robot/install/go2_robot/share/go2_robot/go2/meshes/base_link.STL
[26.267s] -- Up-to-date: /home/hong/Movement_Control/Go2Robot/install/go2_robot/share/go2_robot/go2/meshes/FR_knee_Link.STL
[26.267s] -- Up-to-date: /home/hong/Movement_Control/Go2Robot/install/go2_robot/share/go2_robot/go2/meshes/RR_elbow_Link.STL
[26.267s] -- Up-to-date: /home/hong/Movement_Control/Go2Robot/install/go2_robot/share/go2_robot/go2/meshes/RL_knee_Link.STL
[26.267s] -- Up-to-date: /home/hong/Movement_Control/Go2Robot/install/go2_robot/share/go2_robot/go2/unitree_hfield.png
[26.267s] -- Up-to-date: /home/hong/Movement_Control/Go2Robot/install/go2_robot/share/ament_index/resource_index/package_run_dependencies/go2_robot
[26.267s] -- Up-to-date: /home/hong/Movement_Control/Go2Robot/install/go2_robot/share/ament_index/resource_index/parent_prefix_path/go2_robot
[26.267s] -- Up-to-date: /home/hong/Movement_Control/Go2Robot/install/go2_robot/share/go2_robot/environment/ament_prefix_path.sh
[26.268s] -- Up-to-date: /home/hong/Movement_Control/Go2Robot/install/go2_robot/share/go2_robot/environment/ament_prefix_path.dsv
[26.268s] -- Up-to-date: /home/hong/Movement_Control/Go2Robot/install/go2_robot/share/go2_robot/environment/path.sh
[26.268s] -- Up-to-date: /home/hong/Movement_Control/Go2Robot/install/go2_robot/share/go2_robot/environment/path.dsv
[26.268s] -- Up-to-date: /home/hong/Movement_Control/Go2Robot/install/go2_robot/share/go2_robot/local_setup.bash
[26.268s] -- Up-to-date: /home/hong/Movement_Control/Go2Robot/install/go2_robot/share/go2_robot/local_setup.sh
[26.268s] -- Up-to-date: /home/hong/Movement_Control/Go2Robot/install/go2_robot/share/go2_robot/local_setup.zsh
[26.268s] -- Up-to-date: /home/hong/Movement_Control/Go2Robot/install/go2_robot/share/go2_robot/local_setup.dsv
[26.268s] -- Installing: /home/hong/Movement_Control/Go2Robot/install/go2_robot/share/go2_robot/package.dsv
[26.291s] -- Up-to-date: /home/hong/Movement_Control/Go2Robot/install/go2_robot/share/ament_index/resource_index/packages/go2_robot
[26.346s] -- Up-to-date: /home/hong/Movement_Control/Go2Robot/install/go2_robot/share/go2_robot/cmake/export_go2_robot__rosidl_generator_cExport.cmake
[26.346s] -- Up-to-date: /home/hong/Movement_Control/Go2Robot/install/go2_robot/share/go2_robot/cmake/export_go2_robot__rosidl_generator_cExport-release.cmake
[26.347s] -- Up-to-date: /home/hong/Movement_Control/Go2Robot/install/go2_robot/share/go2_robot/cmake/export_go2_robot__rosidl_typesupport_fastrtps_cExport.cmake
[26.347s] -- Up-to-date: /home/hong/Movement_Control/Go2Robot/install/go2_robot/share/go2_robot/cmake/export_go2_robot__rosidl_typesupport_fastrtps_cExport-release.cmake
[26.349s] -- Up-to-date: /home/hong/Movement_Control/Go2Robot/install/go2_robot/share/go2_robot/cmake/export_go2_robot__rosidl_generator_cppExport.cmake
[26.349s] -- Up-to-date: /home/hong/Movement_Control/Go2Robot/install/go2_robot/share/go2_robot/cmake/export_go2_robot__rosidl_typesupport_fastrtps_cppExport.cmake
[26.349s] -- Up-to-date: /home/hong/Movement_Control/Go2Robot/install/go2_robot/share/go2_robot/cmake/export_go2_robot__rosidl_typesupport_fastrtps_cppExport-release.cmake
[26.350s] -- Up-to-date: /home/hong/Movement_Control/Go2Robot/install/go2_robot/share/go2_robot/cmake/go2_robot__rosidl_typesupport_introspection_cExport.cmake
[26.350s] -- Up-to-date: /home/hong/Movement_Control/Go2Robot/install/go2_robot/share/go2_robot/cmake/go2_robot__rosidl_typesupport_introspection_cExport-release.cmake
[26.351s] -- Up-to-date: /home/hong/Movement_Control/Go2Robot/install/go2_robot/share/go2_robot/cmake/go2_robot__rosidl_typesupport_cExport.cmake
[26.351s] -- Up-to-date: /home/hong/Movement_Control/Go2Robot/install/go2_robot/share/go2_robot/cmake/go2_robot__rosidl_typesupport_cExport-release.cmake
[26.355s] -- Up-to-date: /home/hong/Movement_Control/Go2Robot/install/go2_robot/share/go2_robot/cmake/go2_robot__rosidl_typesupport_introspection_cppExport.cmake
[26.355s] -- Up-to-date: /home/hong/Movement_Control/Go2Robot/install/go2_robot/share/go2_robot/cmake/go2_robot__rosidl_typesupport_introspection_cppExport-release.cmake
[26.358s] -- Up-to-date: /home/hong/Movement_Control/Go2Robot/install/go2_robot/share/go2_robot/cmake/go2_robot__rosidl_typesupport_cppExport.cmake
[26.358s] -- Up-to-date: /home/hong/Movement_Control/Go2Robot/install/go2_robot/share/go2_robot/cmake/go2_robot__rosidl_typesupport_cppExport-release.cmake
[26.359s] -- Up-to-date: /home/hong/Movement_Control/Go2Robot/install/go2_robot/share/go2_robot/cmake/export_go2_robot__rosidl_generator_pyExport.cmake
[26.359s] -- Up-to-date: /home/hong/Movement_Control/Go2Robot/install/go2_robot/share/go2_robot/cmake/export_go2_robot__rosidl_generator_pyExport-release.cmake
[26.359s] -- Up-to-date: /home/hong/Movement_Control/Go2Robot/install/go2_robot/share/go2_robot/cmake/rosidl_cmake-extras.cmake
[26.359s] -- Up-to-date: /home/hong/Movement_Control/Go2Robot/install/go2_robot/share/go2_robot/cmake/ament_cmake_export_dependencies-extras.cmake
[26.359s] -- Up-to-date: /home/hong/Movement_Control/Go2Robot/install/go2_robot/share/go2_robot/cmake/ament_cmake_export_include_directories-extras.cmake
[26.359s] -- Up-to-date: /home/hong/Movement_Control/Go2Robot/install/go2_robot/share/go2_robot/cmake/ament_cmake_export_libraries-extras.cmake
[26.360s] -- Up-to-date: /home/hong/Movement_Control/Go2Robot/install/go2_robot/share/go2_robot/cmake/ament_cmake_export_targets-extras.cmake
[26.360s] -- Up-to-date: /home/hong/Movement_Control/Go2Robot/install/go2_robot/share/go2_robot/cmake/rosidl_cmake_export_typesupport_targets-extras.cmake
[26.360s] -- Up-to-date: /home/hong/Movement_Control/Go2Robot/install/go2_robot/share/go2_robot/cmake/rosidl_cmake_export_typesupport_libraries-extras.cmake
[26.360s] -- Up-to-date: /home/hong/Movement_Control/Go2Robot/install/go2_robot/share/go2_robot/cmake/go2_robotConfig.cmake
[26.360s] -- Up-to-date: /home/hong/Movement_Control/Go2Robot/install/go2_robot/share/go2_robot/cmake/go2_robotConfig-version.cmake
[26.360s] -- Up-to-date: /home/hong/Movement_Control/Go2Robot/install/go2_robot/share/go2_robot/package.xml
[26.364s] -- Up-to-date: /home/hong/Movement_Control/Go2Robot/install/go2_robot/lib/libOsqpEigen.so.0.11.0
[26.364s] -- Up-to-date: /home/hong/Movement_Control/Go2Robot/install/go2_robot/lib/libOsqpEigen.so
[26.364s] -- Up-to-date: /home/hong/Movement_Control/Go2Robot/install/go2_robot/include/OsqpEigen/OsqpEigen.h
[26.364s] -- Up-to-date: /home/hong/Movement_Control/Go2Robot/install/go2_robot/include/OsqpEigen/Constants.hpp
[26.364s] -- Up-to-date: /home/hong/Movement_Control/Go2Robot/install/go2_robot/include/OsqpEigen/SparseMatrixHelper.hpp
[26.365s] -- Up-to-date: /home/hong/Movement_Control/Go2Robot/install/go2_robot/include/OsqpEigen/SparseMatrixHelper.tpp
[26.365s] -- Up-to-date: /home/hong/Movement_Control/Go2Robot/install/go2_robot/include/OsqpEigen/Data.hpp
[26.365s] -- Up-to-date: /home/hong/Movement_Control/Go2Robot/install/go2_robot/include/OsqpEigen/Data.tpp
[26.365s] -- Up-to-date: /home/hong/Movement_Control/Go2Robot/install/go2_robot/include/OsqpEigen/Settings.hpp
[26.365s] -- Up-to-date: /home/hong/Movement_Control/Go2Robot/install/go2_robot/include/OsqpEigen/Solver.hpp
[26.365s] -- Up-to-date: /home/hong/Movement_Control/Go2Robot/install/go2_robot/include/OsqpEigen/Solver.tpp
[26.365s] -- Up-to-date: /home/hong/Movement_Control/Go2Robot/install/go2_robot/include/OsqpEigen/Compat.hpp
[26.365s] -- Up-to-date: /home/hong/Movement_Control/Go2Robot/install/go2_robot/include/OsqpEigen/Debug.hpp
[26.365s] -- Up-to-date: /home/hong/Movement_Control/Go2Robot/install/go2_robot/lib/cmake/OsqpEigen/OsqpEigenConfigVersion.cmake
[26.365s] -- Up-to-date: /home/hong/Movement_Control/Go2Robot/install/go2_robot/lib/cmake/OsqpEigen/OsqpEigenConfig.cmake
[26.380s] -- Up-to-date: /home/hong/Movement_Control/Go2Robot/install/go2_robot/lib/cmake/OsqpEigen/OsqpEigenTargets.cmake
[26.380s] -- Up-to-date: /home/hong/Movement_Control/Go2Robot/install/go2_robot/lib/cmake/OsqpEigen/OsqpEigenTargets-release.cmake
[26.380s] -- Up-to-date: /home/hong/Movement_Control/Go2Robot/install/go2_robot/share/cmake/osqp-eigen/package.xml
[26.389s] Invoked command in '/home/hong/Movement_Control/Go2Robot/build/go2_robot' returned '0': /usr/bin/cmake --install /home/hong/Movement_Control/Go2Robot/build/go2_robot
