[0.000000] (-) TimerEvent: {}
[0.000177] (go2_robot) JobQueued: {'identifier': 'go2_robot', 'dependencies': OrderedDict()}
[0.000211] (go2_robot) JobStarted: {'identifier': 'go2_robot'}
[0.099773] (-) TimerEvent: {}
[0.200123] (-) TimerEvent: {}
[0.300455] (-) TimerEvent: {}
[0.400778] (-) TimerEvent: {}
[0.501060] (-) TimerEvent: {}
[0.601249] (-) TimerEvent: {}
[0.701431] (-) TimerEvent: {}
[0.801609] (-) TimerEvent: {}
[0.901901] (-) TimerEvent: {}
[1.001548] (go2_robot) JobProgress: {'identifier': 'go2_robot', 'progress': 'cmake'}
[1.001959] (-) TimerEvent: {}
[1.102199] (-) TimerEvent: {}
[1.126701] (go2_robot) JobProgress: {'identifier': 'go2_robot', 'progress': 'build'}
[1.126798] (go2_robot) Command: {'cmd': ['/usr/bin/cmake', '--build', '/home/hong/Movement_Control/Go2Robot/build/go2_robot', '--', '-j24', '-l24'], 'cwd': '/home/hong/Movement_Control/Go2Robot/build/go2_robot', 'env': OrderedDict([('GJS_DEBUG_TOPICS', 'JS ERROR;JS LOG'), ('PYTHONIOENCODING', 'utf-8'), ('ZAI_OAUTH_CLIENT_ID', 'client_P8X5CMWmlaRO9gyO-KSqtg'), ('ZCODE_DESKTOP_CONTEXT_PROMPT_ENABLED', '1'), ('LANGUAGE', 'zh_CN:zh:en_US:en'), ('USER', 'hong'), ('LC_TIME', 'zh_CN.UTF-8'), ('GIT_EDITOR', 'true'), ('XDG_SESSION_TYPE', 'x11'), ('SHLVL', '0'), ('LD_LIBRARY_PATH', '/home/hong/Movement_Control/Go2Robot/install/go2_robot/lib:/usr/lib/x86_64-linux-gnu/gazebo-11/plugins:/opt/ros/humble/opt/rviz_ogre_vendor/lib:/opt/ros/humble/lib/x86_64-linux-gnu:/opt/ros/humble/lib:/tmp/.mount_ZCode-wMDykL/usr/lib:'), ('INPUT_METHOD', 'fcitx'), ('HOME', '/home/hong'), ('CHROME_DESKTOP', 'zcode.desktop'), ('APPDIR', '/tmp/.mount_ZCode-wMDykL'), ('DESKTOP_SESSION', 'ubuntu'), ('ZAI_OAUTH_ORIGIN', 'https://chat.z.ai'), ('GIO_LAUNCHED_DESKTOP_FILE', '/home/hong/.local/share/applications/zcode.desktop'), ('ZCODE_APP_VERSION', '3.10.2'), ('ROS_PYTHON_VERSION', '3'), ('GNOME_SHELL_SESSION_MODE', 'ubuntu'), ('GTK_MODULES', 'gail:atk-bridge'), ('SDL_IM_MODULE', 'fcitx'), ('LC_MONETARY', 'zh_CN.UTF-8'), ('MANAGERPID', '2192'), ('LC_CTYPE', 'zh_CN.UTF-8'), ('GLFW_IM_MODULE', 'ibus'), ('SYSTEMD_EXEC_PID', '2437'), ('DBUS_SESSION_BUS_ADDRESS', 'unix:path=/run/user/1000/bus'), ('ZCODE_PROCESS_LABEL', 'local-1'), ('GIO_LAUNCHED_DESKTOP_FILE_PID', '43852'), ('COLCON_PREFIX_PATH', '/home/hong/Movement_Control/Go2Robot/install'), ('ROS_DISTRO', 'humble'), ('GTK_IM_MODULE', 'ibus'), ('LOGNAME', 'hong'), ('ZCODE_RUNTIME_ENV', 'production'), ('OWD', '/home/hong'), ('JOURNAL_STREAM', '8:13613'), ('_', '/usr/bin/colcon'), ('ROS_VERSION', '2'), ('XDG_SESSION_CLASS', 'user'), ('USERNAME', 'hong'), ('ZAI_BUSINESS_BASE_URL', 'https://api.z.ai'), ('GNOME_DESKTOP_SESSION_ID', 'this-is-deprecated'), ('FC_FONTATIONS', '1'), ('ROS_LOCALHOST_ONLY', '0'), ('WINDOWPATH', '2'), ('PATH', '/opt/ros/humble/bin:/usr/local/sbin:/usr/local/bin:/usr/sbin:/usr/bin:/sbin:/bin:/tmp/.mount_ZCode-wMDykL:/tmp/.mount_ZCode-wMDykL/usr/sbin:/home/hong/.local/bin:/usr/games:/usr/local/games:/snap/bin:/tmp/.mount_ZCode-wMDykL/resources/tools/bfs:/tmp/.mount_ZCode-wMDykL/resources/tools/ripgrep:/tmp/.mount_ZCode-wMDykL/resources/tools/ugrep'), ('SESSION_MANAGER', 'local/hong:@/tmp/.ICE-unix/2413,unix/hong:/tmp/.ICE-unix/2413'), ('INVOCATION_ID', 'c2c17b44c8b4497b97b23583b0c5ca9e'), ('APPIMAGE', '/home/hong/下载/ZCode-3.10.2-linux-x64.AppImage'), ('XDG_MENU_PREFIX', 'gnome-'), ('LC_ADDRESS', 'zh_CN.UTF-8'), ('ZCODE_BUILD_COMMIT_ID', '35824adf'), ('XDG_RUNTIME_DIR', '/run/user/1000'), ('GDK_BACKEND', 'x11'), ('DISPLAY', ':1'), ('ZCODE_BFS_BINARY', '/tmp/.mount_ZCode-wMDykL/resources/tools/bfs/bfs'), ('LANG', 'zh_CN.UTF-8'), ('XDG_CURRENT_DESKTOP', 'ubuntu:GNOME'), ('LC_TELEPHONE', 'zh_CN.UTF-8'), ('XMODIFIERS', '@im=ibus'), ('XDG_SESSION_DESKTOP', 'ubuntu'), ('XAUTHORITY', '/run/user/1000/gdm/Xauthority'), ('SSH_AGENT_LAUNCHER', 'gnome-keyring'), ('SSH_AUTH_SOCK', '/run/user/1000/keyring/ssh'), ('GSETTINGS_SCHEMA_DIR', '/tmp/.mount_ZCode-wMDykL/usr/share/glib-2.0/schemas:'), ('AMENT_PREFIX_PATH', '/home/hong/Movement_Control/Go2Robot/install/go2_robot:/opt/ros/humble'), ('SHELL', '/bin/bash'), ('LC_NAME', 'zh_CN.UTF-8'), ('ARGV0', '/home/hong/下载/ZCode-3.10.2-linux-x64.AppImage'), ('QT_ACCESSIBILITY', '1'), ('GDMSESSION', 'ubuntu'), ('PYTHONUTF8', '1'), ('LC_MEASUREMENT', 'zh_CN.UTF-8'), ('GPG_AGENT_INFO', '/run/user/1000/gnupg/S.gpg-agent:0:1'), ('GJS_DEBUG_OUTPUT', 'stderr'), ('LC_IDENTIFICATION', 'zh_CN.UTF-8'), ('ZCODE_CUA_GRAY_ENABLED', '0'), ('QT_IM_MODULE', 'ibus'), ('PWD', '/home/hong/Movement_Control/Go2Robot/build/go2_robot'), ('ZCODE_BASE_URL', 'https://zcode.z.ai'), ('XDG_CONFIG_DIRS', '/etc/xdg/xdg-ubuntu:/etc/xdg'), ('XDG_DATA_DIRS', '/tmp/.mount_ZCode-wMDykL/usr/share/:./share/:/usr/share/gnome:/usr/local/share/:/usr/share/:/usr/share/ubuntu:/usr/share/gnome:/usr/local/share/:/usr/share/:/var/lib/snapd/desktop:/usr/share/gnome/:/usr/local/share/:/usr/share/'), ('ZCODE_RG_BINARY', '/tmp/.mount_ZCode-wMDykL/resources/tools/ripgrep/rg'), ('PYTHONPATH', '/home/hong/Movement_Control/Go2Robot/install/go2_robot/local/lib/python3.10/dist-packages:/opt/ros/humble/lib/python3.10/site-packages:/opt/ros/humble/local/lib/python3.10/dist-packages'), ('ZCODE_UGREP_BINARY', '/tmp/.mount_ZCode-wMDykL/resources/tools/ugrep/ugrep'), ('ZCODE_ENV', 'production'), ('LC_NUMERIC', 'zh_CN.UTF-8'), ('LC_PAPER', 'zh_CN.UTF-8'), ('COLCON', '1'), ('CMAKE_PREFIX_PATH', '/home/hong/Movement_Control/Go2Robot/install/go2_robot:/opt/ros/humble')]), 'shell': False}
[1.202318] (-) TimerEvent: {}
[1.302634] (-) TimerEvent: {}
[1.402823] (-) TimerEvent: {}
[1.503056] (-) TimerEvent: {}
[1.603233] (-) TimerEvent: {}
[1.703565] (-) TimerEvent: {}
[1.803818] (-) TimerEvent: {}
[1.904039] (-) TimerEvent: {}
[2.004264] (-) TimerEvent: {}
[2.104439] (-) TimerEvent: {}
[2.204679] (-) TimerEvent: {}
[2.305122] (-) TimerEvent: {}
[2.405500] (-) TimerEvent: {}
[2.505787] (-) TimerEvent: {}
[2.605972] (-) TimerEvent: {}
[2.706219] (-) TimerEvent: {}
[2.806402] (-) TimerEvent: {}
[2.906667] (-) TimerEvent: {}
[3.007054] (-) TimerEvent: {}
[3.107422] (-) TimerEvent: {}
[3.207732] (-) TimerEvent: {}
[3.307946] (-) TimerEvent: {}
[3.408246] (-) TimerEvent: {}
[3.508432] (-) TimerEvent: {}
[3.608635] (-) TimerEvent: {}
[3.708923] (-) TimerEvent: {}
[3.809374] (-) TimerEvent: {}
[3.909574] (-) TimerEvent: {}
[4.009818] (-) TimerEvent: {}
[4.110128] (-) TimerEvent: {}
[4.210299] (-) TimerEvent: {}
[4.310465] (-) TimerEvent: {}
[4.410656] (-) TimerEvent: {}
[4.510814] (-) TimerEvent: {}
[4.611025] (-) TimerEvent: {}
[4.711268] (-) TimerEvent: {}
[4.811439] (-) TimerEvent: {}
[4.911629] (-) TimerEvent: {}
[5.011818] (-) TimerEvent: {}
[5.112060] (-) TimerEvent: {}
[5.212233] (-) TimerEvent: {}
[5.312396] (-) TimerEvent: {}
[5.640597] (-) TimerEvent: {}
[5.740821] (-) TimerEvent: {}
[5.841009] (-) TimerEvent: {}
[5.941264] (-) TimerEvent: {}
[6.041458] (-) TimerEvent: {}
[6.141625] (-) TimerEvent: {}
[6.241928] (-) TimerEvent: {}
[6.342329] (-) TimerEvent: {}
[6.442668] (-) TimerEvent: {}
[6.542999] (-) TimerEvent: {}
[6.643386] (-) TimerEvent: {}
[6.743657] (-) TimerEvent: {}
[6.843940] (-) TimerEvent: {}
[6.944236] (-) TimerEvent: {}
[7.044526] (-) TimerEvent: {}
[7.144894] (-) TimerEvent: {}
[7.245311] (-) TimerEvent: {}
[7.345642] (-) TimerEvent: {}
[7.446008] (-) TimerEvent: {}
[7.546335] (-) TimerEvent: {}
[7.646642] (-) TimerEvent: {}
[7.746957] (-) TimerEvent: {}
[7.847202] (-) TimerEvent: {}
[7.947401] (-) TimerEvent: {}
[8.047613] (-) TimerEvent: {}
[8.147924] (-) TimerEvent: {}
[8.248224] (-) TimerEvent: {}
[8.348420] (-) TimerEvent: {}
[8.448629] (-) TimerEvent: {}
[8.548930] (-) TimerEvent: {}
[8.649358] (-) TimerEvent: {}
[8.749636] (-) TimerEvent: {}
[8.849981] (-) TimerEvent: {}
[8.950327] (-) TimerEvent: {}
[9.050662] (-) TimerEvent: {}
[9.150958] (-) TimerEvent: {}
[9.251343] (-) TimerEvent: {}
[9.351683] (-) TimerEvent: {}
[9.452149] (-) TimerEvent: {}
[9.552979] (-) TimerEvent: {}
[9.653344] (-) TimerEvent: {}
[9.753689] (-) TimerEvent: {}
[9.854008] (-) TimerEvent: {}
[9.954456] (-) TimerEvent: {}
[10.054942] (-) TimerEvent: {}
[10.155373] (-) TimerEvent: {}
[10.255716] (-) TimerEvent: {}
[10.356067] (-) TimerEvent: {}
[10.456510] (-) TimerEvent: {}
[10.556961] (-) TimerEvent: {}
[10.657329] (-) TimerEvent: {}
[10.757712] (-) TimerEvent: {}
[10.858123] (-) TimerEvent: {}
[10.958458] (-) TimerEvent: {}
[11.058799] (-) TimerEvent: {}
[11.159268] (-) TimerEvent: {}
[11.259675] (-) TimerEvent: {}
[11.360136] (-) TimerEvent: {}
[11.460472] (-) TimerEvent: {}
[11.560817] (-) TimerEvent: {}
[11.661387] (-) TimerEvent: {}
[11.761662] (-) TimerEvent: {}
[11.861961] (-) TimerEvent: {}
[11.962286] (-) TimerEvent: {}
[12.062535] (-) TimerEvent: {}
[12.162900] (-) TimerEvent: {}
[12.263220] (-) TimerEvent: {}
[12.363547] (-) TimerEvent: {}
[12.463866] (-) TimerEvent: {}
[12.564234] (-) TimerEvent: {}
[12.664473] (-) TimerEvent: {}
[12.764678] (-) TimerEvent: {}
[12.864941] (-) TimerEvent: {}
[12.965279] (-) TimerEvent: {}
[13.065530] (-) TimerEvent: {}
[13.165812] (-) TimerEvent: {}
[13.266080] (-) TimerEvent: {}
[13.366397] (-) TimerEvent: {}
[13.466739] (-) TimerEvent: {}
[13.566972] (-) TimerEvent: {}
[13.667224] (-) TimerEvent: {}
[13.767463] (-) TimerEvent: {}
[13.867754] (-) TimerEvent: {}
[13.968076] (-) TimerEvent: {}
[14.068407] (-) TimerEvent: {}
[14.168652] (-) TimerEvent: {}
[14.268934] (-) TimerEvent: {}
[14.369245] (-) TimerEvent: {}
[14.469495] (-) TimerEvent: {}
[14.569918] (-) TimerEvent: {}
[14.670283] (-) TimerEvent: {}
[14.770566] (-) TimerEvent: {}
[14.870856] (-) TimerEvent: {}
[14.971249] (-) TimerEvent: {}
[15.071586] (-) TimerEvent: {}
[15.171865] (-) TimerEvent: {}
[15.272189] (-) TimerEvent: {}
[15.372439] (-) TimerEvent: {}
[15.442704] (go2_robot) StdoutLine: {'line': b'[  0%] Built target ament_cmake_python_copy_go2_robot\n'}
[15.470109] (go2_robot) StdoutLine: {'line': b'[ 10%] Built target OsqpEigen\n'}
[15.472528] (-) TimerEvent: {}
[15.565226] (go2_robot) StdoutLine: {'line': b'[ 28%] Built target go2_core\n'}
[15.572634] (-) TimerEvent: {}
[15.672918] (-) TimerEvent: {}
[15.773163] (-) TimerEvent: {}
[15.852046] (go2_robot) StdoutLine: {'line': b'running egg_info\n'}
[15.853120] (go2_robot) StdoutLine: {'line': b'writing go2_robot.egg-info/PKG-INFO\n'}
[15.873279] (-) TimerEvent: {}
[15.915101] (go2_robot) StdoutLine: {'line': b'[ 30%] Built target go2_robot__rs\n'}
[15.915423] (go2_robot) StdoutLine: {'line': b'[ 32%] Built target go2_robot__cpp\n'}
[15.973370] (-) TimerEvent: {}
[16.073572] (-) TimerEvent: {}
[16.173775] (-) TimerEvent: {}
[16.274233] (-) TimerEvent: {}
[16.318071] (go2_robot) StdoutLine: {'line': b'writing dependency_links to go2_robot.egg-info/dependency_links.txt\n'}
[16.318619] (go2_robot) StdoutLine: {'line': b'Consolidate compiler generated dependencies of target go2_robot__rosidl_generator_c\n'}
[16.330060] (go2_robot) StdoutLine: {'line': b'[ 38%] Built target go2_robot__rosidl_generator_c\n'}
[16.374313] (-) TimerEvent: {}
[16.474493] (-) TimerEvent: {}
[16.574813] (-) TimerEvent: {}
[16.675087] (-) TimerEvent: {}
[16.775293] (-) TimerEvent: {}
[16.806765] (go2_robot) StdoutLine: {'line': b'Consolidate compiler generated dependencies of target go2_robot__rosidl_typesupport_cpp\n'}
[16.819789] (go2_robot) StdoutLine: {'line': b'[ 44%] Built target go2_robot__rosidl_typesupport_cpp\n'}
[16.875402] (-) TimerEvent: {}
[16.885285] (go2_robot) StdoutLine: {'line': b'Consolidate compiler generated dependencies of target go2_robot__rosidl_typesupport_introspection_cpp\n'}
[16.903446] (go2_robot) StdoutLine: {'line': b'[ 51%] Built target go2_robot__rosidl_typesupport_introspection_cpp\n'}
[16.975619] (-) TimerEvent: {}
[16.989386] (go2_robot) StdoutLine: {'line': b'writing top-level names to go2_robot.egg-info/top_level.txt\n'}
[16.989669] (go2_robot) StdoutLine: {'line': b'Consolidate compiler generated dependencies of target go2_robot__rosidl_typesupport_fastrtps_cpp\n'}
[17.011728] (go2_robot) StdoutLine: {'line': b'[ 57%] Built target go2_robot__rosidl_typesupport_fastrtps_cpp\n'}
[17.075768] (-) TimerEvent: {}
[17.134689] (go2_robot) StdoutLine: {'line': b'Consolidate compiler generated dependencies of target go2_robot__rosidl_typesupport_introspection_c\n'}
[17.134945] (go2_robot) StdoutLine: {'line': b'Consolidate compiler generated dependencies of target go2_robot__rosidl_typesupport_c\n'}
[17.135060] (go2_robot) StdoutLine: {'line': b'Consolidate compiler generated dependencies of target go2_robot__rosidl_typesupport_fastrtps_c\n'}
[17.135458] (go2_robot) StdoutLine: {'line': b'Consolidate compiler generated dependencies of target go2_control_node\n'}
[17.155699] (go2_robot) StdoutLine: {'line': b'[ 63%] Built target go2_robot__rosidl_typesupport_introspection_c\n'}
[17.157193] (go2_robot) StdoutLine: {'line': b'[ 75%] Built target go2_robot__rosidl_typesupport_fastrtps_c\n'}
[17.157272] (go2_robot) StdoutLine: {'line': b'[ 75%] Built target go2_robot__rosidl_typesupport_c\n'}
[17.168618] (go2_robot) StdoutLine: {'line': b'[ 77%] Building CXX object CMakeFiles/go2_control_node.dir/src/ros2/go2_control_node.cpp.o\n'}
[17.175923] (-) TimerEvent: {}
[17.276165] (-) TimerEvent: {}
[17.376360] (-) TimerEvent: {}
[17.476628] (-) TimerEvent: {}
[17.576891] (-) TimerEvent: {}
[17.629294] (go2_robot) StdoutLine: {'line': b'[ 77%] Built target go2_robot\n'}
[17.677047] (-) TimerEvent: {}
[17.777241] (-) TimerEvent: {}
[17.877464] (-) TimerEvent: {}
[17.882716] (go2_robot) StdoutLine: {'line': b"reading manifest file 'go2_robot.egg-info/SOURCES.txt'\n"}
[17.883307] (go2_robot) StdoutLine: {'line': b"writing manifest file 'go2_robot.egg-info/SOURCES.txt'\n"}
[17.977653] (-) TimerEvent: {}
[18.077911] (-) TimerEvent: {}
[18.178232] (-) TimerEvent: {}
[18.278549] (-) TimerEvent: {}
[18.474477] (go2_robot) StdoutLine: {'line': b'[ 79%] Built target go2_robot__py\n'}
[18.474641] (-) TimerEvent: {}
[18.474661] (go2_robot) StdoutLine: {'line': b'[ 79%] Built target ament_cmake_python_build_go2_robot_egg\n'}
[18.574819] (-) TimerEvent: {}
[18.675211] (-) TimerEvent: {}
[18.775511] (-) TimerEvent: {}
[18.875769] (-) TimerEvent: {}
[18.976012] (-) TimerEvent: {}
[19.076271] (-) TimerEvent: {}
[19.176439] (-) TimerEvent: {}
[19.276703] (-) TimerEvent: {}
[19.376927] (-) TimerEvent: {}
[19.477258] (-) TimerEvent: {}
[19.577558] (-) TimerEvent: {}
[19.677937] (-) TimerEvent: {}
[19.778201] (-) TimerEvent: {}
[19.878571] (-) TimerEvent: {}
[19.964054] (go2_robot) StdoutLine: {'line': b'Consolidate compiler generated dependencies of target go2_robot__rosidl_generator_py\n'}
[19.978668] (-) TimerEvent: {}
[19.983754] (go2_robot) StdoutLine: {'line': b'[ 83%] Built target go2_robot__rosidl_generator_py\n'}
[20.078811] (-) TimerEvent: {}
[20.179006] (-) TimerEvent: {}
[20.229280] (go2_robot) StdoutLine: {'line': b'Consolidate compiler generated dependencies of target go2_robot__rosidl_typesupport_fastrtps_c__pyext\n'}
[20.229935] (go2_robot) StdoutLine: {'line': b'Consolidate compiler generated dependencies of target go2_robot__rosidl_typesupport_introspection_c__pyext\n'}
[20.230136] (go2_robot) StdoutLine: {'line': b'Consolidate compiler generated dependencies of target go2_robot__rosidl_typesupport_c__pyext\n'}
[20.243819] (go2_robot) StdoutLine: {'line': b'[ 87%] Built target go2_robot__rosidl_typesupport_fastrtps_c__pyext\n'}
[20.247764] (go2_robot) StdoutLine: {'line': b'[ 95%] Built target go2_robot__rosidl_typesupport_introspection_c__pyext\n'}
[20.247910] (go2_robot) StdoutLine: {'line': b'[ 95%] Built target go2_robot__rosidl_typesupport_c__pyext\n'}
[20.279173] (-) TimerEvent: {}
[20.379564] (-) TimerEvent: {}
[20.479872] (-) TimerEvent: {}
[20.580152] (-) TimerEvent: {}
[20.680534] (-) TimerEvent: {}
[20.780720] (-) TimerEvent: {}
[20.880892] (-) TimerEvent: {}
[20.981063] (-) TimerEvent: {}
[21.081357] (-) TimerEvent: {}
[21.181594] (-) TimerEvent: {}
[21.281959] (-) TimerEvent: {}
[21.382325] (-) TimerEvent: {}
[21.482592] (-) TimerEvent: {}
[21.582827] (-) TimerEvent: {}
[21.683187] (-) TimerEvent: {}
[21.783540] (-) TimerEvent: {}
[21.883896] (-) TimerEvent: {}
[21.984309] (-) TimerEvent: {}
[22.084569] (-) TimerEvent: {}
[22.184932] (-) TimerEvent: {}
[22.285306] (-) TimerEvent: {}
[22.385590] (-) TimerEvent: {}
[22.485883] (-) TimerEvent: {}
[22.586270] (-) TimerEvent: {}
[22.686540] (-) TimerEvent: {}
[22.786883] (-) TimerEvent: {}
[22.887298] (-) TimerEvent: {}
[22.987578] (-) TimerEvent: {}
[23.087936] (-) TimerEvent: {}
[23.188304] (-) TimerEvent: {}
[23.288554] (-) TimerEvent: {}
[23.388915] (-) TimerEvent: {}
[23.489254] (-) TimerEvent: {}
[23.589455] (-) TimerEvent: {}
[23.689719] (-) TimerEvent: {}
[23.790112] (-) TimerEvent: {}
[23.890382] (-) TimerEvent: {}
[23.990619] (-) TimerEvent: {}
[24.090924] (-) TimerEvent: {}
[24.191165] (-) TimerEvent: {}
[24.291401] (-) TimerEvent: {}
[24.391799] (-) TimerEvent: {}
[24.492128] (-) TimerEvent: {}
[24.592471] (-) TimerEvent: {}
[24.692852] (-) TimerEvent: {}
[24.793400] (-) TimerEvent: {}
[24.893727] (-) TimerEvent: {}
[24.994204] (-) TimerEvent: {}
[25.094502] (-) TimerEvent: {}
[25.194856] (-) TimerEvent: {}
[25.295164] (-) TimerEvent: {}
[25.395467] (-) TimerEvent: {}
[25.495776] (-) TimerEvent: {}
[25.596084] (-) TimerEvent: {}
[25.696516] (-) TimerEvent: {}
[25.796878] (-) TimerEvent: {}
[25.897145] (-) TimerEvent: {}
[25.997458] (-) TimerEvent: {}
[26.097826] (-) TimerEvent: {}
[26.198184] (-) TimerEvent: {}
[26.298527] (-) TimerEvent: {}
[26.398896] (-) TimerEvent: {}
[26.499246] (-) TimerEvent: {}
[26.624369] (-) TimerEvent: {}
[26.724661] (-) TimerEvent: {}
[26.824967] (-) TimerEvent: {}
[26.925321] (-) TimerEvent: {}
[27.025768] (-) TimerEvent: {}
[27.126171] (-) TimerEvent: {}
[27.226544] (-) TimerEvent: {}
[27.326927] (-) TimerEvent: {}
[27.427303] (-) TimerEvent: {}
[27.527673] (-) TimerEvent: {}
[27.627967] (-) TimerEvent: {}
[27.728387] (-) TimerEvent: {}
[27.828806] (-) TimerEvent: {}
[27.929341] (-) TimerEvent: {}
[28.029653] (-) TimerEvent: {}
[28.130014] (-) TimerEvent: {}
[28.230422] (-) TimerEvent: {}
[28.330787] (-) TimerEvent: {}
[28.431180] (-) TimerEvent: {}
[28.531446] (-) TimerEvent: {}
[28.631680] (-) TimerEvent: {}
[28.731941] (-) TimerEvent: {}
[28.832305] (-) TimerEvent: {}
[28.932594] (-) TimerEvent: {}
[29.032955] (-) TimerEvent: {}
[29.133375] (-) TimerEvent: {}
[29.233660] (-) TimerEvent: {}
[29.334047] (-) TimerEvent: {}
[29.434450] (-) TimerEvent: {}
[29.534757] (-) TimerEvent: {}
[29.635121] (-) TimerEvent: {}
[29.735372] (-) TimerEvent: {}
[29.901389] (-) TimerEvent: {}
[30.001679] (-) TimerEvent: {}
[30.101973] (-) TimerEvent: {}
[30.202295] (-) TimerEvent: {}
[30.302546] (-) TimerEvent: {}
[30.402880] (-) TimerEvent: {}
[30.503194] (-) TimerEvent: {}
[30.603424] (-) TimerEvent: {}
[30.703717] (-) TimerEvent: {}
[30.804083] (-) TimerEvent: {}
[30.904449] (-) TimerEvent: {}
[31.004712] (-) TimerEvent: {}
[31.105061] (-) TimerEvent: {}
[31.205366] (-) TimerEvent: {}
[31.305685] (-) TimerEvent: {}
[31.405947] (-) TimerEvent: {}
[31.506320] (-) TimerEvent: {}
[31.606620] (-) TimerEvent: {}
[31.706967] (-) TimerEvent: {}
[31.807285] (-) TimerEvent: {}
[31.907562] (-) TimerEvent: {}
[32.007924] (-) TimerEvent: {}
[32.108285] (-) TimerEvent: {}
[32.208536] (-) TimerEvent: {}
[32.308783] (-) TimerEvent: {}
[32.409177] (-) TimerEvent: {}
[32.677503] (-) TimerEvent: {}
[32.777800] (-) TimerEvent: {}
[32.878204] (-) TimerEvent: {}
[32.979149] (-) TimerEvent: {}
[33.079540] (-) TimerEvent: {}
[33.179971] (-) TimerEvent: {}
[33.280374] (-) TimerEvent: {}
[33.380766] (-) TimerEvent: {}
[33.481033] (-) TimerEvent: {}
[33.581282] (-) TimerEvent: {}
[33.681611] (-) TimerEvent: {}
[33.781998] (-) TimerEvent: {}
[33.882323] (-) TimerEvent: {}
[33.982627] (-) TimerEvent: {}
[34.082916] (-) TimerEvent: {}
[34.183301] (-) TimerEvent: {}
[34.283565] (-) TimerEvent: {}
[34.383951] (-) TimerEvent: {}
[34.484283] (-) TimerEvent: {}
[34.584520] (-) TimerEvent: {}
[34.684987] (-) TimerEvent: {}
[34.785349] (-) TimerEvent: {}
[34.885631] (-) TimerEvent: {}
[34.985991] (-) TimerEvent: {}
[35.086322] (-) TimerEvent: {}
[35.186584] (-) TimerEvent: {}
[35.286950] (-) TimerEvent: {}
[35.387295] (-) TimerEvent: {}
[35.487590] (-) TimerEvent: {}
[35.619683] (-) TimerEvent: {}
[35.720049] (-) TimerEvent: {}
[35.820331] (-) TimerEvent: {}
[35.920596] (-) TimerEvent: {}
[36.020935] (-) TimerEvent: {}
[36.121185] (-) TimerEvent: {}
[36.221425] (-) TimerEvent: {}
[36.321697] (-) TimerEvent: {}
[36.422084] (-) TimerEvent: {}
[36.522372] (-) TimerEvent: {}
[36.622627] (-) TimerEvent: {}
[36.723016] (-) TimerEvent: {}
[36.823330] (-) TimerEvent: {}
[36.923605] (-) TimerEvent: {}
[37.024448] (-) TimerEvent: {}
[37.124840] (-) TimerEvent: {}
[37.225330] (-) TimerEvent: {}
[37.325672] (-) TimerEvent: {}
[37.426034] (-) TimerEvent: {}
[37.526357] (-) TimerEvent: {}
[37.626816] (-) TimerEvent: {}
[37.727294] (-) TimerEvent: {}
[37.827690] (-) TimerEvent: {}
[37.928056] (-) TimerEvent: {}
[38.028367] (-) TimerEvent: {}
[38.171616] (-) TimerEvent: {}
[38.271905] (-) TimerEvent: {}
[38.372251] (-) TimerEvent: {}
[38.472531] (-) TimerEvent: {}
[38.572816] (-) TimerEvent: {}
[38.673236] (-) TimerEvent: {}
[38.773540] (-) TimerEvent: {}
[38.873912] (-) TimerEvent: {}
[38.974319] (-) TimerEvent: {}
[39.074620] (-) TimerEvent: {}
[39.175036] (-) TimerEvent: {}
[39.275374] (-) TimerEvent: {}
[39.527483] (-) TimerEvent: {}
[39.627950] (-) TimerEvent: {}
[39.728387] (-) TimerEvent: {}
[39.828834] (-) TimerEvent: {}
[39.929313] (-) TimerEvent: {}
[40.029655] (-) TimerEvent: {}
[40.130125] (-) TimerEvent: {}
[40.230707] (-) TimerEvent: {}
[40.331123] (-) TimerEvent: {}
[40.431488] (-) TimerEvent: {}
[40.531887] (-) TimerEvent: {}
[40.632298] (-) TimerEvent: {}
[40.732579] (-) TimerEvent: {}
[41.009674] (-) TimerEvent: {}
[41.110079] (-) TimerEvent: {}
[41.210423] (-) TimerEvent: {}
[41.310724] (-) TimerEvent: {}
[41.411086] (-) TimerEvent: {}
[41.511453] (-) TimerEvent: {}
[41.611791] (-) TimerEvent: {}
[41.712165] (-) TimerEvent: {}
[41.812824] (-) TimerEvent: {}
[41.913841] (-) TimerEvent: {}
[42.014488] (-) TimerEvent: {}
[42.115277] (-) TimerEvent: {}
[42.215663] (-) TimerEvent: {}
[42.316076] (-) TimerEvent: {}
[42.582013] (-) TimerEvent: {}
[42.682412] (-) TimerEvent: {}
[42.782779] (-) TimerEvent: {}
[42.883161] (-) TimerEvent: {}
[42.983518] (-) TimerEvent: {}
[43.083862] (-) TimerEvent: {}
[43.184158] (-) TimerEvent: {}
[43.284421] (-) TimerEvent: {}
[43.384698] (-) TimerEvent: {}
[43.485010] (-) TimerEvent: {}
[43.585274] (-) TimerEvent: {}
[43.685557] (-) TimerEvent: {}
[43.785923] (-) TimerEvent: {}
[43.886302] (-) TimerEvent: {}
[43.986550] (-) TimerEvent: {}
[44.086877] (-) TimerEvent: {}
[44.187149] (-) TimerEvent: {}
[44.287411] (-) TimerEvent: {}
[44.387751] (-) TimerEvent: {}
[44.624712] (-) TimerEvent: {}
[44.725073] (-) TimerEvent: {}
[44.825372] (-) TimerEvent: {}
[44.925675] (-) TimerEvent: {}
[45.026060] (-) TimerEvent: {}
[45.126382] (-) TimerEvent: {}
[45.226681] (-) TimerEvent: {}
[45.327156] (-) TimerEvent: {}
[45.427661] (-) TimerEvent: {}
[45.528135] (-) TimerEvent: {}
[45.628536] (-) TimerEvent: {}
[45.728897] (-) TimerEvent: {}
[45.829285] (-) TimerEvent: {}
[45.929713] (-) TimerEvent: {}
[46.030075] (-) TimerEvent: {}
[46.130346] (-) TimerEvent: {}
[46.230718] (-) TimerEvent: {}
[46.331033] (-) TimerEvent: {}
[46.431301] (-) TimerEvent: {}
[46.531608] (-) TimerEvent: {}
[46.631984] (-) TimerEvent: {}
[46.732299] (-) TimerEvent: {}
[46.832706] (-) TimerEvent: {}
[46.933003] (-) TimerEvent: {}
[47.033214] (-) TimerEvent: {}
[47.133484] (-) TimerEvent: {}
[47.233812] (-) TimerEvent: {}
[47.334323] (-) TimerEvent: {}
[47.434712] (-) TimerEvent: {}
[47.535082] (-) TimerEvent: {}
[47.635317] (-) TimerEvent: {}
[47.735531] (-) TimerEvent: {}
[47.835889] (-) TimerEvent: {}
[47.936367] (-) TimerEvent: {}
[48.036701] (-) TimerEvent: {}
[48.136975] (-) TimerEvent: {}
[48.237139] (-) TimerEvent: {}
[48.337450] (-) TimerEvent: {}
[48.437725] (-) TimerEvent: {}
[48.537971] (-) TimerEvent: {}
[48.638282] (-) TimerEvent: {}
[48.738531] (-) TimerEvent: {}
[48.838789] (-) TimerEvent: {}
[48.939041] (-) TimerEvent: {}
[49.039291] (-) TimerEvent: {}
[49.139581] (-) TimerEvent: {}
[49.239893] (-) TimerEvent: {}
[49.340269] (-) TimerEvent: {}
[49.440584] (-) TimerEvent: {}
[49.540914] (-) TimerEvent: {}
[49.641227] (-) TimerEvent: {}
[49.741627] (-) TimerEvent: {}
[49.841976] (-) TimerEvent: {}
[49.942306] (-) TimerEvent: {}
[50.042598] (-) TimerEvent: {}
[50.142876] (-) TimerEvent: {}
[50.243222] (-) TimerEvent: {}
[50.343514] (-) TimerEvent: {}
[50.443779] (-) TimerEvent: {}
[50.544246] (-) TimerEvent: {}
[50.644635] (-) TimerEvent: {}
[50.744926] (-) TimerEvent: {}
[50.845320] (-) TimerEvent: {}
[50.945731] (-) TimerEvent: {}
[51.203555] (-) TimerEvent: {}
[51.303869] (-) TimerEvent: {}
[51.404198] (-) TimerEvent: {}
[51.504451] (-) TimerEvent: {}
[51.604785] (-) TimerEvent: {}
[51.705169] (-) TimerEvent: {}
[51.805498] (-) TimerEvent: {}
[51.905858] (-) TimerEvent: {}
[52.006226] (-) TimerEvent: {}
[52.106635] (-) TimerEvent: {}
[52.207076] (-) TimerEvent: {}
[52.307496] (-) TimerEvent: {}
[52.500294] (-) TimerEvent: {}
[52.600586] (-) TimerEvent: {}
[52.700869] (-) TimerEvent: {}
[52.801252] (-) TimerEvent: {}
[52.901538] (-) TimerEvent: {}
[53.001886] (-) TimerEvent: {}
[53.102274] (-) TimerEvent: {}
[53.202561] (-) TimerEvent: {}
[53.302837] (-) TimerEvent: {}
[53.403196] (-) TimerEvent: {}
[53.503469] (-) TimerEvent: {}
[53.603687] (-) TimerEvent: {}
[53.703954] (-) TimerEvent: {}
[53.804191] (-) TimerEvent: {}
[53.904439] (-) TimerEvent: {}
[54.004703] (-) TimerEvent: {}
[54.105028] (-) TimerEvent: {}
[54.205294] (-) TimerEvent: {}
[54.305543] (-) TimerEvent: {}
[54.405894] (-) TimerEvent: {}
[54.506417] (-) TimerEvent: {}
[54.606651] (-) TimerEvent: {}
[54.936185] (-) TimerEvent: {}
[55.036720] (-) TimerEvent: {}
[55.137044] (-) TimerEvent: {}
[55.237312] (-) TimerEvent: {}
[55.337577] (-) TimerEvent: {}
[55.437841] (-) TimerEvent: {}
[55.538237] (-) TimerEvent: {}
[55.638484] (-) TimerEvent: {}
[55.738728] (-) TimerEvent: {}
[55.838974] (-) TimerEvent: {}
[55.939268] (-) TimerEvent: {}
[56.039429] (-) TimerEvent: {}
[56.139685] (-) TimerEvent: {}
[56.239947] (-) TimerEvent: {}
[56.340193] (-) TimerEvent: {}
[56.440352] (-) TimerEvent: {}
[56.540515] (-) TimerEvent: {}
[56.640708] (-) TimerEvent: {}
[56.740998] (-) TimerEvent: {}
[57.122354] (-) TimerEvent: {}
[57.222531] (-) TimerEvent: {}
[57.322715] (-) TimerEvent: {}
[57.422960] (-) TimerEvent: {}
[57.523213] (-) TimerEvent: {}
[57.623372] (-) TimerEvent: {}
[57.723557] (-) TimerEvent: {}
[57.823743] (-) TimerEvent: {}
[57.923994] (-) TimerEvent: {}
[58.024262] (-) TimerEvent: {}
[58.124418] (-) TimerEvent: {}
[58.224604] (-) TimerEvent: {}
[58.324782] (-) TimerEvent: {}
[58.424983] (-) TimerEvent: {}
[58.525331] (-) TimerEvent: {}
[58.625990] (-) TimerEvent: {}
[58.726275] (-) TimerEvent: {}
[58.826847] (-) TimerEvent: {}
[58.927117] (-) TimerEvent: {}
[59.027412] (-) TimerEvent: {}
[59.127708] (-) TimerEvent: {}
[59.392467] (-) TimerEvent: {}
[59.492712] (-) TimerEvent: {}
[59.592952] (-) TimerEvent: {}
[59.693332] (-) TimerEvent: {}
[59.794049] (-) TimerEvent: {}
[59.894404] (-) TimerEvent: {}
[59.994749] (-) TimerEvent: {}
[60.095218] (-) TimerEvent: {}
[60.195535] (-) TimerEvent: {}
[60.295942] (-) TimerEvent: {}
[60.797072] (-) TimerEvent: {}
[60.897657] (-) TimerEvent: {}
[60.997895] (-) TimerEvent: {}
[61.098231] (-) TimerEvent: {}
[61.198624] (-) TimerEvent: {}
[61.298978] (-) TimerEvent: {}
[61.399357] (-) TimerEvent: {}
[61.499720] (-) TimerEvent: {}
[61.599960] (-) TimerEvent: {}
[61.700150] (-) TimerEvent: {}
[61.800463] (-) TimerEvent: {}
[61.900713] (-) TimerEvent: {}
[62.000998] (-) TimerEvent: {}
[62.101379] (-) TimerEvent: {}
[62.201639] (-) TimerEvent: {}
[62.301878] (-) TimerEvent: {}
[62.402139] (-) TimerEvent: {}
[62.502308] (-) TimerEvent: {}
[62.602510] (-) TimerEvent: {}
[63.075907] (-) TimerEvent: {}
[63.176304] (-) TimerEvent: {}
[63.276707] (-) TimerEvent: {}
[63.377121] (-) TimerEvent: {}
[63.477450] (-) TimerEvent: {}
[63.577823] (-) TimerEvent: {}
[63.678245] (-) TimerEvent: {}
[63.778621] (-) TimerEvent: {}
[63.878993] (-) TimerEvent: {}
[63.979359] (-) TimerEvent: {}
[64.079827] (-) TimerEvent: {}
[64.180213] (-) TimerEvent: {}
[64.425671] (-) TimerEvent: {}
[64.526012] (-) TimerEvent: {}
[64.626329] (-) TimerEvent: {}
[64.726772] (-) TimerEvent: {}
[64.827193] (-) TimerEvent: {}
[64.927502] (-) TimerEvent: {}
[65.028271] (-) TimerEvent: {}
[65.128582] (-) TimerEvent: {}
[65.228993] (-) TimerEvent: {}
[65.329382] (-) TimerEvent: {}
[65.429641] (-) TimerEvent: {}
[65.530049] (-) TimerEvent: {}
[65.630365] (-) TimerEvent: {}
[65.730663] (-) TimerEvent: {}
[65.831769] (-) TimerEvent: {}
[65.932065] (-) TimerEvent: {}
[66.032412] (-) TimerEvent: {}
[66.132709] (-) TimerEvent: {}
[66.232935] (-) TimerEvent: {}
[66.333328] (-) TimerEvent: {}
[66.433674] (-) TimerEvent: {}
[66.534034] (-) TimerEvent: {}
[66.634286] (-) TimerEvent: {}
[66.734571] (-) TimerEvent: {}
[66.834876] (-) TimerEvent: {}
[66.935199] (-) TimerEvent: {}
[67.035486] (-) TimerEvent: {}
[67.135845] (-) TimerEvent: {}
[67.236207] (-) TimerEvent: {}
[67.336592] (-) TimerEvent: {}
[67.436914] (-) TimerEvent: {}
[67.537223] (-) TimerEvent: {}
[67.637539] (-) TimerEvent: {}
[67.737945] (-) TimerEvent: {}
[67.838310] (-) TimerEvent: {}
[67.938593] (-) TimerEvent: {}
[68.038939] (-) TimerEvent: {}
[68.139322] (-) TimerEvent: {}
[68.239654] (-) TimerEvent: {}
[68.340050] (-) TimerEvent: {}
[68.440355] (-) TimerEvent: {}
[68.540660] (-) TimerEvent: {}
[68.641043] (-) TimerEvent: {}
[68.741461] (-) TimerEvent: {}
[68.841978] (-) TimerEvent: {}
[68.942447] (-) TimerEvent: {}
[69.160321] (-) TimerEvent: {}
[69.260663] (-) TimerEvent: {}
[69.361161] (-) TimerEvent: {}
[69.461732] (-) TimerEvent: {}
[69.562164] (-) TimerEvent: {}
[69.662620] (-) TimerEvent: {}
[69.763035] (-) TimerEvent: {}
[69.863584] (-) TimerEvent: {}
[69.963953] (-) TimerEvent: {}
[70.064328] (-) TimerEvent: {}
[70.164616] (-) TimerEvent: {}
[70.368896] (-) TimerEvent: {}
[70.469145] (-) TimerEvent: {}
[70.569382] (-) TimerEvent: {}
[70.669745] (-) TimerEvent: {}
[70.770021] (-) TimerEvent: {}
[70.870332] (-) TimerEvent: {}
[70.970645] (-) TimerEvent: {}
[71.070940] (-) TimerEvent: {}
[71.171284] (-) TimerEvent: {}
[71.271558] (-) TimerEvent: {}
[71.371942] (-) TimerEvent: {}
[71.472286] (-) TimerEvent: {}
[71.572635] (-) TimerEvent: {}
[71.673031] (-) TimerEvent: {}
[71.773320] (-) TimerEvent: {}
[71.873552] (-) TimerEvent: {}
[71.973806] (-) TimerEvent: {}
[72.074185] (-) TimerEvent: {}
[72.174547] (-) TimerEvent: {}
[72.274865] (-) TimerEvent: {}
[72.375208] (-) TimerEvent: {}
[72.475447] (-) TimerEvent: {}
[72.575694] (-) TimerEvent: {}
[72.675912] (-) TimerEvent: {}
[72.776230] (-) TimerEvent: {}
[72.876458] (-) TimerEvent: {}
[72.976799] (-) TimerEvent: {}
[73.077175] (-) TimerEvent: {}
[73.177445] (-) TimerEvent: {}
[73.277872] (-) TimerEvent: {}
[73.378241] (-) TimerEvent: {}
[73.478476] (-) TimerEvent: {}
[73.578699] (-) TimerEvent: {}
[73.679063] (-) TimerEvent: {}
[73.779377] (-) TimerEvent: {}
[73.879683] (-) TimerEvent: {}
[73.980145] (-) TimerEvent: {}
[74.080525] (-) TimerEvent: {}
[74.180889] (-) TimerEvent: {}
[74.281351] (-) TimerEvent: {}
[74.381671] (-) TimerEvent: {}
[74.482045] (-) TimerEvent: {}
[74.582352] (-) TimerEvent: {}
[74.682657] (-) TimerEvent: {}
[74.783031] (-) TimerEvent: {}
[74.883519] (-) TimerEvent: {}
[74.983807] (-) TimerEvent: {}
[75.084226] (-) TimerEvent: {}
[75.184592] (-) TimerEvent: {}
[75.284894] (-) TimerEvent: {}
[75.385269] (-) TimerEvent: {}
[75.485656] (-) TimerEvent: {}
[75.585973] (-) TimerEvent: {}
[75.686324] (-) TimerEvent: {}
[75.786629] (-) TimerEvent: {}
[75.886992] (-) TimerEvent: {}
[75.987253] (-) TimerEvent: {}
[76.087472] (-) TimerEvent: {}
[76.187752] (-) TimerEvent: {}
[76.288111] (-) TimerEvent: {}
[76.388379] (-) TimerEvent: {}
[76.488600] (-) TimerEvent: {}
[76.588818] (-) TimerEvent: {}
[76.689155] (-) TimerEvent: {}
[76.789420] (-) TimerEvent: {}
[76.889669] (-) TimerEvent: {}
[76.989997] (-) TimerEvent: {}
[77.090318] (-) TimerEvent: {}
[77.190594] (-) TimerEvent: {}
[77.290937] (-) TimerEvent: {}
[77.391289] (-) TimerEvent: {}
[77.491587] (-) TimerEvent: {}
[77.591813] (-) TimerEvent: {}
[77.692162] (-) TimerEvent: {}
[77.792414] (-) TimerEvent: {}
[77.892690] (-) TimerEvent: {}
[77.993125] (-) TimerEvent: {}
[78.093533] (-) TimerEvent: {}
[78.193935] (-) TimerEvent: {}
[78.294346] (-) TimerEvent: {}
[78.394591] (-) TimerEvent: {}
[78.494819] (-) TimerEvent: {}
[78.595178] (-) TimerEvent: {}
[78.695624] (-) TimerEvent: {}
[78.795967] (-) TimerEvent: {}
[78.896289] (-) TimerEvent: {}
[78.996603] (-) TimerEvent: {}
[79.097016] (-) TimerEvent: {}
[79.197313] (-) TimerEvent: {}
[79.517159] (-) TimerEvent: {}
[79.617492] (-) TimerEvent: {}
[79.717762] (-) TimerEvent: {}
[79.818088] (-) TimerEvent: {}
[79.918595] (-) TimerEvent: {}
[80.019000] (-) TimerEvent: {}
[80.119487] (-) TimerEvent: {}
[80.219950] (-) TimerEvent: {}
[80.320449] (-) TimerEvent: {}
[80.420906] (-) TimerEvent: {}
[80.521207] (-) TimerEvent: {}
[80.621504] (-) TimerEvent: {}
[80.721884] (-) TimerEvent: {}
[80.822264] (-) TimerEvent: {}
[80.922568] (-) TimerEvent: {}
[81.023081] (-) TimerEvent: {}
[81.123365] (-) TimerEvent: {}
[81.223660] (-) TimerEvent: {}
[81.324071] (-) TimerEvent: {}
[81.424375] (-) TimerEvent: {}
[81.654437] (-) TimerEvent: {}
[81.754693] (-) TimerEvent: {}
[81.854979] (-) TimerEvent: {}
[81.955265] (-) TimerEvent: {}
[82.055517] (-) TimerEvent: {}
[82.155857] (-) TimerEvent: {}
[82.256253] (-) TimerEvent: {}
[82.356655] (-) TimerEvent: {}
[82.457021] (-) TimerEvent: {}
[82.557366] (-) TimerEvent: {}
[82.657734] (-) TimerEvent: {}
[82.758130] (-) TimerEvent: {}
[82.858499] (-) TimerEvent: {}
[82.958886] (-) TimerEvent: {}
[83.059275] (-) TimerEvent: {}
[83.159635] (-) TimerEvent: {}
[83.260075] (-) TimerEvent: {}
[83.360440] (-) TimerEvent: {}
[83.460790] (-) TimerEvent: {}
[83.561207] (-) TimerEvent: {}
[83.661518] (-) TimerEvent: {}
[83.761794] (-) TimerEvent: {}
[83.862121] (-) TimerEvent: {}
[83.962485] (-) TimerEvent: {}
[84.062868] (-) TimerEvent: {}
[84.163185] (-) TimerEvent: {}
[84.263558] (-) TimerEvent: {}
[84.363865] (-) TimerEvent: {}
[84.464202] (-) TimerEvent: {}
[84.564540] (-) TimerEvent: {}
[84.664961] (-) TimerEvent: {}
[84.765318] (-) TimerEvent: {}
[84.865688] (-) TimerEvent: {}
[84.966067] (-) TimerEvent: {}
[85.066484] (-) TimerEvent: {}
[85.166894] (-) TimerEvent: {}
[85.267248] (-) TimerEvent: {}
[85.367629] (-) TimerEvent: {}
[85.467972] (-) TimerEvent: {}
[85.568335] (-) TimerEvent: {}
[85.668731] (-) TimerEvent: {}
[85.769143] (-) TimerEvent: {}
[85.869491] (-) TimerEvent: {}
[85.969848] (-) TimerEvent: {}
[86.070301] (-) TimerEvent: {}
[86.170646] (-) TimerEvent: {}
[86.270975] (-) TimerEvent: {}
[86.371340] (-) TimerEvent: {}
[86.471632] (-) TimerEvent: {}
[86.571841] (-) TimerEvent: {}
[86.672201] (-) TimerEvent: {}
[86.772502] (-) TimerEvent: {}
[86.872804] (-) TimerEvent: {}
[86.973266] (-) TimerEvent: {}
[87.073624] (-) TimerEvent: {}
[87.173905] (-) TimerEvent: {}
[87.274296] (-) TimerEvent: {}
[87.374527] (-) TimerEvent: {}
[87.474793] (-) TimerEvent: {}
[87.575215] (-) TimerEvent: {}
[87.675526] (-) TimerEvent: {}
[87.775857] (-) TimerEvent: {}
[87.884726] (-) TimerEvent: {}
[87.984923] (-) TimerEvent: {}
[88.085209] (-) TimerEvent: {}
[88.185482] (-) TimerEvent: {}
[88.285808] (-) TimerEvent: {}
[88.386205] (-) TimerEvent: {}
[88.486505] (-) TimerEvent: {}
[88.586812] (-) TimerEvent: {}
[88.687084] (-) TimerEvent: {}
[88.787489] (-) TimerEvent: {}
[88.887872] (-) TimerEvent: {}
[88.988230] (-) TimerEvent: {}
[89.088494] (-) TimerEvent: {}
[89.188753] (-) TimerEvent: {}
[89.289066] (-) TimerEvent: {}
[89.389360] (-) TimerEvent: {}
[89.489614] (-) TimerEvent: {}
[89.589940] (-) TimerEvent: {}
[89.690251] (-) TimerEvent: {}
[89.790485] (-) TimerEvent: {}
[89.890727] (-) TimerEvent: {}
[89.991030] (-) TimerEvent: {}
[90.091538] (-) TimerEvent: {}
[90.191870] (-) TimerEvent: {}
[90.292203] (-) TimerEvent: {}
[90.399525] (-) TimerEvent: {}
[90.499787] (-) TimerEvent: {}
[90.600077] (-) TimerEvent: {}
[90.700394] (-) TimerEvent: {}
[90.800765] (-) TimerEvent: {}
[91.059956] (-) TimerEvent: {}
[91.160189] (-) TimerEvent: {}
[91.260544] (-) TimerEvent: {}
[91.360939] (-) TimerEvent: {}
[91.461268] (-) TimerEvent: {}
[91.561541] (-) TimerEvent: {}
[91.661927] (-) TimerEvent: {}
[91.762309] (-) TimerEvent: {}
[91.862658] (-) TimerEvent: {}
[91.962997] (-) TimerEvent: {}
[92.063284] (-) TimerEvent: {}
[92.163597] (-) TimerEvent: {}
[92.293425] (-) TimerEvent: {}
[92.393702] (-) TimerEvent: {}
[92.493990] (-) TimerEvent: {}
[92.594340] (-) TimerEvent: {}
[92.694600] (-) TimerEvent: {}
[92.795000] (-) TimerEvent: {}
[92.895286] (-) TimerEvent: {}
[92.995579] (-) TimerEvent: {}
[93.096020] (-) TimerEvent: {}
[93.196313] (-) TimerEvent: {}
[93.296619] (-) TimerEvent: {}
[93.397007] (-) TimerEvent: {}
[93.497339] (-) TimerEvent: {}
[93.597676] (-) TimerEvent: {}
[93.698125] (-) TimerEvent: {}
[93.798532] (-) TimerEvent: {}
[93.898966] (-) TimerEvent: {}
[93.999375] (-) TimerEvent: {}
[94.103821] (-) TimerEvent: {}
[94.204157] (-) TimerEvent: {}
[94.304483] (-) TimerEvent: {}
[94.404750] (-) TimerEvent: {}
[94.505444] (-) TimerEvent: {}
[94.605827] (-) TimerEvent: {}
[94.706188] (-) TimerEvent: {}
[94.806448] (-) TimerEvent: {}
[94.906723] (-) TimerEvent: {}
[95.007119] (-) TimerEvent: {}
[95.107370] (-) TimerEvent: {}
[95.207638] (-) TimerEvent: {}
[95.308013] (-) TimerEvent: {}
[95.408285] (-) TimerEvent: {}
[95.508497] (-) TimerEvent: {}
[95.608724] (-) TimerEvent: {}
[95.709080] (-) TimerEvent: {}
[95.809394] (-) TimerEvent: {}
[95.909610] (-) TimerEvent: {}
[96.009979] (-) TimerEvent: {}
[96.110291] (-) TimerEvent: {}
[96.210551] (-) TimerEvent: {}
[96.310772] (-) TimerEvent: {}
[96.410954] (-) TimerEvent: {}
[96.511330] (-) TimerEvent: {}
[96.611682] (-) TimerEvent: {}
[96.712021] (-) TimerEvent: {}
[96.812245] (-) TimerEvent: {}
[96.912455] (-) TimerEvent: {}
[97.012711] (-) TimerEvent: {}
[97.112948] (-) TimerEvent: {}
[97.213204] (-) TimerEvent: {}
[97.313361] (-) TimerEvent: {}
[97.413606] (-) TimerEvent: {}
[97.513791] (-) TimerEvent: {}
[97.614057] (-) TimerEvent: {}
[97.714222] (-) TimerEvent: {}
[97.814480] (-) TimerEvent: {}
[97.914661] (-) TimerEvent: {}
[98.014928] (-) TimerEvent: {}
[98.115206] (-) TimerEvent: {}
[98.215370] (-) TimerEvent: {}
[98.315555] (-) TimerEvent: {}
[98.415733] (-) TimerEvent: {}
[98.516456] (-) TimerEvent: {}
[98.616624] (-) TimerEvent: {}
[98.717144] (-) TimerEvent: {}
[98.817322] (-) TimerEvent: {}
[98.917479] (-) TimerEvent: {}
[99.017810] (-) TimerEvent: {}
[99.118116] (-) TimerEvent: {}
[99.218301] (-) TimerEvent: {}
[99.318476] (-) TimerEvent: {}
[99.418666] (-) TimerEvent: {}
[99.518951] (-) TimerEvent: {}
[99.619211] (-) TimerEvent: {}
[99.719377] (-) TimerEvent: {}
[99.819541] (-) TimerEvent: {}
[99.919735] (-) TimerEvent: {}
[100.019888] (-) TimerEvent: {}
[100.120045] (-) TimerEvent: {}
[100.220243] (-) TimerEvent: {}
[100.320397] (-) TimerEvent: {}
[100.420577] (-) TimerEvent: {}
[100.520766] (-) TimerEvent: {}
[100.621042] (-) TimerEvent: {}
[100.721247] (-) TimerEvent: {}
[100.821408] (-) TimerEvent: {}
[100.921597] (-) TimerEvent: {}
[101.021784] (-) TimerEvent: {}
[101.122028] (-) TimerEvent: {}
[101.222256] (-) TimerEvent: {}
[101.322424] (-) TimerEvent: {}
[101.422603] (-) TimerEvent: {}
[101.522786] (-) TimerEvent: {}
[101.623044] (-) TimerEvent: {}
[101.723242] (-) TimerEvent: {}
[101.823404] (-) TimerEvent: {}
[101.923609] (-) TimerEvent: {}
[102.023801] (-) TimerEvent: {}
[102.124101] (-) TimerEvent: {}
[102.224300] (-) TimerEvent: {}
[102.324458] (-) TimerEvent: {}
[102.424647] (-) TimerEvent: {}
[102.524895] (-) TimerEvent: {}
[102.625160] (-) TimerEvent: {}
[102.725331] (-) TimerEvent: {}
[102.825519] (-) TimerEvent: {}
[102.925719] (-) TimerEvent: {}
[103.025970] (-) TimerEvent: {}
[103.126245] (-) TimerEvent: {}
[103.226407] (-) TimerEvent: {}
[103.326653] (-) TimerEvent: {}
[103.426912] (-) TimerEvent: {}
[103.527164] (-) TimerEvent: {}
[103.627432] (-) TimerEvent: {}
[103.727590] (-) TimerEvent: {}
[103.827855] (-) TimerEvent: {}
[103.928100] (-) TimerEvent: {}
[104.028395] (-) TimerEvent: {}
[104.128632] (-) TimerEvent: {}
[104.228881] (-) TimerEvent: {}
[104.329150] (-) TimerEvent: {}
[104.429395] (-) TimerEvent: {}
[104.529584] (-) TimerEvent: {}
[104.629851] (-) TimerEvent: {}
[104.730101] (-) TimerEvent: {}
[104.830265] (-) TimerEvent: {}
[104.930420] (-) TimerEvent: {}
[105.030565] (-) TimerEvent: {}
[105.130820] (-) TimerEvent: {}
[105.231070] (-) TimerEvent: {}
[105.331254] (-) TimerEvent: {}
[105.431389] (-) TimerEvent: {}
[105.531525] (-) TimerEvent: {}
[105.631715] (-) TimerEvent: {}
[105.731947] (-) TimerEvent: {}
[105.832081] (-) TimerEvent: {}
[105.932223] (-) TimerEvent: {}
[106.032361] (-) TimerEvent: {}
[106.132586] (-) TimerEvent: {}
[106.232728] (-) TimerEvent: {}
[106.332931] (-) TimerEvent: {}
[106.433176] (-) TimerEvent: {}
[106.533313] (-) TimerEvent: {}
[106.633470] (-) TimerEvent: {}
[106.733608] (-) TimerEvent: {}
[106.833829] (-) TimerEvent: {}
[106.934407] (-) TimerEvent: {}
[107.034563] (-) TimerEvent: {}
[107.134746] (-) TimerEvent: {}
[107.234921] (-) TimerEvent: {}
[107.335250] (-) TimerEvent: {}
[107.435457] (-) TimerEvent: {}
[107.535624] (-) TimerEvent: {}
[107.635865] (-) TimerEvent: {}
[107.736078] (-) TimerEvent: {}
[107.836252] (-) TimerEvent: {}
[107.936425] (-) TimerEvent: {}
[108.036628] (-) TimerEvent: {}
[108.136891] (-) TimerEvent: {}
[108.237127] (-) TimerEvent: {}
[108.337289] (-) TimerEvent: {}
[108.437455] (-) TimerEvent: {}
[108.537642] (-) TimerEvent: {}
[108.637834] (-) TimerEvent: {}
[108.738003] (-) TimerEvent: {}
[108.838217] (-) TimerEvent: {}
[108.938382] (-) TimerEvent: {}
[109.038576] (-) TimerEvent: {}
[109.138766] (-) TimerEvent: {}
[109.239026] (-) TimerEvent: {}
[109.339262] (-) TimerEvent: {}
[109.439434] (-) TimerEvent: {}
[109.487730] (go2_robot) StdoutLine: {'line': b'[ 97%] Linking CXX executable go2_control_node\n'}
[109.539656] (-) TimerEvent: {}
[109.639928] (-) TimerEvent: {}
[109.660305] (go2_robot) StdoutLine: {'line': b'[100%] Built target go2_control_node\n'}
[109.670196] (go2_robot) CommandEnded: {'returncode': 0}
[109.670992] (go2_robot) JobProgress: {'identifier': 'go2_robot', 'progress': 'install'}
[109.683827] (go2_robot) Command: {'cmd': ['/usr/bin/cmake', '--install', '/home/hong/Movement_Control/Go2Robot/build/go2_robot'], 'cwd': '/home/hong/Movement_Control/Go2Robot/build/go2_robot', 'env': OrderedDict([('GJS_DEBUG_TOPICS', 'JS ERROR;JS LOG'), ('PYTHONIOENCODING', 'utf-8'), ('ZAI_OAUTH_CLIENT_ID', 'client_P8X5CMWmlaRO9gyO-KSqtg'), ('ZCODE_DESKTOP_CONTEXT_PROMPT_ENABLED', '1'), ('LANGUAGE', 'zh_CN:zh:en_US:en'), ('USER', 'hong'), ('LC_TIME', 'zh_CN.UTF-8'), ('GIT_EDITOR', 'true'), ('XDG_SESSION_TYPE', 'x11'), ('SHLVL', '0'), ('LD_LIBRARY_PATH', '/home/hong/Movement_Control/Go2Robot/install/go2_robot/lib:/usr/lib/x86_64-linux-gnu/gazebo-11/plugins:/opt/ros/humble/opt/rviz_ogre_vendor/lib:/opt/ros/humble/lib/x86_64-linux-gnu:/opt/ros/humble/lib:/tmp/.mount_ZCode-wMDykL/usr/lib:'), ('INPUT_METHOD', 'fcitx'), ('HOME', '/home/hong'), ('CHROME_DESKTOP', 'zcode.desktop'), ('APPDIR', '/tmp/.mount_ZCode-wMDykL'), ('DESKTOP_SESSION', 'ubuntu'), ('ZAI_OAUTH_ORIGIN', 'https://chat.z.ai'), ('GIO_LAUNCHED_DESKTOP_FILE', '/home/hong/.local/share/applications/zcode.desktop'), ('ZCODE_APP_VERSION', '3.10.2'), ('ROS_PYTHON_VERSION', '3'), ('GNOME_SHELL_SESSION_MODE', 'ubuntu'), ('GTK_MODULES', 'gail:atk-bridge'), ('SDL_IM_MODULE', 'fcitx'), ('LC_MONETARY', 'zh_CN.UTF-8'), ('MANAGERPID', '2192'), ('LC_CTYPE', 'zh_CN.UTF-8'), ('GLFW_IM_MODULE', 'ibus'), ('SYSTEMD_EXEC_PID', '2437'), ('DBUS_SESSION_BUS_ADDRESS', 'unix:path=/run/user/1000/bus'), ('ZCODE_PROCESS_LABEL', 'local-1'), ('GIO_LAUNCHED_DESKTOP_FILE_PID', '43852'), ('COLCON_PREFIX_PATH', '/home/hong/Movement_Control/Go2Robot/install'), ('ROS_DISTRO', 'humble'), ('GTK_IM_MODULE', 'ibus'), ('LOGNAME', 'hong'), ('ZCODE_RUNTIME_ENV', 'production'), ('OWD', '/home/hong'), ('JOURNAL_STREAM', '8:13613'), ('_', '/usr/bin/colcon'), ('ROS_VERSION', '2'), ('XDG_SESSION_CLASS', 'user'), ('USERNAME', 'hong'), ('ZAI_BUSINESS_BASE_URL', 'https://api.z.ai'), ('GNOME_DESKTOP_SESSION_ID', 'this-is-deprecated'), ('FC_FONTATIONS', '1'), ('ROS_LOCALHOST_ONLY', '0'), ('WINDOWPATH', '2'), ('PATH', '/opt/ros/humble/bin:/usr/local/sbin:/usr/local/bin:/usr/sbin:/usr/bin:/sbin:/bin:/tmp/.mount_ZCode-wMDykL:/tmp/.mount_ZCode-wMDykL/usr/sbin:/home/hong/.local/bin:/usr/games:/usr/local/games:/snap/bin:/tmp/.mount_ZCode-wMDykL/resources/tools/bfs:/tmp/.mount_ZCode-wMDykL/resources/tools/ripgrep:/tmp/.mount_ZCode-wMDykL/resources/tools/ugrep'), ('SESSION_MANAGER', 'local/hong:@/tmp/.ICE-unix/2413,unix/hong:/tmp/.ICE-unix/2413'), ('INVOCATION_ID', 'c2c17b44c8b4497b97b23583b0c5ca9e'), ('APPIMAGE', '/home/hong/下载/ZCode-3.10.2-linux-x64.AppImage'), ('XDG_MENU_PREFIX', 'gnome-'), ('LC_ADDRESS', 'zh_CN.UTF-8'), ('ZCODE_BUILD_COMMIT_ID', '35824adf'), ('XDG_RUNTIME_DIR', '/run/user/1000'), ('GDK_BACKEND', 'x11'), ('DISPLAY', ':1'), ('ZCODE_BFS_BINARY', '/tmp/.mount_ZCode-wMDykL/resources/tools/bfs/bfs'), ('LANG', 'zh_CN.UTF-8'), ('XDG_CURRENT_DESKTOP', 'ubuntu:GNOME'), ('LC_TELEPHONE', 'zh_CN.UTF-8'), ('XMODIFIERS', '@im=ibus'), ('XDG_SESSION_DESKTOP', 'ubuntu'), ('XAUTHORITY', '/run/user/1000/gdm/Xauthority'), ('SSH_AGENT_LAUNCHER', 'gnome-keyring'), ('SSH_AUTH_SOCK', '/run/user/1000/keyring/ssh'), ('GSETTINGS_SCHEMA_DIR', '/tmp/.mount_ZCode-wMDykL/usr/share/glib-2.0/schemas:'), ('AMENT_PREFIX_PATH', '/home/hong/Movement_Control/Go2Robot/install/go2_robot:/opt/ros/humble'), ('SHELL', '/bin/bash'), ('LC_NAME', 'zh_CN.UTF-8'), ('ARGV0', '/home/hong/下载/ZCode-3.10.2-linux-x64.AppImage'), ('QT_ACCESSIBILITY', '1'), ('GDMSESSION', 'ubuntu'), ('PYTHONUTF8', '1'), ('LC_MEASUREMENT', 'zh_CN.UTF-8'), ('GPG_AGENT_INFO', '/run/user/1000/gnupg/S.gpg-agent:0:1'), ('GJS_DEBUG_OUTPUT', 'stderr'), ('LC_IDENTIFICATION', 'zh_CN.UTF-8'), ('ZCODE_CUA_GRAY_ENABLED', '0'), ('QT_IM_MODULE', 'ibus'), ('PWD', '/home/hong/Movement_Control/Go2Robot/build/go2_robot'), ('ZCODE_BASE_URL', 'https://zcode.z.ai'), ('XDG_CONFIG_DIRS', '/etc/xdg/xdg-ubuntu:/etc/xdg'), ('XDG_DATA_DIRS', '/tmp/.mount_ZCode-wMDykL/usr/share/:./share/:/usr/share/gnome:/usr/local/share/:/usr/share/:/usr/share/ubuntu:/usr/share/gnome:/usr/local/share/:/usr/share/:/var/lib/snapd/desktop:/usr/share/gnome/:/usr/local/share/:/usr/share/'), ('ZCODE_RG_BINARY', '/tmp/.mount_ZCode-wMDykL/resources/tools/ripgrep/rg'), ('PYTHONPATH', '/home/hong/Movement_Control/Go2Robot/install/go2_robot/local/lib/python3.10/dist-packages:/opt/ros/humble/lib/python3.10/site-packages:/opt/ros/humble/local/lib/python3.10/dist-packages'), ('ZCODE_UGREP_BINARY', '/tmp/.mount_ZCode-wMDykL/resources/tools/ugrep/ugrep'), ('ZCODE_ENV', 'production'), ('LC_NUMERIC', 'zh_CN.UTF-8'), ('LC_PAPER', 'zh_CN.UTF-8'), ('COLCON', '1'), ('CMAKE_PREFIX_PATH', '/home/hong/Movement_Control/Go2Robot/install/go2_robot:/opt/ros/humble')]), 'shell': False}
[109.702143] (go2_robot) StdoutLine: {'line': b'-- Install configuration: "Release"\n'}
[109.702409] (go2_robot) StdoutLine: {'line': b'-- Up-to-date: /home/hong/Movement_Control/Go2Robot/install/go2_robot/share/ament_index/resource_index/rosidl_interfaces/go2_robot\n'}
[109.702608] (go2_robot) StdoutLine: {'line': b'-- Up-to-date: /home/hong/Movement_Control/Go2Robot/install/go2_robot/include/go2_robot/go2_robot\n'}
[109.702725] (go2_robot) StdoutLine: {'line': b'-- Up-to-date: /home/hong/Movement_Control/Go2Robot/install/go2_robot/include/go2_robot/go2_robot/msg\n'}
[109.702950] (go2_robot) StdoutLine: {'line': b'-- Up-to-date: /home/hong/Movement_Control/Go2Robot/install/go2_robot/include/go2_robot/go2_robot/msg/rosidl_generator_c__visibility_control.h\n'}
[109.703225] (go2_robot) StdoutLine: {'line': b'-- Up-to-date: /home/hong/Movement_Control/Go2Robot/install/go2_robot/include/go2_robot/go2_robot/msg/go2_telemetry.h\n'}
[109.704073] (go2_robot) StdoutLine: {'line': b'-- Up-to-date: /home/hong/Movement_Control/Go2Robot/install/go2_robot/include/go2_robot/go2_robot/msg/detail\n'}
[109.704194] (go2_robot) StdoutLine: {'line': b'-- Up-to-date: /home/hong/Movement_Control/Go2Robot/install/go2_robot/include/go2_robot/go2_robot/msg/detail/go2_telemetry__functions.c\n'}
[109.704269] (go2_robot) StdoutLine: {'line': b'-- Up-to-date: /home/hong/Movement_Control/Go2Robot/install/go2_robot/include/go2_robot/go2_robot/msg/detail/go2_telemetry__type_support.h\n'}
[109.704334] (go2_robot) StdoutLine: {'line': b'-- Up-to-date: /home/hong/Movement_Control/Go2Robot/install/go2_robot/include/go2_robot/go2_robot/msg/detail/go2_telemetry__functions.h\n'}
[109.704398] (go2_robot) StdoutLine: {'line': b'-- Up-to-date: /home/hong/Movement_Control/Go2Robot/install/go2_robot/include/go2_robot/go2_robot/msg/detail/go2_telemetry__struct.h\n'}
[109.704734] (go2_robot) StdoutLine: {'line': b'-- Up-to-date: /home/hong/Movement_Control/Go2Robot/install/go2_robot/share/go2_robot/environment/library_path.sh\n'}
[109.704813] (go2_robot) StdoutLine: {'line': b'-- Up-to-date: /home/hong/Movement_Control/Go2Robot/install/go2_robot/share/go2_robot/environment/library_path.dsv\n'}
[109.704880] (go2_robot) StdoutLine: {'line': b'-- Up-to-date: /home/hong/Movement_Control/Go2Robot/install/go2_robot/lib/libgo2_robot__rosidl_generator_c.so\n'}
[109.705503] (go2_robot) StdoutLine: {'line': b'-- Up-to-date: /home/hong/Movement_Control/Go2Robot/install/go2_robot/include/go2_robot/go2_robot\n'}
[109.705738] (go2_robot) StdoutLine: {'line': b'-- Up-to-date: /home/hong/Movement_Control/Go2Robot/install/go2_robot/include/go2_robot/go2_robot/msg\n'}
[109.705811] (go2_robot) StdoutLine: {'line': b'-- Up-to-date: /home/hong/Movement_Control/Go2Robot/install/go2_robot/include/go2_robot/go2_robot/msg/rosidl_typesupport_fastrtps_c__visibility_control.h\n'}
[109.705879] (go2_robot) StdoutLine: {'line': b'-- Up-to-date: /home/hong/Movement_Control/Go2Robot/install/go2_robot/include/go2_robot/go2_robot/msg/detail\n'}
[109.705941] (go2_robot) StdoutLine: {'line': b'-- Up-to-date: /home/hong/Movement_Control/Go2Robot/install/go2_robot/include/go2_robot/go2_robot/msg/detail/go2_telemetry__rosidl_typesupport_fastrtps_c.h\n'}
[109.706002] (go2_robot) StdoutLine: {'line': b'-- Up-to-date: /home/hong/Movement_Control/Go2Robot/install/go2_robot/lib/libgo2_robot__rosidl_typesupport_fastrtps_c.so\n'}
[109.706246] (go2_robot) StdoutLine: {'line': b'-- Up-to-date: /home/hong/Movement_Control/Go2Robot/install/go2_robot/include/go2_robot/go2_robot\n'}
[109.706306] (go2_robot) StdoutLine: {'line': b'-- Up-to-date: /home/hong/Movement_Control/Go2Robot/install/go2_robot/include/go2_robot/go2_robot/msg\n'}
[109.706363] (go2_robot) StdoutLine: {'line': b'-- Up-to-date: /home/hong/Movement_Control/Go2Robot/install/go2_robot/include/go2_robot/go2_robot/msg/rosidl_generator_cpp__visibility_control.hpp\n'}
[109.706420] (go2_robot) StdoutLine: {'line': b'-- Up-to-date: /home/hong/Movement_Control/Go2Robot/install/go2_robot/include/go2_robot/go2_robot/msg/go2_telemetry.hpp\n'}
[109.706476] (go2_robot) StdoutLine: {'line': b'-- Up-to-date: /home/hong/Movement_Control/Go2Robot/install/go2_robot/include/go2_robot/go2_robot/msg/detail\n'}
[109.706529] (go2_robot) StdoutLine: {'line': b'-- Up-to-date: /home/hong/Movement_Control/Go2Robot/install/go2_robot/include/go2_robot/go2_robot/msg/detail/go2_telemetry__builder.hpp\n'}
[109.706584] (go2_robot) StdoutLine: {'line': b'-- Up-to-date: /home/hong/Movement_Control/Go2Robot/install/go2_robot/include/go2_robot/go2_robot/msg/detail/go2_telemetry__type_support.hpp\n'}
[109.706635] (go2_robot) StdoutLine: {'line': b'-- Up-to-date: /home/hong/Movement_Control/Go2Robot/install/go2_robot/include/go2_robot/go2_robot/msg/detail/go2_telemetry__traits.hpp\n'}
[109.706688] (go2_robot) StdoutLine: {'line': b'-- Up-to-date: /home/hong/Movement_Control/Go2Robot/install/go2_robot/include/go2_robot/go2_robot/msg/detail/go2_telemetry__struct.hpp\n'}
[109.706741] (go2_robot) StdoutLine: {'line': b'-- Up-to-date: /home/hong/Movement_Control/Go2Robot/install/go2_robot/include/go2_robot/go2_robot\n'}
[109.706794] (go2_robot) StdoutLine: {'line': b'-- Up-to-date: /home/hong/Movement_Control/Go2Robot/install/go2_robot/include/go2_robot/go2_robot/msg\n'}
[109.706847] (go2_robot) StdoutLine: {'line': b'-- Up-to-date: /home/hong/Movement_Control/Go2Robot/install/go2_robot/include/go2_robot/go2_robot/msg/rosidl_typesupport_fastrtps_cpp__visibility_control.h\n'}
[109.706901] (go2_robot) StdoutLine: {'line': b'-- Up-to-date: /home/hong/Movement_Control/Go2Robot/install/go2_robot/include/go2_robot/go2_robot/msg/detail\n'}
[109.706954] (go2_robot) StdoutLine: {'line': b'-- Up-to-date: /home/hong/Movement_Control/Go2Robot/install/go2_robot/include/go2_robot/go2_robot/msg/detail/go2_telemetry__rosidl_typesupport_fastrtps_cpp.hpp\n'}
[109.707008] (go2_robot) StdoutLine: {'line': b'-- Up-to-date: /home/hong/Movement_Control/Go2Robot/install/go2_robot/include/go2_robot/go2_robot/msg/detail/dds_fastrtps\n'}
[109.707085] (go2_robot) StdoutLine: {'line': b'-- Up-to-date: /home/hong/Movement_Control/Go2Robot/install/go2_robot/lib/libgo2_robot__rosidl_typesupport_fastrtps_cpp.so\n'}
[109.707151] (go2_robot) StdoutLine: {'line': b'-- Up-to-date: /home/hong/Movement_Control/Go2Robot/install/go2_robot/include/go2_robot/go2_robot\n'}
[109.707206] (go2_robot) StdoutLine: {'line': b'-- Up-to-date: /home/hong/Movement_Control/Go2Robot/install/go2_robot/include/go2_robot/go2_robot/msg\n'}
[109.707262] (go2_robot) StdoutLine: {'line': b'-- Up-to-date: /home/hong/Movement_Control/Go2Robot/install/go2_robot/include/go2_robot/go2_robot/msg/rosidl_typesupport_introspection_c__visibility_control.h\n'}
[109.707316] (go2_robot) StdoutLine: {'line': b'-- Up-to-date: /home/hong/Movement_Control/Go2Robot/install/go2_robot/include/go2_robot/go2_robot/msg/detail\n'}
[109.707370] (go2_robot) StdoutLine: {'line': b'-- Up-to-date: /home/hong/Movement_Control/Go2Robot/install/go2_robot/include/go2_robot/go2_robot/msg/detail/go2_telemetry__type_support.c\n'}
[109.707425] (go2_robot) StdoutLine: {'line': b'-- Up-to-date: /home/hong/Movement_Control/Go2Robot/install/go2_robot/include/go2_robot/go2_robot/msg/detail/go2_telemetry__rosidl_typesupport_introspection_c.h\n'}
[109.707478] (go2_robot) StdoutLine: {'line': b'-- Up-to-date: /home/hong/Movement_Control/Go2Robot/install/go2_robot/lib/libgo2_robot__rosidl_typesupport_introspection_c.so\n'}
[109.707533] (go2_robot) StdoutLine: {'line': b'-- Up-to-date: /home/hong/Movement_Control/Go2Robot/install/go2_robot/lib/libgo2_robot__rosidl_typesupport_c.so\n'}
[109.707587] (go2_robot) StdoutLine: {'line': b'-- Up-to-date: /home/hong/Movement_Control/Go2Robot/install/go2_robot/include/go2_robot/go2_robot\n'}
[109.707642] (go2_robot) StdoutLine: {'line': b'-- Up-to-date: /home/hong/Movement_Control/Go2Robot/install/go2_robot/include/go2_robot/go2_robot/msg\n'}
[109.707694] (go2_robot) StdoutLine: {'line': b'-- Up-to-date: /home/hong/Movement_Control/Go2Robot/install/go2_robot/include/go2_robot/go2_robot/msg/detail\n'}
[109.707763] (go2_robot) StdoutLine: {'line': b'-- Up-to-date: /home/hong/Movement_Control/Go2Robot/install/go2_robot/include/go2_robot/go2_robot/msg/detail/go2_telemetry__rosidl_typesupport_introspection_cpp.hpp\n'}
[109.707816] (go2_robot) StdoutLine: {'line': b'-- Up-to-date: /home/hong/Movement_Control/Go2Robot/install/go2_robot/include/go2_robot/go2_robot/msg/detail/go2_telemetry__type_support.cpp\n'}
[109.707870] (go2_robot) StdoutLine: {'line': b'-- Up-to-date: /home/hong/Movement_Control/Go2Robot/install/go2_robot/lib/libgo2_robot__rosidl_typesupport_introspection_cpp.so\n'}
[109.707924] (go2_robot) StdoutLine: {'line': b'-- Up-to-date: /home/hong/Movement_Control/Go2Robot/install/go2_robot/lib/libgo2_robot__rosidl_typesupport_cpp.so\n'}
[109.707975] (go2_robot) StdoutLine: {'line': b'-- Up-to-date: /home/hong/Movement_Control/Go2Robot/install/go2_robot/share/go2_robot/environment/pythonpath.sh\n'}
[109.708028] (go2_robot) StdoutLine: {'line': b'-- Up-to-date: /home/hong/Movement_Control/Go2Robot/install/go2_robot/share/go2_robot/environment/pythonpath.dsv\n'}
[109.708072] (go2_robot) StdoutLine: {'line': b'-- Up-to-date: /home/hong/Movement_Control/Go2Robot/install/go2_robot/local/lib/python3.10/dist-packages/go2_robot-0.1.0-py3.10.egg-info\n'}
[109.708107] (go2_robot) StdoutLine: {'line': b'-- Installing: /home/hong/Movement_Control/Go2Robot/install/go2_robot/local/lib/python3.10/dist-packages/go2_robot-0.1.0-py3.10.egg-info/SOURCES.txt\n'}
[109.708138] (go2_robot) StdoutLine: {'line': b'-- Installing: /home/hong/Movement_Control/Go2Robot/install/go2_robot/local/lib/python3.10/dist-packages/go2_robot-0.1.0-py3.10.egg-info/top_level.txt\n'}
[109.708164] (go2_robot) StdoutLine: {'line': b'-- Installing: /home/hong/Movement_Control/Go2Robot/install/go2_robot/local/lib/python3.10/dist-packages/go2_robot-0.1.0-py3.10.egg-info/PKG-INFO\n'}
[109.708189] (go2_robot) StdoutLine: {'line': b'-- Installing: /home/hong/Movement_Control/Go2Robot/install/go2_robot/local/lib/python3.10/dist-packages/go2_robot-0.1.0-py3.10.egg-info/dependency_links.txt\n'}
[109.708217] (go2_robot) StdoutLine: {'line': b'-- Up-to-date: /home/hong/Movement_Control/Go2Robot/install/go2_robot/local/lib/python3.10/dist-packages/go2_robot\n'}
[109.708243] (go2_robot) StdoutLine: {'line': b'-- Up-to-date: /home/hong/Movement_Control/Go2Robot/install/go2_robot/local/lib/python3.10/dist-packages/go2_robot/_go2_robot_s.ep.rosidl_typesupport_fastrtps_c.c\n'}
[109.708269] (go2_robot) StdoutLine: {'line': b'-- Up-to-date: /home/hong/Movement_Control/Go2Robot/install/go2_robot/local/lib/python3.10/dist-packages/go2_robot/go2_robot_s__rosidl_typesupport_fastrtps_c..cpython-310-x86_64-linux-gnu.so\n'}
[109.708295] (go2_robot) StdoutLine: {'line': b'-- Up-to-date: /home/hong/Movement_Control/Go2Robot/install/go2_robot/local/lib/python3.10/dist-packages/go2_robot/__init__.py\n'}
[109.708321] (go2_robot) StdoutLine: {'line': b'-- Up-to-date: /home/hong/Movement_Control/Go2Robot/install/go2_robot/local/lib/python3.10/dist-packages/go2_robot/_go2_robot_s.ep.rosidl_typesupport_introspection_c.c\n'}
[109.708347] (go2_robot) StdoutLine: {'line': b'-- Up-to-date: /home/hong/Movement_Control/Go2Robot/install/go2_robot/local/lib/python3.10/dist-packages/go2_robot/_go2_robot_s.ep.rosidl_typesupport_c.c\n'}
[109.708374] (go2_robot) StdoutLine: {'line': b'-- Up-to-date: /home/hong/Movement_Control/Go2Robot/install/go2_robot/local/lib/python3.10/dist-packages/go2_robot/go2_robot_s__rosidl_typesupport_introspection_c..cpython-310-x86_64-linux-gnu.so\n'}
[109.708400] (go2_robot) StdoutLine: {'line': b'-- Up-to-date: /home/hong/Movement_Control/Go2Robot/install/go2_robot/local/lib/python3.10/dist-packages/go2_robot/msg\n'}
[109.708425] (go2_robot) StdoutLine: {'line': b'-- Up-to-date: /home/hong/Movement_Control/Go2Robot/install/go2_robot/local/lib/python3.10/dist-packages/go2_robot/msg/__init__.py\n'}
[109.708450] (go2_robot) StdoutLine: {'line': b'-- Up-to-date: /home/hong/Movement_Control/Go2Robot/install/go2_robot/local/lib/python3.10/dist-packages/go2_robot/msg/_go2_telemetry.py\n'}
[109.708476] (go2_robot) StdoutLine: {'line': b'-- Up-to-date: /home/hong/Movement_Control/Go2Robot/install/go2_robot/local/lib/python3.10/dist-packages/go2_robot/msg/_go2_telemetry_s.c\n'}
[109.708502] (go2_robot) StdoutLine: {'line': b'-- Up-to-date: /home/hong/Movement_Control/Go2Robot/install/go2_robot/local/lib/python3.10/dist-packages/go2_robot/libgo2_robot__rosidl_generator_py.so\n'}
[109.708527] (go2_robot) StdoutLine: {'line': b'-- Up-to-date: /home/hong/Movement_Control/Go2Robot/install/go2_robot/local/lib/python3.10/dist-packages/go2_robot/go2_robot_s__rosidl_typesupport_c..cpython-310-x86_64-linux-gnu.so\n'}
[109.737742] (go2_robot) StdoutLine: {'line': b"Listing '/home/hong/Movement_Control/Go2Robot/install/go2_robot/local/lib/python3.10/dist-packages/go2_robot'...\n"}
[109.737863] (go2_robot) StdoutLine: {'line': b"Listing '/home/hong/Movement_Control/Go2Robot/install/go2_robot/local/lib/python3.10/dist-packages/go2_robot/msg'...\n"}
[109.740025] (-) TimerEvent: {}
[109.740821] (go2_robot) StdoutLine: {'line': b'-- Up-to-date: /home/hong/Movement_Control/Go2Robot/install/go2_robot/local/lib/python3.10/dist-packages/go2_robot/go2_robot_s__rosidl_typesupport_fastrtps_c..cpython-310-x86_64-linux-gnu.so\n'}
[109.741195] (go2_robot) StdoutLine: {'line': b'-- Up-to-date: /home/hong/Movement_Control/Go2Robot/install/go2_robot/local/lib/python3.10/dist-packages/go2_robot/go2_robot_s__rosidl_typesupport_introspection_c..cpython-310-x86_64-linux-gnu.so\n'}
[109.741249] (go2_robot) StdoutLine: {'line': b'-- Up-to-date: /home/hong/Movement_Control/Go2Robot/install/go2_robot/local/lib/python3.10/dist-packages/go2_robot/go2_robot_s__rosidl_typesupport_c..cpython-310-x86_64-linux-gnu.so\n'}
[109.741278] (go2_robot) StdoutLine: {'line': b'-- Up-to-date: /home/hong/Movement_Control/Go2Robot/install/go2_robot/lib/libgo2_robot__rosidl_generator_py.so\n'}
[109.741306] (go2_robot) StdoutLine: {'line': b'-- Up-to-date: /home/hong/Movement_Control/Go2Robot/install/go2_robot/share/ament_index/resource_index/rust_packages/go2_robot\n'}
[109.741359] (go2_robot) StdoutLine: {'line': b'-- Up-to-date: /home/hong/Movement_Control/Go2Robot/install/go2_robot/share/go2_robot/rust\n'}
[109.741389] (go2_robot) StdoutLine: {'line': b'-- Up-to-date: /home/hong/Movement_Control/Go2Robot/install/go2_robot/share/go2_robot/rust/Cargo.toml\n'}
[109.741417] (go2_robot) StdoutLine: {'line': b'-- Up-to-date: /home/hong/Movement_Control/Go2Robot/install/go2_robot/share/go2_robot/rust/build.rs\n'}
[109.741447] (go2_robot) StdoutLine: {'line': b'-- Up-to-date: /home/hong/Movement_Control/Go2Robot/install/go2_robot/share/go2_robot/rust/src\n'}
[109.741476] (go2_robot) StdoutLine: {'line': b'-- Up-to-date: /home/hong/Movement_Control/Go2Robot/install/go2_robot/share/go2_robot/rust/src/msg\n'}
[109.741504] (go2_robot) StdoutLine: {'line': b'-- Up-to-date: /home/hong/Movement_Control/Go2Robot/install/go2_robot/share/go2_robot/rust/src/msg/rmw.rs\n'}
[109.741533] (go2_robot) StdoutLine: {'line': b'-- Up-to-date: /home/hong/Movement_Control/Go2Robot/install/go2_robot/share/go2_robot/rust/src/lib.rs\n'}
[109.741561] (go2_robot) StdoutLine: {'line': b'-- Up-to-date: /home/hong/Movement_Control/Go2Robot/install/go2_robot/share/go2_robot/rust/src/msg.rs\n'}
[109.741588] (go2_robot) StdoutLine: {'line': b'-- Up-to-date: /home/hong/Movement_Control/Go2Robot/install/go2_robot/share/go2_robot/msg/Go2Telemetry.idl\n'}
[109.741615] (go2_robot) StdoutLine: {'line': b'-- Up-to-date: /home/hong/Movement_Control/Go2Robot/install/go2_robot/share/go2_robot/msg/Go2Telemetry.msg\n'}
[109.741698] (go2_robot) StdoutLine: {'line': b'-- Installing: /home/hong/Movement_Control/Go2Robot/install/go2_robot/lib/go2_robot/go2_control_node\n'}
[109.743067] (go2_robot) StdoutLine: {'line': b'-- Set runtime path of "/home/hong/Movement_Control/Go2Robot/install/go2_robot/lib/go2_robot/go2_control_node" to ""\n'}
[109.743688] (go2_robot) StdoutLine: {'line': b'-- Up-to-date: /home/hong/Movement_Control/Go2Robot/install/go2_robot/share/go2_robot/config\n'}
[109.743760] (go2_robot) StdoutLine: {'line': b'-- Up-to-date: /home/hong/Movement_Control/Go2Robot/install/go2_robot/share/go2_robot/config/go2_params.yaml\n'}
[109.743789] (go2_robot) StdoutLine: {'line': b'-- Up-to-date: /home/hong/Movement_Control/Go2Robot/install/go2_robot/share/go2_robot/config/mpc.yaml\n'}
[109.743884] (go2_robot) StdoutLine: {'line': b'-- Up-to-date: /home/hong/Movement_Control/Go2Robot/install/go2_robot/share/go2_robot/launch\n'}
[109.743911] (go2_robot) StdoutLine: {'line': b'-- Up-to-date: /home/hong/Movement_Control/Go2Robot/install/go2_robot/share/go2_robot/launch/go2_sim.launch.py\n'}
[109.743936] (go2_robot) StdoutLine: {'line': b'-- Up-to-date: /home/hong/Movement_Control/Go2Robot/install/go2_robot/share/go2_robot/launch/__pycache__\n'}
[109.743962] (go2_robot) StdoutLine: {'line': b'-- Up-to-date: /home/hong/Movement_Control/Go2Robot/install/go2_robot/share/go2_robot/launch/__pycache__/go2_sim.launch.cpython-310.pyc\n'}
[109.743990] (go2_robot) StdoutLine: {'line': b'-- Up-to-date: /home/hong/Movement_Control/Go2Robot/install/go2_robot/share/go2_robot/go2\n'}
[109.744017] (go2_robot) StdoutLine: {'line': b'-- Up-to-date: /home/hong/Movement_Control/Go2Robot/install/go2_robot/share/go2_robot/go2/my_bot.xml\n'}
[109.744043] (go2_robot) StdoutLine: {'line': b'-- Up-to-date: /home/hong/Movement_Control/Go2Robot/install/go2_robot/share/go2_robot/go2/scene.xml\n'}
[109.744070] (go2_robot) StdoutLine: {'line': b'-- Up-to-date: /home/hong/Movement_Control/Go2Robot/install/go2_robot/share/go2_robot/go2/height_field.png\n'}
[109.744135] (go2_robot) StdoutLine: {'line': b'-- Up-to-date: /home/hong/Movement_Control/Go2Robot/install/go2_robot/share/go2_robot/go2/go2.xml\n'}
[109.744162] (go2_robot) StdoutLine: {'line': b'-- Up-to-date: /home/hong/Movement_Control/Go2Robot/install/go2_robot/share/go2_robot/go2/scene_terrain.xml\n'}
[109.744191] (go2_robot) StdoutLine: {'line': b'-- Up-to-date: /home/hong/Movement_Control/Go2Robot/install/go2_robot/share/go2_robot/go2/dae\n'}
[109.744279] (go2_robot) StdoutLine: {'line': b'-- Up-to-date: /home/hong/Movement_Control/Go2Robot/install/go2_robot/share/go2_robot/go2/dae/thigh.dae\n'}
[109.744307] (go2_robot) StdoutLine: {'line': b'-- Up-to-date: /home/hong/Movement_Control/Go2Robot/install/go2_robot/share/go2_robot/go2/dae/foot.dae\n'}
[109.744333] (go2_robot) StdoutLine: {'line': b'-- Up-to-date: /home/hong/Movement_Control/Go2Robot/install/go2_robot/share/go2_robot/go2/dae/calf_mirror.dae\n'}
[109.744359] (go2_robot) StdoutLine: {'line': b'-- Up-to-date: /home/hong/Movement_Control/Go2Robot/install/go2_robot/share/go2_robot/go2/dae/thigh_mirror.dae\n'}
[109.744387] (go2_robot) StdoutLine: {'line': b'-- Up-to-date: /home/hong/Movement_Control/Go2Robot/install/go2_robot/share/go2_robot/go2/dae/base.dae\n'}
[109.744412] (go2_robot) StdoutLine: {'line': b'-- Up-to-date: /home/hong/Movement_Control/Go2Robot/install/go2_robot/share/go2_robot/go2/dae/calf.dae\n'}
[109.744439] (go2_robot) StdoutLine: {'line': b'-- Up-to-date: /home/hong/Movement_Control/Go2Robot/install/go2_robot/share/go2_robot/go2/dae/hip.dae\n'}
[109.744465] (go2_robot) StdoutLine: {'line': b'-- Up-to-date: /home/hong/Movement_Control/Go2Robot/install/go2_robot/share/go2_robot/go2/mjmodel.xml\n'}
[109.744492] (go2_robot) StdoutLine: {'line': b'-- Up-to-date: /home/hong/Movement_Control/Go2Robot/install/go2_robot/share/go2_robot/go2/go2_description.urdf\n'}
[109.744519] (go2_robot) StdoutLine: {'line': b'-- Up-to-date: /home/hong/Movement_Control/Go2Robot/install/go2_robot/share/go2_robot/go2/estiandtruth.xml\n'}
[109.744659] (go2_robot) StdoutLine: {'line': b'-- Up-to-date: /home/hong/Movement_Control/Go2Robot/install/go2_robot/share/go2_robot/go2/assets\n'}
[109.744684] (go2_robot) StdoutLine: {'line': b'-- Up-to-date: /home/hong/Movement_Control/Go2Robot/install/go2_robot/share/go2_robot/go2/assets/thigh_mirror_0.obj\n'}
[109.744709] (go2_robot) StdoutLine: {'line': b'-- Up-to-date: /home/hong/Movement_Control/Go2Robot/install/go2_robot/share/go2_robot/go2/assets/calf_mirror_1.obj\n'}
[109.744734] (go2_robot) StdoutLine: {'line': b'-- Up-to-date: /home/hong/Movement_Control/Go2Robot/install/go2_robot/share/go2_robot/go2/assets/base_1.obj\n'}
[109.744758] (go2_robot) StdoutLine: {'line': b'-- Up-to-date: /home/hong/Movement_Control/Go2Robot/install/go2_robot/share/go2_robot/go2/assets/calf_1.stl\n'}
[109.744783] (go2_robot) StdoutLine: {'line': b'-- Up-to-date: /home/hong/Movement_Control/Go2Robot/install/go2_robot/share/go2_robot/go2/assets/base_0.obj\n'}
[109.744807] (go2_robot) StdoutLine: {'line': b'-- Up-to-date: /home/hong/Movement_Control/Go2Robot/install/go2_robot/share/go2_robot/go2/assets/thigh_mirror_1.obj\n'}
[109.744833] (go2_robot) StdoutLine: {'line': b'-- Up-to-date: /home/hong/Movement_Control/Go2Robot/install/go2_robot/share/go2_robot/go2/assets/calf_mirror_1.stl\n'}
[109.744857] (go2_robot) StdoutLine: {'line': b'-- Up-to-date: /home/hong/Movement_Control/Go2Robot/install/go2_robot/share/go2_robot/go2/assets/thigh_mirror_0.stl\n'}
[109.744908] (go2_robot) StdoutLine: {'line': b'-- Up-to-date: /home/hong/Movement_Control/Go2Robot/install/go2_robot/share/go2_robot/go2/assets/foot.obj\n'}
[109.744933] (go2_robot) StdoutLine: {'line': b'-- Up-to-date: /home/hong/Movement_Control/Go2Robot/install/go2_robot/share/go2_robot/go2/assets/base_3.stl\n'}
[109.744959] (go2_robot) StdoutLine: {'line': b'-- Up-to-date: /home/hong/Movement_Control/Go2Robot/install/go2_robot/share/go2_robot/go2/assets/hip_1.obj\n'}
[109.744985] (go2_robot) StdoutLine: {'line': b'-- Up-to-date: /home/hong/Movement_Control/Go2Robot/install/go2_robot/share/go2_robot/go2/assets/hip_1.stl\n'}
[109.745012] (go2_robot) StdoutLine: {'line': b'-- Up-to-date: /home/hong/Movement_Control/Go2Robot/install/go2_robot/share/go2_robot/go2/assets/thigh_0.obj\n'}
[109.745149] (go2_robot) StdoutLine: {'line': b'-- Up-to-date: /home/hong/Movement_Control/Go2Robot/install/go2_robot/share/go2_robot/go2/assets/thigh_0.stl\n'}
[109.745178] (go2_robot) StdoutLine: {'line': b'-- Up-to-date: /home/hong/Movement_Control/Go2Robot/install/go2_robot/share/go2_robot/go2/assets/base_3.obj\n'}
[109.745212] (go2_robot) StdoutLine: {'line': b'-- Up-to-date: /home/hong/Movement_Control/Go2Robot/install/go2_robot/share/go2_robot/go2/assets/hip_0.obj\n'}
[109.745241] (go2_robot) StdoutLine: {'line': b'-- Up-to-date: /home/hong/Movement_Control/Go2Robot/install/go2_robot/share/go2_robot/go2/assets/calf_1.obj\n'}
[109.745268] (go2_robot) StdoutLine: {'line': b'-- Up-to-date: /home/hong/Movement_Control/Go2Robot/install/go2_robot/share/go2_robot/go2/assets/base_4.stl\n'}
[109.745294] (go2_robot) StdoutLine: {'line': b'-- Up-to-date: /home/hong/Movement_Control/Go2Robot/install/go2_robot/share/go2_robot/go2/assets/calf_mirror_0.stl\n'}
[109.745321] (go2_robot) StdoutLine: {'line': b'-- Up-to-date: /home/hong/Movement_Control/Go2Robot/install/go2_robot/share/go2_robot/go2/assets/base_1.stl\n'}
[109.745348] (go2_robot) StdoutLine: {'line': b'-- Up-to-date: /home/hong/Movement_Control/Go2Robot/install/go2_robot/share/go2_robot/go2/assets/base_2.stl\n'}
[109.745375] (go2_robot) StdoutLine: {'line': b'-- Up-to-date: /home/hong/Movement_Control/Go2Robot/install/go2_robot/share/go2_robot/go2/assets/calf_mirror_0.obj\n'}
[109.745401] (go2_robot) StdoutLine: {'line': b'-- Up-to-date: /home/hong/Movement_Control/Go2Robot/install/go2_robot/share/go2_robot/go2/assets/foot.stl\n'}
[109.745465] (go2_robot) StdoutLine: {'line': b'-- Up-to-date: /home/hong/Movement_Control/Go2Robot/install/go2_robot/share/go2_robot/go2/assets/calf_0.obj\n'}
[109.745490] (go2_robot) StdoutLine: {'line': b'-- Up-to-date: /home/hong/Movement_Control/Go2Robot/install/go2_robot/share/go2_robot/go2/assets/thigh_mirror_1.stl\n'}
[109.745516] (go2_robot) StdoutLine: {'line': b'-- Up-to-date: /home/hong/Movement_Control/Go2Robot/install/go2_robot/share/go2_robot/go2/assets/hip_0.stl\n'}
[109.745541] (go2_robot) StdoutLine: {'line': b'-- Up-to-date: /home/hong/Movement_Control/Go2Robot/install/go2_robot/share/go2_robot/go2/assets/calf_0.stl\n'}
[109.745565] (go2_robot) StdoutLine: {'line': b'-- Up-to-date: /home/hong/Movement_Control/Go2Robot/install/go2_robot/share/go2_robot/go2/assets/base_4.obj\n'}
[109.745589] (go2_robot) StdoutLine: {'line': b'-- Up-to-date: /home/hong/Movement_Control/Go2Robot/install/go2_robot/share/go2_robot/go2/assets/base_0.stl\n'}
[109.745614] (go2_robot) StdoutLine: {'line': b'-- Up-to-date: /home/hong/Movement_Control/Go2Robot/install/go2_robot/share/go2_robot/go2/assets/thigh_1.stl\n'}
[109.745638] (go2_robot) StdoutLine: {'line': b'-- Up-to-date: /home/hong/Movement_Control/Go2Robot/install/go2_robot/share/go2_robot/go2/assets/thigh_1.obj\n'}
[109.745663] (go2_robot) StdoutLine: {'line': b'-- Up-to-date: /home/hong/Movement_Control/Go2Robot/install/go2_robot/share/go2_robot/go2/assets/base_2.obj\n'}
[109.745687] (go2_robot) StdoutLine: {'line': b'-- Up-to-date: /home/hong/Movement_Control/Go2Robot/install/go2_robot/share/go2_robot/go2/meshes\n'}
[109.745712] (go2_robot) StdoutLine: {'line': b'-- Up-to-date: /home/hong/Movement_Control/Go2Robot/install/go2_robot/share/go2_robot/go2/meshes/RR_knee_Link.STL\n'}
[109.745737] (go2_robot) StdoutLine: {'line': b'-- Up-to-date: /home/hong/Movement_Control/Go2Robot/install/go2_robot/share/go2_robot/go2/meshes/FL_elbow_Link.STL\n'}
[109.745761] (go2_robot) StdoutLine: {'line': b'-- Up-to-date: /home/hong/Movement_Control/Go2Robot/install/go2_robot/share/go2_robot/go2/meshes/FR_elbow_Link.STL\n'}
[109.745791] (go2_robot) StdoutLine: {'line': b'-- Up-to-date: /home/hong/Movement_Control/Go2Robot/install/go2_robot/share/go2_robot/go2/meshes/RL_elbow_Link.STL\n'}
[109.745816] (go2_robot) StdoutLine: {'line': b'-- Up-to-date: /home/hong/Movement_Control/Go2Robot/install/go2_robot/share/go2_robot/go2/meshes/FL_knee_Link.STL\n'}
[109.745840] (go2_robot) StdoutLine: {'line': b'-- Up-to-date: /home/hong/Movement_Control/Go2Robot/install/go2_robot/share/go2_robot/go2/meshes/base_link.STL\n'}
[109.745865] (go2_robot) StdoutLine: {'line': b'-- Up-to-date: /home/hong/Movement_Control/Go2Robot/install/go2_robot/share/go2_robot/go2/meshes/FR_knee_Link.STL\n'}
[109.745891] (go2_robot) StdoutLine: {'line': b'-- Up-to-date: /home/hong/Movement_Control/Go2Robot/install/go2_robot/share/go2_robot/go2/meshes/RR_elbow_Link.STL\n'}
[109.745914] (go2_robot) StdoutLine: {'line': b'-- Up-to-date: /home/hong/Movement_Control/Go2Robot/install/go2_robot/share/go2_robot/go2/meshes/RL_knee_Link.STL\n'}
[109.745939] (go2_robot) StdoutLine: {'line': b'-- Up-to-date: /home/hong/Movement_Control/Go2Robot/install/go2_robot/share/go2_robot/go2/unitree_hfield.png\n'}
[109.745964] (go2_robot) StdoutLine: {'line': b'-- Up-to-date: /home/hong/Movement_Control/Go2Robot/install/go2_robot/share/ament_index/resource_index/package_run_dependencies/go2_robot\n'}
[109.745989] (go2_robot) StdoutLine: {'line': b'-- Up-to-date: /home/hong/Movement_Control/Go2Robot/install/go2_robot/share/ament_index/resource_index/parent_prefix_path/go2_robot\n'}
[109.746014] (go2_robot) StdoutLine: {'line': b'-- Up-to-date: /home/hong/Movement_Control/Go2Robot/install/go2_robot/share/go2_robot/environment/ament_prefix_path.sh\n'}
[109.746038] (go2_robot) StdoutLine: {'line': b'-- Up-to-date: /home/hong/Movement_Control/Go2Robot/install/go2_robot/share/go2_robot/environment/ament_prefix_path.dsv\n'}
[109.746065] (go2_robot) StdoutLine: {'line': b'-- Up-to-date: /home/hong/Movement_Control/Go2Robot/install/go2_robot/share/go2_robot/environment/path.sh\n'}
[109.746092] (go2_robot) StdoutLine: {'line': b'-- Up-to-date: /home/hong/Movement_Control/Go2Robot/install/go2_robot/share/go2_robot/environment/path.dsv\n'}
[109.746117] (go2_robot) StdoutLine: {'line': b'-- Up-to-date: /home/hong/Movement_Control/Go2Robot/install/go2_robot/share/go2_robot/local_setup.bash\n'}
[109.746141] (go2_robot) StdoutLine: {'line': b'-- Up-to-date: /home/hong/Movement_Control/Go2Robot/install/go2_robot/share/go2_robot/local_setup.sh\n'}
[109.746166] (go2_robot) StdoutLine: {'line': b'-- Up-to-date: /home/hong/Movement_Control/Go2Robot/install/go2_robot/share/go2_robot/local_setup.zsh\n'}
[109.746192] (go2_robot) StdoutLine: {'line': b'-- Up-to-date: /home/hong/Movement_Control/Go2Robot/install/go2_robot/share/go2_robot/local_setup.dsv\n'}
[109.746218] (go2_robot) StdoutLine: {'line': b'-- Installing: /home/hong/Movement_Control/Go2Robot/install/go2_robot/share/go2_robot/package.dsv\n'}
[109.746246] (go2_robot) StdoutLine: {'line': b'-- Up-to-date: /home/hong/Movement_Control/Go2Robot/install/go2_robot/share/ament_index/resource_index/packages/go2_robot\n'}
[109.746275] (go2_robot) StdoutLine: {'line': b'-- Up-to-date: /home/hong/Movement_Control/Go2Robot/install/go2_robot/share/go2_robot/cmake/export_go2_robot__rosidl_generator_cExport.cmake\n'}
[109.746303] (go2_robot) StdoutLine: {'line': b'-- Up-to-date: /home/hong/Movement_Control/Go2Robot/install/go2_robot/share/go2_robot/cmake/export_go2_robot__rosidl_generator_cExport-release.cmake\n'}
[109.746330] (go2_robot) StdoutLine: {'line': b'-- Up-to-date: /home/hong/Movement_Control/Go2Robot/install/go2_robot/share/go2_robot/cmake/export_go2_robot__rosidl_typesupport_fastrtps_cExport.cmake\n'}
[109.746394] (go2_robot) StdoutLine: {'line': b'-- Up-to-date: /home/hong/Movement_Control/Go2Robot/install/go2_robot/share/go2_robot/cmake/export_go2_robot__rosidl_typesupport_fastrtps_cExport-release.cmake\n'}
[109.746496] (go2_robot) StdoutLine: {'line': b'-- Up-to-date: /home/hong/Movement_Control/Go2Robot/install/go2_robot/share/go2_robot/cmake/export_go2_robot__rosidl_generator_cppExport.cmake\n'}
[109.746525] (go2_robot) StdoutLine: {'line': b'-- Up-to-date: /home/hong/Movement_Control/Go2Robot/install/go2_robot/share/go2_robot/cmake/export_go2_robot__rosidl_typesupport_fastrtps_cppExport.cmake\n'}
[109.746552] (go2_robot) StdoutLine: {'line': b'-- Up-to-date: /home/hong/Movement_Control/Go2Robot/install/go2_robot/share/go2_robot/cmake/export_go2_robot__rosidl_typesupport_fastrtps_cppExport-release.cmake\n'}
[109.746579] (go2_robot) StdoutLine: {'line': b'-- Up-to-date: /home/hong/Movement_Control/Go2Robot/install/go2_robot/share/go2_robot/cmake/go2_robot__rosidl_typesupport_introspection_cExport.cmake\n'}
[109.746639] (go2_robot) StdoutLine: {'line': b'-- Up-to-date: /home/hong/Movement_Control/Go2Robot/install/go2_robot/share/go2_robot/cmake/go2_robot__rosidl_typesupport_introspection_cExport-release.cmake\n'}
[109.746667] (go2_robot) StdoutLine: {'line': b'-- Up-to-date: /home/hong/Movement_Control/Go2Robot/install/go2_robot/share/go2_robot/cmake/go2_robot__rosidl_typesupport_cExport.cmake\n'}
[109.746693] (go2_robot) StdoutLine: {'line': b'-- Up-to-date: /home/hong/Movement_Control/Go2Robot/install/go2_robot/share/go2_robot/cmake/go2_robot__rosidl_typesupport_cExport-release.cmake\n'}
[109.746720] (go2_robot) StdoutLine: {'line': b'-- Up-to-date: /home/hong/Movement_Control/Go2Robot/install/go2_robot/share/go2_robot/cmake/go2_robot__rosidl_typesupport_introspection_cppExport.cmake\n'}
[109.746747] (go2_robot) StdoutLine: {'line': b'-- Up-to-date: /home/hong/Movement_Control/Go2Robot/install/go2_robot/share/go2_robot/cmake/go2_robot__rosidl_typesupport_introspection_cppExport-release.cmake\n'}
[109.746812] (go2_robot) StdoutLine: {'line': b'-- Up-to-date: /home/hong/Movement_Control/Go2Robot/install/go2_robot/share/go2_robot/cmake/go2_robot__rosidl_typesupport_cppExport.cmake\n'}
[109.746840] (go2_robot) StdoutLine: {'line': b'-- Up-to-date: /home/hong/Movement_Control/Go2Robot/install/go2_robot/share/go2_robot/cmake/go2_robot__rosidl_typesupport_cppExport-release.cmake\n'}
[109.746867] (go2_robot) StdoutLine: {'line': b'-- Up-to-date: /home/hong/Movement_Control/Go2Robot/install/go2_robot/share/go2_robot/cmake/export_go2_robot__rosidl_generator_pyExport.cmake\n'}
[109.746894] (go2_robot) StdoutLine: {'line': b'-- Up-to-date: /home/hong/Movement_Control/Go2Robot/install/go2_robot/share/go2_robot/cmake/export_go2_robot__rosidl_generator_pyExport-release.cmake\n'}
[109.746920] (go2_robot) StdoutLine: {'line': b'-- Up-to-date: /home/hong/Movement_Control/Go2Robot/install/go2_robot/share/go2_robot/cmake/rosidl_cmake-extras.cmake\n'}
[109.746947] (go2_robot) StdoutLine: {'line': b'-- Up-to-date: /home/hong/Movement_Control/Go2Robot/install/go2_robot/share/go2_robot/cmake/ament_cmake_export_dependencies-extras.cmake\n'}
[109.746974] (go2_robot) StdoutLine: {'line': b'-- Up-to-date: /home/hong/Movement_Control/Go2Robot/install/go2_robot/share/go2_robot/cmake/ament_cmake_export_include_directories-extras.cmake\n'}
[109.747180] (go2_robot) StdoutLine: {'line': b'-- Up-to-date: /home/hong/Movement_Control/Go2Robot/install/go2_robot/share/go2_robot/cmake/ament_cmake_export_libraries-extras.cmake\n'}
[109.747215] (go2_robot) StdoutLine: {'line': b'-- Up-to-date: /home/hong/Movement_Control/Go2Robot/install/go2_robot/share/go2_robot/cmake/ament_cmake_export_targets-extras.cmake\n'}
[109.747358] (go2_robot) StdoutLine: {'line': b'-- Up-to-date: /home/hong/Movement_Control/Go2Robot/install/go2_robot/share/go2_robot/cmake/rosidl_cmake_export_typesupport_targets-extras.cmake\n'}
[109.747388] (go2_robot) StdoutLine: {'line': b'-- Up-to-date: /home/hong/Movement_Control/Go2Robot/install/go2_robot/share/go2_robot/cmake/rosidl_cmake_export_typesupport_libraries-extras.cmake\n'}
[109.747417] (go2_robot) StdoutLine: {'line': b'-- Up-to-date: /home/hong/Movement_Control/Go2Robot/install/go2_robot/share/go2_robot/cmake/go2_robotConfig.cmake\n'}
[109.747445] (go2_robot) StdoutLine: {'line': b'-- Up-to-date: /home/hong/Movement_Control/Go2Robot/install/go2_robot/share/go2_robot/cmake/go2_robotConfig-version.cmake\n'}
[109.747471] (go2_robot) StdoutLine: {'line': b'-- Up-to-date: /home/hong/Movement_Control/Go2Robot/install/go2_robot/share/go2_robot/package.xml\n'}
[109.747498] (go2_robot) StdoutLine: {'line': b'-- Up-to-date: /home/hong/Movement_Control/Go2Robot/install/go2_robot/lib/libOsqpEigen.so.0.11.0\n'}
[109.747525] (go2_robot) StdoutLine: {'line': b'-- Up-to-date: /home/hong/Movement_Control/Go2Robot/install/go2_robot/lib/libOsqpEigen.so\n'}
[109.747552] (go2_robot) StdoutLine: {'line': b'-- Up-to-date: /home/hong/Movement_Control/Go2Robot/install/go2_robot/include/OsqpEigen/OsqpEigen.h\n'}
[109.747593] (go2_robot) StdoutLine: {'line': b'-- Up-to-date: /home/hong/Movement_Control/Go2Robot/install/go2_robot/include/OsqpEigen/Constants.hpp\n'}
[109.747620] (go2_robot) StdoutLine: {'line': b'-- Up-to-date: /home/hong/Movement_Control/Go2Robot/install/go2_robot/include/OsqpEigen/SparseMatrixHelper.hpp\n'}
[109.747646] (go2_robot) StdoutLine: {'line': b'-- Up-to-date: /home/hong/Movement_Control/Go2Robot/install/go2_robot/include/OsqpEigen/SparseMatrixHelper.tpp\n'}
[109.747673] (go2_robot) StdoutLine: {'line': b'-- Up-to-date: /home/hong/Movement_Control/Go2Robot/install/go2_robot/include/OsqpEigen/Data.hpp\n'}
[109.747699] (go2_robot) StdoutLine: {'line': b'-- Up-to-date: /home/hong/Movement_Control/Go2Robot/install/go2_robot/include/OsqpEigen/Data.tpp\n'}
[109.747726] (go2_robot) StdoutLine: {'line': b'-- Up-to-date: /home/hong/Movement_Control/Go2Robot/install/go2_robot/include/OsqpEigen/Settings.hpp\n'}
[109.747752] (go2_robot) StdoutLine: {'line': b'-- Up-to-date: /home/hong/Movement_Control/Go2Robot/install/go2_robot/include/OsqpEigen/Solver.hpp\n'}
[109.747778] (go2_robot) StdoutLine: {'line': b'-- Up-to-date: /home/hong/Movement_Control/Go2Robot/install/go2_robot/include/OsqpEigen/Solver.tpp\n'}
[109.747804] (go2_robot) StdoutLine: {'line': b'-- Up-to-date: /home/hong/Movement_Control/Go2Robot/install/go2_robot/include/OsqpEigen/Compat.hpp\n'}
[109.747831] (go2_robot) StdoutLine: {'line': b'-- Up-to-date: /home/hong/Movement_Control/Go2Robot/install/go2_robot/include/OsqpEigen/Debug.hpp\n'}
[109.747858] (go2_robot) StdoutLine: {'line': b'-- Up-to-date: /home/hong/Movement_Control/Go2Robot/install/go2_robot/lib/cmake/OsqpEigen/OsqpEigenConfigVersion.cmake\n'}
[109.747884] (go2_robot) StdoutLine: {'line': b'-- Up-to-date: /home/hong/Movement_Control/Go2Robot/install/go2_robot/lib/cmake/OsqpEigen/OsqpEigenConfig.cmake\n'}
[109.747911] (go2_robot) StdoutLine: {'line': b'-- Up-to-date: /home/hong/Movement_Control/Go2Robot/install/go2_robot/lib/cmake/OsqpEigen/OsqpEigenTargets.cmake\n'}
[109.747937] (go2_robot) StdoutLine: {'line': b'-- Up-to-date: /home/hong/Movement_Control/Go2Robot/install/go2_robot/lib/cmake/OsqpEigen/OsqpEigenTargets-release.cmake\n'}
[109.747965] (go2_robot) StdoutLine: {'line': b'-- Up-to-date: /home/hong/Movement_Control/Go2Robot/install/go2_robot/share/cmake/osqp-eigen/package.xml\n'}
[109.747992] (go2_robot) CommandEnded: {'returncode': 0}
[109.759613] (go2_robot) JobEnded: {'identifier': 'go2_robot', 'rc': 0}
[109.759922] (-) EventReactorShutdown: {}
