[0.062s] DEBUG:colcon:Command line arguments: ['/usr/bin/colcon', 'build']
[0.062s] DEBUG:colcon:Parsed command line arguments: Namespace(log_base=None, log_level=None, verb_name='build', build_base='build', install_base='install', merge_install=False, symlink_install=False, test_result_base=None, continue_on_error=False, executor='parallel', parallel_workers=24, event_handlers=None, ignore_user_meta=False, metas=['./colcon.meta'], base_paths=['.'], packages_ignore=None, packages_ignore_regex=None, paths=None, packages_up_to=None, packages_up_to_regex=None, packages_above=None, packages_above_and_dependencies=None, packages_above_depth=None, packages_select_by_dep=None, packages_skip_by_dep=None, packages_skip_up_to=None, packages_select_build_failed=False, packages_skip_build_finished=False, packages_select_test_failures=False, packages_skip_test_passed=False, packages_select=None, packages_skip=None, packages_select_regex=None, packages_skip_regex=None, packages_start=None, packages_end=None, allow_overriding=[], cmake_args=None, cmake_target=None, cmake_target_skip_unavailable=False, cmake_clean_cache=False, cmake_clean_first=False, cmake_force_configure=False, ament_cmake_args=None, catkin_cmake_args=None, catkin_skip_building_tests=False, verb_parser=<colcon_defaults.argument_parser.defaults.DefaultArgumentsDecorator object at 0x73d5ce4234f0>, verb_extension=<colcon_core.verb.build.BuildVerb object at 0x73d5ce5707f0>, main=<bound method BuildVerb.main of <colcon_core.verb.build.BuildVerb object at 0x73d5ce5707f0>>)
[0.148s] Level 1:colcon.colcon_core.package_discovery:discover_packages(colcon_meta) check parameters
[0.148s] Level 1:colcon.colcon_core.package_discovery:discover_packages(recursive) check parameters
[0.148s] Level 1:colcon.colcon_core.package_discovery:discover_packages(ignore) check parameters
[0.148s] Level 1:colcon.colcon_core.package_discovery:discover_packages(path) check parameters
[0.148s] Level 1:colcon.colcon_core.package_discovery:discover_packages(colcon_meta) discover
[0.148s] Level 1:colcon.colcon_core.package_discovery:discover_packages(recursive) discover
[0.148s] INFO:colcon.colcon_core.package_discovery:Crawling recursively for packages in '/home/hong/Movement_Control/Go2Robot'
[0.148s] Level 1:colcon.colcon_core.package_identification:_identify(.) by extensions ['ignore', 'ignore_ament_install']
[0.148s] Level 1:colcon.colcon_core.package_identification:_identify(.) by extension 'ignore'
[0.148s] Level 1:colcon.colcon_core.package_identification:_identify(.) by extension 'ignore_ament_install'
[0.148s] Level 1:colcon.colcon_core.package_identification:_identify(.) by extensions ['colcon_pkg']
[0.148s] Level 1:colcon.colcon_core.package_identification:_identify(.) by extension 'colcon_pkg'
[0.148s] Level 1:colcon.colcon_core.package_identification:_identify(.) by extensions ['colcon_meta']
[0.148s] Level 1:colcon.colcon_core.package_identification:_identify(.) by extension 'colcon_meta'
[0.148s] Level 1:colcon.colcon_core.package_identification:_identify(.) by extensions ['ros']
[0.148s] Level 1:colcon.colcon_core.package_identification:_identify(.) by extension 'ros'
[0.173s] DEBUG:colcon.colcon_core.package_identification:Package '.' with type 'ros.ament_cmake' and name 'go2_robot'
[0.174s] Level 1:colcon.colcon_core.package_discovery:discover_packages(recursive) using defaults
[0.174s] Level 1:colcon.colcon_core.package_discovery:discover_packages(ignore) discover
[0.174s] Level 1:colcon.colcon_core.package_discovery:discover_packages(ignore) using defaults
[0.174s] Level 1:colcon.colcon_core.package_discovery:discover_packages(path) discover
[0.174s] Level 1:colcon.colcon_core.package_discovery:discover_packages(path) using defaults
[0.185s] Level 1:colcon.colcon_core.package_discovery:discover_packages(prefix_path) check parameters
[0.185s] Level 1:colcon.colcon_core.package_discovery:discover_packages(prefix_path) discover
[0.186s] DEBUG:colcon.colcon_installed_package_information.package_discovery:Found 1 installed packages in /home/hong/Movement_Control/Go2Robot/install
[0.187s] DEBUG:colcon.colcon_installed_package_information.package_discovery:Found 380 installed packages in /opt/ros/humble
[0.189s] Level 1:colcon.colcon_core.package_discovery:discover_packages(prefix_path) using defaults
[0.213s] Level 5:colcon.colcon_core.verb:set package 'go2_robot' build argument 'cmake_args' from command line to 'None'
[0.213s] Level 5:colcon.colcon_core.verb:set package 'go2_robot' build argument 'cmake_target' from command line to 'None'
[0.213s] Level 5:colcon.colcon_core.verb:set package 'go2_robot' build argument 'cmake_target_skip_unavailable' from command line to 'False'
[0.213s] Level 5:colcon.colcon_core.verb:set package 'go2_robot' build argument 'cmake_clean_cache' from command line to 'False'
[0.213s] Level 5:colcon.colcon_core.verb:set package 'go2_robot' build argument 'cmake_clean_first' from command line to 'False'
[0.213s] Level 5:colcon.colcon_core.verb:set package 'go2_robot' build argument 'cmake_force_configure' from command line to 'False'
[0.213s] Level 5:colcon.colcon_core.verb:set package 'go2_robot' build argument 'ament_cmake_args' from command line to 'None'
[0.213s] Level 5:colcon.colcon_core.verb:set package 'go2_robot' build argument 'catkin_cmake_args' from command line to 'None'
[0.213s] Level 5:colcon.colcon_core.verb:set package 'go2_robot' build argument 'catkin_skip_building_tests' from command line to 'False'
[0.213s] DEBUG:colcon.colcon_core.verb:Building package 'go2_robot' with the following arguments: {'ament_cmake_args': None, 'build_base': '/home/hong/Movement_Control/Go2Robot/build/go2_robot', 'catkin_cmake_args': None, 'catkin_skip_building_tests': False, 'cmake_args': None, 'cmake_clean_cache': False, 'cmake_clean_first': False, 'cmake_force_configure': False, 'cmake_target': None, 'cmake_target_skip_unavailable': False, 'install_base': '/home/hong/Movement_Control/Go2Robot/install/go2_robot', 'merge_install': False, 'path': '/home/hong/Movement_Control/Go2Robot', 'symlink_install': False, 'test_result_base': None}
[0.214s] INFO:colcon.colcon_core.executor:Executing jobs using 'parallel' executor
[0.214s] DEBUG:colcon.colcon_parallel_executor.executor.parallel:run_until_complete
[0.215s] INFO:colcon.colcon_ros.task.ament_cmake.build:Building ROS package in '/home/hong/Movement_Control/Go2Robot' with build type 'ament_cmake'
[0.215s] INFO:colcon.colcon_cmake.task.cmake.build:Building CMake package in '/home/hong/Movement_Control/Go2Robot'
[0.216s] INFO:colcon.colcon_core.plugin_system:Skipping extension 'colcon_core.shell.bat': Not used on non-Windows systems
[0.216s] INFO:colcon.colcon_core.shell:Skip shell extension 'powershell' for command environment: Not usable outside of PowerShell
[0.216s] DEBUG:colcon.colcon_core.shell:Skip shell extension 'dsv' for command environment
[0.222s] DEBUG:colcon.colcon_core.event_handler.log_command:Invoking command in '/home/hong/Movement_Control/Go2Robot/build/go2_robot': CMAKE_PREFIX_PATH=${CMAKE_PREFIX_PATH}:/opt/ros/humble /usr/bin/cmake --build /home/hong/Movement_Control/Go2Robot/build/go2_robot -- -j24 -l24
[8.844s] DEBUG:colcon.colcon_core.event_handler.log_command:Invoked command in '/home/hong/Movement_Control/Go2Robot/build/go2_robot' returned '2': CMAKE_PREFIX_PATH=${CMAKE_PREFIX_PATH}:/opt/ros/humble /usr/bin/cmake --build /home/hong/Movement_Control/Go2Robot/build/go2_robot -- -j24 -l24
[8.845s] Level 1:colcon.colcon_core.environment:create_environment_scripts_only(go2_robot)
[8.847s] Level 1:colcon.colcon_core.environment:checking '/home/hong/Movement_Control/Go2Robot/install/go2_robot' for CMake module files
[8.848s] Level 1:colcon.colcon_core.environment:checking '/home/hong/Movement_Control/Go2Robot/install/go2_robot' for CMake config files
[8.848s] Level 1:colcon.colcon_core.environment:checking '/home/hong/Movement_Control/Go2Robot/install/go2_robot/bin'
[8.848s] Level 1:colcon.colcon_core.environment:checking '/home/hong/Movement_Control/Go2Robot/install/go2_robot/lib/pkgconfig/go2_robot.pc'
[8.848s] Level 1:colcon.colcon_core.environment:checking '/home/hong/Movement_Control/Go2Robot/install/go2_robot/lib/python3.10/site-packages'
[8.849s] Level 1:colcon.colcon_core.environment:checking '/home/hong/Movement_Control/Go2Robot/install/go2_robot/bin'
[8.849s] INFO:colcon.colcon_core.shell:Creating package script '/home/hong/Movement_Control/Go2Robot/install/go2_robot/share/go2_robot/package.ps1'
[8.850s] INFO:colcon.colcon_core.shell:Creating package descriptor '/home/hong/Movement_Control/Go2Robot/install/go2_robot/share/go2_robot/package.dsv'
[8.851s] INFO:colcon.colcon_core.shell:Creating package script '/home/hong/Movement_Control/Go2Robot/install/go2_robot/share/go2_robot/package.sh'
[8.851s] INFO:colcon.colcon_core.shell:Creating package script '/home/hong/Movement_Control/Go2Robot/install/go2_robot/share/go2_robot/package.bash'
[8.852s] INFO:colcon.colcon_core.shell:Creating package script '/home/hong/Movement_Control/Go2Robot/install/go2_robot/share/go2_robot/package.zsh'
[8.852s] Level 1:colcon.colcon_core.environment:create_file_with_runtime_dependencies(/home/hong/Movement_Control/Go2Robot/install/go2_robot/share/colcon-core/packages/go2_robot)
[8.863s] DEBUG:colcon.colcon_parallel_executor.executor.parallel:closing loop
[8.863s] DEBUG:colcon.colcon_parallel_executor.executor.parallel:loop closed
[8.863s] DEBUG:colcon.colcon_parallel_executor.executor.parallel:run_until_complete finished with '2'
[8.863s] DEBUG:colcon.colcon_core.event_reactor:joining thread
[8.867s] INFO:colcon.colcon_core.plugin_system:Skipping extension 'colcon_notification.desktop_notification.terminal_notifier': Not used on non-Darwin systems
[8.868s] INFO:colcon.colcon_core.plugin_system:Skipping extension 'colcon_notification.desktop_notification.win32': Not used on non-Windows systems
[8.868s] INFO:colcon.colcon_notification.desktop_notification:Sending desktop notification using 'notify2'
[8.898s] DEBUG:colcon.colcon_core.event_reactor:joined thread
[8.898s] INFO:colcon.colcon_core.shell:Creating prefix script '/home/hong/Movement_Control/Go2Robot/install/local_setup.ps1'
[8.900s] INFO:colcon.colcon_core.shell:Creating prefix util module '/home/hong/Movement_Control/Go2Robot/install/_local_setup_util_ps1.py'
[8.901s] INFO:colcon.colcon_core.shell:Creating prefix chain script '/home/hong/Movement_Control/Go2Robot/install/setup.ps1'
[8.902s] INFO:colcon.colcon_core.shell:Creating prefix script '/home/hong/Movement_Control/Go2Robot/install/local_setup.sh'
[8.903s] INFO:colcon.colcon_core.shell:Creating prefix util module '/home/hong/Movement_Control/Go2Robot/install/_local_setup_util_sh.py'
[8.904s] INFO:colcon.colcon_core.shell:Creating prefix chain script '/home/hong/Movement_Control/Go2Robot/install/setup.sh'
[8.905s] INFO:colcon.colcon_core.shell:Creating prefix script '/home/hong/Movement_Control/Go2Robot/install/local_setup.bash'
[8.906s] INFO:colcon.colcon_core.shell:Creating prefix chain script '/home/hong/Movement_Control/Go2Robot/install/setup.bash'
[8.907s] INFO:colcon.colcon_core.shell:Creating prefix script '/home/hong/Movement_Control/Go2Robot/install/local_setup.zsh'
[8.908s] INFO:colcon.colcon_core.shell:Creating prefix chain script '/home/hong/Movement_Control/Go2Robot/install/setup.zsh'
