[0.000000] (-) TimerEvent: {}
[0.000182] (go2_robot) JobQueued: {'identifier': 'go2_robot', 'dependencies': OrderedDict()}
[0.000222] (go2_robot) JobStarted: {'identifier': 'go2_robot'}
[0.074025] (go2_robot) JobProgress: {'identifier': 'go2_robot', 'progress': 'cmake'}
[0.074850] (go2_robot) JobProgress: {'identifier': 'go2_robot', 'progress': 'build'}
[0.075644] (go2_robot) Command: {'cmd': ['/usr/bin/cmake', '--build', '/home/hong/Movement_Control/Go2Robot/build/go2_robot', '--', '-j24', '-l24'], 'cwd': '/home/hong/Movement_Control/Go2Robot/build/go2_robot', 'env': OrderedDict([('GJS_DEBUG_TOPICS', 'JS ERROR;JS LOG'), ('PYTHONIOENCODING', 'utf-8'), ('ZAI_OAUTH_CLIENT_ID', 'client_P8X5CMWmlaRO9gyO-KSqtg'), ('ZCODE_DESKTOP_CONTEXT_PROMPT_ENABLED', '1'), ('LANGUAGE', 'zh_CN:zh:en_US:en'), ('USER', 'hong'), ('LC_TIME', 'zh_CN.UTF-8'), ('GIT_EDITOR', 'true'), ('XDG_SESSION_TYPE', 'x11'), ('SHLVL', '0'), ('LD_LIBRARY_PATH', '/usr/lib/x86_64-linux-gnu/gazebo-11/plugins:/opt/ros/humble/opt/rviz_ogre_vendor/lib:/opt/ros/humble/lib/x86_64-linux-gnu:/opt/ros/humble/lib:/tmp/.mount_ZCode-dLcwPp/usr/lib:'), ('INPUT_METHOD', 'fcitx'), ('HOME', '/home/hong'), ('CHROME_DESKTOP', 'zcode.desktop'), ('APPDIR', '/tmp/.mount_ZCode-dLcwPp'), ('OLDPWD', '/home/hong/Movement_Control/Go2Robot'), ('DESKTOP_SESSION', 'ubuntu'), ('ZAI_OAUTH_ORIGIN', 'https://chat.z.ai'), ('GIO_LAUNCHED_DESKTOP_FILE', '/home/hong/.local/share/applications/zcode.desktop'), ('ZCODE_APP_VERSION', '3.10.2'), ('ROS_PYTHON_VERSION', '3'), ('GNOME_SHELL_SESSION_MODE', 'ubuntu'), ('GTK_MODULES', 'gail:atk-bridge'), ('SDL_IM_MODULE', 'fcitx'), ('LC_MONETARY', 'zh_CN.UTF-8'), ('MANAGERPID', '2258'), ('LC_CTYPE', 'zh_CN.UTF-8'), ('GLFW_IM_MODULE', 'ibus'), ('SYSTEMD_EXEC_PID', '2492'), ('DBUS_SESSION_BUS_ADDRESS', 'unix:path=/run/user/1000/bus'), ('ZCODE_PROCESS_LABEL', 'local-1'), ('GIO_LAUNCHED_DESKTOP_FILE_PID', '7263'), ('ROS_DISTRO', 'humble'), ('GTK_IM_MODULE', 'ibus'), ('LOGNAME', 'hong'), ('ZCODE_RUNTIME_ENV', 'production'), ('OWD', '/home/hong'), ('JOURNAL_STREAM', '8:17761'), ('_', '/usr/bin/colcon'), ('ROS_VERSION', '2'), ('XDG_SESSION_CLASS', 'user'), ('USERNAME', 'hong'), ('ZAI_BUSINESS_BASE_URL', 'https://api.z.ai'), ('TERM', 'dumb'), ('GNOME_DESKTOP_SESSION_ID', 'this-is-deprecated'), ('FC_FONTATIONS', '1'), ('ROS_LOCALHOST_ONLY', '0'), ('WINDOWPATH', '2'), ('PATH', '/home/hong/.local/bin:/opt/ros/humble/bin:/usr/local/cuda-12.1/bin:/home/hong/miniconda3/condabin:/usr/local/sbin:/usr/local/bin:/usr/sbin:/usr/bin:/sbin:/bin:/tmp/.mount_ZCode-dLcwPp:/tmp/.mount_ZCode-dLcwPp/usr/sbin:/usr/games:/usr/local/games:/snap/bin:/home/hong/.mujoco/mujoco-3.9.0/bin:/tmp/.mount_ZCode-dLcwPp/resources/tools/bfs:/tmp/.mount_ZCode-dLcwPp/resources/tools/ripgrep:/tmp/.mount_ZCode-dLcwPp/resources/tools/ugrep'), ('SESSION_MANAGER', 'local/hong:@/tmp/.ICE-unix/2469,unix/hong:/tmp/.ICE-unix/2469'), ('INVOCATION_ID', '58590a6953bb4c2bae7de4ba27f9f826'), ('APPIMAGE', '/home/hong/下载/ZCode-3.10.2-linux-x64.AppImage'), ('XDG_MENU_PREFIX', 'gnome-'), ('LC_ADDRESS', 'zh_CN.UTF-8'), ('ZCODE_BUILD_COMMIT_ID', '35824adf'), ('XDG_RUNTIME_DIR', '/run/user/1000'), ('GDK_BACKEND', 'x11'), ('DISPLAY', ':1'), ('ZCODE_BFS_BINARY', '/tmp/.mount_ZCode-dLcwPp/resources/tools/bfs/bfs'), ('LANG', 'zh_CN.UTF-8'), ('XDG_CURRENT_DESKTOP', 'ubuntu:GNOME'), ('LC_TELEPHONE', 'zh_CN.UTF-8'), ('XMODIFIERS', '@im=ibus'), ('XDG_SESSION_DESKTOP', 'ubuntu'), ('XAUTHORITY', '/run/user/1000/gdm/Xauthority'), ('SSH_AGENT_LAUNCHER', 'gnome-keyring'), ('SSH_AUTH_SOCK', '/run/user/1000/keyring/ssh'), ('GSETTINGS_SCHEMA_DIR', '/tmp/.mount_ZCode-dLcwPp/usr/share/glib-2.0/schemas:'), ('AMENT_PREFIX_PATH', '/opt/ros/humble'), ('SHELL', '/bin/bash'), ('LC_NAME', 'zh_CN.UTF-8'), ('ARGV0', '/home/hong/下载/ZCode-3.10.2-linux-x64.AppImage'), ('QT_ACCESSIBILITY', '1'), ('GDMSESSION', 'ubuntu'), ('PYTHONUTF8', '1'), ('LC_MEASUREMENT', 'zh_CN.UTF-8'), ('GPG_AGENT_INFO', '/run/user/1000/gnupg/S.gpg-agent:0:1'), ('GJS_DEBUG_OUTPUT', 'stderr'), ('LC_IDENTIFICATION', 'zh_CN.UTF-8'), ('ZCODE_CUA_GRAY_ENABLED', '0'), ('QT_IM_MODULE', 'ibus'), ('PWD', '/home/hong/Movement_Control/Go2Robot/build/go2_robot'), ('ZCODE_BASE_URL', 'https://zcode.z.ai'), ('XDG_CONFIG_DIRS', '/etc/xdg/xdg-ubuntu:/etc/xdg'), ('XDG_DATA_DIRS', '/tmp/.mount_ZCode-dLcwPp/usr/share/:./share/:/usr/share/gnome:/usr/local/share/:/usr/share/:/usr/share/ubuntu:/usr/share/gnome:/usr/local/share/:/usr/share/:/var/lib/snapd/desktop:/usr/share/gnome/:/usr/local/share/:/usr/share/'), ('ZCODE_RG_BINARY', '/tmp/.mount_ZCode-dLcwPp/resources/tools/ripgrep/rg'), ('PYTHONPATH', '/opt/ros/humble/lib/python3.10/site-packages:/opt/ros/humble/local/lib/python3.10/dist-packages'), ('ZCODE_UGREP_BINARY', '/tmp/.mount_ZCode-dLcwPp/resources/tools/ugrep/ugrep'), ('ZCODE_ENV', 'production'), ('LC_NUMERIC', 'zh_CN.UTF-8'), ('LC_PAPER', 'zh_CN.UTF-8'), ('COLCON', '1'), ('CMAKE_PREFIX_PATH', '/opt/ros/humble')]), 'shell': False}
[0.099875] (-) TimerEvent: {}
[0.128852] (go2_robot) StdoutLine: {'line': b'[  2%] Built target go2_robot__cpp\n'}
[0.129651] (go2_robot) StdoutLine: {'line': b'[  4%] Built target go2_robot__rs\n'}
[0.132265] (go2_robot) StdoutLine: {'line': b'[ 16%] Built target go2_robot__rosidl_generator_c\n'}
[0.132392] (go2_robot) StdoutLine: {'line': b'[ 20%] Built target OsqpEigen\n'}
[0.148290] (go2_robot) StdoutLine: {'line': b'[ 26%] Built target go2_robot__rosidl_typesupport_cpp\n'}
[0.149236] (go2_robot) StdoutLine: {'line': b'[ 32%] Built target go2_robot__rosidl_typesupport_introspection_c\n'}
[0.152118] (go2_robot) StdoutLine: {'line': b'[ 38%] Built target go2_robot__rosidl_typesupport_fastrtps_cpp\n'}
[0.152774] (go2_robot) StdoutLine: {'line': b'[ 44%] Built target go2_robot__rosidl_typesupport_introspection_cpp\n'}
[0.153249] (go2_robot) StdoutLine: {'line': b'[ 51%] Built target go2_robot__rosidl_typesupport_c\n'}
[0.155140] (go2_robot) StdoutLine: {'line': b'[ 57%] Built target go2_robot__rosidl_typesupport_fastrtps_c\n'}
[0.174519] (go2_robot) StdoutLine: {'line': b'[ 57%] Built target go2_robot\n'}
[0.175248] (go2_robot) StdoutLine: {'line': b'Consolidate compiler generated dependencies of target go2_core\n'}
[0.195065] (go2_robot) StdoutLine: {'line': b'[ 59%] Built target go2_robot__py\n'}
[0.198899] (go2_robot) StdoutLine: {'line': b'[ 61%] Building CXX object CMakeFiles/go2_core.dir/src/Model/pinocchio.cpp.o\n'}
[0.199928] (-) TimerEvent: {}
[0.213888] (go2_robot) StdoutLine: {'line': b'[ 65%] Built target go2_robot__rosidl_generator_py\n'}
[0.235726] (go2_robot) StdoutLine: {'line': b'[ 73%] Built target go2_robot__rosidl_typesupport_introspection_c__pyext\n'}
[0.235855] (go2_robot) StdoutLine: {'line': b'[ 73%] Built target go2_robot__rosidl_typesupport_fastrtps_c__pyext\n'}
[0.236225] (go2_robot) StdoutLine: {'line': b'[ 77%] Built target go2_robot__rosidl_typesupport_c__pyext\n'}
[0.300066] (-) TimerEvent: {}
[0.345212] (go2_robot) StdoutLine: {'line': b'[ 77%] Built target ament_cmake_python_copy_go2_robot\n'}
[0.400189] (-) TimerEvent: {}
[0.499755] (go2_robot) StdoutLine: {'line': b'running egg_info\n'}
[0.500278] (go2_robot) StdoutLine: {'line': b'writing go2_robot.egg-info/PKG-INFO\n'}
[0.500383] (-) TimerEvent: {}
[0.500617] (go2_robot) StdoutLine: {'line': b'writing dependency_links to go2_robot.egg-info/dependency_links.txt\n'}
[0.500717] (go2_robot) StdoutLine: {'line': b'writing top-level names to go2_robot.egg-info/top_level.txt\n'}
[0.502028] (go2_robot) StdoutLine: {'line': b"reading manifest file 'go2_robot.egg-info/SOURCES.txt'\n"}
[0.502178] (go2_robot) StdoutLine: {'line': b"writing manifest file 'go2_robot.egg-info/SOURCES.txt'\n"}
[0.523284] (go2_robot) StdoutLine: {'line': b'[ 77%] Built target ament_cmake_python_build_go2_robot_egg\n'}
[0.600559] (-) TimerEvent: {}
[0.700766] (-) TimerEvent: {}
[0.801064] (-) TimerEvent: {}
[0.901357] (-) TimerEvent: {}
[1.001585] (-) TimerEvent: {}
[1.101784] (-) TimerEvent: {}
[1.202075] (-) TimerEvent: {}
[1.302348] (-) TimerEvent: {}
[1.402564] (-) TimerEvent: {}
[1.502787] (-) TimerEvent: {}
[1.603040] (-) TimerEvent: {}
[1.703268] (-) TimerEvent: {}
[1.803464] (-) TimerEvent: {}
[1.903660] (-) TimerEvent: {}
[2.003913] (-) TimerEvent: {}
[2.104128] (-) TimerEvent: {}
[2.204351] (-) TimerEvent: {}
[2.304549] (-) TimerEvent: {}
[2.404842] (-) TimerEvent: {}
[2.505151] (-) TimerEvent: {}
[2.605357] (-) TimerEvent: {}
[2.705554] (-) TimerEvent: {}
[2.805879] (-) TimerEvent: {}
[2.906135] (-) TimerEvent: {}
[3.006353] (-) TimerEvent: {}
[3.106549] (-) TimerEvent: {}
[3.206757] (-) TimerEvent: {}
[3.307045] (-) TimerEvent: {}
[3.407368] (-) TimerEvent: {}
[3.507579] (-) TimerEvent: {}
[3.607815] (-) TimerEvent: {}
[3.708085] (-) TimerEvent: {}
[3.808309] (-) TimerEvent: {}
[3.908496] (-) TimerEvent: {}
[4.008712] (-) TimerEvent: {}
[4.108998] (-) TimerEvent: {}
[4.209276] (-) TimerEvent: {}
[4.309469] (-) TimerEvent: {}
[4.409687] (-) TimerEvent: {}
[4.509986] (-) TimerEvent: {}
[4.610253] (-) TimerEvent: {}
[4.710451] (-) TimerEvent: {}
[4.810746] (-) TimerEvent: {}
[4.911044] (-) TimerEvent: {}
[5.011348] (-) TimerEvent: {}
[5.111574] (-) TimerEvent: {}
[5.211899] (-) TimerEvent: {}
[5.312239] (-) TimerEvent: {}
[5.412566] (-) TimerEvent: {}
[5.512768] (-) TimerEvent: {}
[5.613083] (-) TimerEvent: {}
[5.713353] (-) TimerEvent: {}
[5.813557] (-) TimerEvent: {}
[5.913772] (-) TimerEvent: {}
[6.014012] (-) TimerEvent: {}
[6.114270] (-) TimerEvent: {}
[6.214521] (-) TimerEvent: {}
[6.314767] (-) TimerEvent: {}
[6.415060] (-) TimerEvent: {}
[6.515499] (-) TimerEvent: {}
[6.615689] (-) TimerEvent: {}
[6.715938] (-) TimerEvent: {}
[6.816198] (-) TimerEvent: {}
[6.916372] (-) TimerEvent: {}
[7.016567] (-) TimerEvent: {}
[7.116763] (-) TimerEvent: {}
[7.217019] (-) TimerEvent: {}
[7.317274] (-) TimerEvent: {}
[7.417457] (-) TimerEvent: {}
[7.517650] (-) TimerEvent: {}
[7.617901] (-) TimerEvent: {}
[7.718175] (-) TimerEvent: {}
[7.818339] (-) TimerEvent: {}
[7.918521] (-) TimerEvent: {}
[8.018725] (-) TimerEvent: {}
[8.118897] (-) TimerEvent: {}
[8.219061] (-) TimerEvent: {}
[8.319349] (-) TimerEvent: {}
[8.419516] (-) TimerEvent: {}
[8.519712] (-) TimerEvent: {}
[8.619977] (-) TimerEvent: {}
[8.720261] (-) TimerEvent: {}
[8.820431] (-) TimerEvent: {}
[8.920637] (-) TimerEvent: {}
[9.020845] (-) TimerEvent: {}
[9.121069] (-) TimerEvent: {}
[9.221322] (-) TimerEvent: {}
[9.321564] (-) TimerEvent: {}
[9.421757] (-) TimerEvent: {}
[9.522040] (-) TimerEvent: {}
[9.622235] (-) TimerEvent: {}
[9.722478] (-) TimerEvent: {}
[9.822684] (-) TimerEvent: {}
[9.922880] (-) TimerEvent: {}
[10.023149] (-) TimerEvent: {}
[10.123316] (-) TimerEvent: {}
[10.223474] (-) TimerEvent: {}
[10.323655] (-) TimerEvent: {}
[10.423838] (-) TimerEvent: {}
[10.524100] (-) TimerEvent: {}
[10.624345] (-) TimerEvent: {}
[10.724513] (-) TimerEvent: {}
[10.824712] (-) TimerEvent: {}
[10.924982] (-) TimerEvent: {}
[11.025253] (-) TimerEvent: {}
[11.125416] (-) TimerEvent: {}
[11.225617] (-) TimerEvent: {}
[11.325884] (-) TimerEvent: {}
[11.426162] (-) TimerEvent: {}
[11.526346] (-) TimerEvent: {}
[11.626508] (-) TimerEvent: {}
[11.726780] (-) TimerEvent: {}
[11.827053] (-) TimerEvent: {}
[11.927326] (-) TimerEvent: {}
[12.027621] (-) TimerEvent: {}
[12.127899] (-) TimerEvent: {}
[12.228154] (-) TimerEvent: {}
[12.328423] (-) TimerEvent: {}
[12.428722] (-) TimerEvent: {}
[12.529042] (-) TimerEvent: {}
[12.629262] (-) TimerEvent: {}
[12.729580] (-) TimerEvent: {}
[12.829815] (-) TimerEvent: {}
[12.930125] (-) TimerEvent: {}
[13.030385] (-) TimerEvent: {}
[13.130712] (-) TimerEvent: {}
[13.231023] (-) TimerEvent: {}
[13.331372] (-) TimerEvent: {}
[13.431684] (-) TimerEvent: {}
[13.531986] (-) TimerEvent: {}
[13.632309] (-) TimerEvent: {}
[13.732626] (-) TimerEvent: {}
[13.832943] (-) TimerEvent: {}
[13.933187] (-) TimerEvent: {}
[14.033424] (-) TimerEvent: {}
[14.133693] (-) TimerEvent: {}
[14.233994] (-) TimerEvent: {}
[14.334303] (-) TimerEvent: {}
[14.434615] (-) TimerEvent: {}
[14.534939] (-) TimerEvent: {}
[14.635259] (-) TimerEvent: {}
[14.735574] (-) TimerEvent: {}
[14.835875] (-) TimerEvent: {}
[14.936192] (-) TimerEvent: {}
[15.036505] (-) TimerEvent: {}
[15.136836] (-) TimerEvent: {}
[15.237168] (-) TimerEvent: {}
[15.337504] (-) TimerEvent: {}
[15.437815] (-) TimerEvent: {}
[15.538139] (-) TimerEvent: {}
[15.638353] (-) TimerEvent: {}
[15.738552] (-) TimerEvent: {}
[15.838859] (-) TimerEvent: {}
[15.939203] (-) TimerEvent: {}
[16.039403] (-) TimerEvent: {}
[16.139596] (-) TimerEvent: {}
[16.239823] (-) TimerEvent: {}
[16.340142] (-) TimerEvent: {}
[16.440372] (-) TimerEvent: {}
[16.540570] (-) TimerEvent: {}
[16.640799] (-) TimerEvent: {}
[16.741105] (-) TimerEvent: {}
[16.841354] (-) TimerEvent: {}
[16.941552] (-) TimerEvent: {}
[17.041777] (-) TimerEvent: {}
[17.142099] (-) TimerEvent: {}
[17.242350] (-) TimerEvent: {}
[17.342549] (-) TimerEvent: {}
[17.442751] (-) TimerEvent: {}
[17.542980] (-) TimerEvent: {}
[17.643248] (-) TimerEvent: {}
[17.743516] (-) TimerEvent: {}
[17.843741] (-) TimerEvent: {}
[17.944035] (-) TimerEvent: {}
[18.044356] (-) TimerEvent: {}
[18.144555] (-) TimerEvent: {}
[18.244828] (-) TimerEvent: {}
[18.345122] (-) TimerEvent: {}
[18.445374] (-) TimerEvent: {}
[18.545679] (-) TimerEvent: {}
[18.645855] (-) TimerEvent: {}
[18.746029] (-) TimerEvent: {}
[18.846200] (-) TimerEvent: {}
[18.946370] (-) TimerEvent: {}
[19.046548] (-) TimerEvent: {}
[19.146715] (-) TimerEvent: {}
[19.246885] (-) TimerEvent: {}
[19.347060] (-) TimerEvent: {}
[19.447246] (-) TimerEvent: {}
[19.547412] (-) TimerEvent: {}
[19.647591] (-) TimerEvent: {}
[19.747883] (-) TimerEvent: {}
[19.848165] (-) TimerEvent: {}
[19.948344] (-) TimerEvent: {}
[20.048522] (-) TimerEvent: {}
[20.148689] (-) TimerEvent: {}
[20.248933] (-) TimerEvent: {}
[20.349193] (-) TimerEvent: {}
[20.449397] (-) TimerEvent: {}
[20.549563] (-) TimerEvent: {}
[20.649754] (-) TimerEvent: {}
[20.750002] (-) TimerEvent: {}
[20.850264] (-) TimerEvent: {}
[20.950429] (-) TimerEvent: {}
[21.050614] (-) TimerEvent: {}
[21.150854] (-) TimerEvent: {}
[21.251109] (-) TimerEvent: {}
[21.351299] (-) TimerEvent: {}
[21.451468] (-) TimerEvent: {}
[21.551659] (-) TimerEvent: {}
[21.651834] (-) TimerEvent: {}
[21.752107] (-) TimerEvent: {}
[21.852318] (-) TimerEvent: {}
[21.952479] (-) TimerEvent: {}
[22.052676] (-) TimerEvent: {}
[22.152952] (-) TimerEvent: {}
[22.253302] (-) TimerEvent: {}
[22.353483] (-) TimerEvent: {}
[22.453750] (-) TimerEvent: {}
[22.554018] (-) TimerEvent: {}
[22.654321] (-) TimerEvent: {}
[22.754506] (-) TimerEvent: {}
[22.854770] (-) TimerEvent: {}
[22.955042] (-) TimerEvent: {}
[23.055355] (-) TimerEvent: {}
[23.155607] (-) TimerEvent: {}
[23.255864] (-) TimerEvent: {}
[23.356108] (-) TimerEvent: {}
[23.456385] (-) TimerEvent: {}
[23.556652] (-) TimerEvent: {}
[23.656923] (-) TimerEvent: {}
[23.757210] (-) TimerEvent: {}
[23.857497] (-) TimerEvent: {}
[24.055604] (-) TimerEvent: {}
[24.155855] (-) TimerEvent: {}
[24.256112] (-) TimerEvent: {}
[24.356306] (-) TimerEvent: {}
[24.456488] (-) TimerEvent: {}
[24.556682] (-) TimerEvent: {}
[24.656931] (-) TimerEvent: {}
[24.757195] (-) TimerEvent: {}
[24.857362] (-) TimerEvent: {}
[24.957524] (-) TimerEvent: {}
[25.057779] (-) TimerEvent: {}
[25.158030] (-) TimerEvent: {}
[25.258299] (-) TimerEvent: {}
[25.358556] (-) TimerEvent: {}
[25.458826] (-) TimerEvent: {}
[25.559076] (-) TimerEvent: {}
[25.659341] (-) TimerEvent: {}
[25.759611] (-) TimerEvent: {}
[25.859776] (-) TimerEvent: {}
[25.959943] (-) TimerEvent: {}
[26.060190] (-) TimerEvent: {}
[26.160457] (-) TimerEvent: {}
[26.260713] (-) TimerEvent: {}
[26.361003] (-) TimerEvent: {}
[26.461280] (-) TimerEvent: {}
[26.561541] (-) TimerEvent: {}
[26.661828] (-) TimerEvent: {}
[26.762117] (-) TimerEvent: {}
[26.862335] (-) TimerEvent: {}
[26.962648] (-) TimerEvent: {}
[27.062900] (-) TimerEvent: {}
[27.163148] (-) TimerEvent: {}
[27.263441] (-) TimerEvent: {}
[27.363711] (-) TimerEvent: {}
[27.463974] (-) TimerEvent: {}
[27.564226] (-) TimerEvent: {}
[27.664528] (-) TimerEvent: {}
[27.764800] (-) TimerEvent: {}
[27.865224] (-) TimerEvent: {}
[27.965426] (-) TimerEvent: {}
[28.065703] (-) TimerEvent: {}
[28.165991] (-) TimerEvent: {}
[28.266298] (-) TimerEvent: {}
[28.366628] (-) TimerEvent: {}
[28.466926] (-) TimerEvent: {}
[28.567251] (-) TimerEvent: {}
[28.667554] (-) TimerEvent: {}
[28.767861] (-) TimerEvent: {}
[28.868126] (-) TimerEvent: {}
[28.968387] (-) TimerEvent: {}
[29.068647] (-) TimerEvent: {}
[29.168927] (-) TimerEvent: {}
[29.269238] (-) TimerEvent: {}
[29.369455] (-) TimerEvent: {}
[29.469757] (-) TimerEvent: {}
[29.569974] (-) TimerEvent: {}
[29.670325] (-) TimerEvent: {}
[29.770494] (-) TimerEvent: {}
[29.870678] (-) TimerEvent: {}
[29.970863] (-) TimerEvent: {}
[30.071019] (-) TimerEvent: {}
[30.171215] (-) TimerEvent: {}
[30.271375] (-) TimerEvent: {}
[30.371565] (-) TimerEvent: {}
[30.471824] (-) TimerEvent: {}
[30.572065] (-) TimerEvent: {}
[30.672338] (-) TimerEvent: {}
[30.772580] (-) TimerEvent: {}
[30.872832] (-) TimerEvent: {}
[30.973089] (-) TimerEvent: {}
[31.073352] (-) TimerEvent: {}
[31.173616] (-) TimerEvent: {}
[31.273871] (-) TimerEvent: {}
[31.374067] (-) TimerEvent: {}
[31.474245] (-) TimerEvent: {}
[31.574397] (-) TimerEvent: {}
[31.674556] (-) TimerEvent: {}
[31.774738] (-) TimerEvent: {}
[31.874989] (-) TimerEvent: {}
[31.975235] (-) TimerEvent: {}
[32.075446] (-) TimerEvent: {}
[32.175687] (-) TimerEvent: {}
[32.275871] (-) TimerEvent: {}
[32.376133] (-) TimerEvent: {}
[32.476360] (-) TimerEvent: {}
[32.576599] (-) TimerEvent: {}
[32.676822] (-) TimerEvent: {}
[32.777083] (-) TimerEvent: {}
[32.877258] (-) TimerEvent: {}
[32.977415] (-) TimerEvent: {}
[33.077674] (-) TimerEvent: {}
[33.177920] (-) TimerEvent: {}
[33.278176] (-) TimerEvent: {}
[33.378466] (-) TimerEvent: {}
[33.478726] (-) TimerEvent: {}
[33.578965] (-) TimerEvent: {}
[33.679225] (-) TimerEvent: {}
[33.779512] (-) TimerEvent: {}
[33.879764] (-) TimerEvent: {}
[33.980006] (-) TimerEvent: {}
[34.080276] (-) TimerEvent: {}
[34.180545] (-) TimerEvent: {}
[34.280827] (-) TimerEvent: {}
[34.381087] (-) TimerEvent: {}
[34.481379] (-) TimerEvent: {}
[34.581673] (-) TimerEvent: {}
[34.681978] (-) TimerEvent: {}
[34.782269] (-) TimerEvent: {}
[34.882470] (-) TimerEvent: {}
[34.982787] (-) TimerEvent: {}
[35.083075] (-) TimerEvent: {}
[35.183241] (-) TimerEvent: {}
[35.283546] (-) TimerEvent: {}
[35.383764] (-) TimerEvent: {}
[35.484094] (-) TimerEvent: {}
[35.584425] (-) TimerEvent: {}
[35.684709] (-) TimerEvent: {}
[35.785001] (-) TimerEvent: {}
[35.885208] (-) TimerEvent: {}
[35.985463] (-) TimerEvent: {}
[36.085672] (-) TimerEvent: {}
[36.185966] (-) TimerEvent: {}
[36.286332] (-) TimerEvent: {}
[36.386777] (-) TimerEvent: {}
[36.487246] (-) TimerEvent: {}
[36.587692] (-) TimerEvent: {}
[36.688204] (-) TimerEvent: {}
[36.788841] (-) TimerEvent: {}
[36.889184] (-) TimerEvent: {}
[36.989735] (-) TimerEvent: {}
[37.090068] (-) TimerEvent: {}
[37.190405] (-) TimerEvent: {}
[37.290681] (-) TimerEvent: {}
[37.390944] (-) TimerEvent: {}
[37.480204] (go2_robot) StdoutLine: {'line': b'[ 79%] Linking CXX static library libgo2_core.a\n'}
[37.491184] (-) TimerEvent: {}
[37.591592] (-) TimerEvent: {}
[37.691970] (-) TimerEvent: {}
[37.792275] (-) TimerEvent: {}
[37.892466] (-) TimerEvent: {}
[37.896882] (go2_robot) StdoutLine: {'line': b'[ 93%] Built target go2_core\n'}
[37.960755] (go2_robot) StdoutLine: {'line': b'[ 95%] Linking CXX executable go2_control_node\n'}
[37.992590] (-) TimerEvent: {}
[38.092850] (-) TimerEvent: {}
[38.193225] (-) TimerEvent: {}
[38.293737] (-) TimerEvent: {}
[38.394113] (-) TimerEvent: {}
[38.494318] (-) TimerEvent: {}
[38.594618] (-) TimerEvent: {}
[38.694898] (-) TimerEvent: {}
[38.795245] (-) TimerEvent: {}
[38.895441] (-) TimerEvent: {}
[38.995748] (-) TimerEvent: {}
[39.096038] (-) TimerEvent: {}
[39.196365] (-) TimerEvent: {}
[39.296637] (-) TimerEvent: {}
[39.397037] (-) TimerEvent: {}
[39.497574] (-) TimerEvent: {}
[39.598020] (-) TimerEvent: {}
[39.698475] (-) TimerEvent: {}
[39.798881] (-) TimerEvent: {}
[39.899483] (-) TimerEvent: {}
[40.000025] (-) TimerEvent: {}
[40.100437] (-) TimerEvent: {}
[40.200810] (-) TimerEvent: {}
[40.301145] (-) TimerEvent: {}
[40.401475] (-) TimerEvent: {}
[40.501747] (-) TimerEvent: {}
[40.602053] (-) TimerEvent: {}
[40.702371] (-) TimerEvent: {}
[40.802635] (-) TimerEvent: {}
[40.814925] (go2_robot) StdoutLine: {'line': b'[100%] Built target go2_control_node\n'}
[40.827704] (go2_robot) CommandEnded: {'returncode': 0}
[40.890261] (go2_robot) JobProgress: {'identifier': 'go2_robot', 'progress': 'install'}
[40.903282] (go2_robot) Command: {'cmd': ['/usr/bin/cmake', '--install', '/home/hong/Movement_Control/Go2Robot/build/go2_robot'], 'cwd': '/home/hong/Movement_Control/Go2Robot/build/go2_robot', 'env': OrderedDict([('GJS_DEBUG_TOPICS', 'JS ERROR;JS LOG'), ('PYTHONIOENCODING', 'utf-8'), ('ZAI_OAUTH_CLIENT_ID', 'client_P8X5CMWmlaRO9gyO-KSqtg'), ('ZCODE_DESKTOP_CONTEXT_PROMPT_ENABLED', '1'), ('LANGUAGE', 'zh_CN:zh:en_US:en'), ('USER', 'hong'), ('LC_TIME', 'zh_CN.UTF-8'), ('GIT_EDITOR', 'true'), ('XDG_SESSION_TYPE', 'x11'), ('SHLVL', '0'), ('LD_LIBRARY_PATH', '/usr/lib/x86_64-linux-gnu/gazebo-11/plugins:/opt/ros/humble/opt/rviz_ogre_vendor/lib:/opt/ros/humble/lib/x86_64-linux-gnu:/opt/ros/humble/lib:/tmp/.mount_ZCode-dLcwPp/usr/lib:'), ('INPUT_METHOD', 'fcitx'), ('HOME', '/home/hong'), ('CHROME_DESKTOP', 'zcode.desktop'), ('APPDIR', '/tmp/.mount_ZCode-dLcwPp'), ('OLDPWD', '/home/hong/Movement_Control/Go2Robot'), ('DESKTOP_SESSION', 'ubuntu'), ('ZAI_OAUTH_ORIGIN', 'https://chat.z.ai'), ('GIO_LAUNCHED_DESKTOP_FILE', '/home/hong/.local/share/applications/zcode.desktop'), ('ZCODE_APP_VERSION', '3.10.2'), ('ROS_PYTHON_VERSION', '3'), ('GNOME_SHELL_SESSION_MODE', 'ubuntu'), ('GTK_MODULES', 'gail:atk-bridge'), ('SDL_IM_MODULE', 'fcitx'), ('LC_MONETARY', 'zh_CN.UTF-8'), ('MANAGERPID', '2258'), ('LC_CTYPE', 'zh_CN.UTF-8'), ('GLFW_IM_MODULE', 'ibus'), ('SYSTEMD_EXEC_PID', '2492'), ('DBUS_SESSION_BUS_ADDRESS', 'unix:path=/run/user/1000/bus'), ('ZCODE_PROCESS_LABEL', 'local-1'), ('GIO_LAUNCHED_DESKTOP_FILE_PID', '7263'), ('ROS_DISTRO', 'humble'), ('GTK_IM_MODULE', 'ibus'), ('LOGNAME', 'hong'), ('ZCODE_RUNTIME_ENV', 'production'), ('OWD', '/home/hong'), ('JOURNAL_STREAM', '8:17761'), ('_', '/usr/bin/colcon'), ('ROS_VERSION', '2'), ('XDG_SESSION_CLASS', 'user'), ('USERNAME', 'hong'), ('ZAI_BUSINESS_BASE_URL', 'https://api.z.ai'), ('TERM', 'dumb'), ('GNOME_DESKTOP_SESSION_ID', 'this-is-deprecated'), ('FC_FONTATIONS', '1'), ('ROS_LOCALHOST_ONLY', '0'), ('WINDOWPATH', '2'), ('PATH', '/home/hong/.local/bin:/opt/ros/humble/bin:/usr/local/cuda-12.1/bin:/home/hong/miniconda3/condabin:/usr/local/sbin:/usr/local/bin:/usr/sbin:/usr/bin:/sbin:/bin:/tmp/.mount_ZCode-dLcwPp:/tmp/.mount_ZCode-dLcwPp/usr/sbin:/usr/games:/usr/local/games:/snap/bin:/home/hong/.mujoco/mujoco-3.9.0/bin:/tmp/.mount_ZCode-dLcwPp/resources/tools/bfs:/tmp/.mount_ZCode-dLcwPp/resources/tools/ripgrep:/tmp/.mount_ZCode-dLcwPp/resources/tools/ugrep'), ('SESSION_MANAGER', 'local/hong:@/tmp/.ICE-unix/2469,unix/hong:/tmp/.ICE-unix/2469'), ('INVOCATION_ID', '58590a6953bb4c2bae7de4ba27f9f826'), ('APPIMAGE', '/home/hong/下载/ZCode-3.10.2-linux-x64.AppImage'), ('XDG_MENU_PREFIX', 'gnome-'), ('LC_ADDRESS', 'zh_CN.UTF-8'), ('ZCODE_BUILD_COMMIT_ID', '35824adf'), ('XDG_RUNTIME_DIR', '/run/user/1000'), ('GDK_BACKEND', 'x11'), ('DISPLAY', ':1'), ('ZCODE_BFS_BINARY', '/tmp/.mount_ZCode-dLcwPp/resources/tools/bfs/bfs'), ('LANG', 'zh_CN.UTF-8'), ('XDG_CURRENT_DESKTOP', 'ubuntu:GNOME'), ('LC_TELEPHONE', 'zh_CN.UTF-8'), ('XMODIFIERS', '@im=ibus'), ('XDG_SESSION_DESKTOP', 'ubuntu'), ('XAUTHORITY', '/run/user/1000/gdm/Xauthority'), ('SSH_AGENT_LAUNCHER', 'gnome-keyring'), ('SSH_AUTH_SOCK', '/run/user/1000/keyring/ssh'), ('GSETTINGS_SCHEMA_DIR', '/tmp/.mount_ZCode-dLcwPp/usr/share/glib-2.0/schemas:'), ('AMENT_PREFIX_PATH', '/opt/ros/humble'), ('SHELL', '/bin/bash'), ('LC_NAME', 'zh_CN.UTF-8'), ('ARGV0', '/home/hong/下载/ZCode-3.10.2-linux-x64.AppImage'), ('QT_ACCESSIBILITY', '1'), ('GDMSESSION', 'ubuntu'), ('PYTHONUTF8', '1'), ('LC_MEASUREMENT', 'zh_CN.UTF-8'), ('GPG_AGENT_INFO', '/run/user/1000/gnupg/S.gpg-agent:0:1'), ('GJS_DEBUG_OUTPUT', 'stderr'), ('LC_IDENTIFICATION', 'zh_CN.UTF-8'), ('ZCODE_CUA_GRAY_ENABLED', '0'), ('QT_IM_MODULE', 'ibus'), ('PWD', '/home/hong/Movement_Control/Go2Robot/build/go2_robot'), ('ZCODE_BASE_URL', 'https://zcode.z.ai'), ('XDG_CONFIG_DIRS', '/etc/xdg/xdg-ubuntu:/etc/xdg'), ('XDG_DATA_DIRS', '/tmp/.mount_ZCode-dLcwPp/usr/share/:./share/:/usr/share/gnome:/usr/local/share/:/usr/share/:/usr/share/ubuntu:/usr/share/gnome:/usr/local/share/:/usr/share/:/var/lib/snapd/desktop:/usr/share/gnome/:/usr/local/share/:/usr/share/'), ('ZCODE_RG_BINARY', '/tmp/.mount_ZCode-dLcwPp/resources/tools/ripgrep/rg'), ('PYTHONPATH', '/opt/ros/humble/lib/python3.10/site-packages:/opt/ros/humble/local/lib/python3.10/dist-packages'), ('ZCODE_UGREP_BINARY', '/tmp/.mount_ZCode-dLcwPp/resources/tools/ugrep/ugrep'), ('ZCODE_ENV', 'production'), ('LC_NUMERIC', 'zh_CN.UTF-8'), ('LC_PAPER', 'zh_CN.UTF-8'), ('COLCON', '1'), ('CMAKE_PREFIX_PATH', '/opt/ros/humble')]), 'shell': False}
[40.904244] (-) TimerEvent: {}
[40.914442] (go2_robot) StdoutLine: {'line': b'-- Install configuration: "Release"\n'}
[40.914980] (go2_robot) StdoutLine: {'line': b'-- Up-to-date: /home/hong/Movement_Control/Go2Robot/install/go2_robot/share/ament_index/resource_index/rosidl_interfaces/go2_robot\n'}
[40.915130] (go2_robot) StdoutLine: {'line': b'-- Up-to-date: /home/hong/Movement_Control/Go2Robot/install/go2_robot/include/go2_robot/go2_robot\n'}
[40.915273] (go2_robot) StdoutLine: {'line': b'-- Up-to-date: /home/hong/Movement_Control/Go2Robot/install/go2_robot/include/go2_robot/go2_robot/msg\n'}
[40.915402] (go2_robot) StdoutLine: {'line': b'-- Up-to-date: /home/hong/Movement_Control/Go2Robot/install/go2_robot/include/go2_robot/go2_robot/msg/rosidl_generator_c__visibility_control.h\n'}
[40.915527] (go2_robot) StdoutLine: {'line': b'-- Up-to-date: /home/hong/Movement_Control/Go2Robot/install/go2_robot/include/go2_robot/go2_robot/msg/go2_telemetry.h\n'}
[40.915652] (go2_robot) StdoutLine: {'line': b'-- Up-to-date: /home/hong/Movement_Control/Go2Robot/install/go2_robot/include/go2_robot/go2_robot/msg/detail\n'}
[40.915773] (go2_robot) StdoutLine: {'line': b'-- Up-to-date: /home/hong/Movement_Control/Go2Robot/install/go2_robot/include/go2_robot/go2_robot/msg/detail/go2_telemetry__functions.c\n'}
[40.915896] (go2_robot) StdoutLine: {'line': b'-- Up-to-date: /home/hong/Movement_Control/Go2Robot/install/go2_robot/include/go2_robot/go2_robot/msg/detail/go2_telemetry__type_support.h\n'}
[40.916020] (go2_robot) StdoutLine: {'line': b'-- Up-to-date: /home/hong/Movement_Control/Go2Robot/install/go2_robot/include/go2_robot/go2_robot/msg/detail/go2_telemetry__functions.h\n'}
[40.916143] (go2_robot) StdoutLine: {'line': b'-- Up-to-date: /home/hong/Movement_Control/Go2Robot/install/go2_robot/include/go2_robot/go2_robot/msg/detail/go2_telemetry__struct.h\n'}
[40.916278] (go2_robot) StdoutLine: {'line': b'-- Up-to-date: /home/hong/Movement_Control/Go2Robot/install/go2_robot/share/go2_robot/environment/library_path.sh\n'}
[40.981772] (go2_robot) StdoutLine: {'line': b'-- Up-to-date: /home/hong/Movement_Control/Go2Robot/install/go2_robot/share/go2_robot/environment/library_path.dsv\n'}
[40.982531] (go2_robot) StdoutLine: {'line': b'-- Up-to-date: /home/hong/Movement_Control/Go2Robot/install/go2_robot/lib/libgo2_robot__rosidl_generator_c.so\n'}
[40.983197] (go2_robot) StdoutLine: {'line': b'-- Up-to-date: /home/hong/Movement_Control/Go2Robot/install/go2_robot/include/go2_robot/go2_robot\n'}
[40.983778] (go2_robot) StdoutLine: {'line': b'-- Up-to-date: /home/hong/Movement_Control/Go2Robot/install/go2_robot/include/go2_robot/go2_robot/msg\n'}
[40.984147] (go2_robot) StdoutLine: {'line': b'-- Up-to-date: /home/hong/Movement_Control/Go2Robot/install/go2_robot/include/go2_robot/go2_robot/msg/rosidl_typesupport_fastrtps_c__visibility_control.h\n'}
[40.984577] (go2_robot) StdoutLine: {'line': b'-- Up-to-date: /home/hong/Movement_Control/Go2Robot/install/go2_robot/include/go2_robot/go2_robot/msg/detail\n'}
[40.984906] (go2_robot) StdoutLine: {'line': b'-- Up-to-date: /home/hong/Movement_Control/Go2Robot/install/go2_robot/include/go2_robot/go2_robot/msg/detail/go2_telemetry__rosidl_typesupport_fastrtps_c.h\n'}
[40.985064] (go2_robot) StdoutLine: {'line': b'-- Up-to-date: /home/hong/Movement_Control/Go2Robot/install/go2_robot/lib/libgo2_robot__rosidl_typesupport_fastrtps_c.so\n'}
[40.985237] (go2_robot) StdoutLine: {'line': b'-- Up-to-date: /home/hong/Movement_Control/Go2Robot/install/go2_robot/include/go2_robot/go2_robot\n'}
[40.985413] (go2_robot) StdoutLine: {'line': b'-- Up-to-date: /home/hong/Movement_Control/Go2Robot/install/go2_robot/include/go2_robot/go2_robot/msg\n'}
[40.985573] (go2_robot) StdoutLine: {'line': b'-- Up-to-date: /home/hong/Movement_Control/Go2Robot/install/go2_robot/include/go2_robot/go2_robot/msg/rosidl_generator_cpp__visibility_control.hpp\n'}
[40.985742] (go2_robot) StdoutLine: {'line': b'-- Up-to-date: /home/hong/Movement_Control/Go2Robot/install/go2_robot/include/go2_robot/go2_robot/msg/go2_telemetry.hpp\n'}
[40.985886] (go2_robot) StdoutLine: {'line': b'-- Up-to-date: /home/hong/Movement_Control/Go2Robot/install/go2_robot/include/go2_robot/go2_robot/msg/detail\n'}
[40.986022] (go2_robot) StdoutLine: {'line': b'-- Up-to-date: /home/hong/Movement_Control/Go2Robot/install/go2_robot/include/go2_robot/go2_robot/msg/detail/go2_telemetry__builder.hpp\n'}
[40.986172] (go2_robot) StdoutLine: {'line': b'-- Up-to-date: /home/hong/Movement_Control/Go2Robot/install/go2_robot/include/go2_robot/go2_robot/msg/detail/go2_telemetry__type_support.hpp\n'}
[40.986323] (go2_robot) StdoutLine: {'line': b'-- Up-to-date: /home/hong/Movement_Control/Go2Robot/install/go2_robot/include/go2_robot/go2_robot/msg/detail/go2_telemetry__traits.hpp\n'}
[40.986462] (go2_robot) StdoutLine: {'line': b'-- Up-to-date: /home/hong/Movement_Control/Go2Robot/install/go2_robot/include/go2_robot/go2_robot/msg/detail/go2_telemetry__struct.hpp\n'}
[40.986598] (go2_robot) StdoutLine: {'line': b'-- Up-to-date: /home/hong/Movement_Control/Go2Robot/install/go2_robot/include/go2_robot/go2_robot\n'}
[40.986737] (go2_robot) StdoutLine: {'line': b'-- Up-to-date: /home/hong/Movement_Control/Go2Robot/install/go2_robot/include/go2_robot/go2_robot/msg\n'}
[40.986872] (go2_robot) StdoutLine: {'line': b'-- Up-to-date: /home/hong/Movement_Control/Go2Robot/install/go2_robot/include/go2_robot/go2_robot/msg/rosidl_typesupport_fastrtps_cpp__visibility_control.h\n'}
[40.987011] (go2_robot) StdoutLine: {'line': b'-- Up-to-date: /home/hong/Movement_Control/Go2Robot/install/go2_robot/include/go2_robot/go2_robot/msg/detail\n'}
[40.987149] (go2_robot) StdoutLine: {'line': b'-- Up-to-date: /home/hong/Movement_Control/Go2Robot/install/go2_robot/include/go2_robot/go2_robot/msg/detail/go2_telemetry__rosidl_typesupport_fastrtps_cpp.hpp\n'}
[40.987305] (go2_robot) StdoutLine: {'line': b'-- Up-to-date: /home/hong/Movement_Control/Go2Robot/install/go2_robot/include/go2_robot/go2_robot/msg/detail/dds_fastrtps\n'}
[40.987442] (go2_robot) StdoutLine: {'line': b'-- Up-to-date: /home/hong/Movement_Control/Go2Robot/install/go2_robot/lib/libgo2_robot__rosidl_typesupport_fastrtps_cpp.so\n'}
[40.987580] (go2_robot) StdoutLine: {'line': b'-- Up-to-date: /home/hong/Movement_Control/Go2Robot/install/go2_robot/include/go2_robot/go2_robot\n'}
[40.987718] (go2_robot) StdoutLine: {'line': b'-- Up-to-date: /home/hong/Movement_Control/Go2Robot/install/go2_robot/include/go2_robot/go2_robot/msg\n'}
[40.987855] (go2_robot) StdoutLine: {'line': b'-- Up-to-date: /home/hong/Movement_Control/Go2Robot/install/go2_robot/include/go2_robot/go2_robot/msg/rosidl_typesupport_introspection_c__visibility_control.h\n'}
[40.987991] (go2_robot) StdoutLine: {'line': b'-- Up-to-date: /home/hong/Movement_Control/Go2Robot/install/go2_robot/include/go2_robot/go2_robot/msg/detail\n'}
[40.988128] (go2_robot) StdoutLine: {'line': b'-- Up-to-date: /home/hong/Movement_Control/Go2Robot/install/go2_robot/include/go2_robot/go2_robot/msg/detail/go2_telemetry__type_support.c\n'}
[40.988279] (go2_robot) StdoutLine: {'line': b'-- Up-to-date: /home/hong/Movement_Control/Go2Robot/install/go2_robot/include/go2_robot/go2_robot/msg/detail/go2_telemetry__rosidl_typesupport_introspection_c.h\n'}
[40.988419] (go2_robot) StdoutLine: {'line': b'-- Up-to-date: /home/hong/Movement_Control/Go2Robot/install/go2_robot/lib/libgo2_robot__rosidl_typesupport_introspection_c.so\n'}
[40.988541] (go2_robot) StdoutLine: {'line': b'-- Up-to-date: /home/hong/Movement_Control/Go2Robot/install/go2_robot/lib/libgo2_robot__rosidl_typesupport_c.so\n'}
[40.988673] (go2_robot) StdoutLine: {'line': b'-- Up-to-date: /home/hong/Movement_Control/Go2Robot/install/go2_robot/include/go2_robot/go2_robot\n'}
[40.988793] (go2_robot) StdoutLine: {'line': b'-- Up-to-date: /home/hong/Movement_Control/Go2Robot/install/go2_robot/include/go2_robot/go2_robot/msg\n'}
[40.988912] (go2_robot) StdoutLine: {'line': b'-- Up-to-date: /home/hong/Movement_Control/Go2Robot/install/go2_robot/include/go2_robot/go2_robot/msg/detail\n'}
[40.989031] (go2_robot) StdoutLine: {'line': b'-- Up-to-date: /home/hong/Movement_Control/Go2Robot/install/go2_robot/include/go2_robot/go2_robot/msg/detail/go2_telemetry__rosidl_typesupport_introspection_cpp.hpp\n'}
[40.989150] (go2_robot) StdoutLine: {'line': b'-- Up-to-date: /home/hong/Movement_Control/Go2Robot/install/go2_robot/include/go2_robot/go2_robot/msg/detail/go2_telemetry__type_support.cpp\n'}
[40.989287] (go2_robot) StdoutLine: {'line': b'-- Up-to-date: /home/hong/Movement_Control/Go2Robot/install/go2_robot/lib/libgo2_robot__rosidl_typesupport_introspection_cpp.so\n'}
[41.004412] (-) TimerEvent: {}
[41.038805] (go2_robot) StdoutLine: {'line': b'-- Up-to-date: /home/hong/Movement_Control/Go2Robot/install/go2_robot/lib/libgo2_robot__rosidl_typesupport_cpp.so\n'}
[41.039088] (go2_robot) StdoutLine: {'line': b'-- Up-to-date: /home/hong/Movement_Control/Go2Robot/install/go2_robot/share/go2_robot/environment/pythonpath.sh\n'}
[41.039235] (go2_robot) StdoutLine: {'line': b'-- Up-to-date: /home/hong/Movement_Control/Go2Robot/install/go2_robot/share/go2_robot/environment/pythonpath.dsv\n'}
[41.039362] (go2_robot) StdoutLine: {'line': b'-- Up-to-date: /home/hong/Movement_Control/Go2Robot/install/go2_robot/local/lib/python3.10/dist-packages/go2_robot-0.1.0-py3.10.egg-info\n'}
[41.074813] (go2_robot) StdoutLine: {'line': b'-- Installing: /home/hong/Movement_Control/Go2Robot/install/go2_robot/local/lib/python3.10/dist-packages/go2_robot-0.1.0-py3.10.egg-info/SOURCES.txt\n'}
[41.075295] (go2_robot) StdoutLine: {'line': b'-- Installing: /home/hong/Movement_Control/Go2Robot/install/go2_robot/local/lib/python3.10/dist-packages/go2_robot-0.1.0-py3.10.egg-info/top_level.txt\n'}
[41.075796] (go2_robot) StdoutLine: {'line': b'-- Installing: /home/hong/Movement_Control/Go2Robot/install/go2_robot/local/lib/python3.10/dist-packages/go2_robot-0.1.0-py3.10.egg-info/PKG-INFO\n'}
[41.075953] (go2_robot) StdoutLine: {'line': b'-- Installing: /home/hong/Movement_Control/Go2Robot/install/go2_robot/local/lib/python3.10/dist-packages/go2_robot-0.1.0-py3.10.egg-info/dependency_links.txt\n'}
[41.076091] (go2_robot) StdoutLine: {'line': b'-- Up-to-date: /home/hong/Movement_Control/Go2Robot/install/go2_robot/local/lib/python3.10/dist-packages/go2_robot\n'}
[41.076241] (go2_robot) StdoutLine: {'line': b'-- Up-to-date: /home/hong/Movement_Control/Go2Robot/install/go2_robot/local/lib/python3.10/dist-packages/go2_robot/_go2_robot_s.ep.rosidl_typesupport_fastrtps_c.c\n'}
[41.076374] (go2_robot) StdoutLine: {'line': b'-- Up-to-date: /home/hong/Movement_Control/Go2Robot/install/go2_robot/local/lib/python3.10/dist-packages/go2_robot/go2_robot_s__rosidl_typesupport_fastrtps_c..cpython-310-x86_64-linux-gnu.so\n'}
[41.076500] (go2_robot) StdoutLine: {'line': b'-- Up-to-date: /home/hong/Movement_Control/Go2Robot/install/go2_robot/local/lib/python3.10/dist-packages/go2_robot/__init__.py\n'}
[41.076624] (go2_robot) StdoutLine: {'line': b'-- Up-to-date: /home/hong/Movement_Control/Go2Robot/install/go2_robot/local/lib/python3.10/dist-packages/go2_robot/_go2_robot_s.ep.rosidl_typesupport_introspection_c.c\n'}
[41.076748] (go2_robot) StdoutLine: {'line': b'-- Up-to-date: /home/hong/Movement_Control/Go2Robot/install/go2_robot/local/lib/python3.10/dist-packages/go2_robot/_go2_robot_s.ep.rosidl_typesupport_c.c\n'}
[41.076872] (go2_robot) StdoutLine: {'line': b'-- Up-to-date: /home/hong/Movement_Control/Go2Robot/install/go2_robot/local/lib/python3.10/dist-packages/go2_robot/go2_robot_s__rosidl_typesupport_introspection_c..cpython-310-x86_64-linux-gnu.so\n'}
[41.077009] (go2_robot) StdoutLine: {'line': b'-- Up-to-date: /home/hong/Movement_Control/Go2Robot/install/go2_robot/local/lib/python3.10/dist-packages/go2_robot/msg\n'}
[41.077132] (go2_robot) StdoutLine: {'line': b'-- Up-to-date: /home/hong/Movement_Control/Go2Robot/install/go2_robot/local/lib/python3.10/dist-packages/go2_robot/msg/__init__.py\n'}
[41.077270] (go2_robot) StdoutLine: {'line': b'-- Up-to-date: /home/hong/Movement_Control/Go2Robot/install/go2_robot/local/lib/python3.10/dist-packages/go2_robot/msg/_go2_telemetry.py\n'}
[41.077397] (go2_robot) StdoutLine: {'line': b'-- Up-to-date: /home/hong/Movement_Control/Go2Robot/install/go2_robot/local/lib/python3.10/dist-packages/go2_robot/msg/_go2_telemetry_s.c\n'}
[41.077518] (go2_robot) StdoutLine: {'line': b'-- Up-to-date: /home/hong/Movement_Control/Go2Robot/install/go2_robot/local/lib/python3.10/dist-packages/go2_robot/libgo2_robot__rosidl_generator_py.so\n'}
[41.077641] (go2_robot) StdoutLine: {'line': b'-- Up-to-date: /home/hong/Movement_Control/Go2Robot/install/go2_robot/local/lib/python3.10/dist-packages/go2_robot/go2_robot_s__rosidl_typesupport_c..cpython-310-x86_64-linux-gnu.so\n'}
[41.104654] (-) TimerEvent: {}
[41.205040] (-) TimerEvent: {}
[41.305376] (-) TimerEvent: {}
[41.405691] (-) TimerEvent: {}
[41.506115] (-) TimerEvent: {}
[41.606438] (-) TimerEvent: {}
[41.706713] (-) TimerEvent: {}
[41.807121] (-) TimerEvent: {}
[41.907480] (-) TimerEvent: {}
[42.007835] (-) TimerEvent: {}
[42.108224] (-) TimerEvent: {}
[42.208578] (-) TimerEvent: {}
[42.308962] (-) TimerEvent: {}
[42.316016] (go2_robot) StdoutLine: {'line': b"Listing '/home/hong/Movement_Control/Go2Robot/install/go2_robot/local/lib/python3.10/dist-packages/go2_robot'...\n"}
[42.316305] (go2_robot) StdoutLine: {'line': b"Listing '/home/hong/Movement_Control/Go2Robot/install/go2_robot/local/lib/python3.10/dist-packages/go2_robot/msg'...\n"}
[42.324027] (go2_robot) StdoutLine: {'line': b'-- Up-to-date: /home/hong/Movement_Control/Go2Robot/install/go2_robot/local/lib/python3.10/dist-packages/go2_robot/go2_robot_s__rosidl_typesupport_fastrtps_c..cpython-310-x86_64-linux-gnu.so\n'}
[42.324439] (go2_robot) StdoutLine: {'line': b'-- Up-to-date: /home/hong/Movement_Control/Go2Robot/install/go2_robot/local/lib/python3.10/dist-packages/go2_robot/go2_robot_s__rosidl_typesupport_introspection_c..cpython-310-x86_64-linux-gnu.so\n'}
[42.324763] (go2_robot) StdoutLine: {'line': b'-- Up-to-date: /home/hong/Movement_Control/Go2Robot/install/go2_robot/local/lib/python3.10/dist-packages/go2_robot/go2_robot_s__rosidl_typesupport_c..cpython-310-x86_64-linux-gnu.so\n'}
[42.325036] (go2_robot) StdoutLine: {'line': b'-- Up-to-date: /home/hong/Movement_Control/Go2Robot/install/go2_robot/lib/libgo2_robot__rosidl_generator_py.so\n'}
[42.325288] (go2_robot) StdoutLine: {'line': b'-- Up-to-date: /home/hong/Movement_Control/Go2Robot/install/go2_robot/share/ament_index/resource_index/rust_packages/go2_robot\n'}
[42.325422] (go2_robot) StdoutLine: {'line': b'-- Up-to-date: /home/hong/Movement_Control/Go2Robot/install/go2_robot/share/go2_robot/rust\n'}
[42.383100] (go2_robot) StdoutLine: {'line': b'-- Up-to-date: /home/hong/Movement_Control/Go2Robot/install/go2_robot/share/go2_robot/rust/Cargo.toml\n'}
[42.383413] (go2_robot) StdoutLine: {'line': b'-- Up-to-date: /home/hong/Movement_Control/Go2Robot/install/go2_robot/share/go2_robot/rust/build.rs\n'}
[42.383758] (go2_robot) StdoutLine: {'line': b'-- Up-to-date: /home/hong/Movement_Control/Go2Robot/install/go2_robot/share/go2_robot/rust/src\n'}
[42.383899] (go2_robot) StdoutLine: {'line': b'-- Up-to-date: /home/hong/Movement_Control/Go2Robot/install/go2_robot/share/go2_robot/rust/src/msg\n'}
[42.386951] (go2_robot) StdoutLine: {'line': b'-- Up-to-date: /home/hong/Movement_Control/Go2Robot/install/go2_robot/share/go2_robot/rust/src/msg/rmw.rs\n'}
[42.387431] (go2_robot) StdoutLine: {'line': b'-- Up-to-date: /home/hong/Movement_Control/Go2Robot/install/go2_robot/share/go2_robot/rust/src/lib.rs\n'}
[42.387588] (go2_robot) StdoutLine: {'line': b'-- Up-to-date: /home/hong/Movement_Control/Go2Robot/install/go2_robot/share/go2_robot/rust/src/msg.rs\n'}
[42.387737] (go2_robot) StdoutLine: {'line': b'-- Up-to-date: /home/hong/Movement_Control/Go2Robot/install/go2_robot/share/go2_robot/msg/Go2Telemetry.idl\n'}
[42.387865] (go2_robot) StdoutLine: {'line': b'-- Up-to-date: /home/hong/Movement_Control/Go2Robot/install/go2_robot/share/go2_robot/msg/Go2Telemetry.msg\n'}
[42.387991] (go2_robot) StdoutLine: {'line': b'-- Installing: /home/hong/Movement_Control/Go2Robot/install/go2_robot/lib/go2_robot/go2_control_node\n'}
[42.391621] (go2_robot) StdoutLine: {'line': b'-- Set runtime path of "/home/hong/Movement_Control/Go2Robot/install/go2_robot/lib/go2_robot/go2_control_node" to ""\n'}
[42.391907] (go2_robot) StdoutLine: {'line': b'-- Up-to-date: /home/hong/Movement_Control/Go2Robot/install/go2_robot/share/go2_robot/config\n'}
[42.409092] (-) TimerEvent: {}
[42.421679] (go2_robot) StdoutLine: {'line': b'-- Up-to-date: /home/hong/Movement_Control/Go2Robot/install/go2_robot/share/go2_robot/config/go2_params.yaml\n'}
[42.421845] (go2_robot) StdoutLine: {'line': b'-- Up-to-date: /home/hong/Movement_Control/Go2Robot/install/go2_robot/share/go2_robot/config/mpc.yaml\n'}
[42.421923] (go2_robot) StdoutLine: {'line': b'-- Up-to-date: /home/hong/Movement_Control/Go2Robot/install/go2_robot/share/go2_robot/launch\n'}
[42.509325] (-) TimerEvent: {}
[42.609737] (-) TimerEvent: {}
[42.691184] (go2_robot) StdoutLine: {'line': b'-- Up-to-date: /home/hong/Movement_Control/Go2Robot/install/go2_robot/share/go2_robot/launch/go2_sim.launch.py\n'}
[42.691916] (go2_robot) StdoutLine: {'line': b'-- Up-to-date: /home/hong/Movement_Control/Go2Robot/install/go2_robot/share/go2_robot/launch/__pycache__\n'}
[42.692215] (go2_robot) StdoutLine: {'line': b'-- Up-to-date: /home/hong/Movement_Control/Go2Robot/install/go2_robot/share/go2_robot/launch/__pycache__/go2_sim.launch.cpython-310.pyc\n'}
[42.692448] (go2_robot) StdoutLine: {'line': b'-- Up-to-date: /home/hong/Movement_Control/Go2Robot/install/go2_robot/share/go2_robot/go2\n'}
[42.709884] (-) TimerEvent: {}
[42.785894] (go2_robot) StdoutLine: {'line': b'-- Up-to-date: /home/hong/Movement_Control/Go2Robot/install/go2_robot/share/go2_robot/go2/my_bot.xml\n'}
[42.786391] (go2_robot) StdoutLine: {'line': b'-- Up-to-date: /home/hong/Movement_Control/Go2Robot/install/go2_robot/share/go2_robot/go2/scene.xml\n'}
[42.786523] (go2_robot) StdoutLine: {'line': b'-- Up-to-date: /home/hong/Movement_Control/Go2Robot/install/go2_robot/share/go2_robot/go2/height_field.png\n'}
[42.786632] (go2_robot) StdoutLine: {'line': b'-- Installing: /home/hong/Movement_Control/Go2Robot/install/go2_robot/share/go2_robot/go2/go2.xml\n'}
[42.786735] (go2_robot) StdoutLine: {'line': b'-- Up-to-date: /home/hong/Movement_Control/Go2Robot/install/go2_robot/share/go2_robot/go2/scene_terrain.xml\n'}
[42.786837] (go2_robot) StdoutLine: {'line': b'-- Up-to-date: /home/hong/Movement_Control/Go2Robot/install/go2_robot/share/go2_robot/go2/dae\n'}
[42.795544] (go2_robot) StdoutLine: {'line': b'-- Up-to-date: /home/hong/Movement_Control/Go2Robot/install/go2_robot/share/go2_robot/go2/dae/thigh.dae\n'}
[42.795711] (go2_robot) StdoutLine: {'line': b'-- Up-to-date: /home/hong/Movement_Control/Go2Robot/install/go2_robot/share/go2_robot/go2/dae/foot.dae\n'}
[42.795792] (go2_robot) StdoutLine: {'line': b'-- Up-to-date: /home/hong/Movement_Control/Go2Robot/install/go2_robot/share/go2_robot/go2/dae/calf_mirror.dae\n'}
[42.795858] (go2_robot) StdoutLine: {'line': b'-- Up-to-date: /home/hong/Movement_Control/Go2Robot/install/go2_robot/share/go2_robot/go2/dae/thigh_mirror.dae\n'}
[42.795924] (go2_robot) StdoutLine: {'line': b'-- Up-to-date: /home/hong/Movement_Control/Go2Robot/install/go2_robot/share/go2_robot/go2/dae/base.dae\n'}
[42.795989] (go2_robot) StdoutLine: {'line': b'-- Up-to-date: /home/hong/Movement_Control/Go2Robot/install/go2_robot/share/go2_robot/go2/dae/calf.dae\n'}
[42.796053] (go2_robot) StdoutLine: {'line': b'-- Up-to-date: /home/hong/Movement_Control/Go2Robot/install/go2_robot/share/go2_robot/go2/dae/hip.dae\n'}
[42.796121] (go2_robot) StdoutLine: {'line': b'-- Up-to-date: /home/hong/Movement_Control/Go2Robot/install/go2_robot/share/go2_robot/go2/mjmodel.xml\n'}
[42.796198] (go2_robot) StdoutLine: {'line': b'-- Up-to-date: /home/hong/Movement_Control/Go2Robot/install/go2_robot/share/go2_robot/go2/go2_description.urdf\n'}
[42.796265] (go2_robot) StdoutLine: {'line': b'-- Up-to-date: /home/hong/Movement_Control/Go2Robot/install/go2_robot/share/go2_robot/go2/estiandtruth.xml\n'}
[42.796331] (go2_robot) StdoutLine: {'line': b'-- Up-to-date: /home/hong/Movement_Control/Go2Robot/install/go2_robot/share/go2_robot/go2/assets\n'}
[42.801069] (go2_robot) StdoutLine: {'line': b'-- Up-to-date: /home/hong/Movement_Control/Go2Robot/install/go2_robot/share/go2_robot/go2/assets/thigh_mirror_0.obj\n'}
[42.801179] (go2_robot) StdoutLine: {'line': b'-- Up-to-date: /home/hong/Movement_Control/Go2Robot/install/go2_robot/share/go2_robot/go2/assets/calf_mirror_1.obj\n'}
[42.801257] (go2_robot) StdoutLine: {'line': b'-- Up-to-date: /home/hong/Movement_Control/Go2Robot/install/go2_robot/share/go2_robot/go2/assets/base_1.obj\n'}
[42.801324] (go2_robot) StdoutLine: {'line': b'-- Up-to-date: /home/hong/Movement_Control/Go2Robot/install/go2_robot/share/go2_robot/go2/assets/calf_1.stl\n'}
[42.801389] (go2_robot) StdoutLine: {'line': b'-- Up-to-date: /home/hong/Movement_Control/Go2Robot/install/go2_robot/share/go2_robot/go2/assets/base_0.obj\n'}
[42.801454] (go2_robot) StdoutLine: {'line': b'-- Up-to-date: /home/hong/Movement_Control/Go2Robot/install/go2_robot/share/go2_robot/go2/assets/thigh_mirror_1.obj\n'}
[42.801518] (go2_robot) StdoutLine: {'line': b'-- Up-to-date: /home/hong/Movement_Control/Go2Robot/install/go2_robot/share/go2_robot/go2/assets/calf_mirror_1.stl\n'}
[42.801582] (go2_robot) StdoutLine: {'line': b'-- Up-to-date: /home/hong/Movement_Control/Go2Robot/install/go2_robot/share/go2_robot/go2/assets/thigh_mirror_0.stl\n'}
[42.801656] (go2_robot) StdoutLine: {'line': b'-- Up-to-date: /home/hong/Movement_Control/Go2Robot/install/go2_robot/share/go2_robot/go2/assets/foot.obj\n'}
[42.801720] (go2_robot) StdoutLine: {'line': b'-- Up-to-date: /home/hong/Movement_Control/Go2Robot/install/go2_robot/share/go2_robot/go2/assets/base_3.stl\n'}
[42.801785] (go2_robot) StdoutLine: {'line': b'-- Up-to-date: /home/hong/Movement_Control/Go2Robot/install/go2_robot/share/go2_robot/go2/assets/hip_1.obj\n'}
[42.802006] (go2_robot) StdoutLine: {'line': b'-- Up-to-date: /home/hong/Movement_Control/Go2Robot/install/go2_robot/share/go2_robot/go2/assets/hip_1.stl\n'}
[42.802183] (go2_robot) StdoutLine: {'line': b'-- Up-to-date: /home/hong/Movement_Control/Go2Robot/install/go2_robot/share/go2_robot/go2/assets/thigh_0.obj\n'}
[42.802295] (go2_robot) StdoutLine: {'line': b'-- Up-to-date: /home/hong/Movement_Control/Go2Robot/install/go2_robot/share/go2_robot/go2/assets/thigh_0.stl\n'}
[42.802360] (go2_robot) StdoutLine: {'line': b'-- Up-to-date: /home/hong/Movement_Control/Go2Robot/install/go2_robot/share/go2_robot/go2/assets/base_3.obj\n'}
[42.802424] (go2_robot) StdoutLine: {'line': b'-- Up-to-date: /home/hong/Movement_Control/Go2Robot/install/go2_robot/share/go2_robot/go2/assets/hip_0.obj\n'}
[42.802489] (go2_robot) StdoutLine: {'line': b'-- Up-to-date: /home/hong/Movement_Control/Go2Robot/install/go2_robot/share/go2_robot/go2/assets/calf_1.obj\n'}
[42.802552] (go2_robot) StdoutLine: {'line': b'-- Up-to-date: /home/hong/Movement_Control/Go2Robot/install/go2_robot/share/go2_robot/go2/assets/base_4.stl\n'}
[42.802616] (go2_robot) StdoutLine: {'line': b'-- Up-to-date: /home/hong/Movement_Control/Go2Robot/install/go2_robot/share/go2_robot/go2/assets/calf_mirror_0.stl\n'}
[42.802680] (go2_robot) StdoutLine: {'line': b'-- Up-to-date: /home/hong/Movement_Control/Go2Robot/install/go2_robot/share/go2_robot/go2/assets/base_1.stl\n'}
[42.802742] (go2_robot) StdoutLine: {'line': b'-- Up-to-date: /home/hong/Movement_Control/Go2Robot/install/go2_robot/share/go2_robot/go2/assets/base_2.stl\n'}
[42.802805] (go2_robot) StdoutLine: {'line': b'-- Up-to-date: /home/hong/Movement_Control/Go2Robot/install/go2_robot/share/go2_robot/go2/assets/calf_mirror_0.obj\n'}
[42.802873] (go2_robot) StdoutLine: {'line': b'-- Up-to-date: /home/hong/Movement_Control/Go2Robot/install/go2_robot/share/go2_robot/go2/assets/foot.stl\n'}
[42.802937] (go2_robot) StdoutLine: {'line': b'-- Up-to-date: /home/hong/Movement_Control/Go2Robot/install/go2_robot/share/go2_robot/go2/assets/calf_0.obj\n'}
[42.803003] (go2_robot) StdoutLine: {'line': b'-- Up-to-date: /home/hong/Movement_Control/Go2Robot/install/go2_robot/share/go2_robot/go2/assets/thigh_mirror_1.stl\n'}
[42.803066] (go2_robot) StdoutLine: {'line': b'-- Up-to-date: /home/hong/Movement_Control/Go2Robot/install/go2_robot/share/go2_robot/go2/assets/hip_0.stl\n'}
[42.803130] (go2_robot) StdoutLine: {'line': b'-- Up-to-date: /home/hong/Movement_Control/Go2Robot/install/go2_robot/share/go2_robot/go2/assets/calf_0.stl\n'}
[42.803201] (go2_robot) StdoutLine: {'line': b'-- Up-to-date: /home/hong/Movement_Control/Go2Robot/install/go2_robot/share/go2_robot/go2/assets/base_4.obj\n'}
[42.803267] (go2_robot) StdoutLine: {'line': b'-- Up-to-date: /home/hong/Movement_Control/Go2Robot/install/go2_robot/share/go2_robot/go2/assets/base_0.stl\n'}
[42.803331] (go2_robot) StdoutLine: {'line': b'-- Up-to-date: /home/hong/Movement_Control/Go2Robot/install/go2_robot/share/go2_robot/go2/assets/thigh_1.stl\n'}
[42.803395] (go2_robot) StdoutLine: {'line': b'-- Up-to-date: /home/hong/Movement_Control/Go2Robot/install/go2_robot/share/go2_robot/go2/assets/thigh_1.obj\n'}
[42.803458] (go2_robot) StdoutLine: {'line': b'-- Up-to-date: /home/hong/Movement_Control/Go2Robot/install/go2_robot/share/go2_robot/go2/assets/base_2.obj\n'}
[42.803522] (go2_robot) StdoutLine: {'line': b'-- Up-to-date: /home/hong/Movement_Control/Go2Robot/install/go2_robot/share/go2_robot/go2/meshes\n'}
[42.803585] (go2_robot) StdoutLine: {'line': b'-- Up-to-date: /home/hong/Movement_Control/Go2Robot/install/go2_robot/share/go2_robot/go2/meshes/RR_knee_Link.STL\n'}
[42.803648] (go2_robot) StdoutLine: {'line': b'-- Up-to-date: /home/hong/Movement_Control/Go2Robot/install/go2_robot/share/go2_robot/go2/meshes/FL_elbow_Link.STL\n'}
[42.803711] (go2_robot) StdoutLine: {'line': b'-- Up-to-date: /home/hong/Movement_Control/Go2Robot/install/go2_robot/share/go2_robot/go2/meshes/FR_elbow_Link.STL\n'}
[42.803774] (go2_robot) StdoutLine: {'line': b'-- Up-to-date: /home/hong/Movement_Control/Go2Robot/install/go2_robot/share/go2_robot/go2/meshes/RL_elbow_Link.STL\n'}
[42.803837] (go2_robot) StdoutLine: {'line': b'-- Up-to-date: /home/hong/Movement_Control/Go2Robot/install/go2_robot/share/go2_robot/go2/meshes/FL_knee_Link.STL\n'}
[42.803900] (go2_robot) StdoutLine: {'line': b'-- Up-to-date: /home/hong/Movement_Control/Go2Robot/install/go2_robot/share/go2_robot/go2/meshes/base_link.STL\n'}
[42.803963] (go2_robot) StdoutLine: {'line': b'-- Up-to-date: /home/hong/Movement_Control/Go2Robot/install/go2_robot/share/go2_robot/go2/meshes/FR_knee_Link.STL\n'}
[42.804027] (go2_robot) StdoutLine: {'line': b'-- Up-to-date: /home/hong/Movement_Control/Go2Robot/install/go2_robot/share/go2_robot/go2/meshes/RR_elbow_Link.STL\n'}
[42.804090] (go2_robot) StdoutLine: {'line': b'-- Up-to-date: /home/hong/Movement_Control/Go2Robot/install/go2_robot/share/go2_robot/go2/meshes/RL_knee_Link.STL\n'}
[42.804153] (go2_robot) StdoutLine: {'line': b'-- Up-to-date: /home/hong/Movement_Control/Go2Robot/install/go2_robot/share/go2_robot/go2/unitree_hfield.png\n'}
[42.804224] (go2_robot) StdoutLine: {'line': b'-- Up-to-date: /home/hong/Movement_Control/Go2Robot/install/go2_robot/share/ament_index/resource_index/package_run_dependencies/go2_robot\n'}
[42.804287] (go2_robot) StdoutLine: {'line': b'-- Up-to-date: /home/hong/Movement_Control/Go2Robot/install/go2_robot/share/ament_index/resource_index/parent_prefix_path/go2_robot\n'}
[42.804356] (go2_robot) StdoutLine: {'line': b'-- Up-to-date: /home/hong/Movement_Control/Go2Robot/install/go2_robot/share/go2_robot/environment/ament_prefix_path.sh\n'}
[42.804420] (go2_robot) StdoutLine: {'line': b'-- Up-to-date: /home/hong/Movement_Control/Go2Robot/install/go2_robot/share/go2_robot/environment/ament_prefix_path.dsv\n'}
[42.804486] (go2_robot) StdoutLine: {'line': b'-- Up-to-date: /home/hong/Movement_Control/Go2Robot/install/go2_robot/share/go2_robot/environment/path.sh\n'}
[42.804549] (go2_robot) StdoutLine: {'line': b'-- Up-to-date: /home/hong/Movement_Control/Go2Robot/install/go2_robot/share/go2_robot/environment/path.dsv\n'}
[42.804612] (go2_robot) StdoutLine: {'line': b'-- Up-to-date: /home/hong/Movement_Control/Go2Robot/install/go2_robot/share/go2_robot/local_setup.bash\n'}
[42.804674] (go2_robot) StdoutLine: {'line': b'-- Up-to-date: /home/hong/Movement_Control/Go2Robot/install/go2_robot/share/go2_robot/local_setup.sh\n'}
[42.804737] (go2_robot) StdoutLine: {'line': b'-- Up-to-date: /home/hong/Movement_Control/Go2Robot/install/go2_robot/share/go2_robot/local_setup.zsh\n'}
[42.804799] (go2_robot) StdoutLine: {'line': b'-- Up-to-date: /home/hong/Movement_Control/Go2Robot/install/go2_robot/share/go2_robot/local_setup.dsv\n'}
[42.804861] (go2_robot) StdoutLine: {'line': b'-- Installing: /home/hong/Movement_Control/Go2Robot/install/go2_robot/share/go2_robot/package.dsv\n'}
[42.809962] (-) TimerEvent: {}
[42.874877] (go2_robot) StdoutLine: {'line': b'-- Up-to-date: /home/hong/Movement_Control/Go2Robot/install/go2_robot/share/ament_index/resource_index/packages/go2_robot\n'}
[42.875132] (go2_robot) StdoutLine: {'line': b'-- Up-to-date: /home/hong/Movement_Control/Go2Robot/install/go2_robot/share/go2_robot/cmake/export_go2_robot__rosidl_generator_cExport.cmake\n'}
[42.875218] (go2_robot) StdoutLine: {'line': b'-- Up-to-date: /home/hong/Movement_Control/Go2Robot/install/go2_robot/share/go2_robot/cmake/export_go2_robot__rosidl_generator_cExport-release.cmake\n'}
[42.875293] (go2_robot) StdoutLine: {'line': b'-- Up-to-date: /home/hong/Movement_Control/Go2Robot/install/go2_robot/share/go2_robot/cmake/export_go2_robot__rosidl_typesupport_fastrtps_cExport.cmake\n'}
[42.875366] (go2_robot) StdoutLine: {'line': b'-- Up-to-date: /home/hong/Movement_Control/Go2Robot/install/go2_robot/share/go2_robot/cmake/export_go2_robot__rosidl_typesupport_fastrtps_cExport-release.cmake\n'}
[42.875434] (go2_robot) StdoutLine: {'line': b'-- Up-to-date: /home/hong/Movement_Control/Go2Robot/install/go2_robot/share/go2_robot/cmake/export_go2_robot__rosidl_generator_cppExport.cmake\n'}
[42.875501] (go2_robot) StdoutLine: {'line': b'-- Up-to-date: /home/hong/Movement_Control/Go2Robot/install/go2_robot/share/go2_robot/cmake/export_go2_robot__rosidl_typesupport_fastrtps_cppExport.cmake\n'}
[42.875568] (go2_robot) StdoutLine: {'line': b'-- Up-to-date: /home/hong/Movement_Control/Go2Robot/install/go2_robot/share/go2_robot/cmake/export_go2_robot__rosidl_typesupport_fastrtps_cppExport-release.cmake\n'}
[42.875635] (go2_robot) StdoutLine: {'line': b'-- Up-to-date: /home/hong/Movement_Control/Go2Robot/install/go2_robot/share/go2_robot/cmake/go2_robot__rosidl_typesupport_introspection_cExport.cmake\n'}
[42.875700] (go2_robot) StdoutLine: {'line': b'-- Up-to-date: /home/hong/Movement_Control/Go2Robot/install/go2_robot/share/go2_robot/cmake/go2_robot__rosidl_typesupport_introspection_cExport-release.cmake\n'}
[42.875768] (go2_robot) StdoutLine: {'line': b'-- Up-to-date: /home/hong/Movement_Control/Go2Robot/install/go2_robot/share/go2_robot/cmake/go2_robot__rosidl_typesupport_cExport.cmake\n'}
[42.875836] (go2_robot) StdoutLine: {'line': b'-- Up-to-date: /home/hong/Movement_Control/Go2Robot/install/go2_robot/share/go2_robot/cmake/go2_robot__rosidl_typesupport_cExport-release.cmake\n'}
[42.875904] (go2_robot) StdoutLine: {'line': b'-- Up-to-date: /home/hong/Movement_Control/Go2Robot/install/go2_robot/share/go2_robot/cmake/go2_robot__rosidl_typesupport_introspection_cppExport.cmake\n'}
[42.875970] (go2_robot) StdoutLine: {'line': b'-- Up-to-date: /home/hong/Movement_Control/Go2Robot/install/go2_robot/share/go2_robot/cmake/go2_robot__rosidl_typesupport_introspection_cppExport-release.cmake\n'}
[42.899635] (go2_robot) StdoutLine: {'line': b'-- Up-to-date: /home/hong/Movement_Control/Go2Robot/install/go2_robot/share/go2_robot/cmake/go2_robot__rosidl_typesupport_cppExport.cmake\n'}
[42.899803] (go2_robot) StdoutLine: {'line': b'-- Up-to-date: /home/hong/Movement_Control/Go2Robot/install/go2_robot/share/go2_robot/cmake/go2_robot__rosidl_typesupport_cppExport-release.cmake\n'}
[42.910216] (-) TimerEvent: {}
[42.960690] (go2_robot) StdoutLine: {'line': b'-- Up-to-date: /home/hong/Movement_Control/Go2Robot/install/go2_robot/share/go2_robot/cmake/export_go2_robot__rosidl_generator_pyExport.cmake\n'}
[42.961502] (go2_robot) StdoutLine: {'line': b'-- Up-to-date: /home/hong/Movement_Control/Go2Robot/install/go2_robot/share/go2_robot/cmake/export_go2_robot__rosidl_generator_pyExport-release.cmake\n'}
[42.961726] (go2_robot) StdoutLine: {'line': b'-- Up-to-date: /home/hong/Movement_Control/Go2Robot/install/go2_robot/share/go2_robot/cmake/rosidl_cmake-extras.cmake\n'}
[42.961908] (go2_robot) StdoutLine: {'line': b'-- Up-to-date: /home/hong/Movement_Control/Go2Robot/install/go2_robot/share/go2_robot/cmake/ament_cmake_export_dependencies-extras.cmake\n'}
[42.962088] (go2_robot) StdoutLine: {'line': b'-- Up-to-date: /home/hong/Movement_Control/Go2Robot/install/go2_robot/share/go2_robot/cmake/ament_cmake_export_include_directories-extras.cmake\n'}
[42.962319] (go2_robot) StdoutLine: {'line': b'-- Up-to-date: /home/hong/Movement_Control/Go2Robot/install/go2_robot/share/go2_robot/cmake/ament_cmake_export_libraries-extras.cmake\n'}
[42.962487] (go2_robot) StdoutLine: {'line': b'-- Up-to-date: /home/hong/Movement_Control/Go2Robot/install/go2_robot/share/go2_robot/cmake/ament_cmake_export_targets-extras.cmake\n'}
[42.962646] (go2_robot) StdoutLine: {'line': b'-- Up-to-date: /home/hong/Movement_Control/Go2Robot/install/go2_robot/share/go2_robot/cmake/rosidl_cmake_export_typesupport_targets-extras.cmake\n'}
[42.962804] (go2_robot) StdoutLine: {'line': b'-- Up-to-date: /home/hong/Movement_Control/Go2Robot/install/go2_robot/share/go2_robot/cmake/rosidl_cmake_export_typesupport_libraries-extras.cmake\n'}
[42.962962] (go2_robot) StdoutLine: {'line': b'-- Up-to-date: /home/hong/Movement_Control/Go2Robot/install/go2_robot/share/go2_robot/cmake/go2_robotConfig.cmake\n'}
[42.963119] (go2_robot) StdoutLine: {'line': b'-- Up-to-date: /home/hong/Movement_Control/Go2Robot/install/go2_robot/share/go2_robot/cmake/go2_robotConfig-version.cmake\n'}
[42.963562] (go2_robot) StdoutLine: {'line': b'-- Up-to-date: /home/hong/Movement_Control/Go2Robot/install/go2_robot/share/go2_robot/package.xml\n'}
[42.966871] (go2_robot) StdoutLine: {'line': b'-- Up-to-date: /home/hong/Movement_Control/Go2Robot/install/go2_robot/lib/libOsqpEigen.so.0.11.0\n'}
[42.967283] (go2_robot) StdoutLine: {'line': b'-- Up-to-date: /home/hong/Movement_Control/Go2Robot/install/go2_robot/lib/libOsqpEigen.so\n'}
[42.967680] (go2_robot) StdoutLine: {'line': b'-- Up-to-date: /home/hong/Movement_Control/Go2Robot/install/go2_robot/include/OsqpEigen/OsqpEigen.h\n'}
[42.967812] (go2_robot) StdoutLine: {'line': b'-- Up-to-date: /home/hong/Movement_Control/Go2Robot/install/go2_robot/include/OsqpEigen/Constants.hpp\n'}
[42.967949] (go2_robot) StdoutLine: {'line': b'-- Up-to-date: /home/hong/Movement_Control/Go2Robot/install/go2_robot/include/OsqpEigen/SparseMatrixHelper.hpp\n'}
[42.968073] (go2_robot) StdoutLine: {'line': b'-- Up-to-date: /home/hong/Movement_Control/Go2Robot/install/go2_robot/include/OsqpEigen/SparseMatrixHelper.tpp\n'}
[42.968208] (go2_robot) StdoutLine: {'line': b'-- Up-to-date: /home/hong/Movement_Control/Go2Robot/install/go2_robot/include/OsqpEigen/Data.hpp\n'}
[42.968337] (go2_robot) StdoutLine: {'line': b'-- Up-to-date: /home/hong/Movement_Control/Go2Robot/install/go2_robot/include/OsqpEigen/Data.tpp\n'}
[42.968462] (go2_robot) StdoutLine: {'line': b'-- Up-to-date: /home/hong/Movement_Control/Go2Robot/install/go2_robot/include/OsqpEigen/Settings.hpp\n'}
[42.968584] (go2_robot) StdoutLine: {'line': b'-- Up-to-date: /home/hong/Movement_Control/Go2Robot/install/go2_robot/include/OsqpEigen/Solver.hpp\n'}
[42.968706] (go2_robot) StdoutLine: {'line': b'-- Up-to-date: /home/hong/Movement_Control/Go2Robot/install/go2_robot/include/OsqpEigen/Solver.tpp\n'}
[42.968836] (go2_robot) StdoutLine: {'line': b'-- Up-to-date: /home/hong/Movement_Control/Go2Robot/install/go2_robot/include/OsqpEigen/Compat.hpp\n'}
[42.968957] (go2_robot) StdoutLine: {'line': b'-- Up-to-date: /home/hong/Movement_Control/Go2Robot/install/go2_robot/include/OsqpEigen/Debug.hpp\n'}
[42.969085] (go2_robot) StdoutLine: {'line': b'-- Up-to-date: /home/hong/Movement_Control/Go2Robot/install/go2_robot/lib/cmake/OsqpEigen/OsqpEigenConfigVersion.cmake\n'}
[42.969221] (go2_robot) StdoutLine: {'line': b'-- Up-to-date: /home/hong/Movement_Control/Go2Robot/install/go2_robot/lib/cmake/OsqpEigen/OsqpEigenConfig.cmake\n'}
[42.969356] (go2_robot) StdoutLine: {'line': b'-- Up-to-date: /home/hong/Movement_Control/Go2Robot/install/go2_robot/lib/cmake/OsqpEigen/OsqpEigenTargets.cmake\n'}
[42.969480] (go2_robot) StdoutLine: {'line': b'-- Up-to-date: /home/hong/Movement_Control/Go2Robot/install/go2_robot/lib/cmake/OsqpEigen/OsqpEigenTargets-release.cmake\n'}
[42.969603] (go2_robot) StdoutLine: {'line': b'-- Up-to-date: /home/hong/Movement_Control/Go2Robot/install/go2_robot/share/cmake/osqp-eigen/package.xml\n'}
[43.010329] (-) TimerEvent: {}
[43.036607] (go2_robot) CommandEnded: {'returncode': 0}
[43.080349] (go2_robot) JobEnded: {'identifier': 'go2_robot', 'rc': 0}
[43.080587] (-) EventReactorShutdown: {}
