[0.063s] DEBUG:colcon:Command line arguments: ['/usr/bin/colcon', 'build']
[0.063s] DEBUG:colcon:Parsed command line arguments: Namespace(log_base=None, log_level=None, verb_name='build', build_base='build', install_base='install', merge_install=False, symlink_install=False, test_result_base=None, continue_on_error=False, executor='parallel', parallel_workers=24, event_handlers=None, ignore_user_meta=False, metas=['./colcon.meta'], base_paths=['.'], packages_ignore=None, packages_ignore_regex=None, paths=None, packages_up_to=None, packages_up_to_regex=None, packages_above=None, packages_above_and_dependencies=None, packages_above_depth=None, packages_select_by_dep=None, packages_skip_by_dep=None, packages_skip_up_to=None, packages_select_build_failed=False, packages_skip_build_finished=False, packages_select_test_failures=False, packages_skip_test_passed=False, packages_select=None, packages_skip=None, packages_select_regex=None, packages_skip_regex=None, packages_start=None, packages_end=None, allow_overriding=[], cmake_args=None, cmake_target=None, cmake_target_skip_unavailable=False, cmake_clean_cache=False, cmake_clean_first=False, cmake_force_configure=False, ament_cmake_args=None, catkin_cmake_args=None, catkin_skip_building_tests=False, verb_parser=<colcon_defaults.argument_parser.defaults.DefaultArgumentsDecorator object at 0x7b76815cb760>, verb_extension=<colcon_core.verb.build.BuildVerb object at 0x7b7681774a60>, main=<bound method BuildVerb.main of <colcon_core.verb.build.BuildVerb object at 0x7b7681774a60>>)
[0.150s] Level 1:colcon.colcon_core.package_discovery:discover_packages(colcon_meta) check parameters
[0.150s] Level 1:colcon.colcon_core.package_discovery:discover_packages(recursive) check parameters
[0.150s] Level 1:colcon.colcon_core.package_discovery:discover_packages(ignore) check parameters
[0.150s] Level 1:colcon.colcon_core.package_discovery:discover_packages(path) check parameters
[0.150s] Level 1:colcon.colcon_core.package_discovery:discover_packages(colcon_meta) discover
[0.150s] Level 1:colcon.colcon_core.package_discovery:discover_packages(recursive) discover
[0.150s] INFO:colcon.colcon_core.package_discovery:Crawling recursively for packages in '/home/hong/Movement_Control/Go2Robot'
[0.151s] Level 1:colcon.colcon_core.package_identification:_identify(.) by extensions ['ignore', 'ignore_ament_install']
[0.151s] Level 1:colcon.colcon_core.package_identification:_identify(.) by extension 'ignore'
[0.151s] Level 1:colcon.colcon_core.package_identification:_identify(.) by extension 'ignore_ament_install'
[0.151s] Level 1:colcon.colcon_core.package_identification:_identify(.) by extensions ['colcon_pkg']
[0.151s] Level 1:colcon.colcon_core.package_identification:_identify(.) by extension 'colcon_pkg'
[0.151s] Level 1:colcon.colcon_core.package_identification:_identify(.) by extensions ['colcon_meta']
[0.151s] Level 1:colcon.colcon_core.package_identification:_identify(.) by extension 'colcon_meta'
[0.151s] Level 1:colcon.colcon_core.package_identification:_identify(.) by extensions ['ros']
[0.151s] Level 1:colcon.colcon_core.package_identification:_identify(.) by extension 'ros'
[0.177s] DEBUG:colcon.colcon_core.package_identification:Package '.' with type 'ros.ament_cmake' and name 'go2_robot'
[0.177s] Level 1:colcon.colcon_core.package_discovery:discover_packages(recursive) using defaults
[0.177s] Level 1:colcon.colcon_core.package_discovery:discover_packages(ignore) discover
[0.177s] Level 1:colcon.colcon_core.package_discovery:discover_packages(ignore) using defaults
[0.177s] Level 1:colcon.colcon_core.package_discovery:discover_packages(path) discover
[0.177s] Level 1:colcon.colcon_core.package_discovery:discover_packages(path) using defaults
[0.189s] Level 1:colcon.colcon_core.package_discovery:discover_packages(prefix_path) check parameters
[0.189s] Level 1:colcon.colcon_core.package_discovery:discover_packages(prefix_path) discover
[0.190s] DEBUG:colcon.colcon_installed_package_information.package_discovery:Found 1 installed packages in /home/hong/Movement_Control/Go2Robot/install
[0.191s] DEBUG:colcon.colcon_installed_package_information.package_discovery:Found 380 installed packages in /opt/ros/humble
[0.193s] Level 1:colcon.colcon_core.package_discovery:discover_packages(prefix_path) using defaults
[0.217s] Level 5:colcon.colcon_core.verb:set package 'go2_robot' build argument 'cmake_args' from command line to 'None'
[0.217s] Level 5:colcon.colcon_core.verb:set package 'go2_robot' build argument 'cmake_target' from command line to 'None'
[0.217s] Level 5:colcon.colcon_core.verb:set package 'go2_robot' build argument 'cmake_target_skip_unavailable' from command line to 'False'
[0.217s] Level 5:colcon.colcon_core.verb:set package 'go2_robot' build argument 'cmake_clean_cache' from command line to 'False'
[0.217s] Level 5:colcon.colcon_core.verb:set package 'go2_robot' build argument 'cmake_clean_first' from command line to 'False'
[0.217s] Level 5:colcon.colcon_core.verb:set package 'go2_robot' build argument 'cmake_force_configure' from command line to 'False'
[0.217s] Level 5:colcon.colcon_core.verb:set package 'go2_robot' build argument 'ament_cmake_args' from command line to 'None'
[0.217s] Level 5:colcon.colcon_core.verb:set package 'go2_robot' build argument 'catkin_cmake_args' from command line to 'None'
[0.217s] Level 5:colcon.colcon_core.verb:set package 'go2_robot' build argument 'catkin_skip_building_tests' from command line to 'False'
[0.217s] DEBUG:colcon.colcon_core.verb:Building package 'go2_robot' with the following arguments: {'ament_cmake_args': None, 'build_base': '/home/hong/Movement_Control/Go2Robot/build/go2_robot', 'catkin_cmake_args': None, 'catkin_skip_building_tests': False, 'cmake_args': None, 'cmake_clean_cache': False, 'cmake_clean_first': False, 'cmake_force_configure': False, 'cmake_target': None, 'cmake_target_skip_unavailable': False, 'install_base': '/home/hong/Movement_Control/Go2Robot/install/go2_robot', 'merge_install': False, 'path': '/home/hong/Movement_Control/Go2Robot', 'symlink_install': False, 'test_result_base': None}
[0.218s] INFO:colcon.colcon_core.executor:Executing jobs using 'parallel' executor
[0.218s] DEBUG:colcon.colcon_parallel_executor.executor.parallel:run_until_complete
[0.219s] INFO:colcon.colcon_ros.task.ament_cmake.build:Building ROS package in '/home/hong/Movement_Control/Go2Robot' with build type 'ament_cmake'
[0.219s] INFO:colcon.colcon_cmake.task.cmake.build:Building CMake package in '/home/hong/Movement_Control/Go2Robot'
[0.220s] INFO:colcon.colcon_core.plugin_system:Skipping extension 'colcon_core.shell.bat': Not used on non-Windows systems
[0.220s] INFO:colcon.colcon_core.shell:Skip shell extension 'powershell' for command environment: Not usable outside of PowerShell
[0.220s] DEBUG:colcon.colcon_core.shell:Skip shell extension 'dsv' for command environment
[0.227s] DEBUG:colcon.colcon_core.event_handler.log_command:Invoking command in '/home/hong/Movement_Control/Go2Robot/build/go2_robot': CMAKE_PREFIX_PATH=${CMAKE_PREFIX_PATH}:/opt/ros/humble /usr/bin/cmake --build /home/hong/Movement_Control/Go2Robot/build/go2_robot -- -j24 -l24
[14.941s] DEBUG:colcon.colcon_core.event_handler.log_command:Invoked command in '/home/hong/Movement_Control/Go2Robot/build/go2_robot' returned '0': CMAKE_PREFIX_PATH=${CMAKE_PREFIX_PATH}:/opt/ros/humble /usr/bin/cmake --build /home/hong/Movement_Control/Go2Robot/build/go2_robot -- -j24 -l24
[14.949s] DEBUG:colcon.colcon_core.event_handler.log_command:Invoking command in '/home/hong/Movement_Control/Go2Robot/build/go2_robot': CMAKE_PREFIX_PATH=${CMAKE_PREFIX_PATH}:/opt/ros/humble /usr/bin/cmake --install /home/hong/Movement_Control/Go2Robot/build/go2_robot
[14.994s] Level 1:colcon.colcon_core.environment:create_environment_scripts_only(go2_robot)
[14.996s] DEBUG:colcon.colcon_core.event_handler.log_command:Invoked command in '/home/hong/Movement_Control/Go2Robot/build/go2_robot' returned '0': CMAKE_PREFIX_PATH=${CMAKE_PREFIX_PATH}:/opt/ros/humble /usr/bin/cmake --install /home/hong/Movement_Control/Go2Robot/build/go2_robot
[14.997s] Level 1:colcon.colcon_core.environment:checking '/home/hong/Movement_Control/Go2Robot/install/go2_robot' for CMake module files
[14.997s] Level 1:colcon.colcon_core.environment:checking '/home/hong/Movement_Control/Go2Robot/install/go2_robot' for CMake config files
[14.998s] Level 1:colcon.colcon_core.shell:create_environment_hook('go2_robot', 'cmake_prefix_path')
[14.998s] INFO:colcon.colcon_core.shell:Creating environment hook '/home/hong/Movement_Control/Go2Robot/install/go2_robot/share/go2_robot/hook/cmake_prefix_path.ps1'
[14.998s] INFO:colcon.colcon_core.shell:Creating environment descriptor '/home/hong/Movement_Control/Go2Robot/install/go2_robot/share/go2_robot/hook/cmake_prefix_path.dsv'
[14.998s] INFO:colcon.colcon_core.shell:Creating environment hook '/home/hong/Movement_Control/Go2Robot/install/go2_robot/share/go2_robot/hook/cmake_prefix_path.sh'
[14.999s] Level 1:colcon.colcon_core.environment:checking '/home/hong/Movement_Control/Go2Robot/install/go2_robot/lib'
[14.999s] Level 1:colcon.colcon_core.shell:create_environment_hook('go2_robot', 'ld_library_path_lib')
[14.999s] INFO:colcon.colcon_core.shell:Creating environment hook '/home/hong/Movement_Control/Go2Robot/install/go2_robot/share/go2_robot/hook/ld_library_path_lib.ps1'
[15.000s] INFO:colcon.colcon_core.shell:Creating environment descriptor '/home/hong/Movement_Control/Go2Robot/install/go2_robot/share/go2_robot/hook/ld_library_path_lib.dsv'
[15.000s] INFO:colcon.colcon_core.shell:Creating environment hook '/home/hong/Movement_Control/Go2Robot/install/go2_robot/share/go2_robot/hook/ld_library_path_lib.sh'
[15.000s] Level 1:colcon.colcon_core.environment:checking '/home/hong/Movement_Control/Go2Robot/install/go2_robot/bin'
[15.000s] Level 1:colcon.colcon_core.environment:checking '/home/hong/Movement_Control/Go2Robot/install/go2_robot/lib/pkgconfig/go2_robot.pc'
[15.000s] Level 1:colcon.colcon_core.environment:checking '/home/hong/Movement_Control/Go2Robot/install/go2_robot/lib/python3.10/site-packages'
[15.001s] Level 1:colcon.colcon_core.environment:checking '/home/hong/Movement_Control/Go2Robot/install/go2_robot/bin'
[15.001s] INFO:colcon.colcon_core.shell:Creating package script '/home/hong/Movement_Control/Go2Robot/install/go2_robot/share/go2_robot/package.ps1'
[15.001s] INFO:colcon.colcon_core.shell:Creating package descriptor '/home/hong/Movement_Control/Go2Robot/install/go2_robot/share/go2_robot/package.dsv'
[15.002s] INFO:colcon.colcon_core.shell:Creating package script '/home/hong/Movement_Control/Go2Robot/install/go2_robot/share/go2_robot/package.sh'
[15.002s] INFO:colcon.colcon_core.shell:Creating package script '/home/hong/Movement_Control/Go2Robot/install/go2_robot/share/go2_robot/package.bash'
[15.003s] INFO:colcon.colcon_core.shell:Creating package script '/home/hong/Movement_Control/Go2Robot/install/go2_robot/share/go2_robot/package.zsh'
[15.003s] Level 1:colcon.colcon_core.environment:create_file_with_runtime_dependencies(/home/hong/Movement_Control/Go2Robot/install/go2_robot/share/colcon-core/packages/go2_robot)
[15.004s] Level 1:colcon.colcon_core.environment:create_environment_scripts_only(go2_robot)
[15.004s] Level 1:colcon.colcon_core.environment:checking '/home/hong/Movement_Control/Go2Robot/install/go2_robot' for CMake module files
[15.004s] Level 1:colcon.colcon_core.environment:checking '/home/hong/Movement_Control/Go2Robot/install/go2_robot' for CMake config files
[15.005s] Level 1:colcon.colcon_core.shell:create_environment_hook('go2_robot', 'cmake_prefix_path')
[15.005s] INFO:colcon.colcon_core.shell:Creating environment hook '/home/hong/Movement_Control/Go2Robot/install/go2_robot/share/go2_robot/hook/cmake_prefix_path.ps1'
[15.005s] INFO:colcon.colcon_core.shell:Creating environment descriptor '/home/hong/Movement_Control/Go2Robot/install/go2_robot/share/go2_robot/hook/cmake_prefix_path.dsv'
[15.005s] INFO:colcon.colcon_core.shell:Creating environment hook '/home/hong/Movement_Control/Go2Robot/install/go2_robot/share/go2_robot/hook/cmake_prefix_path.sh'
[15.005s] Level 1:colcon.colcon_core.environment:checking '/home/hong/Movement_Control/Go2Robot/install/go2_robot/lib'
[15.005s] Level 1:colcon.colcon_core.shell:create_environment_hook('go2_robot', 'ld_library_path_lib')
[15.006s] INFO:colcon.colcon_core.shell:Creating environment hook '/home/hong/Movement_Control/Go2Robot/install/go2_robot/share/go2_robot/hook/ld_library_path_lib.ps1'
[15.006s] INFO:colcon.colcon_core.shell:Creating environment descriptor '/home/hong/Movement_Control/Go2Robot/install/go2_robot/share/go2_robot/hook/ld_library_path_lib.dsv'
[15.006s] INFO:colcon.colcon_core.shell:Creating environment hook '/home/hong/Movement_Control/Go2Robot/install/go2_robot/share/go2_robot/hook/ld_library_path_lib.sh'
[15.006s] Level 1:colcon.colcon_core.environment:checking '/home/hong/Movement_Control/Go2Robot/install/go2_robot/bin'
[15.006s] Level 1:colcon.colcon_core.environment:checking '/home/hong/Movement_Control/Go2Robot/install/go2_robot/lib/pkgconfig/go2_robot.pc'
[15.006s] Level 1:colcon.colcon_core.environment:checking '/home/hong/Movement_Control/Go2Robot/install/go2_robot/lib/python3.10/site-packages'
[15.007s] Level 1:colcon.colcon_core.environment:checking '/home/hong/Movement_Control/Go2Robot/install/go2_robot/bin'
[15.007s] INFO:colcon.colcon_core.shell:Creating package script '/home/hong/Movement_Control/Go2Robot/install/go2_robot/share/go2_robot/package.ps1'
[15.007s] INFO:colcon.colcon_core.shell:Creating package descriptor '/home/hong/Movement_Control/Go2Robot/install/go2_robot/share/go2_robot/package.dsv'
[15.007s] INFO:colcon.colcon_core.shell:Creating package script '/home/hong/Movement_Control/Go2Robot/install/go2_robot/share/go2_robot/package.sh'
[15.008s] INFO:colcon.colcon_core.shell:Creating package script '/home/hong/Movement_Control/Go2Robot/install/go2_robot/share/go2_robot/package.bash'
[15.008s] INFO:colcon.colcon_core.shell:Creating package script '/home/hong/Movement_Control/Go2Robot/install/go2_robot/share/go2_robot/package.zsh'
[15.008s] Level 1:colcon.colcon_core.environment:create_file_with_runtime_dependencies(/home/hong/Movement_Control/Go2Robot/install/go2_robot/share/colcon-core/packages/go2_robot)
[15.008s] DEBUG:colcon.colcon_parallel_executor.executor.parallel:closing loop
[15.008s] DEBUG:colcon.colcon_parallel_executor.executor.parallel:loop closed
[15.008s] DEBUG:colcon.colcon_parallel_executor.executor.parallel:run_until_complete finished with '0'
[15.008s] DEBUG:colcon.colcon_core.event_reactor:joining thread
[15.012s] INFO:colcon.colcon_core.plugin_system:Skipping extension 'colcon_notification.desktop_notification.terminal_notifier': Not used on non-Darwin systems
[15.012s] INFO:colcon.colcon_core.plugin_system:Skipping extension 'colcon_notification.desktop_notification.win32': Not used on non-Windows systems
[15.012s] INFO:colcon.colcon_notification.desktop_notification:Sending desktop notification using 'notify2'
[15.019s] DEBUG:colcon.colcon_core.event_reactor:joined thread
[15.019s] INFO:colcon.colcon_core.shell:Creating prefix script '/home/hong/Movement_Control/Go2Robot/install/local_setup.ps1'
[15.020s] INFO:colcon.colcon_core.shell:Creating prefix util module '/home/hong/Movement_Control/Go2Robot/install/_local_setup_util_ps1.py'
[15.021s] INFO:colcon.colcon_core.shell:Creating prefix chain script '/home/hong/Movement_Control/Go2Robot/install/setup.ps1'
[15.021s] INFO:colcon.colcon_core.shell:Creating prefix script '/home/hong/Movement_Control/Go2Robot/install/local_setup.sh'
[15.022s] INFO:colcon.colcon_core.shell:Creating prefix util module '/home/hong/Movement_Control/Go2Robot/install/_local_setup_util_sh.py'
[15.022s] INFO:colcon.colcon_core.shell:Creating prefix chain script '/home/hong/Movement_Control/Go2Robot/install/setup.sh'
[15.023s] INFO:colcon.colcon_core.shell:Creating prefix script '/home/hong/Movement_Control/Go2Robot/install/local_setup.bash'
[15.023s] INFO:colcon.colcon_core.shell:Creating prefix chain script '/home/hong/Movement_Control/Go2Robot/install/setup.bash'
[15.024s] INFO:colcon.colcon_core.shell:Creating prefix script '/home/hong/Movement_Control/Go2Robot/install/local_setup.zsh'
[15.024s] INFO:colcon.colcon_core.shell:Creating prefix chain script '/home/hong/Movement_Control/Go2Robot/install/setup.zsh'
