[0.060s] DEBUG:colcon:Command line arguments: ['/usr/bin/colcon', 'build', '--packages-select', 'go2_robot']
[0.060s] DEBUG:colcon:Parsed command line arguments: Namespace(log_base=None, log_level=None, verb_name='build', build_base='build', install_base='install', merge_install=False, symlink_install=False, test_result_base=None, continue_on_error=False, executor='parallel', parallel_workers=24, event_handlers=None, ignore_user_meta=False, metas=['./colcon.meta'], base_paths=['.'], packages_ignore=None, packages_ignore_regex=None, paths=None, packages_up_to=None, packages_up_to_regex=None, packages_above=None, packages_above_and_dependencies=None, packages_above_depth=None, packages_select_by_dep=None, packages_skip_by_dep=None, packages_skip_up_to=None, packages_select_build_failed=False, packages_skip_build_finished=False, packages_select_test_failures=False, packages_skip_test_passed=False, packages_select=['go2_robot'], packages_skip=None, packages_select_regex=None, packages_skip_regex=None, packages_start=None, packages_end=None, allow_overriding=[], cmake_args=None, cmake_target=None, cmake_target_skip_unavailable=False, cmake_clean_cache=False, cmake_clean_first=False, cmake_force_configure=False, ament_cmake_args=None, catkin_cmake_args=None, catkin_skip_building_tests=False, verb_parser=<colcon_defaults.argument_parser.defaults.DefaultArgumentsDecorator object at 0x7d2d7fff7670>, verb_extension=<colcon_core.verb.build.BuildVerb object at 0x7d2d7ff40b20>, main=<bound method BuildVerb.main of <colcon_core.verb.build.BuildVerb object at 0x7d2d7ff40b20>>)
[0.126s] Level 1:colcon.colcon_core.package_discovery:discover_packages(colcon_meta) check parameters
[0.126s] Level 1:colcon.colcon_core.package_discovery:discover_packages(recursive) check parameters
[0.126s] Level 1:colcon.colcon_core.package_discovery:discover_packages(ignore) check parameters
[0.126s] Level 1:colcon.colcon_core.package_discovery:discover_packages(path) check parameters
[0.126s] Level 1:colcon.colcon_core.package_discovery:discover_packages(colcon_meta) discover
[0.126s] Level 1:colcon.colcon_core.package_discovery:discover_packages(recursive) discover
[0.126s] INFO:colcon.colcon_core.package_discovery:Crawling recursively for packages in '/home/hong/Movement_Control/Go2Robot'
[0.126s] Level 1:colcon.colcon_core.package_identification:_identify(.) by extensions ['ignore', 'ignore_ament_install']
[0.126s] Level 1:colcon.colcon_core.package_identification:_identify(.) by extension 'ignore'
[0.126s] Level 1:colcon.colcon_core.package_identification:_identify(.) by extension 'ignore_ament_install'
[0.126s] Level 1:colcon.colcon_core.package_identification:_identify(.) by extensions ['colcon_pkg']
[0.126s] Level 1:colcon.colcon_core.package_identification:_identify(.) by extension 'colcon_pkg'
[0.126s] Level 1:colcon.colcon_core.package_identification:_identify(.) by extensions ['colcon_meta']
[0.126s] Level 1:colcon.colcon_core.package_identification:_identify(.) by extension 'colcon_meta'
[0.126s] Level 1:colcon.colcon_core.package_identification:_identify(.) by extensions ['ros']
[0.126s] Level 1:colcon.colcon_core.package_identification:_identify(.) by extension 'ros'
[0.146s] DEBUG:colcon.colcon_core.package_identification:Package '.' with type 'ros.ament_cmake' and name 'go2_robot'
[0.147s] Level 1:colcon.colcon_core.package_discovery:discover_packages(recursive) using defaults
[0.147s] Level 1:colcon.colcon_core.package_discovery:discover_packages(ignore) discover
[0.147s] Level 1:colcon.colcon_core.package_discovery:discover_packages(ignore) using defaults
[0.147s] Level 1:colcon.colcon_core.package_discovery:discover_packages(path) discover
[0.147s] Level 1:colcon.colcon_core.package_discovery:discover_packages(path) using defaults
[0.164s] Level 1:colcon.colcon_core.package_discovery:discover_packages(prefix_path) check parameters
[0.164s] Level 1:colcon.colcon_core.package_discovery:discover_packages(prefix_path) discover
[0.165s] Level 1:colcon.colcon_core.package_discovery:discover_packages(prefix_path) using defaults
[0.166s] Level 5:colcon.colcon_core.verb:set package 'go2_robot' build argument 'cmake_args' from command line to 'None'
[0.166s] Level 5:colcon.colcon_core.verb:set package 'go2_robot' build argument 'cmake_target' from command line to 'None'
[0.166s] Level 5:colcon.colcon_core.verb:set package 'go2_robot' build argument 'cmake_target_skip_unavailable' from command line to 'False'
[0.166s] Level 5:colcon.colcon_core.verb:set package 'go2_robot' build argument 'cmake_clean_cache' from command line to 'False'
[0.166s] Level 5:colcon.colcon_core.verb:set package 'go2_robot' build argument 'cmake_clean_first' from command line to 'False'
[0.166s] Level 5:colcon.colcon_core.verb:set package 'go2_robot' build argument 'cmake_force_configure' from command line to 'False'
[0.166s] Level 5:colcon.colcon_core.verb:set package 'go2_robot' build argument 'ament_cmake_args' from command line to 'None'
[0.166s] Level 5:colcon.colcon_core.verb:set package 'go2_robot' build argument 'catkin_cmake_args' from command line to 'None'
[0.166s] Level 5:colcon.colcon_core.verb:set package 'go2_robot' build argument 'catkin_skip_building_tests' from command line to 'False'
[0.166s] DEBUG:colcon.colcon_core.verb:Building package 'go2_robot' with the following arguments: {'ament_cmake_args': None, 'build_base': '/home/hong/Movement_Control/Go2Robot/build/go2_robot', 'catkin_cmake_args': None, 'catkin_skip_building_tests': False, 'cmake_args': None, 'cmake_clean_cache': False, 'cmake_clean_first': False, 'cmake_force_configure': False, 'cmake_target': None, 'cmake_target_skip_unavailable': False, 'install_base': '/home/hong/Movement_Control/Go2Robot/install/go2_robot', 'merge_install': False, 'path': '/home/hong/Movement_Control/Go2Robot', 'symlink_install': False, 'test_result_base': None}
[0.166s] INFO:colcon.colcon_core.executor:Executing jobs using 'parallel' executor
[0.166s] DEBUG:colcon.colcon_parallel_executor.executor.parallel:run_until_complete
[0.167s] INFO:colcon.colcon_ros.task.ament_cmake.build:Building ROS package in '/home/hong/Movement_Control/Go2Robot' with build type 'ament_cmake'
[0.167s] INFO:colcon.colcon_cmake.task.cmake.build:Building CMake package in '/home/hong/Movement_Control/Go2Robot'
[0.168s] INFO:colcon.colcon_core.plugin_system:Skipping extension 'colcon_core.shell.bat': Not used on non-Windows systems
[0.168s] INFO:colcon.colcon_core.shell:Skip shell extension 'powershell' for command environment: Not usable outside of PowerShell
[0.168s] DEBUG:colcon.colcon_core.shell:Skip shell extension 'dsv' for command environment
[0.173s] DEBUG:colcon.colcon_core.event_handler.log_command:Invoking command in '/home/hong/Movement_Control/Go2Robot/build/go2_robot': /usr/bin/cmake --build /home/hong/Movement_Control/Go2Robot/build/go2_robot -- -j24 -l24
[18.137s] DEBUG:colcon.colcon_core.event_handler.log_command:Invoked command in '/home/hong/Movement_Control/Go2Robot/build/go2_robot' returned '0': /usr/bin/cmake --build /home/hong/Movement_Control/Go2Robot/build/go2_robot -- -j24 -l24
[18.148s] DEBUG:colcon.colcon_core.event_handler.log_command:Invoking command in '/home/hong/Movement_Control/Go2Robot/build/go2_robot': /usr/bin/cmake --install /home/hong/Movement_Control/Go2Robot/build/go2_robot
[18.196s] Level 1:colcon.colcon_core.environment:create_environment_scripts_only(go2_robot)
[18.199s] DEBUG:colcon.colcon_core.event_handler.log_command:Invoked command in '/home/hong/Movement_Control/Go2Robot/build/go2_robot' returned '0': /usr/bin/cmake --install /home/hong/Movement_Control/Go2Robot/build/go2_robot
[18.200s] Level 1:colcon.colcon_core.environment:checking '/home/hong/Movement_Control/Go2Robot/install/go2_robot' for CMake module files
[18.200s] Level 1:colcon.colcon_core.environment:checking '/home/hong/Movement_Control/Go2Robot/install/go2_robot' for CMake config files
[18.200s] Level 1:colcon.colcon_core.shell:create_environment_hook('go2_robot', 'cmake_prefix_path')
[18.201s] INFO:colcon.colcon_core.shell:Creating environment hook '/home/hong/Movement_Control/Go2Robot/install/go2_robot/share/go2_robot/hook/cmake_prefix_path.ps1'
[18.201s] INFO:colcon.colcon_core.shell:Creating environment descriptor '/home/hong/Movement_Control/Go2Robot/install/go2_robot/share/go2_robot/hook/cmake_prefix_path.dsv'
[18.202s] INFO:colcon.colcon_core.shell:Creating environment hook '/home/hong/Movement_Control/Go2Robot/install/go2_robot/share/go2_robot/hook/cmake_prefix_path.sh'
[18.202s] Level 1:colcon.colcon_core.environment:checking '/home/hong/Movement_Control/Go2Robot/install/go2_robot/lib'
[18.202s] Level 1:colcon.colcon_core.shell:create_environment_hook('go2_robot', 'ld_library_path_lib')
[18.202s] INFO:colcon.colcon_core.shell:Creating environment hook '/home/hong/Movement_Control/Go2Robot/install/go2_robot/share/go2_robot/hook/ld_library_path_lib.ps1'
[18.203s] INFO:colcon.colcon_core.shell:Creating environment descriptor '/home/hong/Movement_Control/Go2Robot/install/go2_robot/share/go2_robot/hook/ld_library_path_lib.dsv'
[18.203s] INFO:colcon.colcon_core.shell:Creating environment hook '/home/hong/Movement_Control/Go2Robot/install/go2_robot/share/go2_robot/hook/ld_library_path_lib.sh'
[18.203s] Level 1:colcon.colcon_core.environment:checking '/home/hong/Movement_Control/Go2Robot/install/go2_robot/bin'
[18.203s] Level 1:colcon.colcon_core.environment:checking '/home/hong/Movement_Control/Go2Robot/install/go2_robot/lib/pkgconfig/go2_robot.pc'
[18.204s] Level 1:colcon.colcon_core.environment:checking '/home/hong/Movement_Control/Go2Robot/install/go2_robot/lib/python3.10/site-packages'
[18.204s] Level 1:colcon.colcon_core.environment:checking '/home/hong/Movement_Control/Go2Robot/install/go2_robot/bin'
[18.204s] INFO:colcon.colcon_core.shell:Creating package script '/home/hong/Movement_Control/Go2Robot/install/go2_robot/share/go2_robot/package.ps1'
[18.205s] INFO:colcon.colcon_core.shell:Creating package descriptor '/home/hong/Movement_Control/Go2Robot/install/go2_robot/share/go2_robot/package.dsv'
[18.206s] INFO:colcon.colcon_core.shell:Creating package script '/home/hong/Movement_Control/Go2Robot/install/go2_robot/share/go2_robot/package.sh'
[18.206s] INFO:colcon.colcon_core.shell:Creating package script '/home/hong/Movement_Control/Go2Robot/install/go2_robot/share/go2_robot/package.bash'
[18.207s] INFO:colcon.colcon_core.shell:Creating package script '/home/hong/Movement_Control/Go2Robot/install/go2_robot/share/go2_robot/package.zsh'
[18.207s] Level 1:colcon.colcon_core.environment:create_file_with_runtime_dependencies(/home/hong/Movement_Control/Go2Robot/install/go2_robot/share/colcon-core/packages/go2_robot)
[18.208s] Level 1:colcon.colcon_core.environment:create_environment_scripts_only(go2_robot)
[18.208s] Level 1:colcon.colcon_core.environment:checking '/home/hong/Movement_Control/Go2Robot/install/go2_robot' for CMake module files
[18.208s] Level 1:colcon.colcon_core.environment:checking '/home/hong/Movement_Control/Go2Robot/install/go2_robot' for CMake config files
[18.208s] Level 1:colcon.colcon_core.shell:create_environment_hook('go2_robot', 'cmake_prefix_path')
[18.208s] INFO:colcon.colcon_core.shell:Creating environment hook '/home/hong/Movement_Control/Go2Robot/install/go2_robot/share/go2_robot/hook/cmake_prefix_path.ps1'
[18.209s] INFO:colcon.colcon_core.shell:Creating environment descriptor '/home/hong/Movement_Control/Go2Robot/install/go2_robot/share/go2_robot/hook/cmake_prefix_path.dsv'
[18.209s] INFO:colcon.colcon_core.shell:Creating environment hook '/home/hong/Movement_Control/Go2Robot/install/go2_robot/share/go2_robot/hook/cmake_prefix_path.sh'
[18.209s] Level 1:colcon.colcon_core.environment:checking '/home/hong/Movement_Control/Go2Robot/install/go2_robot/lib'
[18.209s] Level 1:colcon.colcon_core.shell:create_environment_hook('go2_robot', 'ld_library_path_lib')
[18.209s] INFO:colcon.colcon_core.shell:Creating environment hook '/home/hong/Movement_Control/Go2Robot/install/go2_robot/share/go2_robot/hook/ld_library_path_lib.ps1'
[18.210s] INFO:colcon.colcon_core.shell:Creating environment descriptor '/home/hong/Movement_Control/Go2Robot/install/go2_robot/share/go2_robot/hook/ld_library_path_lib.dsv'
[18.210s] INFO:colcon.colcon_core.shell:Creating environment hook '/home/hong/Movement_Control/Go2Robot/install/go2_robot/share/go2_robot/hook/ld_library_path_lib.sh'
[18.210s] Level 1:colcon.colcon_core.environment:checking '/home/hong/Movement_Control/Go2Robot/install/go2_robot/bin'
[18.210s] Level 1:colcon.colcon_core.environment:checking '/home/hong/Movement_Control/Go2Robot/install/go2_robot/lib/pkgconfig/go2_robot.pc'
[18.210s] Level 1:colcon.colcon_core.environment:checking '/home/hong/Movement_Control/Go2Robot/install/go2_robot/lib/python3.10/site-packages'
[18.210s] Level 1:colcon.colcon_core.environment:checking '/home/hong/Movement_Control/Go2Robot/install/go2_robot/bin'
[18.210s] INFO:colcon.colcon_core.shell:Creating package script '/home/hong/Movement_Control/Go2Robot/install/go2_robot/share/go2_robot/package.ps1'
[18.211s] INFO:colcon.colcon_core.shell:Creating package descriptor '/home/hong/Movement_Control/Go2Robot/install/go2_robot/share/go2_robot/package.dsv'
[18.212s] INFO:colcon.colcon_core.shell:Creating package script '/home/hong/Movement_Control/Go2Robot/install/go2_robot/share/go2_robot/package.sh'
[18.212s] INFO:colcon.colcon_core.shell:Creating package script '/home/hong/Movement_Control/Go2Robot/install/go2_robot/share/go2_robot/package.bash'
[18.212s] INFO:colcon.colcon_core.shell:Creating package script '/home/hong/Movement_Control/Go2Robot/install/go2_robot/share/go2_robot/package.zsh'
[18.212s] Level 1:colcon.colcon_core.environment:create_file_with_runtime_dependencies(/home/hong/Movement_Control/Go2Robot/install/go2_robot/share/colcon-core/packages/go2_robot)
[18.212s] DEBUG:colcon.colcon_parallel_executor.executor.parallel:closing loop
[18.213s] DEBUG:colcon.colcon_parallel_executor.executor.parallel:loop closed
[18.213s] DEBUG:colcon.colcon_parallel_executor.executor.parallel:run_until_complete finished with '0'
[18.213s] DEBUG:colcon.colcon_core.event_reactor:joining thread
[18.242s] INFO:colcon.colcon_core.plugin_system:Skipping extension 'colcon_notification.desktop_notification.terminal_notifier': Not used on non-Darwin systems
[18.242s] INFO:colcon.colcon_core.plugin_system:Skipping extension 'colcon_notification.desktop_notification.win32': Not used on non-Windows systems
[18.243s] INFO:colcon.colcon_notification.desktop_notification:Sending desktop notification using 'notify2'
[18.259s] DEBUG:colcon.colcon_core.event_reactor:joined thread
[18.259s] INFO:colcon.colcon_core.shell:Creating prefix script '/home/hong/Movement_Control/Go2Robot/install/local_setup.ps1'
[18.260s] INFO:colcon.colcon_core.shell:Creating prefix util module '/home/hong/Movement_Control/Go2Robot/install/_local_setup_util_ps1.py'
[18.261s] INFO:colcon.colcon_core.shell:Creating prefix chain script '/home/hong/Movement_Control/Go2Robot/install/setup.ps1'
[18.262s] INFO:colcon.colcon_core.shell:Creating prefix script '/home/hong/Movement_Control/Go2Robot/install/local_setup.sh'
[18.263s] INFO:colcon.colcon_core.shell:Creating prefix util module '/home/hong/Movement_Control/Go2Robot/install/_local_setup_util_sh.py'
[18.263s] INFO:colcon.colcon_core.shell:Creating prefix chain script '/home/hong/Movement_Control/Go2Robot/install/setup.sh'
[18.264s] INFO:colcon.colcon_core.shell:Creating prefix script '/home/hong/Movement_Control/Go2Robot/install/local_setup.bash'
[18.264s] INFO:colcon.colcon_core.shell:Creating prefix chain script '/home/hong/Movement_Control/Go2Robot/install/setup.bash'
[18.265s] INFO:colcon.colcon_core.shell:Creating prefix script '/home/hong/Movement_Control/Go2Robot/install/local_setup.zsh'
[18.266s] INFO:colcon.colcon_core.shell:Creating prefix chain script '/home/hong/Movement_Control/Go2Robot/install/setup.zsh'
