[0.000000] (-) TimerEvent: {}
[0.000186] (go2_robot) JobQueued: {'identifier': 'go2_robot', 'dependencies': OrderedDict()}
[0.000211] (go2_robot) JobStarted: {'identifier': 'go2_robot'}
[0.068139] (go2_robot) JobProgress: {'identifier': 'go2_robot', 'progress': 'cmake'}
[0.069500] (go2_robot) JobProgress: {'identifier': 'go2_robot', 'progress': 'build'}
[0.069523] (go2_robot) Command: {'cmd': ['/usr/bin/cmake', '--build', '/home/hong/Movement_Control/Go2Robot/build/go2_robot', '--', '-j24', '-l24'], 'cwd': '/home/hong/Movement_Control/Go2Robot/build/go2_robot', 'env': OrderedDict([('GJS_DEBUG_TOPICS', 'JS ERROR;JS LOG'), ('PYTHONIOENCODING', 'utf-8'), ('ZAI_OAUTH_CLIENT_ID', 'client_P8X5CMWmlaRO9gyO-KSqtg'), ('ZCODE_DESKTOP_CONTEXT_PROMPT_ENABLED', '1'), ('LANGUAGE', 'zh_CN:zh:en_US:en'), ('USER', 'hong'), ('LC_TIME', 'zh_CN.UTF-8'), ('GIT_EDITOR', 'true'), ('XDG_SESSION_TYPE', 'x11'), ('SHLVL', '0'), ('LD_LIBRARY_PATH', '/usr/lib/x86_64-linux-gnu/gazebo-11/plugins:/opt/ros/humble/opt/rviz_ogre_vendor/lib:/opt/ros/humble/lib/x86_64-linux-gnu:/opt/ros/humble/lib:/tmp/.mount_ZCode-dLcwPp/usr/lib:'), ('INPUT_METHOD', 'fcitx'), ('HOME', '/home/hong'), ('CHROME_DESKTOP', 'zcode.desktop'), ('APPDIR', '/tmp/.mount_ZCode-dLcwPp'), ('OLDPWD', '/home/hong/Movement_Control/Go2Robot'), ('DESKTOP_SESSION', 'ubuntu'), ('ZAI_OAUTH_ORIGIN', 'https://chat.z.ai'), ('GIO_LAUNCHED_DESKTOP_FILE', '/home/hong/.local/share/applications/zcode.desktop'), ('ZCODE_APP_VERSION', '3.10.2'), ('ROS_PYTHON_VERSION', '3'), ('GNOME_SHELL_SESSION_MODE', 'ubuntu'), ('GTK_MODULES', 'gail:atk-bridge'), ('SDL_IM_MODULE', 'fcitx'), ('LC_MONETARY', 'zh_CN.UTF-8'), ('MANAGERPID', '2258'), ('LC_CTYPE', 'zh_CN.UTF-8'), ('GLFW_IM_MODULE', 'ibus'), ('SYSTEMD_EXEC_PID', '2492'), ('DBUS_SESSION_BUS_ADDRESS', 'unix:path=/run/user/1000/bus'), ('ZCODE_PROCESS_LABEL', 'local-1'), ('GIO_LAUNCHED_DESKTOP_FILE_PID', '7263'), ('ROS_DISTRO', 'humble'), ('GTK_IM_MODULE', 'ibus'), ('LOGNAME', 'hong'), ('ZCODE_RUNTIME_ENV', 'production'), ('OWD', '/home/hong'), ('JOURNAL_STREAM', '8:17761'), ('_', '/usr/bin/colcon'), ('ROS_VERSION', '2'), ('XDG_SESSION_CLASS', 'user'), ('USERNAME', 'hong'), ('ZAI_BUSINESS_BASE_URL', 'https://api.z.ai'), ('TERM', 'dumb'), ('GNOME_DESKTOP_SESSION_ID', 'this-is-deprecated'), ('FC_FONTATIONS', '1'), ('ROS_LOCALHOST_ONLY', '0'), ('WINDOWPATH', '2'), ('PATH', '/home/hong/.local/bin:/opt/ros/humble/bin:/usr/local/cuda-12.1/bin:/home/hong/miniconda3/condabin:/usr/local/sbin:/usr/local/bin:/usr/sbin:/usr/bin:/sbin:/bin:/tmp/.mount_ZCode-dLcwPp:/tmp/.mount_ZCode-dLcwPp/usr/sbin:/usr/games:/usr/local/games:/snap/bin:/home/hong/.mujoco/mujoco-3.9.0/bin:/tmp/.mount_ZCode-dLcwPp/resources/tools/bfs:/tmp/.mount_ZCode-dLcwPp/resources/tools/ripgrep:/tmp/.mount_ZCode-dLcwPp/resources/tools/ugrep'), ('SESSION_MANAGER', 'local/hong:@/tmp/.ICE-unix/2469,unix/hong:/tmp/.ICE-unix/2469'), ('INVOCATION_ID', '58590a6953bb4c2bae7de4ba27f9f826'), ('APPIMAGE', '/home/hong/下载/ZCode-3.10.2-linux-x64.AppImage'), ('XDG_MENU_PREFIX', 'gnome-'), ('LC_ADDRESS', 'zh_CN.UTF-8'), ('ZCODE_BUILD_COMMIT_ID', '35824adf'), ('XDG_RUNTIME_DIR', '/run/user/1000'), ('GDK_BACKEND', 'x11'), ('DISPLAY', ':1'), ('ZCODE_BFS_BINARY', '/tmp/.mount_ZCode-dLcwPp/resources/tools/bfs/bfs'), ('LANG', 'zh_CN.UTF-8'), ('XDG_CURRENT_DESKTOP', 'ubuntu:GNOME'), ('LC_TELEPHONE', 'zh_CN.UTF-8'), ('XMODIFIERS', '@im=ibus'), ('XDG_SESSION_DESKTOP', 'ubuntu'), ('XAUTHORITY', '/run/user/1000/gdm/Xauthority'), ('SSH_AGENT_LAUNCHER', 'gnome-keyring'), ('SSH_AUTH_SOCK', '/run/user/1000/keyring/ssh'), ('GSETTINGS_SCHEMA_DIR', '/tmp/.mount_ZCode-dLcwPp/usr/share/glib-2.0/schemas:'), ('AMENT_PREFIX_PATH', '/opt/ros/humble'), ('SHELL', '/bin/bash'), ('LC_NAME', 'zh_CN.UTF-8'), ('ARGV0', '/home/hong/下载/ZCode-3.10.2-linux-x64.AppImage'), ('QT_ACCESSIBILITY', '1'), ('GDMSESSION', 'ubuntu'), ('PYTHONUTF8', '1'), ('LC_MEASUREMENT', 'zh_CN.UTF-8'), ('GPG_AGENT_INFO', '/run/user/1000/gnupg/S.gpg-agent:0:1'), ('GJS_DEBUG_OUTPUT', 'stderr'), ('LC_IDENTIFICATION', 'zh_CN.UTF-8'), ('ZCODE_CUA_GRAY_ENABLED', '0'), ('QT_IM_MODULE', 'ibus'), ('PWD', '/home/hong/Movement_Control/Go2Robot/build/go2_robot'), ('ZCODE_BASE_URL', 'https://zcode.z.ai'), ('XDG_CONFIG_DIRS', '/etc/xdg/xdg-ubuntu:/etc/xdg'), ('XDG_DATA_DIRS', '/tmp/.mount_ZCode-dLcwPp/usr/share/:./share/:/usr/share/gnome:/usr/local/share/:/usr/share/:/usr/share/ubuntu:/usr/share/gnome:/usr/local/share/:/usr/share/:/var/lib/snapd/desktop:/usr/share/gnome/:/usr/local/share/:/usr/share/'), ('ZCODE_RG_BINARY', '/tmp/.mount_ZCode-dLcwPp/resources/tools/ripgrep/rg'), ('PYTHONPATH', '/opt/ros/humble/lib/python3.10/site-packages:/opt/ros/humble/local/lib/python3.10/dist-packages'), ('ZCODE_UGREP_BINARY', '/tmp/.mount_ZCode-dLcwPp/resources/tools/ugrep/ugrep'), ('ZCODE_ENV', 'production'), ('LC_NUMERIC', 'zh_CN.UTF-8'), ('LC_PAPER', 'zh_CN.UTF-8'), ('COLCON', '1'), ('CMAKE_PREFIX_PATH', '/opt/ros/humble')]), 'shell': False}
[0.099657] (-) TimerEvent: {}
[0.164995] (go2_robot) StdoutLine: {'line': b'[  2%] Built target go2_robot__cpp\n'}
[0.166126] (go2_robot) StdoutLine: {'line': b'[ 12%] Built target OsqpEigen\n'}
[0.167748] (go2_robot) StdoutLine: {'line': b'[ 18%] Built target go2_robot__rosidl_generator_c\n'}
[0.169216] (go2_robot) StdoutLine: {'line': b'[ 18%] Built target ament_cmake_python_copy_go2_robot\n'}
[0.177727] (go2_robot) StdoutLine: {'line': b'[ 20%] Built target go2_robot__rs\n'}
[0.191610] (go2_robot) StdoutLine: {'line': b'[ 26%] Built target go2_robot__rosidl_typesupport_introspection_cpp\n'}
[0.194771] (go2_robot) StdoutLine: {'line': b'[ 32%] Built target go2_robot__rosidl_typesupport_cpp\n'}
[0.196168] (go2_robot) StdoutLine: {'line': b'[ 38%] Built target go2_robot__rosidl_typesupport_fastrtps_cpp\n'}
[0.197035] (go2_robot) StdoutLine: {'line': b'[ 44%] Built target go2_robot__rosidl_typesupport_fastrtps_c\n'}
[0.199758] (go2_robot) StdoutLine: {'line': b'[ 51%] Built target go2_robot__rosidl_typesupport_introspection_c\n'}
[0.199857] (-) TimerEvent: {}
[0.201072] (go2_robot) StdoutLine: {'line': b'[ 57%] Built target go2_robot__rosidl_typesupport_c\n'}
[0.221907] (go2_robot) StdoutLine: {'line': b'[ 57%] Built target go2_robot\n'}
[0.223954] (go2_robot) StdoutLine: {'line': b'Consolidate compiler generated dependencies of target go2_core\n'}
[0.246920] (go2_robot) StdoutLine: {'line': b'[ 59%] Building CXX object CMakeFiles/go2_core.dir/src/Model/pinocchio.cpp.o\n'}
[0.289693] (go2_robot) StdoutLine: {'line': b'[ 61%] Built target go2_robot__py\n'}
[0.300032] (-) TimerEvent: {}
[0.320050] (go2_robot) StdoutLine: {'line': b'running egg_info\n'}
[0.320525] (go2_robot) StdoutLine: {'line': b'writing go2_robot.egg-info/PKG-INFO\n'}
[0.320837] (go2_robot) StdoutLine: {'line': b'writing dependency_links to go2_robot.egg-info/dependency_links.txt\n'}
[0.320981] (go2_robot) StdoutLine: {'line': b'writing top-level names to go2_robot.egg-info/top_level.txt\n'}
[0.322039] (go2_robot) StdoutLine: {'line': b"reading manifest file 'go2_robot.egg-info/SOURCES.txt'\n"}
[0.322334] (go2_robot) StdoutLine: {'line': b"writing manifest file 'go2_robot.egg-info/SOURCES.txt'\n"}
[0.342684] (go2_robot) StdoutLine: {'line': b'[ 61%] Built target ament_cmake_python_build_go2_robot_egg\n'}
[0.400233] (-) TimerEvent: {}
[0.401227] (go2_robot) StdoutLine: {'line': b'[ 65%] Built target go2_robot__rosidl_generator_py\n'}
[0.424121] (go2_robot) StdoutLine: {'line': b'[ 69%] Built target go2_robot__rosidl_typesupport_fastrtps_c__pyext\n'}
[0.439915] (go2_robot) StdoutLine: {'line': b'[ 73%] Built target go2_robot__rosidl_typesupport_introspection_c__pyext\n'}
[0.463836] (go2_robot) StdoutLine: {'line': b'[ 77%] Built target go2_robot__rosidl_typesupport_c__pyext\n'}
[0.500338] (-) TimerEvent: {}
[0.600526] (-) TimerEvent: {}
[0.700713] (-) TimerEvent: {}
[0.801009] (-) TimerEvent: {}
[0.901395] (-) TimerEvent: {}
[1.001672] (-) TimerEvent: {}
[1.101942] (-) TimerEvent: {}
[1.202102] (-) TimerEvent: {}
[1.302438] (-) TimerEvent: {}
[1.402728] (-) TimerEvent: {}
[1.502979] (-) TimerEvent: {}
[1.603245] (-) TimerEvent: {}
[1.703503] (-) TimerEvent: {}
[1.803681] (-) TimerEvent: {}
[1.903855] (-) TimerEvent: {}
[2.004082] (-) TimerEvent: {}
[2.104389] (-) TimerEvent: {}
[2.204665] (-) TimerEvent: {}
[2.304914] (-) TimerEvent: {}
[2.405250] (-) TimerEvent: {}
[2.505526] (-) TimerEvent: {}
[2.605849] (-) TimerEvent: {}
[2.706213] (-) TimerEvent: {}
[2.806659] (-) TimerEvent: {}
[2.906846] (-) TimerEvent: {}
[3.007015] (-) TimerEvent: {}
[3.107190] (-) TimerEvent: {}
[3.207465] (-) TimerEvent: {}
[3.307625] (-) TimerEvent: {}
[3.407813] (-) TimerEvent: {}
[3.508063] (-) TimerEvent: {}
[3.608347] (-) TimerEvent: {}
[3.708564] (-) TimerEvent: {}
[3.808816] (-) TimerEvent: {}
[3.908989] (-) TimerEvent: {}
[4.009180] (-) TimerEvent: {}
[4.109347] (-) TimerEvent: {}
[4.209514] (-) TimerEvent: {}
[4.310016] (-) TimerEvent: {}
[4.410525] (-) TimerEvent: {}
[4.510697] (-) TimerEvent: {}
[4.610945] (-) TimerEvent: {}
[4.711118] (-) TimerEvent: {}
[4.811424] (-) TimerEvent: {}
[4.911743] (-) TimerEvent: {}
[5.012050] (-) TimerEvent: {}
[5.112553] (-) TimerEvent: {}
[5.212763] (-) TimerEvent: {}
[5.313010] (-) TimerEvent: {}
[5.413278] (-) TimerEvent: {}
[5.513446] (-) TimerEvent: {}
[5.613606] (-) TimerEvent: {}
[5.713795] (-) TimerEvent: {}
[5.814045] (-) TimerEvent: {}
[5.914325] (-) TimerEvent: {}
[6.014488] (-) TimerEvent: {}
[6.114685] (-) TimerEvent: {}
[6.214942] (-) TimerEvent: {}
[6.315212] (-) TimerEvent: {}
[6.415368] (-) TimerEvent: {}
[6.515532] (-) TimerEvent: {}
[6.615739] (-) TimerEvent: {}
[6.715984] (-) TimerEvent: {}
[6.816188] (-) TimerEvent: {}
[6.916389] (-) TimerEvent: {}
[7.016579] (-) TimerEvent: {}
[7.116826] (-) TimerEvent: {}
[7.217089] (-) TimerEvent: {}
[7.317393] (-) TimerEvent: {}
[7.417666] (-) TimerEvent: {}
[7.517948] (-) TimerEvent: {}
[7.618233] (-) TimerEvent: {}
[7.718488] (-) TimerEvent: {}
[7.818754] (-) TimerEvent: {}
[7.918944] (-) TimerEvent: {}
[8.019192] (-) TimerEvent: {}
[8.119358] (-) TimerEvent: {}
[8.219519] (-) TimerEvent: {}
[8.319727] (-) TimerEvent: {}
[8.419994] (-) TimerEvent: {}
[8.520279] (-) TimerEvent: {}
[8.620557] (-) TimerEvent: {}
[8.720821] (-) TimerEvent: {}
[8.821085] (-) TimerEvent: {}
[8.921303] (-) TimerEvent: {}
[9.021547] (-) TimerEvent: {}
[9.121743] (-) TimerEvent: {}
[9.222013] (-) TimerEvent: {}
[9.322280] (-) TimerEvent: {}
[9.422539] (-) TimerEvent: {}
[9.522807] (-) TimerEvent: {}
[9.623054] (-) TimerEvent: {}
[9.723344] (-) TimerEvent: {}
[9.823599] (-) TimerEvent: {}
[9.923855] (-) TimerEvent: {}
[10.024050] (-) TimerEvent: {}
[10.124305] (-) TimerEvent: {}
[10.224481] (-) TimerEvent: {}
[10.324698] (-) TimerEvent: {}
[10.424942] (-) TimerEvent: {}
[10.525202] (-) TimerEvent: {}
[10.625367] (-) TimerEvent: {}
[10.725529] (-) TimerEvent: {}
[10.825720] (-) TimerEvent: {}
[10.925996] (-) TimerEvent: {}
[11.026248] (-) TimerEvent: {}
[11.126516] (-) TimerEvent: {}
[11.226711] (-) TimerEvent: {}
[11.326958] (-) TimerEvent: {}
[11.427211] (-) TimerEvent: {}
[11.527478] (-) TimerEvent: {}
[11.627750] (-) TimerEvent: {}
[11.728010] (-) TimerEvent: {}
[11.828284] (-) TimerEvent: {}
[11.928543] (-) TimerEvent: {}
[12.028839] (-) TimerEvent: {}
[12.129102] (-) TimerEvent: {}
[12.229408] (-) TimerEvent: {}
[12.329587] (-) TimerEvent: {}
[12.429748] (-) TimerEvent: {}
[12.529995] (-) TimerEvent: {}
[12.630265] (-) TimerEvent: {}
[12.730425] (-) TimerEvent: {}
[12.830590] (-) TimerEvent: {}
[12.930833] (-) TimerEvent: {}
[13.031113] (-) TimerEvent: {}
[13.131350] (-) TimerEvent: {}
[13.231560] (-) TimerEvent: {}
[13.331754] (-) TimerEvent: {}
[13.432018] (-) TimerEvent: {}
[13.532270] (-) TimerEvent: {}
[13.632535] (-) TimerEvent: {}
[13.732731] (-) TimerEvent: {}
[13.832990] (-) TimerEvent: {}
[13.933262] (-) TimerEvent: {}
[14.033445] (-) TimerEvent: {}
[14.133774] (-) TimerEvent: {}
[14.234067] (-) TimerEvent: {}
[14.334273] (-) TimerEvent: {}
[14.434447] (-) TimerEvent: {}
[14.534607] (-) TimerEvent: {}
[14.634826] (-) TimerEvent: {}
[14.735014] (-) TimerEvent: {}
[14.835278] (-) TimerEvent: {}
[14.935536] (-) TimerEvent: {}
[15.035748] (-) TimerEvent: {}
[15.136012] (-) TimerEvent: {}
[15.236281] (-) TimerEvent: {}
[15.336438] (-) TimerEvent: {}
[15.436696] (-) TimerEvent: {}
[15.536916] (-) TimerEvent: {}
[15.637188] (-) TimerEvent: {}
[15.737451] (-) TimerEvent: {}
[15.837716] (-) TimerEvent: {}
[15.937902] (-) TimerEvent: {}
[16.038165] (-) TimerEvent: {}
[16.138342] (-) TimerEvent: {}
[16.238514] (-) TimerEvent: {}
[16.338711] (-) TimerEvent: {}
[16.438899] (-) TimerEvent: {}
[16.539072] (-) TimerEvent: {}
[16.639291] (-) TimerEvent: {}
[16.739453] (-) TimerEvent: {}
[16.839643] (-) TimerEvent: {}
[16.939834] (-) TimerEvent: {}
[17.040115] (-) TimerEvent: {}
[17.140342] (-) TimerEvent: {}
[17.240536] (-) TimerEvent: {}
[17.340752] (-) TimerEvent: {}
[17.441047] (-) TimerEvent: {}
[17.541300] (-) TimerEvent: {}
[17.641462] (-) TimerEvent: {}
[17.741652] (-) TimerEvent: {}
[17.841863] (-) TimerEvent: {}
[17.942170] (-) TimerEvent: {}
[18.042337] (-) TimerEvent: {}
[18.142599] (-) TimerEvent: {}
[18.242811] (-) TimerEvent: {}
[18.343062] (-) TimerEvent: {}
[18.443297] (-) TimerEvent: {}
[18.543460] (-) TimerEvent: {}
[18.643674] (-) TimerEvent: {}
[18.743839] (-) TimerEvent: {}
[18.844041] (-) TimerEvent: {}
[18.944374] (-) TimerEvent: {}
[19.044609] (-) TimerEvent: {}
[19.144888] (-) TimerEvent: {}
[19.245153] (-) TimerEvent: {}
[19.345363] (-) TimerEvent: {}
[19.445534] (-) TimerEvent: {}
[19.545694] (-) TimerEvent: {}
[19.645973] (-) TimerEvent: {}
[19.746173] (-) TimerEvent: {}
[19.846353] (-) TimerEvent: {}
[19.946521] (-) TimerEvent: {}
[20.046709] (-) TimerEvent: {}
[20.146974] (-) TimerEvent: {}
[20.247271] (-) TimerEvent: {}
[20.347542] (-) TimerEvent: {}
[20.447805] (-) TimerEvent: {}
[20.548057] (-) TimerEvent: {}
[20.648342] (-) TimerEvent: {}
[20.748515] (-) TimerEvent: {}
[20.848704] (-) TimerEvent: {}
[20.948963] (-) TimerEvent: {}
[21.049277] (-) TimerEvent: {}
[21.149449] (-) TimerEvent: {}
[21.249631] (-) TimerEvent: {}
[21.349890] (-) TimerEvent: {}
[21.450050] (-) TimerEvent: {}
[21.550335] (-) TimerEvent: {}
[21.650608] (-) TimerEvent: {}
[21.750951] (-) TimerEvent: {}
[21.851222] (-) TimerEvent: {}
[21.951395] (-) TimerEvent: {}
[22.051590] (-) TimerEvent: {}
[22.151759] (-) TimerEvent: {}
[22.252042] (-) TimerEvent: {}
[22.352364] (-) TimerEvent: {}
[22.452537] (-) TimerEvent: {}
[22.552738] (-) TimerEvent: {}
[22.652987] (-) TimerEvent: {}
[22.753254] (-) TimerEvent: {}
[22.853535] (-) TimerEvent: {}
[22.953795] (-) TimerEvent: {}
[23.054044] (-) TimerEvent: {}
[23.154328] (-) TimerEvent: {}
[23.254596] (-) TimerEvent: {}
[23.354940] (-) TimerEvent: {}
[23.455223] (-) TimerEvent: {}
[23.555483] (-) TimerEvent: {}
[23.655686] (-) TimerEvent: {}
[23.755884] (-) TimerEvent: {}
[23.856142] (-) TimerEvent: {}
[23.956407] (-) TimerEvent: {}
[24.056675] (-) TimerEvent: {}
[24.156842] (-) TimerEvent: {}
[24.257125] (-) TimerEvent: {}
[24.357449] (-) TimerEvent: {}
[24.457733] (-) TimerEvent: {}
[24.557996] (-) TimerEvent: {}
[24.658259] (-) TimerEvent: {}
[24.758505] (-) TimerEvent: {}
[24.858673] (-) TimerEvent: {}
[24.958920] (-) TimerEvent: {}
[25.059201] (-) TimerEvent: {}
[25.159610] (-) TimerEvent: {}
[25.259865] (-) TimerEvent: {}
[25.360390] (-) TimerEvent: {}
[25.460586] (-) TimerEvent: {}
[25.560824] (-) TimerEvent: {}
[25.661082] (-) TimerEvent: {}
[25.761474] (-) TimerEvent: {}
[25.861727] (-) TimerEvent: {}
[25.961986] (-) TimerEvent: {}
[26.062281] (-) TimerEvent: {}
[26.162532] (-) TimerEvent: {}
[26.262721] (-) TimerEvent: {}
[26.362957] (-) TimerEvent: {}
[26.463217] (-) TimerEvent: {}
[26.563629] (-) TimerEvent: {}
[26.663858] (-) TimerEvent: {}
[26.764114] (-) TimerEvent: {}
[26.864283] (-) TimerEvent: {}
[26.964441] (-) TimerEvent: {}
[27.064701] (-) TimerEvent: {}
[27.164953] (-) TimerEvent: {}
[27.265126] (-) TimerEvent: {}
[27.365314] (-) TimerEvent: {}
[27.465578] (-) TimerEvent: {}
[27.565835] (-) TimerEvent: {}
[27.666085] (-) TimerEvent: {}
[27.766340] (-) TimerEvent: {}
[27.866511] (-) TimerEvent: {}
[27.966669] (-) TimerEvent: {}
[28.066913] (-) TimerEvent: {}
[28.167184] (-) TimerEvent: {}
[28.267449] (-) TimerEvent: {}
[28.367756] (-) TimerEvent: {}
[28.468024] (-) TimerEvent: {}
[28.568287] (-) TimerEvent: {}
[28.668559] (-) TimerEvent: {}
[28.768854] (-) TimerEvent: {}
[28.869110] (-) TimerEvent: {}
[28.969471] (-) TimerEvent: {}
[29.069698] (-) TimerEvent: {}
[29.169859] (-) TimerEvent: {}
[29.270163] (-) TimerEvent: {}
[29.370356] (-) TimerEvent: {}
[29.470606] (-) TimerEvent: {}
[29.587910] (-) TimerEvent: {}
[29.688231] (-) TimerEvent: {}
[29.788532] (-) TimerEvent: {}
[29.888763] (-) TimerEvent: {}
[29.989025] (-) TimerEvent: {}
[30.089280] (-) TimerEvent: {}
[30.189552] (-) TimerEvent: {}
[30.289751] (-) TimerEvent: {}
[30.390001] (-) TimerEvent: {}
[30.490283] (-) TimerEvent: {}
[30.590538] (-) TimerEvent: {}
[30.690816] (-) TimerEvent: {}
[30.791093] (-) TimerEvent: {}
[30.891307] (-) TimerEvent: {}
[30.991566] (-) TimerEvent: {}
[31.091744] (-) TimerEvent: {}
[31.192222] (-) TimerEvent: {}
[31.310064] (-) TimerEvent: {}
[31.410297] (-) TimerEvent: {}
[31.510555] (-) TimerEvent: {}
[31.610809] (-) TimerEvent: {}
[31.710979] (-) TimerEvent: {}
[31.811174] (-) TimerEvent: {}
[31.911346] (-) TimerEvent: {}
[32.011534] (-) TimerEvent: {}
[32.111823] (-) TimerEvent: {}
[32.212104] (-) TimerEvent: {}
[32.312326] (-) TimerEvent: {}
[32.412515] (-) TimerEvent: {}
[32.512732] (-) TimerEvent: {}
[32.613009] (-) TimerEvent: {}
[32.713282] (-) TimerEvent: {}
[32.813476] (-) TimerEvent: {}
[32.913690] (-) TimerEvent: {}
[33.013899] (-) TimerEvent: {}
[33.114145] (-) TimerEvent: {}
[33.214340] (-) TimerEvent: {}
[33.314525] (-) TimerEvent: {}
[33.414739] (-) TimerEvent: {}
[33.514994] (-) TimerEvent: {}
[33.615291] (-) TimerEvent: {}
[33.715481] (-) TimerEvent: {}
[33.815675] (-) TimerEvent: {}
[33.915894] (-) TimerEvent: {}
[34.016204] (-) TimerEvent: {}
[34.116501] (-) TimerEvent: {}
[34.216692] (-) TimerEvent: {}
[34.316888] (-) TimerEvent: {}
[34.417101] (-) TimerEvent: {}
[34.517367] (-) TimerEvent: {}
[34.617552] (-) TimerEvent: {}
[34.717765] (-) TimerEvent: {}
[34.818059] (-) TimerEvent: {}
[34.918259] (-) TimerEvent: {}
[35.018472] (-) TimerEvent: {}
[35.118649] (-) TimerEvent: {}
[35.218835] (-) TimerEvent: {}
[35.319096] (-) TimerEvent: {}
[35.419323] (-) TimerEvent: {}
[35.519479] (-) TimerEvent: {}
[35.619655] (-) TimerEvent: {}
[35.719842] (-) TimerEvent: {}
[35.820029] (-) TimerEvent: {}
[35.920293] (-) TimerEvent: {}
[36.020456] (-) TimerEvent: {}
[36.120698] (-) TimerEvent: {}
[36.220972] (-) TimerEvent: {}
[36.321276] (-) TimerEvent: {}
[36.421490] (-) TimerEvent: {}
[36.521671] (-) TimerEvent: {}
[36.621852] (-) TimerEvent: {}
[36.722099] (-) TimerEvent: {}
[36.822434] (-) TimerEvent: {}
[36.922644] (-) TimerEvent: {}
[37.022801] (-) TimerEvent: {}
[37.123054] (-) TimerEvent: {}
[37.223336] (-) TimerEvent: {}
[37.323501] (-) TimerEvent: {}
[37.423743] (-) TimerEvent: {}
[37.523906] (-) TimerEvent: {}
[37.624164] (-) TimerEvent: {}
[37.724340] (-) TimerEvent: {}
[37.824496] (-) TimerEvent: {}
[37.924678] (-) TimerEvent: {}
[38.024876] (-) TimerEvent: {}
[38.125144] (-) TimerEvent: {}
[38.225417] (-) TimerEvent: {}
[38.325613] (-) TimerEvent: {}
[38.425863] (-) TimerEvent: {}
[38.526042] (-) TimerEvent: {}
[38.626210] (-) TimerEvent: {}
[38.726373] (-) TimerEvent: {}
[38.826530] (-) TimerEvent: {}
[38.926733] (-) TimerEvent: {}
[39.026977] (-) TimerEvent: {}
[39.127181] (-) TimerEvent: {}
[39.227345] (-) TimerEvent: {}
[39.327508] (-) TimerEvent: {}
[39.427700] (-) TimerEvent: {}
[39.527959] (-) TimerEvent: {}
[39.628274] (-) TimerEvent: {}
[39.728508] (-) TimerEvent: {}
[39.828700] (-) TimerEvent: {}
[39.929004] (-) TimerEvent: {}
[40.029278] (-) TimerEvent: {}
[40.129445] (-) TimerEvent: {}
[40.229671] (-) TimerEvent: {}
[40.329958] (-) TimerEvent: {}
[40.430267] (-) TimerEvent: {}
[40.438007] (go2_robot) StdoutLine: {'line': b'[ 79%] Linking CXX static library libgo2_core.a\n'}
[40.492836] (go2_robot) StdoutLine: {'line': b'[ 93%] Built target go2_core\n'}
[40.529502] (go2_robot) StdoutLine: {'line': b'[ 95%] Linking CXX executable go2_control_node\n'}
[40.530358] (-) TimerEvent: {}
[40.630492] (-) TimerEvent: {}
[40.704293] (go2_robot) StdoutLine: {'line': b'[100%] Built target go2_control_node\n'}
[40.714806] (go2_robot) CommandEnded: {'returncode': 0}
[40.715432] (go2_robot) JobProgress: {'identifier': 'go2_robot', 'progress': 'install'}
[40.723172] (go2_robot) Command: {'cmd': ['/usr/bin/cmake', '--install', '/home/hong/Movement_Control/Go2Robot/build/go2_robot'], 'cwd': '/home/hong/Movement_Control/Go2Robot/build/go2_robot', 'env': OrderedDict([('GJS_DEBUG_TOPICS', 'JS ERROR;JS LOG'), ('PYTHONIOENCODING', 'utf-8'), ('ZAI_OAUTH_CLIENT_ID', 'client_P8X5CMWmlaRO9gyO-KSqtg'), ('ZCODE_DESKTOP_CONTEXT_PROMPT_ENABLED', '1'), ('LANGUAGE', 'zh_CN:zh:en_US:en'), ('USER', 'hong'), ('LC_TIME', 'zh_CN.UTF-8'), ('GIT_EDITOR', 'true'), ('XDG_SESSION_TYPE', 'x11'), ('SHLVL', '0'), ('LD_LIBRARY_PATH', '/usr/lib/x86_64-linux-gnu/gazebo-11/plugins:/opt/ros/humble/opt/rviz_ogre_vendor/lib:/opt/ros/humble/lib/x86_64-linux-gnu:/opt/ros/humble/lib:/tmp/.mount_ZCode-dLcwPp/usr/lib:'), ('INPUT_METHOD', 'fcitx'), ('HOME', '/home/hong'), ('CHROME_DESKTOP', 'zcode.desktop'), ('APPDIR', '/tmp/.mount_ZCode-dLcwPp'), ('OLDPWD', '/home/hong/Movement_Control/Go2Robot'), ('DESKTOP_SESSION', 'ubuntu'), ('ZAI_OAUTH_ORIGIN', 'https://chat.z.ai'), ('GIO_LAUNCHED_DESKTOP_FILE', '/home/hong/.local/share/applications/zcode.desktop'), ('ZCODE_APP_VERSION', '3.10.2'), ('ROS_PYTHON_VERSION', '3'), ('GNOME_SHELL_SESSION_MODE', 'ubuntu'), ('GTK_MODULES', 'gail:atk-bridge'), ('SDL_IM_MODULE', 'fcitx'), ('LC_MONETARY', 'zh_CN.UTF-8'), ('MANAGERPID', '2258'), ('LC_CTYPE', 'zh_CN.UTF-8'), ('GLFW_IM_MODULE', 'ibus'), ('SYSTEMD_EXEC_PID', '2492'), ('DBUS_SESSION_BUS_ADDRESS', 'unix:path=/run/user/1000/bus'), ('ZCODE_PROCESS_LABEL', 'local-1'), ('GIO_LAUNCHED_DESKTOP_FILE_PID', '7263'), ('ROS_DISTRO', 'humble'), ('GTK_IM_MODULE', 'ibus'), ('LOGNAME', 'hong'), ('ZCODE_RUNTIME_ENV', 'production'), ('OWD', '/home/hong'), ('JOURNAL_STREAM', '8:17761'), ('_', '/usr/bin/colcon'), ('ROS_VERSION', '2'), ('XDG_SESSION_CLASS', 'user'), ('USERNAME', 'hong'), ('ZAI_BUSINESS_BASE_URL', 'https://api.z.ai'), ('TERM', 'dumb'), ('GNOME_DESKTOP_SESSION_ID', 'this-is-deprecated'), ('FC_FONTATIONS', '1'), ('ROS_LOCALHOST_ONLY', '0'), ('WINDOWPATH', '2'), ('PATH', '/home/hong/.local/bin:/opt/ros/humble/bin:/usr/local/cuda-12.1/bin:/home/hong/miniconda3/condabin:/usr/local/sbin:/usr/local/bin:/usr/sbin:/usr/bin:/sbin:/bin:/tmp/.mount_ZCode-dLcwPp:/tmp/.mount_ZCode-dLcwPp/usr/sbin:/usr/games:/usr/local/games:/snap/bin:/home/hong/.mujoco/mujoco-3.9.0/bin:/tmp/.mount_ZCode-dLcwPp/resources/tools/bfs:/tmp/.mount_ZCode-dLcwPp/resources/tools/ripgrep:/tmp/.mount_ZCode-dLcwPp/resources/tools/ugrep'), ('SESSION_MANAGER', 'local/hong:@/tmp/.ICE-unix/2469,unix/hong:/tmp/.ICE-unix/2469'), ('INVOCATION_ID', '58590a6953bb4c2bae7de4ba27f9f826'), ('APPIMAGE', '/home/hong/下载/ZCode-3.10.2-linux-x64.AppImage'), ('XDG_MENU_PREFIX', 'gnome-'), ('LC_ADDRESS', 'zh_CN.UTF-8'), ('ZCODE_BUILD_COMMIT_ID', '35824adf'), ('XDG_RUNTIME_DIR', '/run/user/1000'), ('GDK_BACKEND', 'x11'), ('DISPLAY', ':1'), ('ZCODE_BFS_BINARY', '/tmp/.mount_ZCode-dLcwPp/resources/tools/bfs/bfs'), ('LANG', 'zh_CN.UTF-8'), ('XDG_CURRENT_DESKTOP', 'ubuntu:GNOME'), ('LC_TELEPHONE', 'zh_CN.UTF-8'), ('XMODIFIERS', '@im=ibus'), ('XDG_SESSION_DESKTOP', 'ubuntu'), ('XAUTHORITY', '/run/user/1000/gdm/Xauthority'), ('SSH_AGENT_LAUNCHER', 'gnome-keyring'), ('SSH_AUTH_SOCK', '/run/user/1000/keyring/ssh'), ('GSETTINGS_SCHEMA_DIR', '/tmp/.mount_ZCode-dLcwPp/usr/share/glib-2.0/schemas:'), ('AMENT_PREFIX_PATH', '/opt/ros/humble'), ('SHELL', '/bin/bash'), ('LC_NAME', 'zh_CN.UTF-8'), ('ARGV0', '/home/hong/下载/ZCode-3.10.2-linux-x64.AppImage'), ('QT_ACCESSIBILITY', '1'), ('GDMSESSION', 'ubuntu'), ('PYTHONUTF8', '1'), ('LC_MEASUREMENT', 'zh_CN.UTF-8'), ('GPG_AGENT_INFO', '/run/user/1000/gnupg/S.gpg-agent:0:1'), ('GJS_DEBUG_OUTPUT', 'stderr'), ('LC_IDENTIFICATION', 'zh_CN.UTF-8'), ('ZCODE_CUA_GRAY_ENABLED', '0'), ('QT_IM_MODULE', 'ibus'), ('PWD', '/home/hong/Movement_Control/Go2Robot/build/go2_robot'), ('ZCODE_BASE_URL', 'https://zcode.z.ai'), ('XDG_CONFIG_DIRS', '/etc/xdg/xdg-ubuntu:/etc/xdg'), ('XDG_DATA_DIRS', '/tmp/.mount_ZCode-dLcwPp/usr/share/:./share/:/usr/share/gnome:/usr/local/share/:/usr/share/:/usr/share/ubuntu:/usr/share/gnome:/usr/local/share/:/usr/share/:/var/lib/snapd/desktop:/usr/share/gnome/:/usr/local/share/:/usr/share/'), ('ZCODE_RG_BINARY', '/tmp/.mount_ZCode-dLcwPp/resources/tools/ripgrep/rg'), ('PYTHONPATH', '/opt/ros/humble/lib/python3.10/site-packages:/opt/ros/humble/local/lib/python3.10/dist-packages'), ('ZCODE_UGREP_BINARY', '/tmp/.mount_ZCode-dLcwPp/resources/tools/ugrep/ugrep'), ('ZCODE_ENV', 'production'), ('LC_NUMERIC', 'zh_CN.UTF-8'), ('LC_PAPER', 'zh_CN.UTF-8'), ('COLCON', '1'), ('CMAKE_PREFIX_PATH', '/opt/ros/humble')]), 'shell': False}
[40.730494] (go2_robot) StdoutLine: {'line': b'-- Install configuration: "Release"\n'}
[40.730617] (-) TimerEvent: {}
[40.730634] (go2_robot) StdoutLine: {'line': b'-- Up-to-date: /home/hong/Movement_Control/Go2Robot/install/go2_robot/share/ament_index/resource_index/rosidl_interfaces/go2_robot\n'}
[40.730799] (go2_robot) StdoutLine: {'line': b'-- Up-to-date: /home/hong/Movement_Control/Go2Robot/install/go2_robot/include/go2_robot/go2_robot\n'}
[40.730865] (go2_robot) StdoutLine: {'line': b'-- Up-to-date: /home/hong/Movement_Control/Go2Robot/install/go2_robot/include/go2_robot/go2_robot/msg\n'}
[40.730904] (go2_robot) StdoutLine: {'line': b'-- Up-to-date: /home/hong/Movement_Control/Go2Robot/install/go2_robot/include/go2_robot/go2_robot/msg/rosidl_generator_c__visibility_control.h\n'}
[40.731160] (go2_robot) StdoutLine: {'line': b'-- Up-to-date: /home/hong/Movement_Control/Go2Robot/install/go2_robot/include/go2_robot/go2_robot/msg/go2_telemetry.h\n'}
[40.731198] (go2_robot) StdoutLine: {'line': b'-- Up-to-date: /home/hong/Movement_Control/Go2Robot/install/go2_robot/include/go2_robot/go2_robot/msg/detail\n'}
[40.731261] (go2_robot) StdoutLine: {'line': b'-- Up-to-date: /home/hong/Movement_Control/Go2Robot/install/go2_robot/include/go2_robot/go2_robot/msg/detail/go2_telemetry__functions.c\n'}
[40.731297] (go2_robot) StdoutLine: {'line': b'-- Up-to-date: /home/hong/Movement_Control/Go2Robot/install/go2_robot/include/go2_robot/go2_robot/msg/detail/go2_telemetry__type_support.h\n'}
[40.731424] (go2_robot) StdoutLine: {'line': b'-- Up-to-date: /home/hong/Movement_Control/Go2Robot/install/go2_robot/include/go2_robot/go2_robot/msg/detail/go2_telemetry__functions.h\n'}
[40.731479] (go2_robot) StdoutLine: {'line': b'-- Up-to-date: /home/hong/Movement_Control/Go2Robot/install/go2_robot/include/go2_robot/go2_robot/msg/detail/go2_telemetry__struct.h\n'}
[40.731511] (go2_robot) StdoutLine: {'line': b'-- Up-to-date: /home/hong/Movement_Control/Go2Robot/install/go2_robot/share/go2_robot/environment/library_path.sh\n'}
[40.731544] (go2_robot) StdoutLine: {'line': b'-- Up-to-date: /home/hong/Movement_Control/Go2Robot/install/go2_robot/share/go2_robot/environment/library_path.dsv\n'}
[40.731600] (go2_robot) StdoutLine: {'line': b'-- Up-to-date: /home/hong/Movement_Control/Go2Robot/install/go2_robot/lib/libgo2_robot__rosidl_generator_c.so\n'}
[40.731641] (go2_robot) StdoutLine: {'line': b'-- Up-to-date: /home/hong/Movement_Control/Go2Robot/install/go2_robot/include/go2_robot/go2_robot\n'}
[40.731747] (go2_robot) StdoutLine: {'line': b'-- Up-to-date: /home/hong/Movement_Control/Go2Robot/install/go2_robot/include/go2_robot/go2_robot/msg\n'}
[40.731801] (go2_robot) StdoutLine: {'line': b'-- Up-to-date: /home/hong/Movement_Control/Go2Robot/install/go2_robot/include/go2_robot/go2_robot/msg/rosidl_typesupport_fastrtps_c__visibility_control.h\n'}
[40.731837] (go2_robot) StdoutLine: {'line': b'-- Up-to-date: /home/hong/Movement_Control/Go2Robot/install/go2_robot/include/go2_robot/go2_robot/msg/detail\n'}
[40.731868] (go2_robot) StdoutLine: {'line': b'-- Up-to-date: /home/hong/Movement_Control/Go2Robot/install/go2_robot/include/go2_robot/go2_robot/msg/detail/go2_telemetry__rosidl_typesupport_fastrtps_c.h\n'}
[40.731900] (go2_robot) StdoutLine: {'line': b'-- Up-to-date: /home/hong/Movement_Control/Go2Robot/install/go2_robot/lib/libgo2_robot__rosidl_typesupport_fastrtps_c.so\n'}
[40.731953] (go2_robot) StdoutLine: {'line': b'-- Up-to-date: /home/hong/Movement_Control/Go2Robot/install/go2_robot/include/go2_robot/go2_robot\n'}
[40.732039] (go2_robot) StdoutLine: {'line': b'-- Up-to-date: /home/hong/Movement_Control/Go2Robot/install/go2_robot/include/go2_robot/go2_robot/msg\n'}
[40.732093] (go2_robot) StdoutLine: {'line': b'-- Up-to-date: /home/hong/Movement_Control/Go2Robot/install/go2_robot/include/go2_robot/go2_robot/msg/rosidl_generator_cpp__visibility_control.hpp\n'}
[40.732131] (go2_robot) StdoutLine: {'line': b'-- Up-to-date: /home/hong/Movement_Control/Go2Robot/install/go2_robot/include/go2_robot/go2_robot/msg/go2_telemetry.hpp\n'}
[40.732165] (go2_robot) StdoutLine: {'line': b'-- Up-to-date: /home/hong/Movement_Control/Go2Robot/install/go2_robot/include/go2_robot/go2_robot/msg/detail\n'}
[40.732199] (go2_robot) StdoutLine: {'line': b'-- Up-to-date: /home/hong/Movement_Control/Go2Robot/install/go2_robot/include/go2_robot/go2_robot/msg/detail/go2_telemetry__builder.hpp\n'}
[40.732230] (go2_robot) StdoutLine: {'line': b'-- Up-to-date: /home/hong/Movement_Control/Go2Robot/install/go2_robot/include/go2_robot/go2_robot/msg/detail/go2_telemetry__type_support.hpp\n'}
[40.732261] (go2_robot) StdoutLine: {'line': b'-- Up-to-date: /home/hong/Movement_Control/Go2Robot/install/go2_robot/include/go2_robot/go2_robot/msg/detail/go2_telemetry__traits.hpp\n'}
[40.732292] (go2_robot) StdoutLine: {'line': b'-- Up-to-date: /home/hong/Movement_Control/Go2Robot/install/go2_robot/include/go2_robot/go2_robot/msg/detail/go2_telemetry__struct.hpp\n'}
[40.732322] (go2_robot) StdoutLine: {'line': b'-- Up-to-date: /home/hong/Movement_Control/Go2Robot/install/go2_robot/include/go2_robot/go2_robot\n'}
[40.732352] (go2_robot) StdoutLine: {'line': b'-- Up-to-date: /home/hong/Movement_Control/Go2Robot/install/go2_robot/include/go2_robot/go2_robot/msg\n'}
[40.732381] (go2_robot) StdoutLine: {'line': b'-- Up-to-date: /home/hong/Movement_Control/Go2Robot/install/go2_robot/include/go2_robot/go2_robot/msg/rosidl_typesupport_fastrtps_cpp__visibility_control.h\n'}
[40.732414] (go2_robot) StdoutLine: {'line': b'-- Up-to-date: /home/hong/Movement_Control/Go2Robot/install/go2_robot/include/go2_robot/go2_robot/msg/detail\n'}
[40.732444] (go2_robot) StdoutLine: {'line': b'-- Up-to-date: /home/hong/Movement_Control/Go2Robot/install/go2_robot/include/go2_robot/go2_robot/msg/detail/go2_telemetry__rosidl_typesupport_fastrtps_cpp.hpp\n'}
[40.732475] (go2_robot) StdoutLine: {'line': b'-- Up-to-date: /home/hong/Movement_Control/Go2Robot/install/go2_robot/include/go2_robot/go2_robot/msg/detail/dds_fastrtps\n'}
[40.732505] (go2_robot) StdoutLine: {'line': b'-- Up-to-date: /home/hong/Movement_Control/Go2Robot/install/go2_robot/lib/libgo2_robot__rosidl_typesupport_fastrtps_cpp.so\n'}
[40.732596] (go2_robot) StdoutLine: {'line': b'-- Up-to-date: /home/hong/Movement_Control/Go2Robot/install/go2_robot/include/go2_robot/go2_robot\n'}
[40.732627] (go2_robot) StdoutLine: {'line': b'-- Up-to-date: /home/hong/Movement_Control/Go2Robot/install/go2_robot/include/go2_robot/go2_robot/msg\n'}
[40.732657] (go2_robot) StdoutLine: {'line': b'-- Up-to-date: /home/hong/Movement_Control/Go2Robot/install/go2_robot/include/go2_robot/go2_robot/msg/rosidl_typesupport_introspection_c__visibility_control.h\n'}
[40.732687] (go2_robot) StdoutLine: {'line': b'-- Up-to-date: /home/hong/Movement_Control/Go2Robot/install/go2_robot/include/go2_robot/go2_robot/msg/detail\n'}
[40.732716] (go2_robot) StdoutLine: {'line': b'-- Up-to-date: /home/hong/Movement_Control/Go2Robot/install/go2_robot/include/go2_robot/go2_robot/msg/detail/go2_telemetry__type_support.c\n'}
[40.732745] (go2_robot) StdoutLine: {'line': b'-- Up-to-date: /home/hong/Movement_Control/Go2Robot/install/go2_robot/include/go2_robot/go2_robot/msg/detail/go2_telemetry__rosidl_typesupport_introspection_c.h\n'}
[40.732775] (go2_robot) StdoutLine: {'line': b'-- Up-to-date: /home/hong/Movement_Control/Go2Robot/install/go2_robot/lib/libgo2_robot__rosidl_typesupport_introspection_c.so\n'}
[40.732805] (go2_robot) StdoutLine: {'line': b'-- Up-to-date: /home/hong/Movement_Control/Go2Robot/install/go2_robot/lib/libgo2_robot__rosidl_typesupport_c.so\n'}
[40.732836] (go2_robot) StdoutLine: {'line': b'-- Up-to-date: /home/hong/Movement_Control/Go2Robot/install/go2_robot/include/go2_robot/go2_robot\n'}
[40.732864] (go2_robot) StdoutLine: {'line': b'-- Up-to-date: /home/hong/Movement_Control/Go2Robot/install/go2_robot/include/go2_robot/go2_robot/msg\n'}
[40.732892] (go2_robot) StdoutLine: {'line': b'-- Up-to-date: /home/hong/Movement_Control/Go2Robot/install/go2_robot/include/go2_robot/go2_robot/msg/detail\n'}
[40.732921] (go2_robot) StdoutLine: {'line': b'-- Up-to-date: /home/hong/Movement_Control/Go2Robot/install/go2_robot/include/go2_robot/go2_robot/msg/detail/go2_telemetry__rosidl_typesupport_introspection_cpp.hpp\n'}
[40.732950] (go2_robot) StdoutLine: {'line': b'-- Up-to-date: /home/hong/Movement_Control/Go2Robot/install/go2_robot/include/go2_robot/go2_robot/msg/detail/go2_telemetry__type_support.cpp\n'}
[40.732980] (go2_robot) StdoutLine: {'line': b'-- Up-to-date: /home/hong/Movement_Control/Go2Robot/install/go2_robot/lib/libgo2_robot__rosidl_typesupport_introspection_cpp.so\n'}
[40.733008] (go2_robot) StdoutLine: {'line': b'-- Up-to-date: /home/hong/Movement_Control/Go2Robot/install/go2_robot/lib/libgo2_robot__rosidl_typesupport_cpp.so\n'}
[40.733038] (go2_robot) StdoutLine: {'line': b'-- Up-to-date: /home/hong/Movement_Control/Go2Robot/install/go2_robot/share/go2_robot/environment/pythonpath.sh\n'}
[40.733068] (go2_robot) StdoutLine: {'line': b'-- Up-to-date: /home/hong/Movement_Control/Go2Robot/install/go2_robot/share/go2_robot/environment/pythonpath.dsv\n'}
[40.733096] (go2_robot) StdoutLine: {'line': b'-- Up-to-date: /home/hong/Movement_Control/Go2Robot/install/go2_robot/local/lib/python3.10/dist-packages/go2_robot-0.1.0-py3.10.egg-info\n'}
[40.733126] (go2_robot) StdoutLine: {'line': b'-- Installing: /home/hong/Movement_Control/Go2Robot/install/go2_robot/local/lib/python3.10/dist-packages/go2_robot-0.1.0-py3.10.egg-info/SOURCES.txt\n'}
[40.733162] (go2_robot) StdoutLine: {'line': b'-- Installing: /home/hong/Movement_Control/Go2Robot/install/go2_robot/local/lib/python3.10/dist-packages/go2_robot-0.1.0-py3.10.egg-info/top_level.txt\n'}
[40.733195] (go2_robot) StdoutLine: {'line': b'-- Installing: /home/hong/Movement_Control/Go2Robot/install/go2_robot/local/lib/python3.10/dist-packages/go2_robot-0.1.0-py3.10.egg-info/PKG-INFO\n'}
[40.733225] (go2_robot) StdoutLine: {'line': b'-- Installing: /home/hong/Movement_Control/Go2Robot/install/go2_robot/local/lib/python3.10/dist-packages/go2_robot-0.1.0-py3.10.egg-info/dependency_links.txt\n'}
[40.733254] (go2_robot) StdoutLine: {'line': b'-- Up-to-date: /home/hong/Movement_Control/Go2Robot/install/go2_robot/local/lib/python3.10/dist-packages/go2_robot\n'}
[40.733283] (go2_robot) StdoutLine: {'line': b'-- Up-to-date: /home/hong/Movement_Control/Go2Robot/install/go2_robot/local/lib/python3.10/dist-packages/go2_robot/_go2_robot_s.ep.rosidl_typesupport_fastrtps_c.c\n'}
[40.733313] (go2_robot) StdoutLine: {'line': b'-- Up-to-date: /home/hong/Movement_Control/Go2Robot/install/go2_robot/local/lib/python3.10/dist-packages/go2_robot/go2_robot_s__rosidl_typesupport_fastrtps_c..cpython-310-x86_64-linux-gnu.so\n'}
[40.733342] (go2_robot) StdoutLine: {'line': b'-- Up-to-date: /home/hong/Movement_Control/Go2Robot/install/go2_robot/local/lib/python3.10/dist-packages/go2_robot/__init__.py\n'}
[40.733371] (go2_robot) StdoutLine: {'line': b'-- Up-to-date: /home/hong/Movement_Control/Go2Robot/install/go2_robot/local/lib/python3.10/dist-packages/go2_robot/_go2_robot_s.ep.rosidl_typesupport_introspection_c.c\n'}
[40.733400] (go2_robot) StdoutLine: {'line': b'-- Up-to-date: /home/hong/Movement_Control/Go2Robot/install/go2_robot/local/lib/python3.10/dist-packages/go2_robot/_go2_robot_s.ep.rosidl_typesupport_c.c\n'}
[40.733430] (go2_robot) StdoutLine: {'line': b'-- Up-to-date: /home/hong/Movement_Control/Go2Robot/install/go2_robot/local/lib/python3.10/dist-packages/go2_robot/go2_robot_s__rosidl_typesupport_introspection_c..cpython-310-x86_64-linux-gnu.so\n'}
[40.733458] (go2_robot) StdoutLine: {'line': b'-- Up-to-date: /home/hong/Movement_Control/Go2Robot/install/go2_robot/local/lib/python3.10/dist-packages/go2_robot/msg\n'}
[40.733490] (go2_robot) StdoutLine: {'line': b'-- Up-to-date: /home/hong/Movement_Control/Go2Robot/install/go2_robot/local/lib/python3.10/dist-packages/go2_robot/msg/__init__.py\n'}
[40.733519] (go2_robot) StdoutLine: {'line': b'-- Up-to-date: /home/hong/Movement_Control/Go2Robot/install/go2_robot/local/lib/python3.10/dist-packages/go2_robot/msg/_go2_telemetry.py\n'}
[40.733547] (go2_robot) StdoutLine: {'line': b'-- Up-to-date: /home/hong/Movement_Control/Go2Robot/install/go2_robot/local/lib/python3.10/dist-packages/go2_robot/msg/_go2_telemetry_s.c\n'}
[40.733576] (go2_robot) StdoutLine: {'line': b'-- Up-to-date: /home/hong/Movement_Control/Go2Robot/install/go2_robot/local/lib/python3.10/dist-packages/go2_robot/libgo2_robot__rosidl_generator_py.so\n'}
[40.733606] (go2_robot) StdoutLine: {'line': b'-- Up-to-date: /home/hong/Movement_Control/Go2Robot/install/go2_robot/local/lib/python3.10/dist-packages/go2_robot/go2_robot_s__rosidl_typesupport_c..cpython-310-x86_64-linux-gnu.so\n'}
[40.756996] (go2_robot) StdoutLine: {'line': b"Listing '/home/hong/Movement_Control/Go2Robot/install/go2_robot/local/lib/python3.10/dist-packages/go2_robot'...\n"}
[40.757126] (go2_robot) StdoutLine: {'line': b"Listing '/home/hong/Movement_Control/Go2Robot/install/go2_robot/local/lib/python3.10/dist-packages/go2_robot/msg'...\n"}
[40.760360] (go2_robot) StdoutLine: {'line': b'-- Up-to-date: /home/hong/Movement_Control/Go2Robot/install/go2_robot/local/lib/python3.10/dist-packages/go2_robot/go2_robot_s__rosidl_typesupport_fastrtps_c..cpython-310-x86_64-linux-gnu.so\n'}
[40.760455] (go2_robot) StdoutLine: {'line': b'-- Up-to-date: /home/hong/Movement_Control/Go2Robot/install/go2_robot/local/lib/python3.10/dist-packages/go2_robot/go2_robot_s__rosidl_typesupport_introspection_c..cpython-310-x86_64-linux-gnu.so\n'}
[40.760671] (go2_robot) StdoutLine: {'line': b'-- Up-to-date: /home/hong/Movement_Control/Go2Robot/install/go2_robot/local/lib/python3.10/dist-packages/go2_robot/go2_robot_s__rosidl_typesupport_c..cpython-310-x86_64-linux-gnu.so\n'}
[40.760755] (go2_robot) StdoutLine: {'line': b'-- Up-to-date: /home/hong/Movement_Control/Go2Robot/install/go2_robot/lib/libgo2_robot__rosidl_generator_py.so\n'}
[40.760934] (go2_robot) StdoutLine: {'line': b'-- Up-to-date: /home/hong/Movement_Control/Go2Robot/install/go2_robot/share/ament_index/resource_index/rust_packages/go2_robot\n'}
[40.760989] (go2_robot) StdoutLine: {'line': b'-- Up-to-date: /home/hong/Movement_Control/Go2Robot/install/go2_robot/share/go2_robot/rust\n'}
[40.761031] (go2_robot) StdoutLine: {'line': b'-- Up-to-date: /home/hong/Movement_Control/Go2Robot/install/go2_robot/share/go2_robot/rust/Cargo.toml\n'}
[40.761068] (go2_robot) StdoutLine: {'line': b'-- Up-to-date: /home/hong/Movement_Control/Go2Robot/install/go2_robot/share/go2_robot/rust/build.rs\n'}
[40.761104] (go2_robot) StdoutLine: {'line': b'-- Up-to-date: /home/hong/Movement_Control/Go2Robot/install/go2_robot/share/go2_robot/rust/src\n'}
[40.761139] (go2_robot) StdoutLine: {'line': b'-- Up-to-date: /home/hong/Movement_Control/Go2Robot/install/go2_robot/share/go2_robot/rust/src/msg\n'}
[40.761184] (go2_robot) StdoutLine: {'line': b'-- Up-to-date: /home/hong/Movement_Control/Go2Robot/install/go2_robot/share/go2_robot/rust/src/msg/rmw.rs\n'}
[40.761228] (go2_robot) StdoutLine: {'line': b'-- Up-to-date: /home/hong/Movement_Control/Go2Robot/install/go2_robot/share/go2_robot/rust/src/lib.rs\n'}
[40.761262] (go2_robot) StdoutLine: {'line': b'-- Up-to-date: /home/hong/Movement_Control/Go2Robot/install/go2_robot/share/go2_robot/rust/src/msg.rs\n'}
[40.761297] (go2_robot) StdoutLine: {'line': b'-- Up-to-date: /home/hong/Movement_Control/Go2Robot/install/go2_robot/share/go2_robot/msg/Go2Telemetry.idl\n'}
[40.761331] (go2_robot) StdoutLine: {'line': b'-- Up-to-date: /home/hong/Movement_Control/Go2Robot/install/go2_robot/share/go2_robot/msg/Go2Telemetry.msg\n'}
[40.761365] (go2_robot) StdoutLine: {'line': b'-- Installing: /home/hong/Movement_Control/Go2Robot/install/go2_robot/lib/go2_robot/go2_control_node\n'}
[40.763429] (go2_robot) StdoutLine: {'line': b'-- Set runtime path of "/home/hong/Movement_Control/Go2Robot/install/go2_robot/lib/go2_robot/go2_control_node" to ""\n'}
[40.763534] (go2_robot) StdoutLine: {'line': b'-- Up-to-date: /home/hong/Movement_Control/Go2Robot/install/go2_robot/share/go2_robot/config\n'}
[40.763578] (go2_robot) StdoutLine: {'line': b'-- Up-to-date: /home/hong/Movement_Control/Go2Robot/install/go2_robot/share/go2_robot/config/go2_params.yaml\n'}
[40.763614] (go2_robot) StdoutLine: {'line': b'-- Up-to-date: /home/hong/Movement_Control/Go2Robot/install/go2_robot/share/go2_robot/config/mpc.yaml\n'}
[40.763668] (go2_robot) StdoutLine: {'line': b'-- Up-to-date: /home/hong/Movement_Control/Go2Robot/install/go2_robot/share/go2_robot/launch\n'}
[40.763850] (go2_robot) StdoutLine: {'line': b'-- Up-to-date: /home/hong/Movement_Control/Go2Robot/install/go2_robot/share/go2_robot/launch/go2_sim.launch.py\n'}
[40.763947] (go2_robot) StdoutLine: {'line': b'-- Up-to-date: /home/hong/Movement_Control/Go2Robot/install/go2_robot/share/go2_robot/launch/__pycache__\n'}
[40.764023] (go2_robot) StdoutLine: {'line': b'-- Up-to-date: /home/hong/Movement_Control/Go2Robot/install/go2_robot/share/go2_robot/launch/__pycache__/go2_sim.launch.cpython-310.pyc\n'}
[40.764133] (go2_robot) StdoutLine: {'line': b'-- Up-to-date: /home/hong/Movement_Control/Go2Robot/install/go2_robot/share/go2_robot/go2\n'}
[40.764207] (go2_robot) StdoutLine: {'line': b'-- Up-to-date: /home/hong/Movement_Control/Go2Robot/install/go2_robot/share/go2_robot/go2/my_bot.xml\n'}
[40.764366] (go2_robot) StdoutLine: {'line': b'-- Up-to-date: /home/hong/Movement_Control/Go2Robot/install/go2_robot/share/go2_robot/go2/scene.xml\n'}
[40.764508] (go2_robot) StdoutLine: {'line': b'-- Up-to-date: /home/hong/Movement_Control/Go2Robot/install/go2_robot/share/go2_robot/go2/height_field.png\n'}
[40.764538] (go2_robot) StdoutLine: {'line': b'-- Up-to-date: /home/hong/Movement_Control/Go2Robot/install/go2_robot/share/go2_robot/go2/go2.xml\n'}
[40.764569] (go2_robot) StdoutLine: {'line': b'-- Up-to-date: /home/hong/Movement_Control/Go2Robot/install/go2_robot/share/go2_robot/go2/scene_terrain.xml\n'}
[40.764600] (go2_robot) StdoutLine: {'line': b'-- Up-to-date: /home/hong/Movement_Control/Go2Robot/install/go2_robot/share/go2_robot/go2/dae\n'}
[40.764630] (go2_robot) StdoutLine: {'line': b'-- Up-to-date: /home/hong/Movement_Control/Go2Robot/install/go2_robot/share/go2_robot/go2/dae/thigh.dae\n'}
[40.764667] (go2_robot) StdoutLine: {'line': b'-- Up-to-date: /home/hong/Movement_Control/Go2Robot/install/go2_robot/share/go2_robot/go2/dae/foot.dae\n'}
[40.764698] (go2_robot) StdoutLine: {'line': b'-- Up-to-date: /home/hong/Movement_Control/Go2Robot/install/go2_robot/share/go2_robot/go2/dae/calf_mirror.dae\n'}
[40.764755] (go2_robot) StdoutLine: {'line': b'-- Up-to-date: /home/hong/Movement_Control/Go2Robot/install/go2_robot/share/go2_robot/go2/dae/thigh_mirror.dae\n'}
[40.764788] (go2_robot) StdoutLine: {'line': b'-- Up-to-date: /home/hong/Movement_Control/Go2Robot/install/go2_robot/share/go2_robot/go2/dae/base.dae\n'}
[40.764818] (go2_robot) StdoutLine: {'line': b'-- Up-to-date: /home/hong/Movement_Control/Go2Robot/install/go2_robot/share/go2_robot/go2/dae/calf.dae\n'}
[40.765019] (go2_robot) StdoutLine: {'line': b'-- Up-to-date: /home/hong/Movement_Control/Go2Robot/install/go2_robot/share/go2_robot/go2/dae/hip.dae\n'}
[40.765107] (go2_robot) StdoutLine: {'line': b'-- Up-to-date: /home/hong/Movement_Control/Go2Robot/install/go2_robot/share/go2_robot/go2/mjmodel.xml\n'}
[40.765138] (go2_robot) StdoutLine: {'line': b'-- Up-to-date: /home/hong/Movement_Control/Go2Robot/install/go2_robot/share/go2_robot/go2/go2_description.urdf\n'}
[40.765172] (go2_robot) StdoutLine: {'line': b'-- Up-to-date: /home/hong/Movement_Control/Go2Robot/install/go2_robot/share/go2_robot/go2/estiandtruth.xml\n'}
[40.765204] (go2_robot) StdoutLine: {'line': b'-- Up-to-date: /home/hong/Movement_Control/Go2Robot/install/go2_robot/share/go2_robot/go2/assets\n'}
[40.765236] (go2_robot) StdoutLine: {'line': b'-- Up-to-date: /home/hong/Movement_Control/Go2Robot/install/go2_robot/share/go2_robot/go2/assets/thigh_mirror_0.obj\n'}
[40.765266] (go2_robot) StdoutLine: {'line': b'-- Up-to-date: /home/hong/Movement_Control/Go2Robot/install/go2_robot/share/go2_robot/go2/assets/calf_mirror_1.obj\n'}
[40.765298] (go2_robot) StdoutLine: {'line': b'-- Up-to-date: /home/hong/Movement_Control/Go2Robot/install/go2_robot/share/go2_robot/go2/assets/base_1.obj\n'}
[40.765328] (go2_robot) StdoutLine: {'line': b'-- Up-to-date: /home/hong/Movement_Control/Go2Robot/install/go2_robot/share/go2_robot/go2/assets/calf_1.stl\n'}
[40.765358] (go2_robot) StdoutLine: {'line': b'-- Up-to-date: /home/hong/Movement_Control/Go2Robot/install/go2_robot/share/go2_robot/go2/assets/base_0.obj\n'}
[40.765388] (go2_robot) StdoutLine: {'line': b'-- Up-to-date: /home/hong/Movement_Control/Go2Robot/install/go2_robot/share/go2_robot/go2/assets/thigh_mirror_1.obj\n'}
[40.765418] (go2_robot) StdoutLine: {'line': b'-- Up-to-date: /home/hong/Movement_Control/Go2Robot/install/go2_robot/share/go2_robot/go2/assets/calf_mirror_1.stl\n'}
[40.765449] (go2_robot) StdoutLine: {'line': b'-- Up-to-date: /home/hong/Movement_Control/Go2Robot/install/go2_robot/share/go2_robot/go2/assets/thigh_mirror_0.stl\n'}
[40.765483] (go2_robot) StdoutLine: {'line': b'-- Up-to-date: /home/hong/Movement_Control/Go2Robot/install/go2_robot/share/go2_robot/go2/assets/foot.obj\n'}
[40.765513] (go2_robot) StdoutLine: {'line': b'-- Up-to-date: /home/hong/Movement_Control/Go2Robot/install/go2_robot/share/go2_robot/go2/assets/base_3.stl\n'}
[40.765543] (go2_robot) StdoutLine: {'line': b'-- Up-to-date: /home/hong/Movement_Control/Go2Robot/install/go2_robot/share/go2_robot/go2/assets/hip_1.obj\n'}
[40.765573] (go2_robot) StdoutLine: {'line': b'-- Up-to-date: /home/hong/Movement_Control/Go2Robot/install/go2_robot/share/go2_robot/go2/assets/hip_1.stl\n'}
[40.765604] (go2_robot) StdoutLine: {'line': b'-- Up-to-date: /home/hong/Movement_Control/Go2Robot/install/go2_robot/share/go2_robot/go2/assets/thigh_0.obj\n'}
[40.765634] (go2_robot) StdoutLine: {'line': b'-- Up-to-date: /home/hong/Movement_Control/Go2Robot/install/go2_robot/share/go2_robot/go2/assets/thigh_0.stl\n'}
[40.765665] (go2_robot) StdoutLine: {'line': b'-- Up-to-date: /home/hong/Movement_Control/Go2Robot/install/go2_robot/share/go2_robot/go2/assets/base_3.obj\n'}
[40.765694] (go2_robot) StdoutLine: {'line': b'-- Up-to-date: /home/hong/Movement_Control/Go2Robot/install/go2_robot/share/go2_robot/go2/assets/hip_0.obj\n'}
[40.765724] (go2_robot) StdoutLine: {'line': b'-- Up-to-date: /home/hong/Movement_Control/Go2Robot/install/go2_robot/share/go2_robot/go2/assets/calf_1.obj\n'}
[40.765754] (go2_robot) StdoutLine: {'line': b'-- Up-to-date: /home/hong/Movement_Control/Go2Robot/install/go2_robot/share/go2_robot/go2/assets/base_4.stl\n'}
[40.765783] (go2_robot) StdoutLine: {'line': b'-- Up-to-date: /home/hong/Movement_Control/Go2Robot/install/go2_robot/share/go2_robot/go2/assets/calf_mirror_0.stl\n'}
[40.765813] (go2_robot) StdoutLine: {'line': b'-- Up-to-date: /home/hong/Movement_Control/Go2Robot/install/go2_robot/share/go2_robot/go2/assets/base_1.stl\n'}
[40.765843] (go2_robot) StdoutLine: {'line': b'-- Up-to-date: /home/hong/Movement_Control/Go2Robot/install/go2_robot/share/go2_robot/go2/assets/base_2.stl\n'}
[40.765874] (go2_robot) StdoutLine: {'line': b'-- Up-to-date: /home/hong/Movement_Control/Go2Robot/install/go2_robot/share/go2_robot/go2/assets/calf_mirror_0.obj\n'}
[40.765904] (go2_robot) StdoutLine: {'line': b'-- Up-to-date: /home/hong/Movement_Control/Go2Robot/install/go2_robot/share/go2_robot/go2/assets/foot.stl\n'}
[40.765935] (go2_robot) StdoutLine: {'line': b'-- Up-to-date: /home/hong/Movement_Control/Go2Robot/install/go2_robot/share/go2_robot/go2/assets/calf_0.obj\n'}
[40.765967] (go2_robot) StdoutLine: {'line': b'-- Up-to-date: /home/hong/Movement_Control/Go2Robot/install/go2_robot/share/go2_robot/go2/assets/thigh_mirror_1.stl\n'}
[40.765999] (go2_robot) StdoutLine: {'line': b'-- Up-to-date: /home/hong/Movement_Control/Go2Robot/install/go2_robot/share/go2_robot/go2/assets/hip_0.stl\n'}
[40.766033] (go2_robot) StdoutLine: {'line': b'-- Up-to-date: /home/hong/Movement_Control/Go2Robot/install/go2_robot/share/go2_robot/go2/assets/calf_0.stl\n'}
[40.766066] (go2_robot) StdoutLine: {'line': b'-- Up-to-date: /home/hong/Movement_Control/Go2Robot/install/go2_robot/share/go2_robot/go2/assets/base_4.obj\n'}
[40.766099] (go2_robot) StdoutLine: {'line': b'-- Up-to-date: /home/hong/Movement_Control/Go2Robot/install/go2_robot/share/go2_robot/go2/assets/base_0.stl\n'}
[40.766129] (go2_robot) StdoutLine: {'line': b'-- Up-to-date: /home/hong/Movement_Control/Go2Robot/install/go2_robot/share/go2_robot/go2/assets/thigh_1.stl\n'}
[40.766248] (go2_robot) StdoutLine: {'line': b'-- Up-to-date: /home/hong/Movement_Control/Go2Robot/install/go2_robot/share/go2_robot/go2/assets/thigh_1.obj\n'}
[40.766351] (go2_robot) StdoutLine: {'line': b'-- Up-to-date: /home/hong/Movement_Control/Go2Robot/install/go2_robot/share/go2_robot/go2/assets/base_2.obj\n'}
[40.766724] (go2_robot) StdoutLine: {'line': b'-- Up-to-date: /home/hong/Movement_Control/Go2Robot/install/go2_robot/share/go2_robot/go2/meshes\n'}
[40.766790] (go2_robot) StdoutLine: {'line': b'-- Up-to-date: /home/hong/Movement_Control/Go2Robot/install/go2_robot/share/go2_robot/go2/meshes/RR_knee_Link.STL\n'}
[40.766893] (go2_robot) StdoutLine: {'line': b'-- Up-to-date: /home/hong/Movement_Control/Go2Robot/install/go2_robot/share/go2_robot/go2/meshes/FL_elbow_Link.STL\n'}
[40.767059] (go2_robot) StdoutLine: {'line': b'-- Up-to-date: /home/hong/Movement_Control/Go2Robot/install/go2_robot/share/go2_robot/go2/meshes/FR_elbow_Link.STL\n'}
[40.767219] (go2_robot) StdoutLine: {'line': b'-- Up-to-date: /home/hong/Movement_Control/Go2Robot/install/go2_robot/share/go2_robot/go2/meshes/RL_elbow_Link.STL\n'}
[40.767298] (go2_robot) StdoutLine: {'line': b'-- Up-to-date: /home/hong/Movement_Control/Go2Robot/install/go2_robot/share/go2_robot/go2/meshes/FL_knee_Link.STL\n'}
[40.767367] (go2_robot) StdoutLine: {'line': b'-- Up-to-date: /home/hong/Movement_Control/Go2Robot/install/go2_robot/share/go2_robot/go2/meshes/base_link.STL\n'}
[40.767499] (go2_robot) StdoutLine: {'line': b'-- Up-to-date: /home/hong/Movement_Control/Go2Robot/install/go2_robot/share/go2_robot/go2/meshes/FR_knee_Link.STL\n'}
[40.767542] (go2_robot) StdoutLine: {'line': b'-- Up-to-date: /home/hong/Movement_Control/Go2Robot/install/go2_robot/share/go2_robot/go2/meshes/RR_elbow_Link.STL\n'}
[40.767725] (go2_robot) StdoutLine: {'line': b'-- Up-to-date: /home/hong/Movement_Control/Go2Robot/install/go2_robot/share/go2_robot/go2/meshes/RL_knee_Link.STL\n'}
[40.767804] (go2_robot) StdoutLine: {'line': b'-- Up-to-date: /home/hong/Movement_Control/Go2Robot/install/go2_robot/share/go2_robot/go2/unitree_hfield.png\n'}
[40.767875] (go2_robot) StdoutLine: {'line': b'-- Up-to-date: /home/hong/Movement_Control/Go2Robot/install/go2_robot/share/ament_index/resource_index/package_run_dependencies/go2_robot\n'}
[40.767945] (go2_robot) StdoutLine: {'line': b'-- Up-to-date: /home/hong/Movement_Control/Go2Robot/install/go2_robot/share/ament_index/resource_index/parent_prefix_path/go2_robot\n'}
[40.768016] (go2_robot) StdoutLine: {'line': b'-- Up-to-date: /home/hong/Movement_Control/Go2Robot/install/go2_robot/share/go2_robot/environment/ament_prefix_path.sh\n'}
[40.768193] (go2_robot) StdoutLine: {'line': b'-- Up-to-date: /home/hong/Movement_Control/Go2Robot/install/go2_robot/share/go2_robot/environment/ament_prefix_path.dsv\n'}
[40.768259] (go2_robot) StdoutLine: {'line': b'-- Up-to-date: /home/hong/Movement_Control/Go2Robot/install/go2_robot/share/go2_robot/environment/path.sh\n'}
[40.768329] (go2_robot) StdoutLine: {'line': b'-- Up-to-date: /home/hong/Movement_Control/Go2Robot/install/go2_robot/share/go2_robot/environment/path.dsv\n'}
[40.768370] (go2_robot) StdoutLine: {'line': b'-- Up-to-date: /home/hong/Movement_Control/Go2Robot/install/go2_robot/share/go2_robot/local_setup.bash\n'}
[40.768433] (go2_robot) StdoutLine: {'line': b'-- Up-to-date: /home/hong/Movement_Control/Go2Robot/install/go2_robot/share/go2_robot/local_setup.sh\n'}
[40.768736] (go2_robot) StdoutLine: {'line': b'-- Up-to-date: /home/hong/Movement_Control/Go2Robot/install/go2_robot/share/go2_robot/local_setup.zsh\n'}
[40.768918] (go2_robot) StdoutLine: {'line': b'-- Up-to-date: /home/hong/Movement_Control/Go2Robot/install/go2_robot/share/go2_robot/local_setup.dsv\n'}
[40.768959] (go2_robot) StdoutLine: {'line': b'-- Installing: /home/hong/Movement_Control/Go2Robot/install/go2_robot/share/go2_robot/package.dsv\n'}
[40.768997] (go2_robot) StdoutLine: {'line': b'-- Up-to-date: /home/hong/Movement_Control/Go2Robot/install/go2_robot/share/ament_index/resource_index/packages/go2_robot\n'}
[40.769134] (go2_robot) StdoutLine: {'line': b'-- Up-to-date: /home/hong/Movement_Control/Go2Robot/install/go2_robot/share/go2_robot/cmake/export_go2_robot__rosidl_generator_cExport.cmake\n'}
[40.769176] (go2_robot) StdoutLine: {'line': b'-- Up-to-date: /home/hong/Movement_Control/Go2Robot/install/go2_robot/share/go2_robot/cmake/export_go2_robot__rosidl_generator_cExport-release.cmake\n'}
[40.769363] (go2_robot) StdoutLine: {'line': b'-- Up-to-date: /home/hong/Movement_Control/Go2Robot/install/go2_robot/share/go2_robot/cmake/export_go2_robot__rosidl_typesupport_fastrtps_cExport.cmake\n'}
[40.769421] (go2_robot) StdoutLine: {'line': b'-- Up-to-date: /home/hong/Movement_Control/Go2Robot/install/go2_robot/share/go2_robot/cmake/export_go2_robot__rosidl_typesupport_fastrtps_cExport-release.cmake\n'}
[40.769479] (go2_robot) StdoutLine: {'line': b'-- Up-to-date: /home/hong/Movement_Control/Go2Robot/install/go2_robot/share/go2_robot/cmake/export_go2_robot__rosidl_generator_cppExport.cmake\n'}
[40.769524] (go2_robot) StdoutLine: {'line': b'-- Up-to-date: /home/hong/Movement_Control/Go2Robot/install/go2_robot/share/go2_robot/cmake/export_go2_robot__rosidl_typesupport_fastrtps_cppExport.cmake\n'}
[40.769571] (go2_robot) StdoutLine: {'line': b'-- Up-to-date: /home/hong/Movement_Control/Go2Robot/install/go2_robot/share/go2_robot/cmake/export_go2_robot__rosidl_typesupport_fastrtps_cppExport-release.cmake\n'}
[40.769617] (go2_robot) StdoutLine: {'line': b'-- Up-to-date: /home/hong/Movement_Control/Go2Robot/install/go2_robot/share/go2_robot/cmake/go2_robot__rosidl_typesupport_introspection_cExport.cmake\n'}
[40.769663] (go2_robot) StdoutLine: {'line': b'-- Up-to-date: /home/hong/Movement_Control/Go2Robot/install/go2_robot/share/go2_robot/cmake/go2_robot__rosidl_typesupport_introspection_cExport-release.cmake\n'}
[40.769713] (go2_robot) StdoutLine: {'line': b'-- Up-to-date: /home/hong/Movement_Control/Go2Robot/install/go2_robot/share/go2_robot/cmake/go2_robot__rosidl_typesupport_cExport.cmake\n'}
[40.769755] (go2_robot) StdoutLine: {'line': b'-- Up-to-date: /home/hong/Movement_Control/Go2Robot/install/go2_robot/share/go2_robot/cmake/go2_robot__rosidl_typesupport_cExport-release.cmake\n'}
[40.769804] (go2_robot) StdoutLine: {'line': b'-- Up-to-date: /home/hong/Movement_Control/Go2Robot/install/go2_robot/share/go2_robot/cmake/go2_robot__rosidl_typesupport_introspection_cppExport.cmake\n'}
[40.769850] (go2_robot) StdoutLine: {'line': b'-- Up-to-date: /home/hong/Movement_Control/Go2Robot/install/go2_robot/share/go2_robot/cmake/go2_robot__rosidl_typesupport_introspection_cppExport-release.cmake\n'}
[40.769897] (go2_robot) StdoutLine: {'line': b'-- Up-to-date: /home/hong/Movement_Control/Go2Robot/install/go2_robot/share/go2_robot/cmake/go2_robot__rosidl_typesupport_cppExport.cmake\n'}
[40.769947] (go2_robot) StdoutLine: {'line': b'-- Up-to-date: /home/hong/Movement_Control/Go2Robot/install/go2_robot/share/go2_robot/cmake/go2_robot__rosidl_typesupport_cppExport-release.cmake\n'}
[40.769998] (go2_robot) StdoutLine: {'line': b'-- Up-to-date: /home/hong/Movement_Control/Go2Robot/install/go2_robot/share/go2_robot/cmake/export_go2_robot__rosidl_generator_pyExport.cmake\n'}
[40.770049] (go2_robot) StdoutLine: {'line': b'-- Up-to-date: /home/hong/Movement_Control/Go2Robot/install/go2_robot/share/go2_robot/cmake/export_go2_robot__rosidl_generator_pyExport-release.cmake\n'}
[40.770095] (go2_robot) StdoutLine: {'line': b'-- Up-to-date: /home/hong/Movement_Control/Go2Robot/install/go2_robot/share/go2_robot/cmake/rosidl_cmake-extras.cmake\n'}
[40.770149] (go2_robot) StdoutLine: {'line': b'-- Up-to-date: /home/hong/Movement_Control/Go2Robot/install/go2_robot/share/go2_robot/cmake/ament_cmake_export_dependencies-extras.cmake\n'}
[40.770196] (go2_robot) StdoutLine: {'line': b'-- Up-to-date: /home/hong/Movement_Control/Go2Robot/install/go2_robot/share/go2_robot/cmake/ament_cmake_export_include_directories-extras.cmake\n'}
[40.770256] (go2_robot) StdoutLine: {'line': b'-- Up-to-date: /home/hong/Movement_Control/Go2Robot/install/go2_robot/share/go2_robot/cmake/ament_cmake_export_libraries-extras.cmake\n'}
[40.770304] (go2_robot) StdoutLine: {'line': b'-- Up-to-date: /home/hong/Movement_Control/Go2Robot/install/go2_robot/share/go2_robot/cmake/ament_cmake_export_targets-extras.cmake\n'}
[40.770353] (go2_robot) StdoutLine: {'line': b'-- Up-to-date: /home/hong/Movement_Control/Go2Robot/install/go2_robot/share/go2_robot/cmake/rosidl_cmake_export_typesupport_targets-extras.cmake\n'}
[40.770399] (go2_robot) StdoutLine: {'line': b'-- Up-to-date: /home/hong/Movement_Control/Go2Robot/install/go2_robot/share/go2_robot/cmake/rosidl_cmake_export_typesupport_libraries-extras.cmake\n'}
[40.770449] (go2_robot) StdoutLine: {'line': b'-- Up-to-date: /home/hong/Movement_Control/Go2Robot/install/go2_robot/share/go2_robot/cmake/go2_robotConfig.cmake\n'}
[40.770496] (go2_robot) StdoutLine: {'line': b'-- Up-to-date: /home/hong/Movement_Control/Go2Robot/install/go2_robot/share/go2_robot/cmake/go2_robotConfig-version.cmake\n'}
[40.770552] (go2_robot) StdoutLine: {'line': b'-- Up-to-date: /home/hong/Movement_Control/Go2Robot/install/go2_robot/share/go2_robot/package.xml\n'}
[40.770598] (go2_robot) StdoutLine: {'line': b'-- Up-to-date: /home/hong/Movement_Control/Go2Robot/install/go2_robot/lib/libOsqpEigen.so.0.11.0\n'}
[40.770643] (go2_robot) StdoutLine: {'line': b'-- Up-to-date: /home/hong/Movement_Control/Go2Robot/install/go2_robot/lib/libOsqpEigen.so\n'}
[40.770687] (go2_robot) StdoutLine: {'line': b'-- Up-to-date: /home/hong/Movement_Control/Go2Robot/install/go2_robot/include/OsqpEigen/OsqpEigen.h\n'}
[40.770956] (go2_robot) StdoutLine: {'line': b'-- Up-to-date: /home/hong/Movement_Control/Go2Robot/install/go2_robot/include/OsqpEigen/Constants.hpp\n'}
[40.771258] (go2_robot) StdoutLine: {'line': b'-- Up-to-date: /home/hong/Movement_Control/Go2Robot/install/go2_robot/include/OsqpEigen/SparseMatrixHelper.hpp\n'}
[40.771311] (go2_robot) StdoutLine: {'line': b'-- Up-to-date: /home/hong/Movement_Control/Go2Robot/install/go2_robot/include/OsqpEigen/SparseMatrixHelper.tpp\n'}
[40.771342] (go2_robot) StdoutLine: {'line': b'-- Up-to-date: /home/hong/Movement_Control/Go2Robot/install/go2_robot/include/OsqpEigen/Data.hpp\n'}
[40.771465] (go2_robot) StdoutLine: {'line': b'-- Up-to-date: /home/hong/Movement_Control/Go2Robot/install/go2_robot/include/OsqpEigen/Data.tpp\n'}
[40.771641] (go2_robot) StdoutLine: {'line': b'-- Up-to-date: /home/hong/Movement_Control/Go2Robot/install/go2_robot/include/OsqpEigen/Settings.hpp\n'}
[40.771690] (go2_robot) StdoutLine: {'line': b'-- Up-to-date: /home/hong/Movement_Control/Go2Robot/install/go2_robot/include/OsqpEigen/Solver.hpp\n'}
[40.771803] (go2_robot) StdoutLine: {'line': b'-- Up-to-date: /home/hong/Movement_Control/Go2Robot/install/go2_robot/include/OsqpEigen/Solver.tpp\n'}
[40.772074] (go2_robot) StdoutLine: {'line': b'-- Up-to-date: /home/hong/Movement_Control/Go2Robot/install/go2_robot/include/OsqpEigen/Compat.hpp\n'}
[40.772126] (go2_robot) StdoutLine: {'line': b'-- Up-to-date: /home/hong/Movement_Control/Go2Robot/install/go2_robot/include/OsqpEigen/Debug.hpp\n'}
[40.772360] (go2_robot) StdoutLine: {'line': b'-- Up-to-date: /home/hong/Movement_Control/Go2Robot/install/go2_robot/lib/cmake/OsqpEigen/OsqpEigenConfigVersion.cmake\n'}
[40.772522] (go2_robot) StdoutLine: {'line': b'-- Up-to-date: /home/hong/Movement_Control/Go2Robot/install/go2_robot/lib/cmake/OsqpEigen/OsqpEigenConfig.cmake\n'}
[40.772563] (go2_robot) StdoutLine: {'line': b'-- Up-to-date: /home/hong/Movement_Control/Go2Robot/install/go2_robot/lib/cmake/OsqpEigen/OsqpEigenTargets.cmake\n'}
[40.772812] (go2_robot) StdoutLine: {'line': b'-- Up-to-date: /home/hong/Movement_Control/Go2Robot/install/go2_robot/lib/cmake/OsqpEigen/OsqpEigenTargets-release.cmake\n'}
[40.772975] (go2_robot) StdoutLine: {'line': b'-- Up-to-date: /home/hong/Movement_Control/Go2Robot/install/go2_robot/share/cmake/osqp-eigen/package.xml\n'}
[40.773027] (go2_robot) CommandEnded: {'returncode': 0}
[40.781375] (go2_robot) JobEnded: {'identifier': 'go2_robot', 'rc': 0}
[40.781667] (-) EventReactorShutdown: {}
