[0.160s] Invoking command in '/home/hong/Movement_Control/Go2Robot/build/go2_robot': CMAKE_PREFIX_PATH=/opt/ros/humble /usr/bin/cmake /home/hong/Movement_Control/Go2Robot -DCMAKE_BUILD_TYPE=Release -DCMAKE_INSTALL_PREFIX=/home/hong/Movement_Control/Go2Robot/install/go2_robot
[0.169s] -- Found ament_cmake: 1.3.14 (/opt/ros/humble/share/ament_cmake/cmake)
[0.209s] -- Found Python3: /home/hong/miniconda3/envs/rl_env/bin/python3 (found version "3.8.10") found components: Interpreter 
[0.298s] -- Found rclcpp: 16.0.19 (/opt/ros/humble/share/rclcpp/cmake)
[0.327s] -- Found rosidl_generator_c: 3.1.8 (/opt/ros/humble/share/rosidl_generator_c/cmake)
[0.329s] -- Found rosidl_adapter: 3.1.8 (/opt/ros/humble/share/rosidl_adapter/cmake)
[0.333s] -- Found rosidl_generator_cpp: 3.1.8 (/opt/ros/humble/share/rosidl_generator_cpp/cmake)
[0.340s] -- Using all available rosidl_typesupport_c: rosidl_typesupport_fastrtps_c;rosidl_typesupport_introspection_c
[0.348s] -- Using all available rosidl_typesupport_cpp: rosidl_typesupport_fastrtps_cpp;rosidl_typesupport_introspection_cpp
[0.369s] -- Found rmw_implementation_cmake: 6.1.2 (/opt/ros/humble/share/rmw_implementation_cmake/cmake)
[0.370s] -- Found rmw_fastrtps_cpp: 6.2.10 (/opt/ros/humble/share/rmw_fastrtps_cpp/cmake)
[0.446s] -- Using RMW implementation 'rmw_fastrtps_cpp' as default
[0.484s] -- Found geometry_msgs: 4.9.1 (/opt/ros/humble/share/geometry_msgs/cmake)
[0.493s] -- Found sensor_msgs: 4.9.1 (/opt/ros/humble/share/sensor_msgs/cmake)
[0.534s] CMake Warning (dev) at /usr/share/cmake-3.22/Modules/FindOpenGL.cmake:315 (message):
[0.534s]   Policy CMP0072 is not set: FindOpenGL prefers GLVND by default when
[0.534s]   available.  Run "cmake --help-policy CMP0072" for policy details.  Use the
[0.534s]   cmake_policy command to set the policy and suppress this warning.
[0.534s] 
[0.534s]   FindOpenGL found both a legacy GL library:
[0.534s] 
[0.534s]     OPENGL_gl_LIBRARY: /usr/lib/x86_64-linux-gnu/libGL.so
[0.534s] 
[0.534s]   and GLVND libraries for OpenGL and GLX:
[0.534s] 
[0.534s]     OPENGL_opengl_LIBRARY: /usr/lib/x86_64-linux-gnu/libOpenGL.so
[0.534s]     OPENGL_glx_LIBRARY: /usr/lib/x86_64-linux-gnu/libGLX.so
[0.534s] 
[0.534s]   OpenGL_GL_PREFERENCE has not been set to "GLVND" or "LEGACY", so for
[0.534s]   compatibility with CMake 3.10 and below the legacy GL library will be used.
[0.534s] Call Stack (most recent call first):
[0.534s]   CMakeLists.txt:26 (find_package)
[0.534s] This warning is for project developers.  Use -Wno-dev to suppress it.
[0.534s] 
[0.573s] -- pinocchio_default FOUND. pinocchio_default at /opt/ros/humble/lib/x86_64-linux-gnu/libpinocchio_default.so
[0.573s] -- pinocchio_parsers FOUND. pinocchio_parsers at /opt/ros/humble/lib/x86_64-linux-gnu/libpinocchio_parsers.so
[0.574s] -- boost_filesystem FOUND. boost_filesystem at /lib/x86_64-linux-gnu/libboost_filesystem.so
[0.580s] -- Found Boost: /usr/include (found version "1.74.0") found components: filesystem serialization 
[0.581s] -- eigenpy FOUND. eigenpy at /opt/ros/humble/lib/x86_64-linux-gnu/libeigenpy.so
[0.599s] -- Checking for NumPy
[0.773s] --   NUMPY_INCLUDE_DIRS=/home/hong/miniconda3/envs/rl_env/lib/python3.8/site-packages/numpy/core/include
[0.867s] --   NUMPY_VERSION=1.23.2
[1.080s] -- Found Python3: /home/hong/miniconda3/envs/rl_env/bin/python3 (found version "3.8.10") found components: Interpreter Development.Module NumPy 
[1.081s] -- PythonLibraryDirs: 
[1.081s] -- PythonLibVersionString: 3.8.10
[1.097s] -- Python site lib: lib/python3.8/site-packages
[1.097s] -- Python include dirs: /home/hong/miniconda3/envs/rl_env/include/python3.8
[1.127s] -- Checking for NumPy
[1.214s] --   NUMPY_INCLUDE_DIRS=/home/hong/miniconda3/envs/rl_env/lib/python3.8/site-packages/numpy/core/include
[1.292s] --   NUMPY_VERSION=1.23.2
[1.292s] -- NumPy include dir: /home/hong/miniconda3/envs/rl_env/lib/python3.8/site-packages/numpy/core/include
[1.296s] CMake Warning at /usr/share/cmake-3.22/Modules/FindBoost.cmake:2201 (message):
[1.296s]   No header defined for python310; skipping header check (note: header-only
[1.296s]   libraries have no designated component)
[1.296s] Call Stack (most recent call first):
[1.296s]   /opt/ros/humble/lib/x86_64-linux-gnu/cmake/eigenpy/boost.cmake:148 (find_package)
[1.296s]   /opt/ros/humble/lib/x86_64-linux-gnu/cmake/eigenpy/eigenpyConfig.cmake:149 (SEARCH_FOR_BOOST_PYTHON)
[1.296s]   /usr/share/cmake-3.22/Modules/CMakeFindDependencyMacro.cmake:47 (find_package)
[1.296s]   /opt/ros/humble/lib/x86_64-linux-gnu/cmake/pinocchio/pinocchioConfig.cmake:161 (find_dependency)
[1.296s]   CMakeLists.txt:38 (find_package)
[1.296s] 
[1.296s] 
[1.296s] -- Found Boost: /usr/include (found version "1.74.0") found components: python310 
[1.523s] -- Default C++ standard: 201703
[1.523s] -- C++ standard sufficient: Minimal required 11, currently defined: 17
[1.525s] -- hpp-fcl FOUND. hpp-fcl at /opt/ros/humble/lib/x86_64-linux-gnu/libhpp-fcl.so
[1.530s] -- Found Boost: /usr/include (found version "1.74.0") found components: chrono serialization filesystem 
[1.531s] -- C++ standard sufficient: Minimal required 11, currently defined: 17
[1.532s] -- C++ standard sufficient: Minimal required 11, currently defined: 17
[1.591s] -- Configuring done
[2.191s] -- Generating done
[2.214s] -- Build files have been written to: /home/hong/Movement_Control/Go2Robot/build/go2_robot
[2.223s] Invoked command in '/home/hong/Movement_Control/Go2Robot/build/go2_robot' returned '0': CMAKE_PREFIX_PATH=/opt/ros/humble /usr/bin/cmake /home/hong/Movement_Control/Go2Robot -DCMAKE_BUILD_TYPE=Release -DCMAKE_INSTALL_PREFIX=/home/hong/Movement_Control/Go2Robot/install/go2_robot
[2.223s] Invoking command in '/home/hong/Movement_Control/Go2Robot/build/go2_robot': CMAKE_PREFIX_PATH=/opt/ros/humble /usr/bin/cmake --build /home/hong/Movement_Control/Go2Robot/build/go2_robot -- -j24 -l24
[2.278s] [  5%] Building CXX object third_party/osqp-eigen/CMakeFiles/OsqpEigen.dir/src/Data.cpp.o
[2.278s] [ 11%] Building CXX object third_party/osqp-eigen/CMakeFiles/OsqpEigen.dir/src/Debug.cpp.o
[2.278s] [ 17%] Building CXX object third_party/osqp-eigen/CMakeFiles/OsqpEigen.dir/src/Settings.cpp.o
[2.279s] [ 23%] Building CXX object third_party/osqp-eigen/CMakeFiles/OsqpEigen.dir/src/Solver.cpp.o
[3.449s] [ 29%] Linking CXX shared library ../../lib/libOsqpEigen.so
[3.526s] [ 29%] Built target OsqpEigen
[3.546s] [ 35%] Building CXX object CMakeFiles/go2_core.dir/src/Model/pinocchio.cpp.o
[3.547s] [ 41%] Building CXX object CMakeFiles/go2_core.dir/src/Planner/GaitScheduler.cpp.o
[3.548s] [ 47%] Building CXX object CMakeFiles/go2_core.dir/src/fsm/ControlFSM.cpp.o
[3.548s] [ 52%] Building CXX object CMakeFiles/go2_core.dir/src/Estimator/PositionVelocityEstimator.cpp.o
[3.549s] [ 58%] Building CXX object CMakeFiles/go2_core.dir/src/SIM/MJCsim.cpp.o
[3.549s] [ 64%] Building CXX object CMakeFiles/go2_core.dir/src/MPC/MPC.cpp.o
[3.549s] [ 70%] Building CXX object CMakeFiles/go2_core.dir/src/WBC/WBC.cpp.o
[3.550s] [ 76%] Building CXX object CMakeFiles/go2_core.dir/src/Planner/SwingLegPlanner.cpp.o
[4.680s] /home/hong/Movement_Control/Go2Robot/src/MPC/MPC.cpp:215:25: warning: use of ‘auto’ in parameter declaration only available with ‘-std=c++20’ or ‘-fconcepts’
[4.680s]   215 |     void FootVectorInfo(auto s){
[4.680s]       |                         ^~~~
[39.381s] [ 82%] Linking CXX static library libgo2_core.a
[39.537s] [ 82%] Built target go2_core
[39.593s] [ 88%] Building CXX object CMakeFiles/go2_control_node.dir/src/ros2/go2_control_node.cpp.o
[39.593s] [ 94%] Building CXX object CMakeFiles/go2_control_node.dir/src/ros2/main.cpp.o
[40.666s] In file included from /home/hong/Movement_Control/Go2Robot/src/ros2/go2_control_node.cpp:1:
[40.666s] /home/hong/Movement_Control/Go2Robot/include/ros2/go2_control_node.hpp:27:10: fatal error: geometry_msgs/msg/odometry.hpp: 没有那个文件或目录
[40.667s]    27 | #include <geometry_msgs/msg/odometry.hpp>
[40.667s]       |          ^~~~~~~~~~~~~~~~~~~~~~~~~~~~~~~~
[40.667s] compilation terminated.
[40.667s] In file included from /home/hong/Movement_Control/Go2Robot/src/ros2/main.cpp:2:
[40.667s] /home/hong/Movement_Control/Go2Robot/include/ros2/go2_control_node.hpp:27:10: fatal error: geometry_msgs/msg/odometry.hpp: 没有那个文件或目录
[40.667s]    27 | #include <geometry_msgs/msg/odometry.hpp>
[40.668s]       |          ^~~~~~~~~~~~~~~~~~~~~~~~~~~~~~~~
[40.668s] compilation terminated.
[40.672s] gmake[2]: *** [CMakeFiles/go2_control_node.dir/build.make:90：CMakeFiles/go2_control_node.dir/src/ros2/main.cpp.o] 错误 1
[40.672s] gmake[2]: *** 正在等待未完成的任务....
[40.672s] gmake[2]: *** [CMakeFiles/go2_control_node.dir/build.make:76：CMakeFiles/go2_control_node.dir/src/ros2/go2_control_node.cpp.o] 错误 1
[40.673s] gmake[1]: *** [CMakeFiles/Makefile2:228：CMakeFiles/go2_control_node.dir/all] 错误 2
[40.673s] gmake: *** [Makefile:146：all] 错误 2
[40.676s] Invoked command in '/home/hong/Movement_Control/Go2Robot/build/go2_robot' returned '2': CMAKE_PREFIX_PATH=/opt/ros/humble /usr/bin/cmake --build /home/hong/Movement_Control/Go2Robot/build/go2_robot -- -j24 -l24
