[  8%] Built target go2_robot__rs
[  8%] Built target go2_robot__rosidl_generator_c
[ 10%] Built target go2_robot__cpp
[ 10%] Built target ament_cmake_python_copy_go2_robot
[ 20%] Built target OsqpEigen
[ 26%] Built target go2_robot__rosidl_typesupport_c
[ 32%] Built target go2_robot__rosidl_typesupport_introspection_c
[ 38%] Built target go2_robot__rosidl_typesupport_fastrtps_c
[ 44%] Built target go2_robot__rosidl_typesupport_fastrtps_cpp
[ 51%] Built target go2_robot__rosidl_typesupport_cpp
[ 57%] Built target go2_robot__rosidl_typesupport_introspection_cpp
[ 57%] Built target go2_robot
[ 59%] [32mBuilding CXX object CMakeFiles/go2_core.dir/src/WBC/WBC.cpp.o[0m
[ 61%] Built target go2_robot__py
[ 65%] Built target go2_robot__rosidl_generator_py
[ 69%] Built target go2_robot__rosidl_typesupport_c__pyext
[ 73%] Built target go2_robot__rosidl_typesupport_introspection_c__pyext
[ 77%] Built target go2_robot__rosidl_typesupport_fastrtps_c__pyext
running egg_info
writing go2_robot.egg-info/PKG-INFO
writing dependency_links to go2_robot.egg-info/dependency_links.txt
writing top-level names to go2_robot.egg-info/top_level.txt
reading manifest file 'go2_robot.egg-info/SOURCES.txt'
writing manifest file 'go2_robot.egg-info/SOURCES.txt'
[ 77%] Built target ament_cmake_python_build_go2_robot_egg
[01m[K/home/hong/Movement_Control/Go2Robot/src/WBC/WBC.cpp:[m[K In member function ‘[01m[Kvoid WBC::WBC::solve()[m[K’:
[01m[K/home/hong/Movement_Control/Go2Robot/src/WBC/WBC.cpp:236:13:[m[K [01;31m[Kerror: [m[K‘[01m[Ksolver[m[K’ was not declared in this scope; did you mean ‘[01m[K_solver[m[K’?
  236 |             [01;31m[Ksolver[m[K.setVariableBounds(x_min, x_max);
      |             [01;31m[K^~~~~~[m[K
      |             [32m[K_solver[m[K
[01m[K/home/hong/Movement_Control/Go2Robot/src/WBC/WBC.cpp:236:38:[m[K [01;31m[Kerror: [m[K‘[01m[Kx_min[m[K’ was not declared in this scope
  236 |             solver.setVariableBounds([01;31m[Kx_min[m[K, x_max);
      |                                      [01;31m[K^~~~~[m[K
[01m[K/home/hong/Movement_Control/Go2Robot/src/WBC/WBC.cpp:236:45:[m[K [01;31m[Kerror: [m[K‘[01m[Kx_max[m[K’ was not declared in this scope
  236 |             solver.setVariableBounds(x_min, [01;31m[Kx_max[m[K);
      |                                             [01;31m[K^~~~~[m[K
gmake[2]: *** [CMakeFiles/go2_core.dir/build.make:118：CMakeFiles/go2_core.dir/src/WBC/WBC.cpp.o] 错误 1
gmake[1]: *** [CMakeFiles/Makefile2:265：CMakeFiles/go2_core.dir/all] 错误 2
gmake: *** [Makefile:146：all] 错误 2
