[0.000000] (-) TimerEvent: {}
[0.000396] (go2_robot) JobQueued: {'identifier': 'go2_robot', 'dependencies': OrderedDict()}
[0.000481] (go2_robot) JobStarted: {'identifier': 'go2_robot'}
[0.005957] (go2_robot) JobProgress: {'identifier': 'go2_robot', 'progress': 'cmake'}
[0.006729] (go2_robot) JobProgress: {'identifier': 'go2_robot', 'progress': 'build'}
[0.007475] (go2_robot) Command: {'cmd': ['/usr/bin/cmake', '--build', '/home/hong/Movement_Control/Go2Robot/build/go2_robot', '--', '-j24', '-l24'], 'cwd': '/home/hong/Movement_Control/Go2Robot/build/go2_robot', 'env': OrderedDict([('GJS_DEBUG_TOPICS', 'JS ERROR;JS LOG'), ('PYTHONIOENCODING', 'utf-8'), ('ZAI_OAUTH_CLIENT_ID', 'client_P8X5CMWmlaRO9gyO-KSqtg'), ('ZCODE_DESKTOP_CONTEXT_PROMPT_ENABLED', '1'), ('LANGUAGE', 'zh_CN:zh:en_US:en'), ('USER', 'hong'), ('LC_TIME', 'zh_CN.UTF-8'), ('GIT_EDITOR', 'true'), ('XDG_SESSION_TYPE', 'x11'), ('SHLVL', '0'), ('LD_LIBRARY_PATH', '/usr/lib/x86_64-linux-gnu/gazebo-11/plugins:/opt/ros/humble/opt/rviz_ogre_vendor/lib:/opt/ros/humble/lib/x86_64-linux-gnu:/opt/ros/humble/lib:/tmp/.mount_ZCode-dLcwPp/usr/lib:'), ('INPUT_METHOD', 'fcitx'), ('HOME', '/home/hong'), ('CHROME_DESKTOP', 'zcode.desktop'), ('APPDIR', '/tmp/.mount_ZCode-dLcwPp'), ('OLDPWD', '/home/hong/Movement_Control/Go2Robot'), ('DESKTOP_SESSION', 'ubuntu'), ('ZAI_OAUTH_ORIGIN', 'https://chat.z.ai'), ('GIO_LAUNCHED_DESKTOP_FILE', '/home/hong/.local/share/applications/zcode.desktop'), ('ZCODE_APP_VERSION', '3.10.2'), ('ROS_PYTHON_VERSION', '3'), ('GNOME_SHELL_SESSION_MODE', 'ubuntu'), ('GTK_MODULES', 'gail:atk-bridge'), ('SDL_IM_MODULE', 'fcitx'), ('LC_MONETARY', 'zh_CN.UTF-8'), ('MANAGERPID', '2258'), ('LC_CTYPE', 'zh_CN.UTF-8'), ('GLFW_IM_MODULE', 'ibus'), ('SYSTEMD_EXEC_PID', '2492'), ('DBUS_SESSION_BUS_ADDRESS', 'unix:path=/run/user/1000/bus'), ('ZCODE_PROCESS_LABEL', 'local-1'), ('GIO_LAUNCHED_DESKTOP_FILE_PID', '7263'), ('ROS_DISTRO', 'humble'), ('GTK_IM_MODULE', 'ibus'), ('LOGNAME', 'hong'), ('ZCODE_RUNTIME_ENV', 'production'), ('OWD', '/home/hong'), ('JOURNAL_STREAM', '8:17761'), ('_', '/usr/bin/colcon'), ('ROS_VERSION', '2'), ('XDG_SESSION_CLASS', 'user'), ('USERNAME', 'hong'), ('ZAI_BUSINESS_BASE_URL', 'https://api.z.ai'), ('TERM', 'dumb'), ('GNOME_DESKTOP_SESSION_ID', 'this-is-deprecated'), ('FC_FONTATIONS', '1'), ('ROS_LOCALHOST_ONLY', '0'), ('WINDOWPATH', '2'), ('PATH', '/home/hong/.local/bin:/opt/ros/humble/bin:/usr/local/cuda-12.1/bin:/home/hong/miniconda3/condabin:/usr/local/sbin:/usr/local/bin:/usr/sbin:/usr/bin:/sbin:/bin:/tmp/.mount_ZCode-dLcwPp:/tmp/.mount_ZCode-dLcwPp/usr/sbin:/usr/games:/usr/local/games:/snap/bin:/home/hong/.mujoco/mujoco-3.9.0/bin:/tmp/.mount_ZCode-dLcwPp/resources/tools/bfs:/tmp/.mount_ZCode-dLcwPp/resources/tools/ripgrep:/tmp/.mount_ZCode-dLcwPp/resources/tools/ugrep'), ('SESSION_MANAGER', 'local/hong:@/tmp/.ICE-unix/2469,unix/hong:/tmp/.ICE-unix/2469'), ('INVOCATION_ID', '58590a6953bb4c2bae7de4ba27f9f826'), ('APPIMAGE', '/home/hong/下载/ZCode-3.10.2-linux-x64.AppImage'), ('XDG_MENU_PREFIX', 'gnome-'), ('LC_ADDRESS', 'zh_CN.UTF-8'), ('ZCODE_BUILD_COMMIT_ID', '35824adf'), ('XDG_RUNTIME_DIR', '/run/user/1000'), ('GDK_BACKEND', 'x11'), ('DISPLAY', ':1'), ('ZCODE_BFS_BINARY', '/tmp/.mount_ZCode-dLcwPp/resources/tools/bfs/bfs'), ('LANG', 'zh_CN.UTF-8'), ('XDG_CURRENT_DESKTOP', 'ubuntu:GNOME'), ('LC_TELEPHONE', 'zh_CN.UTF-8'), ('XMODIFIERS', '@im=ibus'), ('XDG_SESSION_DESKTOP', 'ubuntu'), ('XAUTHORITY', '/run/user/1000/gdm/Xauthority'), ('SSH_AGENT_LAUNCHER', 'gnome-keyring'), ('SSH_AUTH_SOCK', '/run/user/1000/keyring/ssh'), ('GSETTINGS_SCHEMA_DIR', '/tmp/.mount_ZCode-dLcwPp/usr/share/glib-2.0/schemas:'), ('AMENT_PREFIX_PATH', '/opt/ros/humble'), ('SHELL', '/bin/bash'), ('LC_NAME', 'zh_CN.UTF-8'), ('ARGV0', '/home/hong/下载/ZCode-3.10.2-linux-x64.AppImage'), ('QT_ACCESSIBILITY', '1'), ('GDMSESSION', 'ubuntu'), ('PYTHONUTF8', '1'), ('LC_MEASUREMENT', 'zh_CN.UTF-8'), ('GPG_AGENT_INFO', '/run/user/1000/gnupg/S.gpg-agent:0:1'), ('GJS_DEBUG_OUTPUT', 'stderr'), ('LC_IDENTIFICATION', 'zh_CN.UTF-8'), ('ZCODE_CUA_GRAY_ENABLED', '0'), ('QT_IM_MODULE', 'ibus'), ('PWD', '/home/hong/Movement_Control/Go2Robot/build/go2_robot'), ('ZCODE_BASE_URL', 'https://zcode.z.ai'), ('XDG_CONFIG_DIRS', '/etc/xdg/xdg-ubuntu:/etc/xdg'), ('XDG_DATA_DIRS', '/tmp/.mount_ZCode-dLcwPp/usr/share/:./share/:/usr/share/gnome:/usr/local/share/:/usr/share/:/usr/share/ubuntu:/usr/share/gnome:/usr/local/share/:/usr/share/:/var/lib/snapd/desktop:/usr/share/gnome/:/usr/local/share/:/usr/share/'), ('ZCODE_RG_BINARY', '/tmp/.mount_ZCode-dLcwPp/resources/tools/ripgrep/rg'), ('PYTHONPATH', '/opt/ros/humble/lib/python3.10/site-packages:/opt/ros/humble/local/lib/python3.10/dist-packages'), ('ZCODE_UGREP_BINARY', '/tmp/.mount_ZCode-dLcwPp/resources/tools/ugrep/ugrep'), ('ZCODE_ENV', 'production'), ('LC_NUMERIC', 'zh_CN.UTF-8'), ('LC_PAPER', 'zh_CN.UTF-8'), ('COLCON', '1'), ('CMAKE_PREFIX_PATH', '/opt/ros/humble')]), 'shell': False}
[0.061445] (go2_robot) StdoutLine: {'line': b'[  2%] Built target go2_robot__cpp\n'}
[0.070539] (go2_robot) StdoutLine: {'line': b'[ 10%] Built target go2_robot__rosidl_generator_c\n'}
[0.070802] (go2_robot) StdoutLine: {'line': b'[ 10%] Built target go2_robot__rs\n'}
[0.073433] (go2_robot) StdoutLine: {'line': b'[ 10%] Built target ament_cmake_python_copy_go2_robot\n'}
[0.075684] (go2_robot) StdoutLine: {'line': b'[ 20%] Built target OsqpEigen\n'}
[0.099929] (-) TimerEvent: {}
[0.104530] (go2_robot) StdoutLine: {'line': b'[ 26%] Built target go2_robot__rosidl_typesupport_cpp\n'}
[0.105459] (go2_robot) StdoutLine: {'line': b'[ 32%] Built target go2_robot__rosidl_typesupport_fastrtps_cpp\n'}
[0.105964] (go2_robot) StdoutLine: {'line': b'[ 38%] Built target go2_robot__rosidl_typesupport_introspection_cpp\n'}
[0.112132] (go2_robot) StdoutLine: {'line': b'[ 44%] Built target go2_robot__rosidl_typesupport_c\n'}
[0.112918] (go2_robot) StdoutLine: {'line': b'[ 51%] Built target go2_robot__rosidl_typesupport_introspection_c\n'}
[0.119436] (go2_robot) StdoutLine: {'line': b'[ 57%] Built target go2_robot__rosidl_typesupport_fastrtps_c\n'}
[0.139817] (go2_robot) StdoutLine: {'line': b'Consolidate compiler generated dependencies of target go2_core\n'}
[0.139982] (go2_robot) StdoutLine: {'line': b'[ 57%] Built target go2_robot\n'}
[0.159618] (go2_robot) StdoutLine: {'line': b'[ 59%] Built target go2_robot__py\n'}
[0.164975] (go2_robot) StdoutLine: {'line': b'[ 61%] Building CXX object CMakeFiles/go2_core.dir/src/Model/pinocchio.cpp.o\n'}
[0.165789] (go2_robot) StdoutLine: {'line': b'[ 63%] Building CXX object CMakeFiles/go2_core.dir/src/WBC/WBC.cpp.o\n'}
[0.182074] (go2_robot) StdoutLine: {'line': b'[ 67%] Built target go2_robot__rosidl_generator_py\n'}
[0.199827] (go2_robot) StdoutLine: {'line': b'[ 71%] Built target go2_robot__rosidl_typesupport_fastrtps_c__pyext\n'}
[0.199942] (-) TimerEvent: {}
[0.206105] (go2_robot) StdoutLine: {'line': b'[ 79%] Built target go2_robot__rosidl_typesupport_introspection_c__pyext\n'}
[0.206165] (go2_robot) StdoutLine: {'line': b'[ 79%] Built target go2_robot__rosidl_typesupport_c__pyext\n'}
[0.270224] (go2_robot) StdoutLine: {'line': b'running egg_info\n'}
[0.270671] (go2_robot) StdoutLine: {'line': b'writing go2_robot.egg-info/PKG-INFO\n'}
[0.270858] (go2_robot) StdoutLine: {'line': b'writing dependency_links to go2_robot.egg-info/dependency_links.txt\n'}
[0.270953] (go2_robot) StdoutLine: {'line': b'writing top-level names to go2_robot.egg-info/top_level.txt\n'}
[0.272092] (go2_robot) StdoutLine: {'line': b"reading manifest file 'go2_robot.egg-info/SOURCES.txt'\n"}
[0.272588] (go2_robot) StdoutLine: {'line': b"writing manifest file 'go2_robot.egg-info/SOURCES.txt'\n"}
[0.291658] (go2_robot) StdoutLine: {'line': b'[ 79%] Built target ament_cmake_python_build_go2_robot_egg\n'}
[0.300145] (-) TimerEvent: {}
[0.400403] (-) TimerEvent: {}
[0.500592] (-) TimerEvent: {}
[0.600849] (-) TimerEvent: {}
[0.701147] (-) TimerEvent: {}
[0.801417] (-) TimerEvent: {}
[0.901634] (-) TimerEvent: {}
[1.001832] (-) TimerEvent: {}
[1.102130] (-) TimerEvent: {}
[1.202336] (-) TimerEvent: {}
[1.302549] (-) TimerEvent: {}
[1.402842] (-) TimerEvent: {}
[1.503331] (-) TimerEvent: {}
[1.603730] (-) TimerEvent: {}
[1.704063] (-) TimerEvent: {}
[1.804333] (-) TimerEvent: {}
[1.904542] (-) TimerEvent: {}
[2.004815] (-) TimerEvent: {}
[2.105082] (-) TimerEvent: {}
[2.205354] (-) TimerEvent: {}
[2.305563] (-) TimerEvent: {}
[2.405833] (-) TimerEvent: {}
[2.506107] (-) TimerEvent: {}
[2.606284] (-) TimerEvent: {}
[2.706482] (-) TimerEvent: {}
[2.806749] (-) TimerEvent: {}
[2.906914] (-) TimerEvent: {}
[3.007224] (-) TimerEvent: {}
[3.107392] (-) TimerEvent: {}
[3.207582] (-) TimerEvent: {}
[3.307815] (-) TimerEvent: {}
[3.407981] (-) TimerEvent: {}
[3.508252] (-) TimerEvent: {}
[3.608451] (-) TimerEvent: {}
[3.708638] (-) TimerEvent: {}
[3.808889] (-) TimerEvent: {}
[3.909151] (-) TimerEvent: {}
[4.009319] (-) TimerEvent: {}
[4.109508] (-) TimerEvent: {}
[4.209701] (-) TimerEvent: {}
[4.309982] (-) TimerEvent: {}
[4.410280] (-) TimerEvent: {}
[4.510470] (-) TimerEvent: {}
[4.610730] (-) TimerEvent: {}
[4.710931] (-) TimerEvent: {}
[4.811077] (-) TimerEvent: {}
[4.911251] (-) TimerEvent: {}
[5.011417] (-) TimerEvent: {}
[5.111614] (-) TimerEvent: {}
[5.211863] (-) TimerEvent: {}
[5.312138] (-) TimerEvent: {}
[5.412308] (-) TimerEvent: {}
[5.512506] (-) TimerEvent: {}
[5.612783] (-) TimerEvent: {}
[5.713713] (-) TimerEvent: {}
[5.813970] (-) TimerEvent: {}
[5.914190] (-) TimerEvent: {}
[6.014362] (-) TimerEvent: {}
[6.114559] (-) TimerEvent: {}
[6.214803] (-) TimerEvent: {}
[6.315085] (-) TimerEvent: {}
[6.415254] (-) TimerEvent: {}
[6.515444] (-) TimerEvent: {}
[6.615638] (-) TimerEvent: {}
[6.715882] (-) TimerEvent: {}
[6.816139] (-) TimerEvent: {}
[6.916323] (-) TimerEvent: {}
[7.016521] (-) TimerEvent: {}
[7.116789] (-) TimerEvent: {}
[7.217055] (-) TimerEvent: {}
[7.317321] (-) TimerEvent: {}
[7.417516] (-) TimerEvent: {}
[7.517712] (-) TimerEvent: {}
[7.617956] (-) TimerEvent: {}
[7.718194] (-) TimerEvent: {}
[7.818369] (-) TimerEvent: {}
[7.918615] (-) TimerEvent: {}
[8.018868] (-) TimerEvent: {}
[8.119125] (-) TimerEvent: {}
[8.219289] (-) TimerEvent: {}
[8.319469] (-) TimerEvent: {}
[8.419725] (-) TimerEvent: {}
[8.519968] (-) TimerEvent: {}
[8.620236] (-) TimerEvent: {}
[8.720487] (-) TimerEvent: {}
[8.820744] (-) TimerEvent: {}
[8.921008] (-) TimerEvent: {}
[9.021188] (-) TimerEvent: {}
[9.121470] (-) TimerEvent: {}
[9.221755] (-) TimerEvent: {}
[9.322004] (-) TimerEvent: {}
[9.422247] (-) TimerEvent: {}
[9.522547] (-) TimerEvent: {}
[9.622842] (-) TimerEvent: {}
[9.723054] (-) TimerEvent: {}
[9.823206] (-) TimerEvent: {}
[9.923367] (-) TimerEvent: {}
[10.023550] (-) TimerEvent: {}
[10.123752] (-) TimerEvent: {}
[10.223945] (-) TimerEvent: {}
[10.324179] (-) TimerEvent: {}
[10.424443] (-) TimerEvent: {}
[10.524694] (-) TimerEvent: {}
[10.624944] (-) TimerEvent: {}
[10.725294] (-) TimerEvent: {}
[10.825459] (-) TimerEvent: {}
[10.925655] (-) TimerEvent: {}
[11.026282] (-) TimerEvent: {}
[11.126496] (-) TimerEvent: {}
[11.226700] (-) TimerEvent: {}
[11.326867] (-) TimerEvent: {}
[11.427061] (-) TimerEvent: {}
[11.527220] (-) TimerEvent: {}
[11.627515] (-) TimerEvent: {}
[11.727709] (-) TimerEvent: {}
[11.827866] (-) TimerEvent: {}
[11.928031] (-) TimerEvent: {}
[12.028192] (-) TimerEvent: {}
[12.128461] (-) TimerEvent: {}
[12.228676] (-) TimerEvent: {}
[12.328924] (-) TimerEvent: {}
[12.429217] (-) TimerEvent: {}
[12.529383] (-) TimerEvent: {}
[12.629638] (-) TimerEvent: {}
[12.729849] (-) TimerEvent: {}
[12.830108] (-) TimerEvent: {}
[12.930273] (-) TimerEvent: {}
[13.030463] (-) TimerEvent: {}
[13.130659] (-) TimerEvent: {}
[13.230913] (-) TimerEvent: {}
[13.331215] (-) TimerEvent: {}
[13.431380] (-) TimerEvent: {}
[13.531646] (-) TimerEvent: {}
[13.631945] (-) TimerEvent: {}
[13.732196] (-) TimerEvent: {}
[13.832490] (-) TimerEvent: {}
[13.932802] (-) TimerEvent: {}
[14.033109] (-) TimerEvent: {}
[14.133282] (-) TimerEvent: {}
[14.233528] (-) TimerEvent: {}
[14.333731] (-) TimerEvent: {}
[14.433907] (-) TimerEvent: {}
[14.534154] (-) TimerEvent: {}
[14.634350] (-) TimerEvent: {}
[14.734593] (-) TimerEvent: {}
[14.834779] (-) TimerEvent: {}
[14.935042] (-) TimerEvent: {}
[15.035209] (-) TimerEvent: {}
[15.135442] (-) TimerEvent: {}
[15.235686] (-) TimerEvent: {}
[15.335944] (-) TimerEvent: {}
[15.436183] (-) TimerEvent: {}
[15.536352] (-) TimerEvent: {}
[15.636609] (-) TimerEvent: {}
[15.736900] (-) TimerEvent: {}
[15.837153] (-) TimerEvent: {}
[15.937445] (-) TimerEvent: {}
[16.037720] (-) TimerEvent: {}
[16.137891] (-) TimerEvent: {}
[16.238179] (-) TimerEvent: {}
[16.338429] (-) TimerEvent: {}
[16.438655] (-) TimerEvent: {}
[16.538827] (-) TimerEvent: {}
[16.639008] (-) TimerEvent: {}
[16.739207] (-) TimerEvent: {}
[16.839389] (-) TimerEvent: {}
[16.939583] (-) TimerEvent: {}
[17.039780] (-) TimerEvent: {}
[17.139978] (-) TimerEvent: {}
[17.240453] (-) TimerEvent: {}
[17.340934] (-) TimerEvent: {}
[17.441218] (-) TimerEvent: {}
[17.541497] (-) TimerEvent: {}
[17.641765] (-) TimerEvent: {}
[17.742018] (-) TimerEvent: {}
[17.842199] (-) TimerEvent: {}
[17.942483] (-) TimerEvent: {}
[18.042677] (-) TimerEvent: {}
[18.142940] (-) TimerEvent: {}
[18.243217] (-) TimerEvent: {}
[18.343478] (-) TimerEvent: {}
[18.443668] (-) TimerEvent: {}
[18.543930] (-) TimerEvent: {}
[18.644202] (-) TimerEvent: {}
[18.744478] (-) TimerEvent: {}
[18.844673] (-) TimerEvent: {}
[18.944935] (-) TimerEvent: {}
[19.045117] (-) TimerEvent: {}
[19.145277] (-) TimerEvent: {}
[19.245466] (-) TimerEvent: {}
[19.345738] (-) TimerEvent: {}
[19.446042] (-) TimerEvent: {}
[19.546212] (-) TimerEvent: {}
[19.646380] (-) TimerEvent: {}
[19.746650] (-) TimerEvent: {}
[19.846852] (-) TimerEvent: {}
[19.947151] (-) TimerEvent: {}
[20.047312] (-) TimerEvent: {}
[20.147505] (-) TimerEvent: {}
[20.247799] (-) TimerEvent: {}
[20.348081] (-) TimerEvent: {}
[20.448247] (-) TimerEvent: {}
[20.548434] (-) TimerEvent: {}
[20.648664] (-) TimerEvent: {}
[20.748915] (-) TimerEvent: {}
[20.849173] (-) TimerEvent: {}
[20.949438] (-) TimerEvent: {}
[21.049754] (-) TimerEvent: {}
[21.150010] (-) TimerEvent: {}
[21.250208] (-) TimerEvent: {}
[21.350374] (-) TimerEvent: {}
[21.450627] (-) TimerEvent: {}
[21.550787] (-) TimerEvent: {}
[21.650967] (-) TimerEvent: {}
[21.751199] (-) TimerEvent: {}
[21.851365] (-) TimerEvent: {}
[21.951523] (-) TimerEvent: {}
[22.051702] (-) TimerEvent: {}
[22.151863] (-) TimerEvent: {}
[22.252069] (-) TimerEvent: {}
[22.352229] (-) TimerEvent: {}
[22.452388] (-) TimerEvent: {}
[22.552597] (-) TimerEvent: {}
[22.652761] (-) TimerEvent: {}
[22.753018] (-) TimerEvent: {}
[22.853220] (-) TimerEvent: {}
[22.953388] (-) TimerEvent: {}
[23.053616] (-) TimerEvent: {}
[23.153879] (-) TimerEvent: {}
[23.254143] (-) TimerEvent: {}
[23.354424] (-) TimerEvent: {}
[23.454630] (-) TimerEvent: {}
[23.554813] (-) TimerEvent: {}
[23.655060] (-) TimerEvent: {}
[23.755220] (-) TimerEvent: {}
[23.855482] (-) TimerEvent: {}
[23.955731] (-) TimerEvent: {}
[24.056008] (-) TimerEvent: {}
[24.156180] (-) TimerEvent: {}
[24.256352] (-) TimerEvent: {}
[24.356599] (-) TimerEvent: {}
[24.456860] (-) TimerEvent: {}
[24.557132] (-) TimerEvent: {}
[24.657518] (-) TimerEvent: {}
[24.757712] (-) TimerEvent: {}
[24.858353] (-) TimerEvent: {}
[24.959001] (-) TimerEvent: {}
[25.059167] (-) TimerEvent: {}
[25.159324] (-) TimerEvent: {}
[25.259484] (-) TimerEvent: {}
[25.359673] (-) TimerEvent: {}
[25.459911] (-) TimerEvent: {}
[25.560116] (-) TimerEvent: {}
[25.660432] (-) TimerEvent: {}
[25.760687] (-) TimerEvent: {}
[25.860953] (-) TimerEvent: {}
[25.961212] (-) TimerEvent: {}
[26.061380] (-) TimerEvent: {}
[26.161564] (-) TimerEvent: {}
[26.261751] (-) TimerEvent: {}
[26.361908] (-) TimerEvent: {}
[26.462078] (-) TimerEvent: {}
[26.562332] (-) TimerEvent: {}
[26.662531] (-) TimerEvent: {}
[26.762789] (-) TimerEvent: {}
[26.863072] (-) TimerEvent: {}
[26.963350] (-) TimerEvent: {}
[27.063522] (-) TimerEvent: {}
[27.163770] (-) TimerEvent: {}
[27.264061] (-) TimerEvent: {}
[27.364221] (-) TimerEvent: {}
[27.464381] (-) TimerEvent: {}
[27.564648] (-) TimerEvent: {}
[27.664958] (-) TimerEvent: {}
[27.765219] (-) TimerEvent: {}
[27.865416] (-) TimerEvent: {}
[27.965577] (-) TimerEvent: {}
[28.065803] (-) TimerEvent: {}
[28.166075] (-) TimerEvent: {}
[28.266360] (-) TimerEvent: {}
[28.366640] (-) TimerEvent: {}
[28.466910] (-) TimerEvent: {}
[28.567196] (-) TimerEvent: {}
[28.667463] (-) TimerEvent: {}
[28.767733] (-) TimerEvent: {}
[28.867929] (-) TimerEvent: {}
[28.968134] (-) TimerEvent: {}
[29.068374] (-) TimerEvent: {}
[29.168638] (-) TimerEvent: {}
[29.268909] (-) TimerEvent: {}
[29.369178] (-) TimerEvent: {}
[29.469418] (-) TimerEvent: {}
[29.569660] (-) TimerEvent: {}
[29.670035] (-) TimerEvent: {}
[29.770200] (-) TimerEvent: {}
[29.870360] (-) TimerEvent: {}
[29.970567] (-) TimerEvent: {}
[30.070777] (-) TimerEvent: {}
[30.170963] (-) TimerEvent: {}
[30.271132] (-) TimerEvent: {}
[30.371302] (-) TimerEvent: {}
[30.471463] (-) TimerEvent: {}
[30.571646] (-) TimerEvent: {}
[30.671883] (-) TimerEvent: {}
[30.772127] (-) TimerEvent: {}
[30.872405] (-) TimerEvent: {}
[30.972599] (-) TimerEvent: {}
[31.072839] (-) TimerEvent: {}
[31.173084] (-) TimerEvent: {}
[31.273326] (-) TimerEvent: {}
[31.373507] (-) TimerEvent: {}
[31.473729] (-) TimerEvent: {}
[31.573970] (-) TimerEvent: {}
[31.674178] (-) TimerEvent: {}
[31.774337] (-) TimerEvent: {}
[31.874492] (-) TimerEvent: {}
[31.974738] (-) TimerEvent: {}
[32.074985] (-) TimerEvent: {}
[32.175166] (-) TimerEvent: {}
[32.275324] (-) TimerEvent: {}
[32.375497] (-) TimerEvent: {}
[32.475749] (-) TimerEvent: {}
[32.576000] (-) TimerEvent: {}
[32.676179] (-) TimerEvent: {}
[32.776425] (-) TimerEvent: {}
[32.876661] (-) TimerEvent: {}
[32.976926] (-) TimerEvent: {}
[33.077180] (-) TimerEvent: {}
[33.177428] (-) TimerEvent: {}
[33.277633] (-) TimerEvent: {}
[33.377886] (-) TimerEvent: {}
[33.478134] (-) TimerEvent: {}
[33.578382] (-) TimerEvent: {}
[33.678633] (-) TimerEvent: {}
[33.778829] (-) TimerEvent: {}
[33.879089] (-) TimerEvent: {}
[33.979546] (-) TimerEvent: {}
[34.079785] (-) TimerEvent: {}
[34.180045] (-) TimerEvent: {}
[34.280294] (-) TimerEvent: {}
[34.380536] (-) TimerEvent: {}
[34.480781] (-) TimerEvent: {}
[34.581441] (-) TimerEvent: {}
[34.681643] (-) TimerEvent: {}
[34.781881] (-) TimerEvent: {}
[34.882047] (-) TimerEvent: {}
[34.982306] (-) TimerEvent: {}
[35.082563] (-) TimerEvent: {}
[35.182728] (-) TimerEvent: {}
[35.282974] (-) TimerEvent: {}
[35.383250] (-) TimerEvent: {}
[35.483456] (-) TimerEvent: {}
[35.583648] (-) TimerEvent: {}
[35.683957] (-) TimerEvent: {}
[35.784167] (-) TimerEvent: {}
[35.884426] (-) TimerEvent: {}
[35.984708] (-) TimerEvent: {}
[36.084984] (-) TimerEvent: {}
[36.185185] (-) TimerEvent: {}
[36.285444] (-) TimerEvent: {}
[36.385631] (-) TimerEvent: {}
[36.485883] (-) TimerEvent: {}
[36.586146] (-) TimerEvent: {}
[36.686526] (-) TimerEvent: {}
[36.786845] (-) TimerEvent: {}
[36.887244] (-) TimerEvent: {}
[36.987637] (-) TimerEvent: {}
[37.088102] (-) TimerEvent: {}
[37.188530] (-) TimerEvent: {}
[37.288834] (-) TimerEvent: {}
[37.389181] (-) TimerEvent: {}
[37.489432] (-) TimerEvent: {}
[37.552815] (go2_robot) StdoutLine: {'line': b'[ 81%] Linking CXX static library libgo2_core.a\n'}
[37.589621] (-) TimerEvent: {}
[37.689976] (-) TimerEvent: {}
[37.790249] (-) TimerEvent: {}
[37.842497] (go2_robot) StdoutLine: {'line': b'[ 93%] Built target go2_core\n'}
[37.890327] (-) TimerEvent: {}
[37.907931] (go2_robot) StdoutLine: {'line': b'Consolidate compiler generated dependencies of target go2_control_node\n'}
[37.933560] (go2_robot) StdoutLine: {'line': b'[ 95%] Linking CXX executable go2_control_node\n'}
[37.990425] (-) TimerEvent: {}
[38.090654] (-) TimerEvent: {}
[38.191055] (-) TimerEvent: {}
[38.291515] (-) TimerEvent: {}
[38.391760] (-) TimerEvent: {}
[38.492019] (-) TimerEvent: {}
[38.592295] (-) TimerEvent: {}
[38.692559] (-) TimerEvent: {}
[38.792804] (-) TimerEvent: {}
[38.892994] (-) TimerEvent: {}
[38.902234] (go2_robot) StdoutLine: {'line': b'[100%] Built target go2_control_node\n'}
[38.912502] (go2_robot) CommandEnded: {'returncode': 0}
[38.913128] (go2_robot) JobProgress: {'identifier': 'go2_robot', 'progress': 'install'}
[38.921385] (go2_robot) Command: {'cmd': ['/usr/bin/cmake', '--install', '/home/hong/Movement_Control/Go2Robot/build/go2_robot'], 'cwd': '/home/hong/Movement_Control/Go2Robot/build/go2_robot', 'env': OrderedDict([('GJS_DEBUG_TOPICS', 'JS ERROR;JS LOG'), ('PYTHONIOENCODING', 'utf-8'), ('ZAI_OAUTH_CLIENT_ID', 'client_P8X5CMWmlaRO9gyO-KSqtg'), ('ZCODE_DESKTOP_CONTEXT_PROMPT_ENABLED', '1'), ('LANGUAGE', 'zh_CN:zh:en_US:en'), ('USER', 'hong'), ('LC_TIME', 'zh_CN.UTF-8'), ('GIT_EDITOR', 'true'), ('XDG_SESSION_TYPE', 'x11'), ('SHLVL', '0'), ('LD_LIBRARY_PATH', '/usr/lib/x86_64-linux-gnu/gazebo-11/plugins:/opt/ros/humble/opt/rviz_ogre_vendor/lib:/opt/ros/humble/lib/x86_64-linux-gnu:/opt/ros/humble/lib:/tmp/.mount_ZCode-dLcwPp/usr/lib:'), ('INPUT_METHOD', 'fcitx'), ('HOME', '/home/hong'), ('CHROME_DESKTOP', 'zcode.desktop'), ('APPDIR', '/tmp/.mount_ZCode-dLcwPp'), ('OLDPWD', '/home/hong/Movement_Control/Go2Robot'), ('DESKTOP_SESSION', 'ubuntu'), ('ZAI_OAUTH_ORIGIN', 'https://chat.z.ai'), ('GIO_LAUNCHED_DESKTOP_FILE', '/home/hong/.local/share/applications/zcode.desktop'), ('ZCODE_APP_VERSION', '3.10.2'), ('ROS_PYTHON_VERSION', '3'), ('GNOME_SHELL_SESSION_MODE', 'ubuntu'), ('GTK_MODULES', 'gail:atk-bridge'), ('SDL_IM_MODULE', 'fcitx'), ('LC_MONETARY', 'zh_CN.UTF-8'), ('MANAGERPID', '2258'), ('LC_CTYPE', 'zh_CN.UTF-8'), ('GLFW_IM_MODULE', 'ibus'), ('SYSTEMD_EXEC_PID', '2492'), ('DBUS_SESSION_BUS_ADDRESS', 'unix:path=/run/user/1000/bus'), ('ZCODE_PROCESS_LABEL', 'local-1'), ('GIO_LAUNCHED_DESKTOP_FILE_PID', '7263'), ('ROS_DISTRO', 'humble'), ('GTK_IM_MODULE', 'ibus'), ('LOGNAME', 'hong'), ('ZCODE_RUNTIME_ENV', 'production'), ('OWD', '/home/hong'), ('JOURNAL_STREAM', '8:17761'), ('_', '/usr/bin/colcon'), ('ROS_VERSION', '2'), ('XDG_SESSION_CLASS', 'user'), ('USERNAME', 'hong'), ('ZAI_BUSINESS_BASE_URL', 'https://api.z.ai'), ('TERM', 'dumb'), ('GNOME_DESKTOP_SESSION_ID', 'this-is-deprecated'), ('FC_FONTATIONS', '1'), ('ROS_LOCALHOST_ONLY', '0'), ('WINDOWPATH', '2'), ('PATH', '/home/hong/.local/bin:/opt/ros/humble/bin:/usr/local/cuda-12.1/bin:/home/hong/miniconda3/condabin:/usr/local/sbin:/usr/local/bin:/usr/sbin:/usr/bin:/sbin:/bin:/tmp/.mount_ZCode-dLcwPp:/tmp/.mount_ZCode-dLcwPp/usr/sbin:/usr/games:/usr/local/games:/snap/bin:/home/hong/.mujoco/mujoco-3.9.0/bin:/tmp/.mount_ZCode-dLcwPp/resources/tools/bfs:/tmp/.mount_ZCode-dLcwPp/resources/tools/ripgrep:/tmp/.mount_ZCode-dLcwPp/resources/tools/ugrep'), ('SESSION_MANAGER', 'local/hong:@/tmp/.ICE-unix/2469,unix/hong:/tmp/.ICE-unix/2469'), ('INVOCATION_ID', '58590a6953bb4c2bae7de4ba27f9f826'), ('APPIMAGE', '/home/hong/下载/ZCode-3.10.2-linux-x64.AppImage'), ('XDG_MENU_PREFIX', 'gnome-'), ('LC_ADDRESS', 'zh_CN.UTF-8'), ('ZCODE_BUILD_COMMIT_ID', '35824adf'), ('XDG_RUNTIME_DIR', '/run/user/1000'), ('GDK_BACKEND', 'x11'), ('DISPLAY', ':1'), ('ZCODE_BFS_BINARY', '/tmp/.mount_ZCode-dLcwPp/resources/tools/bfs/bfs'), ('LANG', 'zh_CN.UTF-8'), ('XDG_CURRENT_DESKTOP', 'ubuntu:GNOME'), ('LC_TELEPHONE', 'zh_CN.UTF-8'), ('XMODIFIERS', '@im=ibus'), ('XDG_SESSION_DESKTOP', 'ubuntu'), ('XAUTHORITY', '/run/user/1000/gdm/Xauthority'), ('SSH_AGENT_LAUNCHER', 'gnome-keyring'), ('SSH_AUTH_SOCK', '/run/user/1000/keyring/ssh'), ('GSETTINGS_SCHEMA_DIR', '/tmp/.mount_ZCode-dLcwPp/usr/share/glib-2.0/schemas:'), ('AMENT_PREFIX_PATH', '/opt/ros/humble'), ('SHELL', '/bin/bash'), ('LC_NAME', 'zh_CN.UTF-8'), ('ARGV0', '/home/hong/下载/ZCode-3.10.2-linux-x64.AppImage'), ('QT_ACCESSIBILITY', '1'), ('GDMSESSION', 'ubuntu'), ('PYTHONUTF8', '1'), ('LC_MEASUREMENT', 'zh_CN.UTF-8'), ('GPG_AGENT_INFO', '/run/user/1000/gnupg/S.gpg-agent:0:1'), ('GJS_DEBUG_OUTPUT', 'stderr'), ('LC_IDENTIFICATION', 'zh_CN.UTF-8'), ('ZCODE_CUA_GRAY_ENABLED', '0'), ('QT_IM_MODULE', 'ibus'), ('PWD', '/home/hong/Movement_Control/Go2Robot/build/go2_robot'), ('ZCODE_BASE_URL', 'https://zcode.z.ai'), ('XDG_CONFIG_DIRS', '/etc/xdg/xdg-ubuntu:/etc/xdg'), ('XDG_DATA_DIRS', '/tmp/.mount_ZCode-dLcwPp/usr/share/:./share/:/usr/share/gnome:/usr/local/share/:/usr/share/:/usr/share/ubuntu:/usr/share/gnome:/usr/local/share/:/usr/share/:/var/lib/snapd/desktop:/usr/share/gnome/:/usr/local/share/:/usr/share/'), ('ZCODE_RG_BINARY', '/tmp/.mount_ZCode-dLcwPp/resources/tools/ripgrep/rg'), ('PYTHONPATH', '/opt/ros/humble/lib/python3.10/site-packages:/opt/ros/humble/local/lib/python3.10/dist-packages'), ('ZCODE_UGREP_BINARY', '/tmp/.mount_ZCode-dLcwPp/resources/tools/ugrep/ugrep'), ('ZCODE_ENV', 'production'), ('LC_NUMERIC', 'zh_CN.UTF-8'), ('LC_PAPER', 'zh_CN.UTF-8'), ('COLCON', '1'), ('CMAKE_PREFIX_PATH', '/opt/ros/humble')]), 'shell': False}
[38.959140] (go2_robot) StdoutLine: {'line': b'-- Install configuration: "Release"\n'}
[38.959242] (go2_robot) StdoutLine: {'line': b'-- Up-to-date: /home/hong/Movement_Control/Go2Robot/install/go2_robot/share/ament_index/resource_index/rosidl_interfaces/go2_robot\n'}
[38.959285] (go2_robot) StdoutLine: {'line': b'-- Up-to-date: /home/hong/Movement_Control/Go2Robot/install/go2_robot/include/go2_robot/go2_robot\n'}
[38.959320] (go2_robot) StdoutLine: {'line': b'-- Up-to-date: /home/hong/Movement_Control/Go2Robot/install/go2_robot/include/go2_robot/go2_robot/msg\n'}
[38.959355] (go2_robot) StdoutLine: {'line': b'-- Up-to-date: /home/hong/Movement_Control/Go2Robot/install/go2_robot/include/go2_robot/go2_robot/msg/rosidl_generator_c__visibility_control.h\n'}
[38.959393] (go2_robot) StdoutLine: {'line': b'-- Up-to-date: /home/hong/Movement_Control/Go2Robot/install/go2_robot/include/go2_robot/go2_robot/msg/go2_telemetry.h\n'}
[38.959424] (go2_robot) StdoutLine: {'line': b'-- Up-to-date: /home/hong/Movement_Control/Go2Robot/install/go2_robot/include/go2_robot/go2_robot/msg/detail\n'}
[38.959457] (go2_robot) StdoutLine: {'line': b'-- Up-to-date: /home/hong/Movement_Control/Go2Robot/install/go2_robot/include/go2_robot/go2_robot/msg/detail/go2_telemetry__functions.c\n'}
[38.959489] (go2_robot) StdoutLine: {'line': b'-- Up-to-date: /home/hong/Movement_Control/Go2Robot/install/go2_robot/include/go2_robot/go2_robot/msg/detail/go2_telemetry__type_support.h\n'}
[38.959521] (go2_robot) StdoutLine: {'line': b'-- Up-to-date: /home/hong/Movement_Control/Go2Robot/install/go2_robot/include/go2_robot/go2_robot/msg/detail/go2_telemetry__functions.h\n'}
[38.959552] (go2_robot) StdoutLine: {'line': b'-- Up-to-date: /home/hong/Movement_Control/Go2Robot/install/go2_robot/include/go2_robot/go2_robot/msg/detail/go2_telemetry__struct.h\n'}
[38.976907] (go2_robot) StdoutLine: {'line': b'-- Up-to-date: /home/hong/Movement_Control/Go2Robot/install/go2_robot/share/go2_robot/environment/library_path.sh\n'}
[38.977274] (go2_robot) StdoutLine: {'line': b'-- Up-to-date: /home/hong/Movement_Control/Go2Robot/install/go2_robot/share/go2_robot/environment/library_path.dsv\n'}
[38.977318] (go2_robot) StdoutLine: {'line': b'-- Up-to-date: /home/hong/Movement_Control/Go2Robot/install/go2_robot/lib/libgo2_robot__rosidl_generator_c.so\n'}
[38.977355] (go2_robot) StdoutLine: {'line': b'-- Up-to-date: /home/hong/Movement_Control/Go2Robot/install/go2_robot/include/go2_robot/go2_robot\n'}
[38.977388] (go2_robot) StdoutLine: {'line': b'-- Up-to-date: /home/hong/Movement_Control/Go2Robot/install/go2_robot/include/go2_robot/go2_robot/msg\n'}
[38.977429] (go2_robot) StdoutLine: {'line': b'-- Up-to-date: /home/hong/Movement_Control/Go2Robot/install/go2_robot/include/go2_robot/go2_robot/msg/rosidl_typesupport_fastrtps_c__visibility_control.h\n'}
[38.977464] (go2_robot) StdoutLine: {'line': b'-- Up-to-date: /home/hong/Movement_Control/Go2Robot/install/go2_robot/include/go2_robot/go2_robot/msg/detail\n'}
[38.977518] (go2_robot) StdoutLine: {'line': b'-- Up-to-date: /home/hong/Movement_Control/Go2Robot/install/go2_robot/include/go2_robot/go2_robot/msg/detail/go2_telemetry__rosidl_typesupport_fastrtps_c.h\n'}
[38.977775] (go2_robot) StdoutLine: {'line': b'-- Up-to-date: /home/hong/Movement_Control/Go2Robot/install/go2_robot/lib/libgo2_robot__rosidl_typesupport_fastrtps_c.so\n'}
[38.977860] (go2_robot) StdoutLine: {'line': b'-- Up-to-date: /home/hong/Movement_Control/Go2Robot/install/go2_robot/include/go2_robot/go2_robot\n'}
[38.977897] (go2_robot) StdoutLine: {'line': b'-- Up-to-date: /home/hong/Movement_Control/Go2Robot/install/go2_robot/include/go2_robot/go2_robot/msg\n'}
[38.977931] (go2_robot) StdoutLine: {'line': b'-- Up-to-date: /home/hong/Movement_Control/Go2Robot/install/go2_robot/include/go2_robot/go2_robot/msg/rosidl_generator_cpp__visibility_control.hpp\n'}
[38.978093] (go2_robot) StdoutLine: {'line': b'-- Up-to-date: /home/hong/Movement_Control/Go2Robot/install/go2_robot/include/go2_robot/go2_robot/msg/go2_telemetry.hpp\n'}
[38.978126] (go2_robot) StdoutLine: {'line': b'-- Up-to-date: /home/hong/Movement_Control/Go2Robot/install/go2_robot/include/go2_robot/go2_robot/msg/detail\n'}
[38.978159] (go2_robot) StdoutLine: {'line': b'-- Up-to-date: /home/hong/Movement_Control/Go2Robot/install/go2_robot/include/go2_robot/go2_robot/msg/detail/go2_telemetry__builder.hpp\n'}
[38.978191] (go2_robot) StdoutLine: {'line': b'-- Up-to-date: /home/hong/Movement_Control/Go2Robot/install/go2_robot/include/go2_robot/go2_robot/msg/detail/go2_telemetry__type_support.hpp\n'}
[38.978246] (go2_robot) StdoutLine: {'line': b'-- Up-to-date: /home/hong/Movement_Control/Go2Robot/install/go2_robot/include/go2_robot/go2_robot/msg/detail/go2_telemetry__traits.hpp\n'}
[38.978281] (go2_robot) StdoutLine: {'line': b'-- Up-to-date: /home/hong/Movement_Control/Go2Robot/install/go2_robot/include/go2_robot/go2_robot/msg/detail/go2_telemetry__struct.hpp\n'}
[38.978313] (go2_robot) StdoutLine: {'line': b'-- Up-to-date: /home/hong/Movement_Control/Go2Robot/install/go2_robot/include/go2_robot/go2_robot\n'}
[38.978369] (go2_robot) StdoutLine: {'line': b'-- Up-to-date: /home/hong/Movement_Control/Go2Robot/install/go2_robot/include/go2_robot/go2_robot/msg\n'}
[38.978402] (go2_robot) StdoutLine: {'line': b'-- Up-to-date: /home/hong/Movement_Control/Go2Robot/install/go2_robot/include/go2_robot/go2_robot/msg/rosidl_typesupport_fastrtps_cpp__visibility_control.h\n'}
[38.978436] (go2_robot) StdoutLine: {'line': b'-- Up-to-date: /home/hong/Movement_Control/Go2Robot/install/go2_robot/include/go2_robot/go2_robot/msg/detail\n'}
[38.978499] (go2_robot) StdoutLine: {'line': b'-- Up-to-date: /home/hong/Movement_Control/Go2Robot/install/go2_robot/include/go2_robot/go2_robot/msg/detail/go2_telemetry__rosidl_typesupport_fastrtps_cpp.hpp\n'}
[38.978619] (go2_robot) StdoutLine: {'line': b'-- Up-to-date: /home/hong/Movement_Control/Go2Robot/install/go2_robot/include/go2_robot/go2_robot/msg/detail/dds_fastrtps\n'}
[38.978651] (go2_robot) StdoutLine: {'line': b'-- Up-to-date: /home/hong/Movement_Control/Go2Robot/install/go2_robot/lib/libgo2_robot__rosidl_typesupport_fastrtps_cpp.so\n'}
[38.978684] (go2_robot) StdoutLine: {'line': b'-- Up-to-date: /home/hong/Movement_Control/Go2Robot/install/go2_robot/include/go2_robot/go2_robot\n'}
[38.978716] (go2_robot) StdoutLine: {'line': b'-- Up-to-date: /home/hong/Movement_Control/Go2Robot/install/go2_robot/include/go2_robot/go2_robot/msg\n'}
[38.978748] (go2_robot) StdoutLine: {'line': b'-- Up-to-date: /home/hong/Movement_Control/Go2Robot/install/go2_robot/include/go2_robot/go2_robot/msg/rosidl_typesupport_introspection_c__visibility_control.h\n'}
[38.978779] (go2_robot) StdoutLine: {'line': b'-- Up-to-date: /home/hong/Movement_Control/Go2Robot/install/go2_robot/include/go2_robot/go2_robot/msg/detail\n'}
[38.978811] (go2_robot) StdoutLine: {'line': b'-- Up-to-date: /home/hong/Movement_Control/Go2Robot/install/go2_robot/include/go2_robot/go2_robot/msg/detail/go2_telemetry__type_support.c\n'}
[38.978840] (go2_robot) StdoutLine: {'line': b'-- Up-to-date: /home/hong/Movement_Control/Go2Robot/install/go2_robot/include/go2_robot/go2_robot/msg/detail/go2_telemetry__rosidl_typesupport_introspection_c.h\n'}
[38.978870] (go2_robot) StdoutLine: {'line': b'-- Up-to-date: /home/hong/Movement_Control/Go2Robot/install/go2_robot/lib/libgo2_robot__rosidl_typesupport_introspection_c.so\n'}
[38.978902] (go2_robot) StdoutLine: {'line': b'-- Up-to-date: /home/hong/Movement_Control/Go2Robot/install/go2_robot/lib/libgo2_robot__rosidl_typesupport_c.so\n'}
[38.978932] (go2_robot) StdoutLine: {'line': b'-- Up-to-date: /home/hong/Movement_Control/Go2Robot/install/go2_robot/include/go2_robot/go2_robot\n'}
[38.978963] (go2_robot) StdoutLine: {'line': b'-- Up-to-date: /home/hong/Movement_Control/Go2Robot/install/go2_robot/include/go2_robot/go2_robot/msg\n'}
[38.978995] (go2_robot) StdoutLine: {'line': b'-- Up-to-date: /home/hong/Movement_Control/Go2Robot/install/go2_robot/include/go2_robot/go2_robot/msg/detail\n'}
[38.979026] (go2_robot) StdoutLine: {'line': b'-- Up-to-date: /home/hong/Movement_Control/Go2Robot/install/go2_robot/include/go2_robot/go2_robot/msg/detail/go2_telemetry__rosidl_typesupport_introspection_cpp.hpp\n'}
[38.979061] (go2_robot) StdoutLine: {'line': b'-- Up-to-date: /home/hong/Movement_Control/Go2Robot/install/go2_robot/include/go2_robot/go2_robot/msg/detail/go2_telemetry__type_support.cpp\n'}
[38.979092] (go2_robot) StdoutLine: {'line': b'-- Up-to-date: /home/hong/Movement_Control/Go2Robot/install/go2_robot/lib/libgo2_robot__rosidl_typesupport_introspection_cpp.so\n'}
[38.979123] (go2_robot) StdoutLine: {'line': b'-- Up-to-date: /home/hong/Movement_Control/Go2Robot/install/go2_robot/lib/libgo2_robot__rosidl_typesupport_cpp.so\n'}
[38.979153] (go2_robot) StdoutLine: {'line': b'-- Up-to-date: /home/hong/Movement_Control/Go2Robot/install/go2_robot/share/go2_robot/environment/pythonpath.sh\n'}
[38.979184] (go2_robot) StdoutLine: {'line': b'-- Up-to-date: /home/hong/Movement_Control/Go2Robot/install/go2_robot/share/go2_robot/environment/pythonpath.dsv\n'}
[38.979215] (go2_robot) StdoutLine: {'line': b'-- Up-to-date: /home/hong/Movement_Control/Go2Robot/install/go2_robot/local/lib/python3.10/dist-packages/go2_robot-0.1.0-py3.10.egg-info\n'}
[38.979251] (go2_robot) StdoutLine: {'line': b'-- Installing: /home/hong/Movement_Control/Go2Robot/install/go2_robot/local/lib/python3.10/dist-packages/go2_robot-0.1.0-py3.10.egg-info/SOURCES.txt\n'}
[38.979282] (go2_robot) StdoutLine: {'line': b'-- Installing: /home/hong/Movement_Control/Go2Robot/install/go2_robot/local/lib/python3.10/dist-packages/go2_robot-0.1.0-py3.10.egg-info/top_level.txt\n'}
[38.979312] (go2_robot) StdoutLine: {'line': b'-- Installing: /home/hong/Movement_Control/Go2Robot/install/go2_robot/local/lib/python3.10/dist-packages/go2_robot-0.1.0-py3.10.egg-info/PKG-INFO\n'}
[38.979342] (go2_robot) StdoutLine: {'line': b'-- Installing: /home/hong/Movement_Control/Go2Robot/install/go2_robot/local/lib/python3.10/dist-packages/go2_robot-0.1.0-py3.10.egg-info/dependency_links.txt\n'}
[38.979372] (go2_robot) StdoutLine: {'line': b'-- Up-to-date: /home/hong/Movement_Control/Go2Robot/install/go2_robot/local/lib/python3.10/dist-packages/go2_robot\n'}
[38.979403] (go2_robot) StdoutLine: {'line': b'-- Up-to-date: /home/hong/Movement_Control/Go2Robot/install/go2_robot/local/lib/python3.10/dist-packages/go2_robot/_go2_robot_s.ep.rosidl_typesupport_fastrtps_c.c\n'}
[38.979433] (go2_robot) StdoutLine: {'line': b'-- Up-to-date: /home/hong/Movement_Control/Go2Robot/install/go2_robot/local/lib/python3.10/dist-packages/go2_robot/go2_robot_s__rosidl_typesupport_fastrtps_c..cpython-310-x86_64-linux-gnu.so\n'}
[38.979464] (go2_robot) StdoutLine: {'line': b'-- Up-to-date: /home/hong/Movement_Control/Go2Robot/install/go2_robot/local/lib/python3.10/dist-packages/go2_robot/__init__.py\n'}
[38.979494] (go2_robot) StdoutLine: {'line': b'-- Up-to-date: /home/hong/Movement_Control/Go2Robot/install/go2_robot/local/lib/python3.10/dist-packages/go2_robot/_go2_robot_s.ep.rosidl_typesupport_introspection_c.c\n'}
[38.979525] (go2_robot) StdoutLine: {'line': b'-- Up-to-date: /home/hong/Movement_Control/Go2Robot/install/go2_robot/local/lib/python3.10/dist-packages/go2_robot/_go2_robot_s.ep.rosidl_typesupport_c.c\n'}
[38.979556] (go2_robot) StdoutLine: {'line': b'-- Up-to-date: /home/hong/Movement_Control/Go2Robot/install/go2_robot/local/lib/python3.10/dist-packages/go2_robot/go2_robot_s__rosidl_typesupport_introspection_c..cpython-310-x86_64-linux-gnu.so\n'}
[38.979586] (go2_robot) StdoutLine: {'line': b'-- Up-to-date: /home/hong/Movement_Control/Go2Robot/install/go2_robot/local/lib/python3.10/dist-packages/go2_robot/msg\n'}
[38.979619] (go2_robot) StdoutLine: {'line': b'-- Up-to-date: /home/hong/Movement_Control/Go2Robot/install/go2_robot/local/lib/python3.10/dist-packages/go2_robot/msg/__init__.py\n'}
[38.979648] (go2_robot) StdoutLine: {'line': b'-- Up-to-date: /home/hong/Movement_Control/Go2Robot/install/go2_robot/local/lib/python3.10/dist-packages/go2_robot/msg/_go2_telemetry.py\n'}
[38.979681] (go2_robot) StdoutLine: {'line': b'-- Up-to-date: /home/hong/Movement_Control/Go2Robot/install/go2_robot/local/lib/python3.10/dist-packages/go2_robot/msg/_go2_telemetry_s.c\n'}
[38.979711] (go2_robot) StdoutLine: {'line': b'-- Up-to-date: /home/hong/Movement_Control/Go2Robot/install/go2_robot/local/lib/python3.10/dist-packages/go2_robot/libgo2_robot__rosidl_generator_py.so\n'}
[38.979741] (go2_robot) StdoutLine: {'line': b'-- Up-to-date: /home/hong/Movement_Control/Go2Robot/install/go2_robot/local/lib/python3.10/dist-packages/go2_robot/go2_robot_s__rosidl_typesupport_c..cpython-310-x86_64-linux-gnu.so\n'}
[38.993114] (-) TimerEvent: {}
[39.093288] (-) TimerEvent: {}
[39.193523] (-) TimerEvent: {}
[39.215867] (go2_robot) StdoutLine: {'line': b"Listing '/home/hong/Movement_Control/Go2Robot/install/go2_robot/local/lib/python3.10/dist-packages/go2_robot'...\n"}
[39.216003] (go2_robot) StdoutLine: {'line': b"Listing '/home/hong/Movement_Control/Go2Robot/install/go2_robot/local/lib/python3.10/dist-packages/go2_robot/msg'...\n"}
[39.219352] (go2_robot) StdoutLine: {'line': b'-- Up-to-date: /home/hong/Movement_Control/Go2Robot/install/go2_robot/local/lib/python3.10/dist-packages/go2_robot/go2_robot_s__rosidl_typesupport_fastrtps_c..cpython-310-x86_64-linux-gnu.so\n'}
[39.219590] (go2_robot) StdoutLine: {'line': b'-- Up-to-date: /home/hong/Movement_Control/Go2Robot/install/go2_robot/local/lib/python3.10/dist-packages/go2_robot/go2_robot_s__rosidl_typesupport_introspection_c..cpython-310-x86_64-linux-gnu.so\n'}
[39.219644] (go2_robot) StdoutLine: {'line': b'-- Up-to-date: /home/hong/Movement_Control/Go2Robot/install/go2_robot/local/lib/python3.10/dist-packages/go2_robot/go2_robot_s__rosidl_typesupport_c..cpython-310-x86_64-linux-gnu.so\n'}
[39.219994] (go2_robot) StdoutLine: {'line': b'-- Up-to-date: /home/hong/Movement_Control/Go2Robot/install/go2_robot/lib/libgo2_robot__rosidl_generator_py.so\n'}
[39.220081] (go2_robot) StdoutLine: {'line': b'-- Up-to-date: /home/hong/Movement_Control/Go2Robot/install/go2_robot/share/ament_index/resource_index/rust_packages/go2_robot\n'}
[39.220122] (go2_robot) StdoutLine: {'line': b'-- Up-to-date: /home/hong/Movement_Control/Go2Robot/install/go2_robot/share/go2_robot/rust\n'}
[39.220156] (go2_robot) StdoutLine: {'line': b'-- Up-to-date: /home/hong/Movement_Control/Go2Robot/install/go2_robot/share/go2_robot/rust/Cargo.toml\n'}
[39.220187] (go2_robot) StdoutLine: {'line': b'-- Up-to-date: /home/hong/Movement_Control/Go2Robot/install/go2_robot/share/go2_robot/rust/build.rs\n'}
[39.220219] (go2_robot) StdoutLine: {'line': b'-- Up-to-date: /home/hong/Movement_Control/Go2Robot/install/go2_robot/share/go2_robot/rust/src\n'}
[39.220250] (go2_robot) StdoutLine: {'line': b'-- Up-to-date: /home/hong/Movement_Control/Go2Robot/install/go2_robot/share/go2_robot/rust/src/msg\n'}
[39.220289] (go2_robot) StdoutLine: {'line': b'-- Up-to-date: /home/hong/Movement_Control/Go2Robot/install/go2_robot/share/go2_robot/rust/src/msg/rmw.rs\n'}
[39.220320] (go2_robot) StdoutLine: {'line': b'-- Up-to-date: /home/hong/Movement_Control/Go2Robot/install/go2_robot/share/go2_robot/rust/src/lib.rs\n'}
[39.220352] (go2_robot) StdoutLine: {'line': b'-- Up-to-date: /home/hong/Movement_Control/Go2Robot/install/go2_robot/share/go2_robot/rust/src/msg.rs\n'}
[39.220383] (go2_robot) StdoutLine: {'line': b'-- Up-to-date: /home/hong/Movement_Control/Go2Robot/install/go2_robot/share/go2_robot/msg/Go2Telemetry.idl\n'}
[39.220415] (go2_robot) StdoutLine: {'line': b'-- Up-to-date: /home/hong/Movement_Control/Go2Robot/install/go2_robot/share/go2_robot/msg/Go2Telemetry.msg\n'}
[39.220446] (go2_robot) StdoutLine: {'line': b'-- Installing: /home/hong/Movement_Control/Go2Robot/install/go2_robot/lib/go2_robot/go2_control_node\n'}
[39.221956] (go2_robot) StdoutLine: {'line': b'-- Set runtime path of "/home/hong/Movement_Control/Go2Robot/install/go2_robot/lib/go2_robot/go2_control_node" to ""\n'}
[39.222323] (go2_robot) StdoutLine: {'line': b'-- Up-to-date: /home/hong/Movement_Control/Go2Robot/install/go2_robot/share/go2_robot/config\n'}
[39.222374] (go2_robot) StdoutLine: {'line': b'-- Up-to-date: /home/hong/Movement_Control/Go2Robot/install/go2_robot/share/go2_robot/config/go2_params.yaml\n'}
[39.222409] (go2_robot) StdoutLine: {'line': b'-- Up-to-date: /home/hong/Movement_Control/Go2Robot/install/go2_robot/share/go2_robot/config/mpc.yaml\n'}
[39.222447] (go2_robot) StdoutLine: {'line': b'-- Up-to-date: /home/hong/Movement_Control/Go2Robot/install/go2_robot/share/go2_robot/launch\n'}
[39.222481] (go2_robot) StdoutLine: {'line': b'-- Up-to-date: /home/hong/Movement_Control/Go2Robot/install/go2_robot/share/go2_robot/launch/go2_sim.launch.py\n'}
[39.222514] (go2_robot) StdoutLine: {'line': b'-- Up-to-date: /home/hong/Movement_Control/Go2Robot/install/go2_robot/share/go2_robot/launch/__pycache__\n'}
[39.222848] (go2_robot) StdoutLine: {'line': b'-- Up-to-date: /home/hong/Movement_Control/Go2Robot/install/go2_robot/share/go2_robot/launch/__pycache__/go2_sim.launch.cpython-310.pyc\n'}
[39.222891] (go2_robot) StdoutLine: {'line': b'-- Up-to-date: /home/hong/Movement_Control/Go2Robot/install/go2_robot/share/go2_robot/go2\n'}
[39.222924] (go2_robot) StdoutLine: {'line': b'-- Up-to-date: /home/hong/Movement_Control/Go2Robot/install/go2_robot/share/go2_robot/go2/my_bot.xml\n'}
[39.222956] (go2_robot) StdoutLine: {'line': b'-- Up-to-date: /home/hong/Movement_Control/Go2Robot/install/go2_robot/share/go2_robot/go2/scene.xml\n'}
[39.222987] (go2_robot) StdoutLine: {'line': b'-- Up-to-date: /home/hong/Movement_Control/Go2Robot/install/go2_robot/share/go2_robot/go2/height_field.png\n'}
[39.223018] (go2_robot) StdoutLine: {'line': b'-- Up-to-date: /home/hong/Movement_Control/Go2Robot/install/go2_robot/share/go2_robot/go2/go2.xml\n'}
[39.223053] (go2_robot) StdoutLine: {'line': b'-- Up-to-date: /home/hong/Movement_Control/Go2Robot/install/go2_robot/share/go2_robot/go2/scene_terrain.xml\n'}
[39.223092] (go2_robot) StdoutLine: {'line': b'-- Up-to-date: /home/hong/Movement_Control/Go2Robot/install/go2_robot/share/go2_robot/go2/dae\n'}
[39.223123] (go2_robot) StdoutLine: {'line': b'-- Up-to-date: /home/hong/Movement_Control/Go2Robot/install/go2_robot/share/go2_robot/go2/dae/thigh.dae\n'}
[39.223152] (go2_robot) StdoutLine: {'line': b'-- Up-to-date: /home/hong/Movement_Control/Go2Robot/install/go2_robot/share/go2_robot/go2/dae/foot.dae\n'}
[39.223182] (go2_robot) StdoutLine: {'line': b'-- Up-to-date: /home/hong/Movement_Control/Go2Robot/install/go2_robot/share/go2_robot/go2/dae/calf_mirror.dae\n'}
[39.223211] (go2_robot) StdoutLine: {'line': b'-- Up-to-date: /home/hong/Movement_Control/Go2Robot/install/go2_robot/share/go2_robot/go2/dae/thigh_mirror.dae\n'}
[39.223241] (go2_robot) StdoutLine: {'line': b'-- Up-to-date: /home/hong/Movement_Control/Go2Robot/install/go2_robot/share/go2_robot/go2/dae/base.dae\n'}
[39.223270] (go2_robot) StdoutLine: {'line': b'-- Up-to-date: /home/hong/Movement_Control/Go2Robot/install/go2_robot/share/go2_robot/go2/dae/calf.dae\n'}
[39.223302] (go2_robot) StdoutLine: {'line': b'-- Up-to-date: /home/hong/Movement_Control/Go2Robot/install/go2_robot/share/go2_robot/go2/dae/hip.dae\n'}
[39.223332] (go2_robot) StdoutLine: {'line': b'-- Up-to-date: /home/hong/Movement_Control/Go2Robot/install/go2_robot/share/go2_robot/go2/mjmodel.xml\n'}
[39.223361] (go2_robot) StdoutLine: {'line': b'-- Up-to-date: /home/hong/Movement_Control/Go2Robot/install/go2_robot/share/go2_robot/go2/go2_description.urdf\n'}
[39.223390] (go2_robot) StdoutLine: {'line': b'-- Up-to-date: /home/hong/Movement_Control/Go2Robot/install/go2_robot/share/go2_robot/go2/estiandtruth.xml\n'}
[39.223419] (go2_robot) StdoutLine: {'line': b'-- Up-to-date: /home/hong/Movement_Control/Go2Robot/install/go2_robot/share/go2_robot/go2/assets\n'}
[39.223449] (go2_robot) StdoutLine: {'line': b'-- Up-to-date: /home/hong/Movement_Control/Go2Robot/install/go2_robot/share/go2_robot/go2/assets/thigh_mirror_0.obj\n'}
[39.223480] (go2_robot) StdoutLine: {'line': b'-- Up-to-date: /home/hong/Movement_Control/Go2Robot/install/go2_robot/share/go2_robot/go2/assets/calf_mirror_1.obj\n'}
[39.223511] (go2_robot) StdoutLine: {'line': b'-- Up-to-date: /home/hong/Movement_Control/Go2Robot/install/go2_robot/share/go2_robot/go2/assets/base_1.obj\n'}
[39.223540] (go2_robot) StdoutLine: {'line': b'-- Up-to-date: /home/hong/Movement_Control/Go2Robot/install/go2_robot/share/go2_robot/go2/assets/calf_1.stl\n'}
[39.223570] (go2_robot) StdoutLine: {'line': b'-- Up-to-date: /home/hong/Movement_Control/Go2Robot/install/go2_robot/share/go2_robot/go2/assets/base_0.obj\n'}
[39.223599] (go2_robot) StdoutLine: {'line': b'-- Up-to-date: /home/hong/Movement_Control/Go2Robot/install/go2_robot/share/go2_robot/go2/assets/thigh_mirror_1.obj\n'}
[39.223630] (go2_robot) StdoutLine: {'line': b'-- Up-to-date: /home/hong/Movement_Control/Go2Robot/install/go2_robot/share/go2_robot/go2/assets/calf_mirror_1.stl\n'}
[39.223662] (go2_robot) StdoutLine: {'line': b'-- Up-to-date: /home/hong/Movement_Control/Go2Robot/install/go2_robot/share/go2_robot/go2/assets/thigh_mirror_0.stl\n'}
[39.223691] (go2_robot) StdoutLine: {'line': b'-- Up-to-date: /home/hong/Movement_Control/Go2Robot/install/go2_robot/share/go2_robot/go2/assets/foot.obj\n'}
[39.223720] (go2_robot) StdoutLine: {'line': b'-- Up-to-date: /home/hong/Movement_Control/Go2Robot/install/go2_robot/share/go2_robot/go2/assets/base_3.stl\n'}
[39.223791] (go2_robot) StdoutLine: {'line': b'-- Up-to-date: /home/hong/Movement_Control/Go2Robot/install/go2_robot/share/go2_robot/go2/assets/hip_1.obj\n'}
[39.223824] (go2_robot) StdoutLine: {'line': b'-- Up-to-date: /home/hong/Movement_Control/Go2Robot/install/go2_robot/share/go2_robot/go2/assets/hip_1.stl\n'}
[39.223857] (go2_robot) StdoutLine: {'line': b'-- Up-to-date: /home/hong/Movement_Control/Go2Robot/install/go2_robot/share/go2_robot/go2/assets/thigh_0.obj\n'}
[39.223889] (go2_robot) StdoutLine: {'line': b'-- Up-to-date: /home/hong/Movement_Control/Go2Robot/install/go2_robot/share/go2_robot/go2/assets/thigh_0.stl\n'}
[39.224378] (go2_robot) StdoutLine: {'line': b'-- Up-to-date: /home/hong/Movement_Control/Go2Robot/install/go2_robot/share/go2_robot/go2/assets/base_3.obj\n'}
[39.224835] (go2_robot) StdoutLine: {'line': b'-- Up-to-date: /home/hong/Movement_Control/Go2Robot/install/go2_robot/share/go2_robot/go2/assets/hip_0.obj\n'}
[39.224866] (go2_robot) StdoutLine: {'line': b'-- Up-to-date: /home/hong/Movement_Control/Go2Robot/install/go2_robot/share/go2_robot/go2/assets/calf_1.obj\n'}
[39.224896] (go2_robot) StdoutLine: {'line': b'-- Up-to-date: /home/hong/Movement_Control/Go2Robot/install/go2_robot/share/go2_robot/go2/assets/base_4.stl\n'}
[39.224925] (go2_robot) StdoutLine: {'line': b'-- Up-to-date: /home/hong/Movement_Control/Go2Robot/install/go2_robot/share/go2_robot/go2/assets/calf_mirror_0.stl\n'}
[39.224955] (go2_robot) StdoutLine: {'line': b'-- Up-to-date: /home/hong/Movement_Control/Go2Robot/install/go2_robot/share/go2_robot/go2/assets/base_1.stl\n'}
[39.224985] (go2_robot) StdoutLine: {'line': b'-- Up-to-date: /home/hong/Movement_Control/Go2Robot/install/go2_robot/share/go2_robot/go2/assets/base_2.stl\n'}
[39.225015] (go2_robot) StdoutLine: {'line': b'-- Up-to-date: /home/hong/Movement_Control/Go2Robot/install/go2_robot/share/go2_robot/go2/assets/calf_mirror_0.obj\n'}
[39.225046] (go2_robot) StdoutLine: {'line': b'-- Up-to-date: /home/hong/Movement_Control/Go2Robot/install/go2_robot/share/go2_robot/go2/assets/foot.stl\n'}
[39.225077] (go2_robot) StdoutLine: {'line': b'-- Up-to-date: /home/hong/Movement_Control/Go2Robot/install/go2_robot/share/go2_robot/go2/assets/calf_0.obj\n'}
[39.225109] (go2_robot) StdoutLine: {'line': b'-- Up-to-date: /home/hong/Movement_Control/Go2Robot/install/go2_robot/share/go2_robot/go2/assets/thigh_mirror_1.stl\n'}
[39.225143] (go2_robot) StdoutLine: {'line': b'-- Up-to-date: /home/hong/Movement_Control/Go2Robot/install/go2_robot/share/go2_robot/go2/assets/hip_0.stl\n'}
[39.225181] (go2_robot) StdoutLine: {'line': b'-- Up-to-date: /home/hong/Movement_Control/Go2Robot/install/go2_robot/share/go2_robot/go2/assets/calf_0.stl\n'}
[39.225223] (go2_robot) StdoutLine: {'line': b'-- Up-to-date: /home/hong/Movement_Control/Go2Robot/install/go2_robot/share/go2_robot/go2/assets/base_4.obj\n'}
[39.225261] (go2_robot) StdoutLine: {'line': b'-- Up-to-date: /home/hong/Movement_Control/Go2Robot/install/go2_robot/share/go2_robot/go2/assets/base_0.stl\n'}
[39.225298] (go2_robot) StdoutLine: {'line': b'-- Up-to-date: /home/hong/Movement_Control/Go2Robot/install/go2_robot/share/go2_robot/go2/assets/thigh_1.stl\n'}
[39.225336] (go2_robot) StdoutLine: {'line': b'-- Up-to-date: /home/hong/Movement_Control/Go2Robot/install/go2_robot/share/go2_robot/go2/assets/thigh_1.obj\n'}
[39.225375] (go2_robot) StdoutLine: {'line': b'-- Up-to-date: /home/hong/Movement_Control/Go2Robot/install/go2_robot/share/go2_robot/go2/assets/base_2.obj\n'}
[39.225413] (go2_robot) StdoutLine: {'line': b'-- Up-to-date: /home/hong/Movement_Control/Go2Robot/install/go2_robot/share/go2_robot/go2/meshes\n'}
[39.225453] (go2_robot) StdoutLine: {'line': b'-- Up-to-date: /home/hong/Movement_Control/Go2Robot/install/go2_robot/share/go2_robot/go2/meshes/RR_knee_Link.STL\n'}
[39.225491] (go2_robot) StdoutLine: {'line': b'-- Up-to-date: /home/hong/Movement_Control/Go2Robot/install/go2_robot/share/go2_robot/go2/meshes/FL_elbow_Link.STL\n'}
[39.225529] (go2_robot) StdoutLine: {'line': b'-- Up-to-date: /home/hong/Movement_Control/Go2Robot/install/go2_robot/share/go2_robot/go2/meshes/FR_elbow_Link.STL\n'}
[39.225568] (go2_robot) StdoutLine: {'line': b'-- Up-to-date: /home/hong/Movement_Control/Go2Robot/install/go2_robot/share/go2_robot/go2/meshes/RL_elbow_Link.STL\n'}
[39.225607] (go2_robot) StdoutLine: {'line': b'-- Up-to-date: /home/hong/Movement_Control/Go2Robot/install/go2_robot/share/go2_robot/go2/meshes/FL_knee_Link.STL\n'}
[39.225645] (go2_robot) StdoutLine: {'line': b'-- Up-to-date: /home/hong/Movement_Control/Go2Robot/install/go2_robot/share/go2_robot/go2/meshes/base_link.STL\n'}
[39.225684] (go2_robot) StdoutLine: {'line': b'-- Up-to-date: /home/hong/Movement_Control/Go2Robot/install/go2_robot/share/go2_robot/go2/meshes/FR_knee_Link.STL\n'}
[39.225723] (go2_robot) StdoutLine: {'line': b'-- Up-to-date: /home/hong/Movement_Control/Go2Robot/install/go2_robot/share/go2_robot/go2/meshes/RR_elbow_Link.STL\n'}
[39.225762] (go2_robot) StdoutLine: {'line': b'-- Up-to-date: /home/hong/Movement_Control/Go2Robot/install/go2_robot/share/go2_robot/go2/meshes/RL_knee_Link.STL\n'}
[39.225801] (go2_robot) StdoutLine: {'line': b'-- Up-to-date: /home/hong/Movement_Control/Go2Robot/install/go2_robot/share/go2_robot/go2/unitree_hfield.png\n'}
[39.225840] (go2_robot) StdoutLine: {'line': b'-- Up-to-date: /home/hong/Movement_Control/Go2Robot/install/go2_robot/share/ament_index/resource_index/package_run_dependencies/go2_robot\n'}
[39.225893] (go2_robot) StdoutLine: {'line': b'-- Up-to-date: /home/hong/Movement_Control/Go2Robot/install/go2_robot/share/ament_index/resource_index/parent_prefix_path/go2_robot\n'}
[39.225938] (go2_robot) StdoutLine: {'line': b'-- Up-to-date: /home/hong/Movement_Control/Go2Robot/install/go2_robot/share/go2_robot/environment/ament_prefix_path.sh\n'}
[39.225981] (go2_robot) StdoutLine: {'line': b'-- Up-to-date: /home/hong/Movement_Control/Go2Robot/install/go2_robot/share/go2_robot/environment/ament_prefix_path.dsv\n'}
[39.226045] (go2_robot) StdoutLine: {'line': b'-- Up-to-date: /home/hong/Movement_Control/Go2Robot/install/go2_robot/share/go2_robot/environment/path.sh\n'}
[39.226446] (go2_robot) StdoutLine: {'line': b'-- Up-to-date: /home/hong/Movement_Control/Go2Robot/install/go2_robot/share/go2_robot/environment/path.dsv\n'}
[39.226486] (go2_robot) StdoutLine: {'line': b'-- Up-to-date: /home/hong/Movement_Control/Go2Robot/install/go2_robot/share/go2_robot/local_setup.bash\n'}
[39.226526] (go2_robot) StdoutLine: {'line': b'-- Up-to-date: /home/hong/Movement_Control/Go2Robot/install/go2_robot/share/go2_robot/local_setup.sh\n'}
[39.226565] (go2_robot) StdoutLine: {'line': b'-- Up-to-date: /home/hong/Movement_Control/Go2Robot/install/go2_robot/share/go2_robot/local_setup.zsh\n'}
[39.226606] (go2_robot) StdoutLine: {'line': b'-- Up-to-date: /home/hong/Movement_Control/Go2Robot/install/go2_robot/share/go2_robot/local_setup.dsv\n'}
[39.226646] (go2_robot) StdoutLine: {'line': b'-- Installing: /home/hong/Movement_Control/Go2Robot/install/go2_robot/share/go2_robot/package.dsv\n'}
[39.226686] (go2_robot) StdoutLine: {'line': b'-- Up-to-date: /home/hong/Movement_Control/Go2Robot/install/go2_robot/share/ament_index/resource_index/packages/go2_robot\n'}
[39.226725] (go2_robot) StdoutLine: {'line': b'-- Up-to-date: /home/hong/Movement_Control/Go2Robot/install/go2_robot/share/go2_robot/cmake/export_go2_robot__rosidl_generator_cExport.cmake\n'}
[39.226764] (go2_robot) StdoutLine: {'line': b'-- Up-to-date: /home/hong/Movement_Control/Go2Robot/install/go2_robot/share/go2_robot/cmake/export_go2_robot__rosidl_generator_cExport-release.cmake\n'}
[39.226804] (go2_robot) StdoutLine: {'line': b'-- Up-to-date: /home/hong/Movement_Control/Go2Robot/install/go2_robot/share/go2_robot/cmake/export_go2_robot__rosidl_typesupport_fastrtps_cExport.cmake\n'}
[39.226843] (go2_robot) StdoutLine: {'line': b'-- Up-to-date: /home/hong/Movement_Control/Go2Robot/install/go2_robot/share/go2_robot/cmake/export_go2_robot__rosidl_typesupport_fastrtps_cExport-release.cmake\n'}
[39.226882] (go2_robot) StdoutLine: {'line': b'-- Up-to-date: /home/hong/Movement_Control/Go2Robot/install/go2_robot/share/go2_robot/cmake/export_go2_robot__rosidl_generator_cppExport.cmake\n'}
[39.226921] (go2_robot) StdoutLine: {'line': b'-- Up-to-date: /home/hong/Movement_Control/Go2Robot/install/go2_robot/share/go2_robot/cmake/export_go2_robot__rosidl_typesupport_fastrtps_cppExport.cmake\n'}
[39.226959] (go2_robot) StdoutLine: {'line': b'-- Up-to-date: /home/hong/Movement_Control/Go2Robot/install/go2_robot/share/go2_robot/cmake/export_go2_robot__rosidl_typesupport_fastrtps_cppExport-release.cmake\n'}
[39.227000] (go2_robot) StdoutLine: {'line': b'-- Up-to-date: /home/hong/Movement_Control/Go2Robot/install/go2_robot/share/go2_robot/cmake/go2_robot__rosidl_typesupport_introspection_cExport.cmake\n'}
[39.227043] (go2_robot) StdoutLine: {'line': b'-- Up-to-date: /home/hong/Movement_Control/Go2Robot/install/go2_robot/share/go2_robot/cmake/go2_robot__rosidl_typesupport_introspection_cExport-release.cmake\n'}
[39.227083] (go2_robot) StdoutLine: {'line': b'-- Up-to-date: /home/hong/Movement_Control/Go2Robot/install/go2_robot/share/go2_robot/cmake/go2_robot__rosidl_typesupport_cExport.cmake\n'}
[39.227125] (go2_robot) StdoutLine: {'line': b'-- Up-to-date: /home/hong/Movement_Control/Go2Robot/install/go2_robot/share/go2_robot/cmake/go2_robot__rosidl_typesupport_cExport-release.cmake\n'}
[39.227165] (go2_robot) StdoutLine: {'line': b'-- Up-to-date: /home/hong/Movement_Control/Go2Robot/install/go2_robot/share/go2_robot/cmake/go2_robot__rosidl_typesupport_introspection_cppExport.cmake\n'}
[39.227203] (go2_robot) StdoutLine: {'line': b'-- Up-to-date: /home/hong/Movement_Control/Go2Robot/install/go2_robot/share/go2_robot/cmake/go2_robot__rosidl_typesupport_introspection_cppExport-release.cmake\n'}
[39.227241] (go2_robot) StdoutLine: {'line': b'-- Up-to-date: /home/hong/Movement_Control/Go2Robot/install/go2_robot/share/go2_robot/cmake/go2_robot__rosidl_typesupport_cppExport.cmake\n'}
[39.227280] (go2_robot) StdoutLine: {'line': b'-- Up-to-date: /home/hong/Movement_Control/Go2Robot/install/go2_robot/share/go2_robot/cmake/go2_robot__rosidl_typesupport_cppExport-release.cmake\n'}
[39.227318] (go2_robot) StdoutLine: {'line': b'-- Up-to-date: /home/hong/Movement_Control/Go2Robot/install/go2_robot/share/go2_robot/cmake/export_go2_robot__rosidl_generator_pyExport.cmake\n'}
[39.227357] (go2_robot) StdoutLine: {'line': b'-- Up-to-date: /home/hong/Movement_Control/Go2Robot/install/go2_robot/share/go2_robot/cmake/export_go2_robot__rosidl_generator_pyExport-release.cmake\n'}
[39.227395] (go2_robot) StdoutLine: {'line': b'-- Up-to-date: /home/hong/Movement_Control/Go2Robot/install/go2_robot/share/go2_robot/cmake/rosidl_cmake-extras.cmake\n'}
[39.227435] (go2_robot) StdoutLine: {'line': b'-- Up-to-date: /home/hong/Movement_Control/Go2Robot/install/go2_robot/share/go2_robot/cmake/ament_cmake_export_dependencies-extras.cmake\n'}
[39.227480] (go2_robot) StdoutLine: {'line': b'-- Up-to-date: /home/hong/Movement_Control/Go2Robot/install/go2_robot/share/go2_robot/cmake/ament_cmake_export_include_directories-extras.cmake\n'}
[39.227519] (go2_robot) StdoutLine: {'line': b'-- Up-to-date: /home/hong/Movement_Control/Go2Robot/install/go2_robot/share/go2_robot/cmake/ament_cmake_export_libraries-extras.cmake\n'}
[39.227559] (go2_robot) StdoutLine: {'line': b'-- Up-to-date: /home/hong/Movement_Control/Go2Robot/install/go2_robot/share/go2_robot/cmake/ament_cmake_export_targets-extras.cmake\n'}
[39.227597] (go2_robot) StdoutLine: {'line': b'-- Up-to-date: /home/hong/Movement_Control/Go2Robot/install/go2_robot/share/go2_robot/cmake/rosidl_cmake_export_typesupport_targets-extras.cmake\n'}
[39.227635] (go2_robot) StdoutLine: {'line': b'-- Up-to-date: /home/hong/Movement_Control/Go2Robot/install/go2_robot/share/go2_robot/cmake/rosidl_cmake_export_typesupport_libraries-extras.cmake\n'}
[39.227723] (go2_robot) StdoutLine: {'line': b'-- Up-to-date: /home/hong/Movement_Control/Go2Robot/install/go2_robot/share/go2_robot/cmake/go2_robotConfig.cmake\n'}
[39.227772] (go2_robot) StdoutLine: {'line': b'-- Up-to-date: /home/hong/Movement_Control/Go2Robot/install/go2_robot/share/go2_robot/cmake/go2_robotConfig-version.cmake\n'}
[39.227815] (go2_robot) StdoutLine: {'line': b'-- Up-to-date: /home/hong/Movement_Control/Go2Robot/install/go2_robot/share/go2_robot/package.xml\n'}
[39.227928] (go2_robot) StdoutLine: {'line': b'-- Up-to-date: /home/hong/Movement_Control/Go2Robot/install/go2_robot/lib/libOsqpEigen.so.0.11.0\n'}
[39.227973] (go2_robot) StdoutLine: {'line': b'-- Up-to-date: /home/hong/Movement_Control/Go2Robot/install/go2_robot/lib/libOsqpEigen.so\n'}
[39.228131] (go2_robot) StdoutLine: {'line': b'-- Up-to-date: /home/hong/Movement_Control/Go2Robot/install/go2_robot/include/OsqpEigen/OsqpEigen.h\n'}
[39.228213] (go2_robot) StdoutLine: {'line': b'-- Up-to-date: /home/hong/Movement_Control/Go2Robot/install/go2_robot/include/OsqpEigen/Constants.hpp\n'}
[39.228256] (go2_robot) StdoutLine: {'line': b'-- Up-to-date: /home/hong/Movement_Control/Go2Robot/install/go2_robot/include/OsqpEigen/SparseMatrixHelper.hpp\n'}
[39.228311] (go2_robot) StdoutLine: {'line': b'-- Up-to-date: /home/hong/Movement_Control/Go2Robot/install/go2_robot/include/OsqpEigen/SparseMatrixHelper.tpp\n'}
[39.228353] (go2_robot) StdoutLine: {'line': b'-- Up-to-date: /home/hong/Movement_Control/Go2Robot/install/go2_robot/include/OsqpEigen/Data.hpp\n'}
[39.228396] (go2_robot) StdoutLine: {'line': b'-- Up-to-date: /home/hong/Movement_Control/Go2Robot/install/go2_robot/include/OsqpEigen/Data.tpp\n'}
[39.228437] (go2_robot) StdoutLine: {'line': b'-- Up-to-date: /home/hong/Movement_Control/Go2Robot/install/go2_robot/include/OsqpEigen/Settings.hpp\n'}
[39.228477] (go2_robot) StdoutLine: {'line': b'-- Up-to-date: /home/hong/Movement_Control/Go2Robot/install/go2_robot/include/OsqpEigen/Solver.hpp\n'}
[39.228519] (go2_robot) StdoutLine: {'line': b'-- Up-to-date: /home/hong/Movement_Control/Go2Robot/install/go2_robot/include/OsqpEigen/Solver.tpp\n'}
[39.228560] (go2_robot) StdoutLine: {'line': b'-- Up-to-date: /home/hong/Movement_Control/Go2Robot/install/go2_robot/include/OsqpEigen/Compat.hpp\n'}
[39.229188] (go2_robot) StdoutLine: {'line': b'-- Up-to-date: /home/hong/Movement_Control/Go2Robot/install/go2_robot/include/OsqpEigen/Debug.hpp\n'}
[39.229242] (go2_robot) StdoutLine: {'line': b'-- Up-to-date: /home/hong/Movement_Control/Go2Robot/install/go2_robot/lib/cmake/OsqpEigen/OsqpEigenConfigVersion.cmake\n'}
[39.229296] (go2_robot) StdoutLine: {'line': b'-- Up-to-date: /home/hong/Movement_Control/Go2Robot/install/go2_robot/lib/cmake/OsqpEigen/OsqpEigenConfig.cmake\n'}
[39.229370] (go2_robot) StdoutLine: {'line': b'-- Up-to-date: /home/hong/Movement_Control/Go2Robot/install/go2_robot/lib/cmake/OsqpEigen/OsqpEigenTargets.cmake\n'}
[39.229421] (go2_robot) StdoutLine: {'line': b'-- Up-to-date: /home/hong/Movement_Control/Go2Robot/install/go2_robot/lib/cmake/OsqpEigen/OsqpEigenTargets-release.cmake\n'}
[39.229503] (go2_robot) StdoutLine: {'line': b'-- Up-to-date: /home/hong/Movement_Control/Go2Robot/install/go2_robot/share/cmake/osqp-eigen/package.xml\n'}
[39.229554] (go2_robot) CommandEnded: {'returncode': 0}
[39.293647] (-) TimerEvent: {}
[39.302852] (go2_robot) JobEnded: {'identifier': 'go2_robot', 'rc': 0}
[39.303237] (-) EventReactorShutdown: {}
