[  2%] Built target go2_robot__cpp
[  4%] Built target go2_robot__rs
[ 10%] Built target go2_robot__rosidl_generator_c
[ 20%] Built target OsqpEigen
[ 20%] Built target ament_cmake_python_copy_go2_robot
[ 26%] Built target go2_robot__rosidl_typesupport_cpp
[ 32%] Built target go2_robot__rosidl_typesupport_fastrtps_cpp
[ 38%] Built target go2_robot__rosidl_typesupport_introspection_cpp
[ 48%] Built target go2_robot__rosidl_typesupport_introspection_c
[ 51%] Built target go2_robot__rosidl_typesupport_c
[ 57%] Built target go2_robot__rosidl_typesupport_fastrtps_c
[ 75%] Built target go2_core
[ 75%] Built target go2_robot
[35m[1mConsolidate compiler generated dependencies of target go2_control_node[0m
[ 77%] Built target go2_robot__py
[ 81%] Built target go2_robot__rosidl_generator_py
[ 85%] Built target go2_robot__rosidl_typesupport_c__pyext
[ 89%] Built target go2_robot__rosidl_typesupport_introspection_c__pyext
[ 93%] Built target go2_robot__rosidl_typesupport_fastrtps_c__pyext
[ 95%] [32mBuilding CXX object CMakeFiles/go2_control_node.dir/src/ros2/go2_control_node.cpp.o[0m
running egg_info
writing go2_robot.egg-info/PKG-INFO
writing dependency_links to go2_robot.egg-info/dependency_links.txt
writing top-level names to go2_robot.egg-info/top_level.txt
reading manifest file 'go2_robot.egg-info/SOURCES.txt'
writing manifest file 'go2_robot.egg-info/SOURCES.txt'
[ 95%] Built target ament_cmake_python_build_go2_robot_egg
[01m[K/home/hong/Movement_Control/Go2Robot/src/ros2/go2_control_node.cpp:[m[K In member function ‘[01m[Kvoid go2::Go2ControlNode::wbcControlLoop()[m[K’:
[01m[K/home/hong/Movement_Control/Go2Robot/src/ros2/go2_control_node.cpp:271:59:[m[K [01;31m[Kerror: [m[Kno matching function for call to ‘[01m[Kgo2::Go2ControlNode::computePoseAccDes(const ConstantReturnType, const ConstantReturnType, const ConstantReturnType, RobotState&, bool)[m[K’
  271 |     Eigen::Matrix<double, 18, 1> q_des = [01;31m[KcomputePoseAccDes([m[K
      |                                          [01;31m[K~~~~~~~~~~~~~~~~~^[m[K
  272 | [01;31m[K        Eigen::Vector3d::Zero(), Eigen::Vector3d::Zero(),[m[K
      |         [01;31m[K~~~~~~~~~~~~~~~~~~~~~~~~~~~~~~~~~~~~~~~~~~~~~~~~~[m[K  
  273 | [01;31m[K        Eigen::Matrix<double, 12, 1>::Zero(), state,true)[m[K;
      |         [01;31m[K~~~~~~~~~~~~~~~~~~~~~~~~~~~~~~~~~~~~~~~~~~~~~~~~~[m[K  
In file included from [01m[K/home/hong/Movement_Control/Go2Robot/src/ros2/go2_control_node.cpp:1[m[K:
[01m[K/home/hong/Movement_Control/Go2Robot/include/ros2/go2_control_node.hpp:125:34:[m[K [01;36m[Knote: [m[Kcandidate: ‘[01m[KEigen::Matrix<double, 18, 1> go2::Go2ControlNode::computePoseAccDes(const RobotState&, bool)[m[K’
  125 |     Eigen::Matrix<double, 18, 1> [01;36m[KcomputePoseAccDes[m[K(const RobotState& state, bool pd_open = true);
      |                                  [01;36m[K^~~~~~~~~~~~~~~~~[m[K
[01m[K/home/hong/Movement_Control/Go2Robot/include/ros2/go2_control_node.hpp:125:34:[m[K [01;36m[Knote: [m[K  candidate expects 2 arguments, 5 provided
gmake[2]: *** [CMakeFiles/go2_control_node.dir/build.make:76：CMakeFiles/go2_control_node.dir/src/ros2/go2_control_node.cpp.o] 错误 1
gmake[1]: *** [CMakeFiles/Makefile2:294：CMakeFiles/go2_control_node.dir/all] 错误 2
gmake: *** [Makefile:146：all] 错误 2
