[0.006s] Invoking command in '/home/hong/Movement_Control/Go2Robot/build/go2_robot': CMAKE_PREFIX_PATH=${CMAKE_PREFIX_PATH}:/opt/ros/humble /usr/bin/cmake /home/hong/Movement_Control/Go2Robot -DCMAKE_INSTALL_PREFIX=/home/hong/Movement_Control/Go2Robot/install/go2_robot
[0.461s] -- The C compiler identification is GNU 11.4.0
[0.546s] -- The CXX compiler identification is GNU 11.4.0
[0.561s] -- Detecting C compiler ABI info
[0.691s] -- Detecting C compiler ABI info - done
[0.698s] -- Check for working C compiler: /usr/bin/cc - skipped
[0.698s] -- Detecting C compile features
[0.707s] -- Detecting C compile features - done
[0.722s] -- Detecting CXX compiler ABI info
[0.784s] -- Detecting CXX compiler ABI info - done
[0.789s] -- Check for working CXX compiler: /usr/bin/c++ - skipped
[0.789s] -- Detecting CXX compile features
[0.790s] -- Detecting CXX compile features - done
[0.973s] -- Found ament_cmake: 1.3.14 (/opt/ros/humble/share/ament_cmake/cmake)
[1.327s] -- Found Python3: /usr/bin/python3 (found version "3.10.12") found components: Interpreter 
[1.794s] -- Found rclcpp: 16.0.19 (/opt/ros/humble/share/rclcpp/cmake)
[2.271s] -- Found rosidl_generator_c: 3.1.8 (/opt/ros/humble/share/rosidl_generator_c/cmake)
[2.287s] -- Found rosidl_adapter: 3.1.8 (/opt/ros/humble/share/rosidl_adapter/cmake)
[2.310s] -- Found rosidl_generator_cpp: 3.1.8 (/opt/ros/humble/share/rosidl_generator_cpp/cmake)
[2.377s] -- Using all available rosidl_typesupport_c: rosidl_typesupport_fastrtps_c;rosidl_typesupport_introspection_c
[2.429s] -- Using all available rosidl_typesupport_cpp: rosidl_typesupport_fastrtps_cpp;rosidl_typesupport_introspection_cpp
[2.688s] -- Found rmw_implementation_cmake: 6.1.2 (/opt/ros/humble/share/rmw_implementation_cmake/cmake)
[2.725s] -- Found rmw_fastrtps_cpp: 6.2.10 (/opt/ros/humble/share/rmw_fastrtps_cpp/cmake)
[3.221s] -- Found OpenSSL: /usr/lib/x86_64-linux-gnu/libcrypto.so (found version "3.0.2")  
[3.275s] -- Found FastRTPS: /opt/ros/humble/include  
[3.313s] -- Using RMW implementation 'rmw_fastrtps_cpp' as default
[3.423s] -- Looking for pthread.h
[3.567s] -- Looking for pthread.h - found
[3.567s] -- Performing Test CMAKE_HAVE_LIBC_PTHREAD
[3.648s] -- Performing Test CMAKE_HAVE_LIBC_PTHREAD - Success
[3.649s] -- Found Threads: TRUE  
[4.455s] -- Found geometry_msgs: 4.9.2 (/opt/ros/humble/share/geometry_msgs/cmake)
[4.730s] -- Found sensor_msgs: 4.9.1 (/opt/ros/humble/share/sensor_msgs/cmake)
[4.947s] -- Found nav_msgs: 4.9.1 (/opt/ros/humble/share/nav_msgs/cmake)
[5.152s] -- Found rosidl_default_generators: 1.2.1 (/opt/ros/humble/share/rosidl_default_generators/cmake)
[5.744s] -- Found GLEW: /usr/include (found version "2.2.0") 
[5.803s] [33mCMake Warning (dev) at /usr/share/cmake-3.22/Modules/FindOpenGL.cmake:315 (message):
[5.803s]   Policy CMP0072 is not set: FindOpenGL prefers GLVND by default when
[5.803s]   available.  Run "cmake --help-policy CMP0072" for policy details.  Use the
[5.803s]   cmake_policy command to set the policy and suppress this warning.
[5.803s] 
[5.803s]   FindOpenGL found both a legacy GL library:
[5.803s] 
[5.803s]     OPENGL_gl_LIBRARY: /usr/lib/x86_64-linux-gnu/libGL.so
[5.803s] 
[5.803s]   and GLVND libraries for OpenGL and GLX:
[5.803s] 
[5.803s]     OPENGL_opengl_LIBRARY: /usr/lib/x86_64-linux-gnu/libOpenGL.so
[5.803s]     OPENGL_glx_LIBRARY: /usr/lib/x86_64-linux-gnu/libGLX.so
[5.803s] 
[5.803s]   OpenGL_GL_PREFERENCE has not been set to "GLVND" or "LEGACY", so for
[5.803s]   compatibility with CMake 3.10 and below the legacy GL library will be used.
[5.803s] Call Stack (most recent call first):
[5.803s]   CMakeLists.txt:27 (find_package)
[5.803s] This warning is for project developers.  Use -Wno-dev to suppress it.
[5.803s] [0m
[5.803s] -- Found OpenGL: /usr/lib/x86_64-linux-gnu/libOpenGL.so   
[5.923s] -- Setting build type to 'Release' as none was specified.
[6.497s] -- pinocchio_default FOUND. pinocchio_default at /opt/ros/humble/lib/x86_64-linux-gnu/libpinocchio_default.so
[6.498s] -- pinocchio_parsers FOUND. pinocchio_parsers at /opt/ros/humble/lib/x86_64-linux-gnu/libpinocchio_parsers.so
[6.498s] -- boost_filesystem FOUND. boost_filesystem at /lib/x86_64-linux-gnu/libboost_filesystem.so
[6.922s] -- Found Boost: /usr/include (found version "1.74.0") found components: filesystem serialization 
[7.041s] -- eigenpy FOUND. eigenpy at /opt/ros/humble/lib/x86_64-linux-gnu/libeigenpy.so
[7.062s] -- Checking for NumPy
[8.071s] --   NUMPY_INCLUDE_DIRS=/home/hong/.local/lib/python3.10/site-packages/numpy/_core/include
[8.141s] --   NUMPY_VERSION=2.2.6
[8.409s] -- Found Python3: /usr/bin/python3 (found version "3.10.12") found components: Interpreter Development.Module NumPy 
[8.410s] -- PythonLibraryDirs: 
[8.410s] -- PythonLibVersionString: 3.10.12
[8.423s] -- Python site lib: lib/python3.10/site-packages
[8.423s] -- Python include dirs: /usr/include/python3.10
[8.450s] -- Checking for NumPy
[8.546s] --   NUMPY_INCLUDE_DIRS=/home/hong/.local/lib/python3.10/site-packages/numpy/_core/include
[8.652s] --   NUMPY_VERSION=2.2.6
[8.653s] -- NumPy include dir: /home/hong/.local/lib/python3.10/site-packages/numpy/_core/include
[8.656s] [33mCMake Warning at /usr/share/cmake-3.22/Modules/FindBoost.cmake:2201 (message):
[8.656s]   No header defined for python310; skipping header check (note: header-only
[8.656s]   libraries have no designated component)
[8.656s] Call Stack (most recent call first):
[8.656s]   /opt/ros/humble/lib/x86_64-linux-gnu/cmake/eigenpy/boost.cmake:148 (find_package)
[8.656s]   /opt/ros/humble/lib/x86_64-linux-gnu/cmake/eigenpy/eigenpyConfig.cmake:149 (SEARCH_FOR_BOOST_PYTHON)
[8.656s]   /usr/share/cmake-3.22/Modules/CMakeFindDependencyMacro.cmake:47 (find_package)
[8.656s]   /opt/ros/humble/lib/x86_64-linux-gnu/cmake/pinocchio/pinocchioConfig.cmake:161 (find_dependency)
[8.656s]   CMakeLists.txt:39 (find_package)
[8.656s] 
[8.656s] [0m
[8.684s] -- Found Boost: /usr/include (found version "1.74.0") found components: python310 
[8.974s] -- Default C++ standard: 201703
[8.974s] -- Minimal C++ standard upgraded to 11
[8.974s] -- C++ standard sufficient: Minimal required 11, currently defined: 17
[9.001s] -- hpp-fcl FOUND. hpp-fcl at /opt/ros/humble/lib/x86_64-linux-gnu/libhpp-fcl.so
[9.026s] -- Found Boost: /usr/include (found version "1.74.0") found components: chrono serialization filesystem 
[9.083s] -- C++ standard sufficient: Minimal required 11, currently defined: 17
[9.139s] -- C++ standard sufficient: Minimal required 11, currently defined: 17
[9.185s] -- Found Python3: /usr/bin/python3 (found version "3.10.12") found components: Interpreter 
[9.536s] -- Found ament_cmake_ros: 0.10.0 (/opt/ros/humble/share/ament_cmake_ros/cmake)
[9.925s] -- Using all available rosidl_typesupport_c: rosidl_typesupport_fastrtps_c;rosidl_typesupport_introspection_c
[10.022s] -- Using all available rosidl_typesupport_cpp: rosidl_typesupport_fastrtps_cpp;rosidl_typesupport_introspection_cpp
[10.075s] -- Found PythonInterp: /usr/bin/python3 (found suitable version "3.10.12", minimum required is "3.6") 
[10.087s] -- Found python_cmake_module: 0.10.0 (/opt/ros/humble/share/python_cmake_module/cmake)
[10.092s] [31mCMake Error at /usr/share/cmake-3.22/Modules/FindPackageHandleStandardArgs.cmake:230 (message):
[10.092s]   Could NOT find PythonInterp (missing: PYTHON_EXECUTABLE) (found suitable
[10.093s]   version "3.10.12", minimum required is "3.6")
[10.093s] Call Stack (most recent call first):
[10.093s]   /usr/share/cmake-3.22/Modules/FindPackageHandleStandardArgs.cmake:594 (_FPHSA_FAILURE_MESSAGE)
[10.093s]   /usr/share/cmake-3.22/Modules/FindPythonInterp.cmake:169 (FIND_PACKAGE_HANDLE_STANDARD_ARGS)
[10.093s]   /opt/ros/humble/share/python_cmake_module/cmake/Modules/FindPythonExtra.cmake:52 (find_package)
[10.093s]   /opt/ros/humble/share/rosidl_generator_py/cmake/rosidl_generator_py_generate_interfaces.cmake:23 (find_package)
[10.093s]   /opt/ros/humble/share/ament_cmake_core/cmake/core/ament_execute_extensions.cmake:48 (include)
[10.093s]   /opt/ros/humble/share/rosidl_cmake/cmake/rosidl_generate_interfaces.cmake:286 (ament_execute_extensions)
[10.094s]   CMakeLists.txt:104 (rosidl_generate_interfaces)
[10.094s] 
[10.094s] [0m
[10.094s] -- Configuring incomplete, errors occurred!
[10.094s] See also "/home/hong/Movement_Control/Go2Robot/build/go2_robot/CMakeFiles/CMakeOutput.log".
[10.106s] Invoked command in '/home/hong/Movement_Control/Go2Robot/build/go2_robot' returned '1': CMAKE_PREFIX_PATH=${CMAKE_PREFIX_PATH}:/opt/ros/humble /usr/bin/cmake /home/hong/Movement_Control/Go2Robot -DCMAKE_INSTALL_PREFIX=/home/hong/Movement_Control/Go2Robot/install/go2_robot
