[0.000000] (-) TimerEvent: {}
[0.000115] (go2_robot) JobQueued: {'identifier': 'go2_robot', 'dependencies': OrderedDict()}
[0.000148] (go2_robot) JobStarted: {'identifier': 'go2_robot'}
[0.005871] (go2_robot) JobProgress: {'identifier': 'go2_robot', 'progress': 'cmake'}
[0.006553] (go2_robot) JobProgress: {'identifier': 'go2_robot', 'progress': 'build'}
[0.007276] (go2_robot) Command: {'cmd': ['/usr/bin/cmake', '--build', '/home/hong/Movement_Control/Go2Robot/build/go2_robot', '--', '-j24', '-l24'], 'cwd': '/home/hong/Movement_Control/Go2Robot/build/go2_robot', 'env': OrderedDict([('GJS_DEBUG_TOPICS', 'JS ERROR;JS LOG'), ('PYTHONIOENCODING', 'utf-8'), ('ZAI_OAUTH_CLIENT_ID', 'client_P8X5CMWmlaRO9gyO-KSqtg'), ('ZCODE_DESKTOP_CONTEXT_PROMPT_ENABLED', '1'), ('LANGUAGE', 'zh_CN:zh:en_US:en'), ('USER', 'hong'), ('LC_TIME', 'zh_CN.UTF-8'), ('GIT_EDITOR', 'true'), ('XDG_SESSION_TYPE', 'x11'), ('SHLVL', '0'), ('LD_LIBRARY_PATH', '/home/hong/Movement_Control/Go2Robot/install/go2_robot/lib:/usr/lib/x86_64-linux-gnu/gazebo-11/plugins:/opt/ros/humble/opt/rviz_ogre_vendor/lib:/opt/ros/humble/lib/x86_64-linux-gnu:/opt/ros/humble/lib:/tmp/.mount_ZCode-wMDykL/usr/lib:'), ('INPUT_METHOD', 'fcitx'), ('HOME', '/home/hong'), ('CHROME_DESKTOP', 'zcode.desktop'), ('APPDIR', '/tmp/.mount_ZCode-wMDykL'), ('DESKTOP_SESSION', 'ubuntu'), ('ZAI_OAUTH_ORIGIN', 'https://chat.z.ai'), ('GIO_LAUNCHED_DESKTOP_FILE', '/home/hong/.local/share/applications/zcode.desktop'), ('ZCODE_APP_VERSION', '3.10.2'), ('ROS_PYTHON_VERSION', '3'), ('GNOME_SHELL_SESSION_MODE', 'ubuntu'), ('GTK_MODULES', 'gail:atk-bridge'), ('SDL_IM_MODULE', 'fcitx'), ('LC_MONETARY', 'zh_CN.UTF-8'), ('MANAGERPID', '2192'), ('LC_CTYPE', 'zh_CN.UTF-8'), ('GLFW_IM_MODULE', 'ibus'), ('SYSTEMD_EXEC_PID', '2437'), ('DBUS_SESSION_BUS_ADDRESS', 'unix:path=/run/user/1000/bus'), ('ZCODE_PROCESS_LABEL', 'local-1'), ('GIO_LAUNCHED_DESKTOP_FILE_PID', '43852'), ('COLCON_PREFIX_PATH', '/home/hong/Movement_Control/Go2Robot/install'), ('ROS_DISTRO', 'humble'), ('GTK_IM_MODULE', 'ibus'), ('LOGNAME', 'hong'), ('ZCODE_RUNTIME_ENV', 'production'), ('OWD', '/home/hong'), ('JOURNAL_STREAM', '8:13613'), ('_', '/usr/bin/colcon'), ('ROS_VERSION', '2'), ('XDG_SESSION_CLASS', 'user'), ('USERNAME', 'hong'), ('ZAI_BUSINESS_BASE_URL', 'https://api.z.ai'), ('GNOME_DESKTOP_SESSION_ID', 'this-is-deprecated'), ('FC_FONTATIONS', '1'), ('ROS_LOCALHOST_ONLY', '0'), ('WINDOWPATH', '2'), ('PATH', '/opt/ros/humble/bin:/usr/local/sbin:/usr/local/bin:/usr/sbin:/usr/bin:/sbin:/bin:/tmp/.mount_ZCode-wMDykL:/tmp/.mount_ZCode-wMDykL/usr/sbin:/home/hong/.local/bin:/usr/games:/usr/local/games:/snap/bin:/tmp/.mount_ZCode-wMDykL/resources/tools/bfs:/tmp/.mount_ZCode-wMDykL/resources/tools/ripgrep:/tmp/.mount_ZCode-wMDykL/resources/tools/ugrep'), ('SESSION_MANAGER', 'local/hong:@/tmp/.ICE-unix/2413,unix/hong:/tmp/.ICE-unix/2413'), ('INVOCATION_ID', 'c2c17b44c8b4497b97b23583b0c5ca9e'), ('APPIMAGE', '/home/hong/下载/ZCode-3.10.2-linux-x64.AppImage'), ('XDG_MENU_PREFIX', 'gnome-'), ('LC_ADDRESS', 'zh_CN.UTF-8'), ('ZCODE_BUILD_COMMIT_ID', '35824adf'), ('XDG_RUNTIME_DIR', '/run/user/1000'), ('GDK_BACKEND', 'x11'), ('DISPLAY', ':1'), ('ZCODE_BFS_BINARY', '/tmp/.mount_ZCode-wMDykL/resources/tools/bfs/bfs'), ('LANG', 'zh_CN.UTF-8'), ('XDG_CURRENT_DESKTOP', 'ubuntu:GNOME'), ('LC_TELEPHONE', 'zh_CN.UTF-8'), ('XMODIFIERS', '@im=ibus'), ('XDG_SESSION_DESKTOP', 'ubuntu'), ('XAUTHORITY', '/run/user/1000/gdm/Xauthority'), ('SSH_AGENT_LAUNCHER', 'gnome-keyring'), ('SSH_AUTH_SOCK', '/run/user/1000/keyring/ssh'), ('GSETTINGS_SCHEMA_DIR', '/tmp/.mount_ZCode-wMDykL/usr/share/glib-2.0/schemas:'), ('AMENT_PREFIX_PATH', '/home/hong/Movement_Control/Go2Robot/install/go2_robot:/opt/ros/humble'), ('SHELL', '/bin/bash'), ('LC_NAME', 'zh_CN.UTF-8'), ('ARGV0', '/home/hong/下载/ZCode-3.10.2-linux-x64.AppImage'), ('QT_ACCESSIBILITY', '1'), ('GDMSESSION', 'ubuntu'), ('PYTHONUTF8', '1'), ('LC_MEASUREMENT', 'zh_CN.UTF-8'), ('GPG_AGENT_INFO', '/run/user/1000/gnupg/S.gpg-agent:0:1'), ('GJS_DEBUG_OUTPUT', 'stderr'), ('LC_IDENTIFICATION', 'zh_CN.UTF-8'), ('ZCODE_CUA_GRAY_ENABLED', '0'), ('QT_IM_MODULE', 'ibus'), ('PWD', '/home/hong/Movement_Control/Go2Robot/build/go2_robot'), ('ZCODE_BASE_URL', 'https://zcode.z.ai'), ('XDG_CONFIG_DIRS', '/etc/xdg/xdg-ubuntu:/etc/xdg'), ('XDG_DATA_DIRS', '/tmp/.mount_ZCode-wMDykL/usr/share/:./share/:/usr/share/gnome:/usr/local/share/:/usr/share/:/usr/share/ubuntu:/usr/share/gnome:/usr/local/share/:/usr/share/:/var/lib/snapd/desktop:/usr/share/gnome/:/usr/local/share/:/usr/share/'), ('ZCODE_RG_BINARY', '/tmp/.mount_ZCode-wMDykL/resources/tools/ripgrep/rg'), ('PYTHONPATH', '/home/hong/Movement_Control/Go2Robot/install/go2_robot/local/lib/python3.10/dist-packages:/opt/ros/humble/lib/python3.10/site-packages:/opt/ros/humble/local/lib/python3.10/dist-packages'), ('ZCODE_UGREP_BINARY', '/tmp/.mount_ZCode-wMDykL/resources/tools/ugrep/ugrep'), ('ZCODE_ENV', 'production'), ('LC_NUMERIC', 'zh_CN.UTF-8'), ('LC_PAPER', 'zh_CN.UTF-8'), ('COLCON', '1'), ('CMAKE_PREFIX_PATH', '/home/hong/Movement_Control/Go2Robot/install/go2_robot:/opt/ros/humble')]), 'shell': False}
[0.099624] (-) TimerEvent: {}
[0.199932] (-) TimerEvent: {}
[0.226481] (go2_robot) StdoutLine: {'line': b'-- Found ament_cmake: 1.3.14 (/opt/ros/humble/share/ament_cmake/cmake)\n'}
[0.300195] (-) TimerEvent: {}
[0.400544] (-) TimerEvent: {}
[0.500850] (-) TimerEvent: {}
[0.601129] (-) TimerEvent: {}
[0.701427] (-) TimerEvent: {}
[0.801608] (-) TimerEvent: {}
[0.814727] (go2_robot) StdoutLine: {'line': b'-- Found rclcpp: 16.0.19 (/opt/ros/humble/share/rclcpp/cmake)\n'}
[0.901773] (-) TimerEvent: {}
[1.001955] (-) TimerEvent: {}
[1.084028] (go2_robot) StdoutLine: {'line': b'-- Found rosidl_generator_c: 3.1.8 (/opt/ros/humble/share/rosidl_generator_c/cmake)\n'}
[1.091688] (go2_robot) StdoutLine: {'line': b'-- Found rosidl_adapter: 3.1.8 (/opt/ros/humble/share/rosidl_adapter/cmake)\n'}
[1.102183] (-) TimerEvent: {}
[1.112535] (go2_robot) StdoutLine: {'line': b'-- Found rosidl_generator_cpp: 3.1.8 (/opt/ros/humble/share/rosidl_generator_cpp/cmake)\n'}
[1.177312] (go2_robot) StdoutLine: {'line': b'-- Using all available rosidl_typesupport_c: rosidl_typesupport_fastrtps_c;rosidl_typesupport_introspection_c\n'}
[1.202376] (-) TimerEvent: {}
[1.239811] (go2_robot) StdoutLine: {'line': b'-- Using all available rosidl_typesupport_cpp: rosidl_typesupport_fastrtps_cpp;rosidl_typesupport_introspection_cpp\n'}
[1.302590] (-) TimerEvent: {}
[1.402865] (-) TimerEvent: {}
[1.456928] (go2_robot) StdoutLine: {'line': b'-- Found rmw_implementation_cmake: 6.1.2 (/opt/ros/humble/share/rmw_implementation_cmake/cmake)\n'}
[1.502977] (-) TimerEvent: {}
[1.581943] (go2_robot) StdoutLine: {'line': b'-- Found rmw_fastrtps_cpp: 6.2.10 (/opt/ros/humble/share/rmw_fastrtps_cpp/cmake)\n'}
[1.603113] (-) TimerEvent: {}
[1.703367] (-) TimerEvent: {}
[1.803592] (-) TimerEvent: {}
[1.903865] (-) TimerEvent: {}
[2.004143] (-) TimerEvent: {}
[2.104417] (-) TimerEvent: {}
[2.180773] (go2_robot) StdoutLine: {'line': b"-- Using RMW implementation 'rmw_fastrtps_cpp' as default\n"}
[2.204609] (-) TimerEvent: {}
[2.304904] (-) TimerEvent: {}
[2.405185] (-) TimerEvent: {}
[2.504484] (go2_robot) StdoutLine: {'line': b'-- Found geometry_msgs: 4.9.2 (/opt/ros/humble/share/geometry_msgs/cmake)\n'}
[2.505270] (-) TimerEvent: {}
[2.585933] (go2_robot) StdoutLine: {'line': b'-- Found sensor_msgs: 4.9.1 (/opt/ros/humble/share/sensor_msgs/cmake)\n'}
[2.605468] (-) TimerEvent: {}
[2.616314] (go2_robot) StdoutLine: {'line': b'-- Found nav_msgs: 4.9.1 (/opt/ros/humble/share/nav_msgs/cmake)\n'}
[2.644531] (go2_robot) StdoutLine: {'line': b'-- Found rosidl_default_generators: 1.2.1 (/opt/ros/humble/share/rosidl_default_generators/cmake)\n'}
[2.705692] (-) TimerEvent: {}
[2.805945] (-) TimerEvent: {}
[2.810077] (go2_robot) StderrLine: {'line': b'CMake Warning (dev) at /usr/share/cmake-3.22/Modules/FindOpenGL.cmake:315 (message):\n'}
[2.810354] (go2_robot) StderrLine: {'line': b'  Policy CMP0072 is not set: FindOpenGL prefers GLVND by default when\n'}
[2.810448] (go2_robot) StderrLine: {'line': b'  available.  Run "cmake --help-policy CMP0072" for policy details.  Use the\n'}
[2.810528] (go2_robot) StderrLine: {'line': b'  cmake_policy command to set the policy and suppress this warning.\n'}
[2.810599] (go2_robot) StderrLine: {'line': b'\n'}
[2.810708] (go2_robot) StderrLine: {'line': b'  FindOpenGL found both a legacy GL library:\n'}
[2.810777] (go2_robot) StderrLine: {'line': b'\n'}
[2.810850] (go2_robot) StderrLine: {'line': b'    OPENGL_gl_LIBRARY: /usr/lib/x86_64-linux-gnu/libGL.so\n'}
[2.810918] (go2_robot) StderrLine: {'line': b'\n'}
[2.810982] (go2_robot) StderrLine: {'line': b'  and GLVND libraries for OpenGL and GLX:\n'}
[2.811043] (go2_robot) StderrLine: {'line': b'\n'}
[2.811103] (go2_robot) StderrLine: {'line': b'    OPENGL_opengl_LIBRARY: /usr/lib/x86_64-linux-gnu/libOpenGL.so\n'}
[2.811166] (go2_robot) StderrLine: {'line': b'    OPENGL_glx_LIBRARY: /usr/lib/x86_64-linux-gnu/libGLX.so\n'}
[2.811228] (go2_robot) StderrLine: {'line': b'\n'}
[2.811288] (go2_robot) StderrLine: {'line': b'  OpenGL_GL_PREFERENCE has not been set to "GLVND" or "LEGACY", so for\n'}
[2.811349] (go2_robot) StderrLine: {'line': b'  compatibility with CMake 3.10 and below the legacy GL library will be used.\n'}
[2.811408] (go2_robot) StderrLine: {'line': b'Call Stack (most recent call first):\n'}
[2.811469] (go2_robot) StderrLine: {'line': b'  CMakeLists.txt:27 (find_package)\n'}
[2.811528] (go2_robot) StderrLine: {'line': b'This warning is for project developers.  Use -Wno-dev to suppress it.\n'}
[2.811587] (go2_robot) StderrLine: {'line': b'\n'}
[2.906079] (-) TimerEvent: {}
[3.006379] (-) TimerEvent: {}
[3.030421] (go2_robot) StdoutLine: {'line': b'-- pinocchio_default FOUND. pinocchio_default at /opt/ros/humble/lib/x86_64-linux-gnu/libpinocchio_default.so\n'}
[3.030624] (go2_robot) StdoutLine: {'line': b'-- pinocchio_parsers FOUND. pinocchio_parsers at /opt/ros/humble/lib/x86_64-linux-gnu/libpinocchio_parsers.so\n'}
[3.031239] (go2_robot) StdoutLine: {'line': b'-- boost_filesystem FOUND. boost_filesystem at /lib/x86_64-linux-gnu/libboost_filesystem.so\n'}
[3.093850] (go2_robot) StdoutLine: {'line': b'-- Found Boost: /usr/include (found version "1.74.0") found components: filesystem serialization \n'}
[3.106587] (-) TimerEvent: {}
[3.108226] (go2_robot) StdoutLine: {'line': b'-- eigenpy FOUND. eigenpy at /opt/ros/humble/lib/x86_64-linux-gnu/libeigenpy.so\n'}
[3.206813] (-) TimerEvent: {}
[3.307001] (-) TimerEvent: {}
[3.407152] (-) TimerEvent: {}
[3.508675] (-) TimerEvent: {}
[3.513653] (go2_robot) StdoutLine: {'line': b'-- PythonLibraryDirs: \n'}
[3.513763] (go2_robot) StdoutLine: {'line': b'-- PythonLibVersionString: 3.10.12\n'}
[3.524074] (go2_robot) StdoutLine: {'line': b'-- Python site lib: lib/python3.10/site-packages\n'}
[3.524161] (go2_robot) StdoutLine: {'line': b'-- Python include dirs: /usr/include/python3.10\n'}
[3.548424] (go2_robot) StdoutLine: {'line': b'-- Checking for NumPy\n'}
[3.608859] (-) TimerEvent: {}
[3.643809] (go2_robot) StdoutLine: {'line': b'--   NUMPY_INCLUDE_DIRS=/home/hong/.local/lib/python3.10/site-packages/numpy/_core/include\n'}
[3.708907] (-) TimerEvent: {}
[3.761958] (go2_robot) StdoutLine: {'line': b'--   NUMPY_VERSION=2.2.6\n'}
[3.762126] (go2_robot) StdoutLine: {'line': b'-- NumPy include dir: /home/hong/.local/lib/python3.10/site-packages/numpy/_core/include\n'}
[3.766592] (go2_robot) StderrLine: {'line': b'CMake Warning at /usr/share/cmake-3.22/Modules/FindBoost.cmake:2201 (message):\n'}
[3.766706] (go2_robot) StderrLine: {'line': b'  No header defined for python310; skipping header check (note: header-only\n'}
[3.766776] (go2_robot) StderrLine: {'line': b'  libraries have no designated component)\n'}
[3.766846] (go2_robot) StderrLine: {'line': b'Call Stack (most recent call first):\n'}
[3.766905] (go2_robot) StderrLine: {'line': b'  /opt/ros/humble/lib/x86_64-linux-gnu/cmake/eigenpy/boost.cmake:148 (find_package)\n'}
[3.766964] (go2_robot) StderrLine: {'line': b'  /opt/ros/humble/lib/x86_64-linux-gnu/cmake/eigenpy/eigenpyConfig.cmake:149 (SEARCH_FOR_BOOST_PYTHON)\n'}
[3.767147] (go2_robot) StderrLine: {'line': b'  /usr/share/cmake-3.22/Modules/CMakeFindDependencyMacro.cmake:47 (find_package)\n'}
[3.767233] (go2_robot) StderrLine: {'line': b'  /opt/ros/humble/lib/x86_64-linux-gnu/cmake/pinocchio/pinocchioConfig.cmake:161 (find_dependency)\n'}
[3.767299] (go2_robot) StderrLine: {'line': b'  CMakeLists.txt:39 (find_package)\n'}
[3.767360] (go2_robot) StderrLine: {'line': b'\n'}
[3.767421] (go2_robot) StderrLine: {'line': b'\n'}
[3.767481] (go2_robot) StdoutLine: {'line': b'-- Found Boost: /usr/include (found version "1.74.0") found components: python310 \n'}
[3.809065] (-) TimerEvent: {}
[3.909330] (-) TimerEvent: {}
[4.009554] (-) TimerEvent: {}
[4.046738] (go2_robot) StdoutLine: {'line': b'-- Default C++ standard: 201703\n'}
[4.047010] (go2_robot) StdoutLine: {'line': b'-- C++ standard sufficient: Minimal required 11, currently defined: 17\n'}
[4.076365] (go2_robot) StdoutLine: {'line': b'-- hpp-fcl FOUND. hpp-fcl at /opt/ros/humble/lib/x86_64-linux-gnu/libhpp-fcl.so\n'}
[4.089930] (go2_robot) StdoutLine: {'line': b'-- Found Boost: /usr/include (found version "1.74.0") found components: chrono serialization filesystem \n'}
[4.103794] (go2_robot) StdoutLine: {'line': b'-- C++ standard sufficient: Minimal required 11, currently defined: 17\n'}
[4.109750] (-) TimerEvent: {}
[4.135324] (go2_robot) StdoutLine: {'line': b'-- C++ standard sufficient: Minimal required 11, currently defined: 17\n'}
[4.209907] (-) TimerEvent: {}
[4.310101] (-) TimerEvent: {}
[4.383428] (go2_robot) StdoutLine: {'line': b'-- Found ament_cmake_ros: 0.10.0 (/opt/ros/humble/share/ament_cmake_ros/cmake)\n'}
[4.410281] (-) TimerEvent: {}
[4.510467] (-) TimerEvent: {}
[4.610654] (-) TimerEvent: {}
[4.710828] (-) TimerEvent: {}
[4.732726] (go2_robot) StdoutLine: {'line': b'-- Using all available rosidl_typesupport_c: rosidl_typesupport_fastrtps_c;rosidl_typesupport_introspection_c\n'}
[4.810925] (-) TimerEvent: {}
[4.828026] (go2_robot) StdoutLine: {'line': b'-- Using all available rosidl_typesupport_cpp: rosidl_typesupport_fastrtps_cpp;rosidl_typesupport_introspection_cpp\n'}
[4.852682] (go2_robot) StdoutLine: {'line': b'-- Found python_cmake_module: 0.10.0 (/opt/ros/humble/share/python_cmake_module/cmake)\n'}
[4.874360] (go2_robot) StdoutLine: {'line': b'-- Using PYTHON_EXECUTABLE: /usr/bin/python3\n'}
[4.874524] (go2_robot) StdoutLine: {'line': b'-- Using PYTHON_INCLUDE_DIRS: /usr/include/python3.10\n'}
[4.874597] (go2_robot) StdoutLine: {'line': b'-- Using PYTHON_LIBRARIES: /usr/lib/x86_64-linux-gnu/libpython3.10.so\n'}
[4.911018] (-) TimerEvent: {}
[5.011352] (-) TimerEvent: {}
[5.041599] (go2_robot) StdoutLine: {'line': b'-- Configuring done\n'}
[5.111585] (-) TimerEvent: {}
[5.212010] (-) TimerEvent: {}
[5.312316] (-) TimerEvent: {}
[5.412728] (-) TimerEvent: {}
[5.513049] (-) TimerEvent: {}
[5.613370] (-) TimerEvent: {}
[5.713784] (-) TimerEvent: {}
[5.798851] (go2_robot) StdoutLine: {'line': b'-- Generating done\n'}
[5.813893] (-) TimerEvent: {}
[5.838630] (go2_robot) StdoutLine: {'line': b'-- Build files have been written to: /home/hong/Movement_Control/Go2Robot/build/go2_robot\n'}
[5.863535] (go2_robot) StdoutLine: {'line': b'[  2%] Generating C code for ROS interfaces\n'}
[5.873973] (go2_robot) StdoutLine: {'line': b'[  4%] Generating Rust code for ROS interfaces\n'}
[5.874342] (go2_robot) StdoutLine: {'line': b'[  6%] Generating C++ code for ROS interfaces\n'}
[5.884480] (go2_robot) StdoutLine: {'line': b'[  6%] Built target ament_cmake_python_copy_go2_robot\n'}
[5.894600] (go2_robot) StdoutLine: {'line': b'Consolidate compiler generated dependencies of target OsqpEigen\n'}
[5.907438] (go2_robot) StdoutLine: {'line': b'[ 16%] Built target OsqpEigen\n'}
[5.913988] (-) TimerEvent: {}
[6.014184] (-) TimerEvent: {}
[6.020761] (go2_robot) StdoutLine: {'line': b'running egg_info\n'}
[6.021110] (go2_robot) StdoutLine: {'line': b'writing go2_robot.egg-info/PKG-INFO\n'}
[6.021353] (go2_robot) StdoutLine: {'line': b'writing dependency_links to go2_robot.egg-info/dependency_links.txt\n'}
[6.021530] (go2_robot) StdoutLine: {'line': b'writing top-level names to go2_robot.egg-info/top_level.txt\n'}
[6.022713] (go2_robot) StdoutLine: {'line': b"reading manifest file 'go2_robot.egg-info/SOURCES.txt'\n"}
[6.023061] (go2_robot) StdoutLine: {'line': b"writing manifest file 'go2_robot.egg-info/SOURCES.txt'\n"}
[6.042010] (go2_robot) StdoutLine: {'line': b'[ 16%] Built target ament_cmake_python_build_go2_robot_egg\n'}
[6.075489] (go2_robot) StdoutLine: {'line': b'Consolidate compiler generated dependencies of target go2_core\n'}
[6.097648] (go2_robot) StdoutLine: {'line': b'[ 34%] Built target go2_core\n'}
[6.114309] (-) TimerEvent: {}
[6.214534] (-) TimerEvent: {}
[6.277162] (go2_robot) StdoutLine: {'line': b'Consolidate compiler generated dependencies of target go2_robot__rosidl_generator_c\n'}
[6.283534] (go2_robot) StdoutLine: {'line': b'[ 34%] Built target go2_robot__cpp\n'}
[6.288105] (go2_robot) StdoutLine: {'line': b'[ 36%] Building C object CMakeFiles/go2_robot__rosidl_generator_c.dir/rosidl_generator_c/go2_robot/msg/detail/go2_telemetry__functions.c.o\n'}
[6.291005] (go2_robot) StdoutLine: {'line': b'[ 38%] Generating C++ introspection for ROS interfaces\n'}
[6.291223] (go2_robot) StdoutLine: {'line': b'[ 38%] Built target go2_robot__rs\n'}
[6.291368] (go2_robot) StdoutLine: {'line': b'[ 40%] Generating C++ type support for eProsima Fast-RTPS\n'}
[6.292243] (go2_robot) StdoutLine: {'line': b'[ 42%] Generating C++ type support dispatch for ROS interfaces\n'}
[6.314639] (-) TimerEvent: {}
[6.414798] (-) TimerEvent: {}
[6.425377] (go2_robot) StdoutLine: {'line': b'[ 44%] Linking C shared library libgo2_robot__rosidl_generator_c.so\n'}
[6.462336] (go2_robot) StdoutLine: {'line': b'[ 44%] Built target go2_robot__rosidl_generator_c\n'}
[6.473377] (go2_robot) StdoutLine: {'line': b'[ 46%] Generating C type support dispatch for ROS interfaces\n'}
[6.473694] (go2_robot) StdoutLine: {'line': b'[ 48%] Generating C type support for eProsima Fast-RTPS\n'}
[6.473790] (go2_robot) StdoutLine: {'line': b'[ 51%] Generating C introspection for ROS interfaces\n'}
[6.514919] (-) TimerEvent: {}
[6.615098] (-) TimerEvent: {}
[6.616879] (go2_robot) StdoutLine: {'line': b'Consolidate compiler generated dependencies of target go2_robot__rosidl_typesupport_cpp\n'}
[6.628803] (go2_robot) StdoutLine: {'line': b'[ 53%] Building CXX object CMakeFiles/go2_robot__rosidl_typesupport_cpp.dir/rosidl_typesupport_cpp/go2_robot/msg/go2_telemetry__type_support.cpp.o\n'}
[6.671433] (go2_robot) StdoutLine: {'line': b'Consolidate compiler generated dependencies of target go2_robot__rosidl_typesupport_fastrtps_cpp\n'}
[6.682780] (go2_robot) StdoutLine: {'line': b'[ 55%] Building CXX object CMakeFiles/go2_robot__rosidl_typesupport_fastrtps_cpp.dir/rosidl_typesupport_fastrtps_cpp/go2_robot/msg/detail/dds_fastrtps/go2_telemetry__type_support.cpp.o\n'}
[6.695266] (go2_robot) StdoutLine: {'line': b'Consolidate compiler generated dependencies of target go2_robot__rosidl_typesupport_introspection_cpp\n'}
[6.708582] (go2_robot) StdoutLine: {'line': b'[ 57%] Building CXX object CMakeFiles/go2_robot__rosidl_typesupport_introspection_cpp.dir/rosidl_typesupport_introspection_cpp/go2_robot/msg/detail/go2_telemetry__type_support.cpp.o\n'}
[6.715207] (-) TimerEvent: {}
[6.815369] (-) TimerEvent: {}
[6.854193] (go2_robot) StdoutLine: {'line': b'[ 59%] Linking CXX shared library libgo2_robot__rosidl_typesupport_cpp.so\n'}
[6.889521] (go2_robot) StdoutLine: {'line': b'[ 59%] Built target go2_robot__rosidl_typesupport_cpp\n'}
[6.913987] (go2_robot) StdoutLine: {'line': b'Consolidate compiler generated dependencies of target go2_control_node\n'}
[6.915430] (-) TimerEvent: {}
[6.923372] (go2_robot) StdoutLine: {'line': b'Consolidate compiler generated dependencies of target go2_robot__rosidl_typesupport_c\n'}
[6.935179] (go2_robot) StdoutLine: {'line': b'[ 61%] Building CXX object CMakeFiles/go2_control_node.dir/src/ros2/go2_control_node.cpp.o\n'}
[6.935591] (go2_robot) StdoutLine: {'line': b'[ 63%] Building CXX object CMakeFiles/go2_robot__rosidl_typesupport_c.dir/rosidl_typesupport_c/go2_robot/msg/go2_telemetry__type_support.cpp.o\n'}
[6.937731] (go2_robot) StdoutLine: {'line': b'[ 65%] Building CXX object CMakeFiles/go2_control_node.dir/src/ros2/main.cpp.o\n'}
[6.970423] (go2_robot) StdoutLine: {'line': b'[ 67%] Linking CXX shared library libgo2_robot__rosidl_typesupport_c.so\n'}
[6.976640] (go2_robot) StdoutLine: {'line': b'Consolidate compiler generated dependencies of target go2_robot__rosidl_typesupport_fastrtps_c\n'}
[6.978518] (go2_robot) StdoutLine: {'line': b'Consolidate compiler generated dependencies of target go2_robot__rosidl_typesupport_introspection_c\n'}
[6.987674] (go2_robot) StdoutLine: {'line': b'[ 71%] Building CXX object CMakeFiles/go2_robot__rosidl_typesupport_fastrtps_c.dir/rosidl_typesupport_fastrtps_c/go2_robot/msg/detail/go2_telemetry__type_support_c.cpp.o\n'}
[6.987856] (go2_robot) StdoutLine: {'line': b'[ 71%] Building C object CMakeFiles/go2_robot__rosidl_typesupport_introspection_c.dir/rosidl_typesupport_introspection_c/go2_robot/msg/detail/go2_telemetry__type_support.c.o\n'}
[7.015548] (-) TimerEvent: {}
[7.016256] (go2_robot) StdoutLine: {'line': b'[ 71%] Built target go2_robot__rosidl_typesupport_c\n'}
[7.033595] (go2_robot) StdoutLine: {'line': b'[ 73%] Linking C shared library libgo2_robot__rosidl_typesupport_introspection_c.so\n'}
[7.041795] (go2_robot) StdoutLine: {'line': b'[ 75%] Linking CXX shared library libgo2_robot__rosidl_typesupport_introspection_cpp.so\n'}
[7.068456] (go2_robot) StdoutLine: {'line': b'[ 75%] Built target go2_robot__rosidl_typesupport_introspection_c\n'}
[7.104283] (go2_robot) StdoutLine: {'line': b'[ 75%] Built target go2_robot__rosidl_typesupport_introspection_cpp\n'}
[7.115673] (-) TimerEvent: {}
[7.159812] (go2_robot) StdoutLine: {'line': b'[ 77%] Linking CXX shared library libgo2_robot__rosidl_typesupport_fastrtps_cpp.so\n'}
[7.215785] (-) TimerEvent: {}
[7.221405] (go2_robot) StdoutLine: {'line': b'[ 77%] Built target go2_robot__rosidl_typesupport_fastrtps_cpp\n'}
[7.315896] (-) TimerEvent: {}
[7.316212] (go2_robot) StdoutLine: {'line': b'[ 79%] Linking CXX shared library libgo2_robot__rosidl_typesupport_fastrtps_c.so\n'}
[7.376546] (go2_robot) StdoutLine: {'line': b'[ 79%] Built target go2_robot__rosidl_typesupport_fastrtps_c\n'}
[7.400096] (go2_robot) StdoutLine: {'line': b'[ 79%] Built target go2_robot\n'}
[7.415994] (-) TimerEvent: {}
[7.419834] (go2_robot) StdoutLine: {'line': b'[ 81%] Generating Python code for ROS interfaces\n'}
[7.516113] (-) TimerEvent: {}
[7.616322] (-) TimerEvent: {}
[7.716600] (-) TimerEvent: {}
[7.816896] (-) TimerEvent: {}
[7.917107] (-) TimerEvent: {}
[8.017299] (-) TimerEvent: {}
[8.117540] (-) TimerEvent: {}
[8.217751] (-) TimerEvent: {}
[8.317930] (-) TimerEvent: {}
[8.418141] (-) TimerEvent: {}
[8.518442] (-) TimerEvent: {}
[8.588979] (go2_robot) StdoutLine: {'line': b'[ 81%] Built target go2_robot__py\n'}
[8.601186] (go2_robot) StdoutLine: {'line': b'Consolidate compiler generated dependencies of target go2_robot__rosidl_generator_py\n'}
[8.610535] (go2_robot) StdoutLine: {'line': b'[ 83%] Building C object CMakeFiles/go2_robot__rosidl_generator_py.dir/rosidl_generator_py/go2_robot/msg/_go2_telemetry_s.c.o\n'}
[8.618552] (-) TimerEvent: {}
[8.718844] (-) TimerEvent: {}
[8.819155] (-) TimerEvent: {}
[8.849647] (go2_robot) StdoutLine: {'line': b'[ 85%] Linking C shared library rosidl_generator_py/go2_robot/libgo2_robot__rosidl_generator_py.so\n'}
[8.891042] (go2_robot) StdoutLine: {'line': b'[ 85%] Built target go2_robot__rosidl_generator_py\n'}
[8.905615] (go2_robot) StdoutLine: {'line': b'Consolidate compiler generated dependencies of target go2_robot__rosidl_typesupport_introspection_c__pyext\n'}
[8.905739] (go2_robot) StdoutLine: {'line': b'Consolidate compiler generated dependencies of target go2_robot__rosidl_typesupport_fastrtps_c__pyext\n'}
[8.905774] (go2_robot) StdoutLine: {'line': b'Consolidate compiler generated dependencies of target go2_robot__rosidl_typesupport_c__pyext\n'}
[8.918840] (go2_robot) StdoutLine: {'line': b'[ 91%] Building C object CMakeFiles/go2_robot__rosidl_typesupport_c__pyext.dir/rosidl_generator_py/go2_robot/_go2_robot_s.ep.rosidl_typesupport_c.c.o\n'}
[8.918979] (go2_robot) StdoutLine: {'line': b'[ 91%] Building C object CMakeFiles/go2_robot__rosidl_typesupport_fastrtps_c__pyext.dir/rosidl_generator_py/go2_robot/_go2_robot_s.ep.rosidl_typesupport_fastrtps_c.c.o\n'}
[8.919019] (go2_robot) StdoutLine: {'line': b'[ 91%] Building C object CMakeFiles/go2_robot__rosidl_typesupport_introspection_c__pyext.dir/rosidl_generator_py/go2_robot/_go2_robot_s.ep.rosidl_typesupport_introspection_c.c.o\n'}
[8.919201] (-) TimerEvent: {}
[9.000208] (go2_robot) StdoutLine: {'line': b'[ 95%] Linking C shared library rosidl_generator_py/go2_robot/go2_robot_s__rosidl_typesupport_c..cpython-310-x86_64-linux-gnu.so\n'}
[9.000372] (go2_robot) StdoutLine: {'line': b'[ 95%] Linking C shared library rosidl_generator_py/go2_robot/go2_robot_s__rosidl_typesupport_fastrtps_c..cpython-310-x86_64-linux-gnu.so\n'}
[9.019364] (-) TimerEvent: {}
[9.021559] (go2_robot) StdoutLine: {'line': b'[ 97%] Linking C shared library rosidl_generator_py/go2_robot/go2_robot_s__rosidl_typesupport_introspection_c..cpython-310-x86_64-linux-gnu.so\n'}
[9.033118] (go2_robot) StdoutLine: {'line': b'[ 97%] Built target go2_robot__rosidl_typesupport_c__pyext\n'}
[9.037541] (go2_robot) StdoutLine: {'line': b'[ 97%] Built target go2_robot__rosidl_typesupport_fastrtps_c__pyext\n'}
[9.053778] (go2_robot) StdoutLine: {'line': b'[ 97%] Built target go2_robot__rosidl_typesupport_introspection_c__pyext\n'}
[9.119532] (-) TimerEvent: {}
[9.219865] (-) TimerEvent: {}
[9.320125] (-) TimerEvent: {}
[9.420404] (-) TimerEvent: {}
[9.520683] (-) TimerEvent: {}
[9.620869] (-) TimerEvent: {}
[9.721073] (-) TimerEvent: {}
[9.821260] (-) TimerEvent: {}
[9.921440] (-) TimerEvent: {}
[10.021742] (-) TimerEvent: {}
[10.122000] (-) TimerEvent: {}
[10.222212] (-) TimerEvent: {}
[10.322507] (-) TimerEvent: {}
[10.422809] (-) TimerEvent: {}
[10.522994] (-) TimerEvent: {}
[10.623207] (-) TimerEvent: {}
[10.723475] (-) TimerEvent: {}
[10.823693] (-) TimerEvent: {}
[10.924000] (-) TimerEvent: {}
[11.024268] (-) TimerEvent: {}
[11.124526] (-) TimerEvent: {}
[11.224795] (-) TimerEvent: {}
[11.324986] (-) TimerEvent: {}
[11.425284] (-) TimerEvent: {}
[11.525478] (-) TimerEvent: {}
[11.625752] (-) TimerEvent: {}
[11.725937] (-) TimerEvent: {}
[11.826235] (-) TimerEvent: {}
[11.926486] (-) TimerEvent: {}
[12.026705] (-) TimerEvent: {}
[12.126903] (-) TimerEvent: {}
[12.227104] (-) TimerEvent: {}
[12.327396] (-) TimerEvent: {}
[12.427717] (-) TimerEvent: {}
[12.527962] (-) TimerEvent: {}
[12.628176] (-) TimerEvent: {}
[12.728435] (-) TimerEvent: {}
[12.828737] (-) TimerEvent: {}
[12.928922] (-) TimerEvent: {}
[13.029129] (-) TimerEvent: {}
[13.129344] (-) TimerEvent: {}
[13.229631] (-) TimerEvent: {}
[13.329849] (-) TimerEvent: {}
[13.430042] (-) TimerEvent: {}
[13.530257] (-) TimerEvent: {}
[13.630563] (-) TimerEvent: {}
[13.730853] (-) TimerEvent: {}
[13.831192] (-) TimerEvent: {}
[13.931480] (-) TimerEvent: {}
[14.031802] (-) TimerEvent: {}
[14.132100] (-) TimerEvent: {}
[14.232389] (-) TimerEvent: {}
[14.332700] (-) TimerEvent: {}
[14.433001] (-) TimerEvent: {}
[14.533248] (-) TimerEvent: {}
[14.633538] (-) TimerEvent: {}
[14.733861] (-) TimerEvent: {}
[14.834150] (-) TimerEvent: {}
[14.934401] (-) TimerEvent: {}
[15.034680] (-) TimerEvent: {}
[15.134926] (-) TimerEvent: {}
[15.235189] (-) TimerEvent: {}
[15.335476] (-) TimerEvent: {}
[15.435797] (-) TimerEvent: {}
[15.535980] (-) TimerEvent: {}
[15.636240] (-) TimerEvent: {}
[15.736542] (-) TimerEvent: {}
[15.836687] (-) TimerEvent: {}
[15.936842] (-) TimerEvent: {}
[16.037031] (-) TimerEvent: {}
[16.137200] (-) TimerEvent: {}
[16.237446] (-) TimerEvent: {}
[16.337642] (-) TimerEvent: {}
[16.437798] (-) TimerEvent: {}
[16.538051] (-) TimerEvent: {}
[16.638302] (-) TimerEvent: {}
[16.738559] (-) TimerEvent: {}
[16.838776] (-) TimerEvent: {}
[16.939029] (-) TimerEvent: {}
[17.039186] (-) TimerEvent: {}
[17.139440] (-) TimerEvent: {}
[17.239648] (-) TimerEvent: {}
[17.339914] (-) TimerEvent: {}
[17.440111] (-) TimerEvent: {}
[17.540279] (-) TimerEvent: {}
[17.640429] (-) TimerEvent: {}
[17.740670] (-) TimerEvent: {}
[17.840937] (-) TimerEvent: {}
[17.941128] (-) TimerEvent: {}
[18.041359] (-) TimerEvent: {}
[18.141553] (-) TimerEvent: {}
[18.241778] (-) TimerEvent: {}
[18.341927] (-) TimerEvent: {}
[18.442093] (-) TimerEvent: {}
[18.542258] (-) TimerEvent: {}
[18.642487] (-) TimerEvent: {}
[18.742763] (-) TimerEvent: {}
[18.843051] (-) TimerEvent: {}
[18.943245] (-) TimerEvent: {}
[19.043526] (-) TimerEvent: {}
[19.143703] (-) TimerEvent: {}
[19.243937] (-) TimerEvent: {}
[19.344177] (-) TimerEvent: {}
[19.444395] (-) TimerEvent: {}
[19.544632] (-) TimerEvent: {}
[19.644823] (-) TimerEvent: {}
[19.745033] (-) TimerEvent: {}
[19.845248] (-) TimerEvent: {}
[19.945440] (-) TimerEvent: {}
[20.045681] (-) TimerEvent: {}
[20.145869] (-) TimerEvent: {}
[20.246060] (-) TimerEvent: {}
[20.346352] (-) TimerEvent: {}
[20.446581] (-) TimerEvent: {}
[20.546751] (-) TimerEvent: {}
[20.646937] (-) TimerEvent: {}
[20.747224] (-) TimerEvent: {}
[20.847502] (-) TimerEvent: {}
[20.947781] (-) TimerEvent: {}
[21.048048] (-) TimerEvent: {}
[21.148257] (-) TimerEvent: {}
[21.248537] (-) TimerEvent: {}
[21.348748] (-) TimerEvent: {}
[21.449037] (-) TimerEvent: {}
[21.549315] (-) TimerEvent: {}
[21.649605] (-) TimerEvent: {}
[21.749903] (-) TimerEvent: {}
[21.850098] (-) TimerEvent: {}
[21.950282] (-) TimerEvent: {}
[22.021963] (go2_robot) StdoutLine: {'line': b'[100%] Linking CXX executable go2_control_node\n'}
[22.050402] (-) TimerEvent: {}
[22.150920] (-) TimerEvent: {}
[22.251274] (-) TimerEvent: {}
[22.351560] (-) TimerEvent: {}
[22.451807] (-) TimerEvent: {}
[22.551972] (-) TimerEvent: {}
[22.652159] (-) TimerEvent: {}
[22.752422] (-) TimerEvent: {}
[22.852604] (-) TimerEvent: {}
[22.952770] (-) TimerEvent: {}
[23.052928] (-) TimerEvent: {}
[23.153083] (-) TimerEvent: {}
[23.185161] (go2_robot) StdoutLine: {'line': b'[100%] Built target go2_control_node\n'}
[23.199041] (go2_robot) CommandEnded: {'returncode': 0}
[23.199809] (go2_robot) JobProgress: {'identifier': 'go2_robot', 'progress': 'install'}
[23.219779] (go2_robot) Command: {'cmd': ['/usr/bin/cmake', '--install', '/home/hong/Movement_Control/Go2Robot/build/go2_robot'], 'cwd': '/home/hong/Movement_Control/Go2Robot/build/go2_robot', 'env': OrderedDict([('GJS_DEBUG_TOPICS', 'JS ERROR;JS LOG'), ('PYTHONIOENCODING', 'utf-8'), ('ZAI_OAUTH_CLIENT_ID', 'client_P8X5CMWmlaRO9gyO-KSqtg'), ('ZCODE_DESKTOP_CONTEXT_PROMPT_ENABLED', '1'), ('LANGUAGE', 'zh_CN:zh:en_US:en'), ('USER', 'hong'), ('LC_TIME', 'zh_CN.UTF-8'), ('GIT_EDITOR', 'true'), ('XDG_SESSION_TYPE', 'x11'), ('SHLVL', '0'), ('LD_LIBRARY_PATH', '/home/hong/Movement_Control/Go2Robot/install/go2_robot/lib:/usr/lib/x86_64-linux-gnu/gazebo-11/plugins:/opt/ros/humble/opt/rviz_ogre_vendor/lib:/opt/ros/humble/lib/x86_64-linux-gnu:/opt/ros/humble/lib:/tmp/.mount_ZCode-wMDykL/usr/lib:'), ('INPUT_METHOD', 'fcitx'), ('HOME', '/home/hong'), ('CHROME_DESKTOP', 'zcode.desktop'), ('APPDIR', '/tmp/.mount_ZCode-wMDykL'), ('DESKTOP_SESSION', 'ubuntu'), ('ZAI_OAUTH_ORIGIN', 'https://chat.z.ai'), ('GIO_LAUNCHED_DESKTOP_FILE', '/home/hong/.local/share/applications/zcode.desktop'), ('ZCODE_APP_VERSION', '3.10.2'), ('ROS_PYTHON_VERSION', '3'), ('GNOME_SHELL_SESSION_MODE', 'ubuntu'), ('GTK_MODULES', 'gail:atk-bridge'), ('SDL_IM_MODULE', 'fcitx'), ('LC_MONETARY', 'zh_CN.UTF-8'), ('MANAGERPID', '2192'), ('LC_CTYPE', 'zh_CN.UTF-8'), ('GLFW_IM_MODULE', 'ibus'), ('SYSTEMD_EXEC_PID', '2437'), ('DBUS_SESSION_BUS_ADDRESS', 'unix:path=/run/user/1000/bus'), ('ZCODE_PROCESS_LABEL', 'local-1'), ('GIO_LAUNCHED_DESKTOP_FILE_PID', '43852'), ('COLCON_PREFIX_PATH', '/home/hong/Movement_Control/Go2Robot/install'), ('ROS_DISTRO', 'humble'), ('GTK_IM_MODULE', 'ibus'), ('LOGNAME', 'hong'), ('ZCODE_RUNTIME_ENV', 'production'), ('OWD', '/home/hong'), ('JOURNAL_STREAM', '8:13613'), ('_', '/usr/bin/colcon'), ('ROS_VERSION', '2'), ('XDG_SESSION_CLASS', 'user'), ('USERNAME', 'hong'), ('ZAI_BUSINESS_BASE_URL', 'https://api.z.ai'), ('GNOME_DESKTOP_SESSION_ID', 'this-is-deprecated'), ('FC_FONTATIONS', '1'), ('ROS_LOCALHOST_ONLY', '0'), ('WINDOWPATH', '2'), ('PATH', '/opt/ros/humble/bin:/usr/local/sbin:/usr/local/bin:/usr/sbin:/usr/bin:/sbin:/bin:/tmp/.mount_ZCode-wMDykL:/tmp/.mount_ZCode-wMDykL/usr/sbin:/home/hong/.local/bin:/usr/games:/usr/local/games:/snap/bin:/tmp/.mount_ZCode-wMDykL/resources/tools/bfs:/tmp/.mount_ZCode-wMDykL/resources/tools/ripgrep:/tmp/.mount_ZCode-wMDykL/resources/tools/ugrep'), ('SESSION_MANAGER', 'local/hong:@/tmp/.ICE-unix/2413,unix/hong:/tmp/.ICE-unix/2413'), ('INVOCATION_ID', 'c2c17b44c8b4497b97b23583b0c5ca9e'), ('APPIMAGE', '/home/hong/下载/ZCode-3.10.2-linux-x64.AppImage'), ('XDG_MENU_PREFIX', 'gnome-'), ('LC_ADDRESS', 'zh_CN.UTF-8'), ('ZCODE_BUILD_COMMIT_ID', '35824adf'), ('XDG_RUNTIME_DIR', '/run/user/1000'), ('GDK_BACKEND', 'x11'), ('DISPLAY', ':1'), ('ZCODE_BFS_BINARY', '/tmp/.mount_ZCode-wMDykL/resources/tools/bfs/bfs'), ('LANG', 'zh_CN.UTF-8'), ('XDG_CURRENT_DESKTOP', 'ubuntu:GNOME'), ('LC_TELEPHONE', 'zh_CN.UTF-8'), ('XMODIFIERS', '@im=ibus'), ('XDG_SESSION_DESKTOP', 'ubuntu'), ('XAUTHORITY', '/run/user/1000/gdm/Xauthority'), ('SSH_AGENT_LAUNCHER', 'gnome-keyring'), ('SSH_AUTH_SOCK', '/run/user/1000/keyring/ssh'), ('GSETTINGS_SCHEMA_DIR', '/tmp/.mount_ZCode-wMDykL/usr/share/glib-2.0/schemas:'), ('AMENT_PREFIX_PATH', '/home/hong/Movement_Control/Go2Robot/install/go2_robot:/opt/ros/humble'), ('SHELL', '/bin/bash'), ('LC_NAME', 'zh_CN.UTF-8'), ('ARGV0', '/home/hong/下载/ZCode-3.10.2-linux-x64.AppImage'), ('QT_ACCESSIBILITY', '1'), ('GDMSESSION', 'ubuntu'), ('PYTHONUTF8', '1'), ('LC_MEASUREMENT', 'zh_CN.UTF-8'), ('GPG_AGENT_INFO', '/run/user/1000/gnupg/S.gpg-agent:0:1'), ('GJS_DEBUG_OUTPUT', 'stderr'), ('LC_IDENTIFICATION', 'zh_CN.UTF-8'), ('ZCODE_CUA_GRAY_ENABLED', '0'), ('QT_IM_MODULE', 'ibus'), ('PWD', '/home/hong/Movement_Control/Go2Robot/build/go2_robot'), ('ZCODE_BASE_URL', 'https://zcode.z.ai'), ('XDG_CONFIG_DIRS', '/etc/xdg/xdg-ubuntu:/etc/xdg'), ('XDG_DATA_DIRS', '/tmp/.mount_ZCode-wMDykL/usr/share/:./share/:/usr/share/gnome:/usr/local/share/:/usr/share/:/usr/share/ubuntu:/usr/share/gnome:/usr/local/share/:/usr/share/:/var/lib/snapd/desktop:/usr/share/gnome/:/usr/local/share/:/usr/share/'), ('ZCODE_RG_BINARY', '/tmp/.mount_ZCode-wMDykL/resources/tools/ripgrep/rg'), ('PYTHONPATH', '/home/hong/Movement_Control/Go2Robot/install/go2_robot/local/lib/python3.10/dist-packages:/opt/ros/humble/lib/python3.10/site-packages:/opt/ros/humble/local/lib/python3.10/dist-packages'), ('ZCODE_UGREP_BINARY', '/tmp/.mount_ZCode-wMDykL/resources/tools/ugrep/ugrep'), ('ZCODE_ENV', 'production'), ('LC_NUMERIC', 'zh_CN.UTF-8'), ('LC_PAPER', 'zh_CN.UTF-8'), ('COLCON', '1'), ('CMAKE_PREFIX_PATH', '/home/hong/Movement_Control/Go2Robot/install/go2_robot:/opt/ros/humble')]), 'shell': False}
[23.237195] (go2_robot) StdoutLine: {'line': b'-- Install configuration: "Release"\n'}
[23.237648] (go2_robot) StdoutLine: {'line': b'-- Up-to-date: /home/hong/Movement_Control/Go2Robot/install/go2_robot/share/ament_index/resource_index/rosidl_interfaces/go2_robot\n'}
[23.238286] (go2_robot) StdoutLine: {'line': b'-- Up-to-date: /home/hong/Movement_Control/Go2Robot/install/go2_robot/include/go2_robot/go2_robot\n'}
[23.238655] (go2_robot) StdoutLine: {'line': b'-- Up-to-date: /home/hong/Movement_Control/Go2Robot/install/go2_robot/include/go2_robot/go2_robot/msg\n'}
[23.238965] (go2_robot) StdoutLine: {'line': b'-- Up-to-date: /home/hong/Movement_Control/Go2Robot/install/go2_robot/include/go2_robot/go2_robot/msg/rosidl_generator_c__visibility_control.h\n'}
[23.239144] (go2_robot) StdoutLine: {'line': b'-- Installing: /home/hong/Movement_Control/Go2Robot/install/go2_robot/include/go2_robot/go2_robot/msg/go2_telemetry.h\n'}
[23.239696] (go2_robot) StdoutLine: {'line': b'-- Up-to-date: /home/hong/Movement_Control/Go2Robot/install/go2_robot/include/go2_robot/go2_robot/msg/detail\n'}
[23.239974] (go2_robot) StdoutLine: {'line': b'-- Installing: /home/hong/Movement_Control/Go2Robot/install/go2_robot/include/go2_robot/go2_robot/msg/detail/go2_telemetry__functions.c\n'}
[23.240146] (go2_robot) StdoutLine: {'line': b'-- Installing: /home/hong/Movement_Control/Go2Robot/install/go2_robot/include/go2_robot/go2_robot/msg/detail/go2_telemetry__type_support.h\n'}
[23.240678] (go2_robot) StdoutLine: {'line': b'-- Installing: /home/hong/Movement_Control/Go2Robot/install/go2_robot/include/go2_robot/go2_robot/msg/detail/go2_telemetry__functions.h\n'}
[23.240863] (go2_robot) StdoutLine: {'line': b'-- Installing: /home/hong/Movement_Control/Go2Robot/install/go2_robot/include/go2_robot/go2_robot/msg/detail/go2_telemetry__struct.h\n'}
[23.241190] (go2_robot) StdoutLine: {'line': b'-- Up-to-date: /home/hong/Movement_Control/Go2Robot/install/go2_robot/share/go2_robot/environment/library_path.sh\n'}
[23.241568] (go2_robot) StdoutLine: {'line': b'-- Installing: /home/hong/Movement_Control/Go2Robot/install/go2_robot/share/go2_robot/environment/library_path.dsv\n'}
[23.241887] (go2_robot) StdoutLine: {'line': b'-- Installing: /home/hong/Movement_Control/Go2Robot/install/go2_robot/lib/libgo2_robot__rosidl_generator_c.so\n'}
[23.242301] (go2_robot) StdoutLine: {'line': b'-- Set runtime path of "/home/hong/Movement_Control/Go2Robot/install/go2_robot/lib/libgo2_robot__rosidl_generator_c.so" to ""\n'}
[23.242705] (go2_robot) StdoutLine: {'line': b'-- Up-to-date: /home/hong/Movement_Control/Go2Robot/install/go2_robot/include/go2_robot/go2_robot\n'}
[23.242896] (go2_robot) StdoutLine: {'line': b'-- Up-to-date: /home/hong/Movement_Control/Go2Robot/install/go2_robot/include/go2_robot/go2_robot/msg\n'}
[23.243077] (go2_robot) StdoutLine: {'line': b'-- Up-to-date: /home/hong/Movement_Control/Go2Robot/install/go2_robot/include/go2_robot/go2_robot/msg/rosidl_typesupport_fastrtps_c__visibility_control.h\n'}
[23.243245] (go2_robot) StdoutLine: {'line': b'-- Up-to-date: /home/hong/Movement_Control/Go2Robot/install/go2_robot/include/go2_robot/go2_robot/msg/detail\n'}
[23.243413] (go2_robot) StdoutLine: {'line': b'-- Installing: /home/hong/Movement_Control/Go2Robot/install/go2_robot/include/go2_robot/go2_robot/msg/detail/go2_telemetry__rosidl_typesupport_fastrtps_c.h\n'}
[23.243584] (go2_robot) StdoutLine: {'line': b'-- Installing: /home/hong/Movement_Control/Go2Robot/install/go2_robot/lib/libgo2_robot__rosidl_typesupport_fastrtps_c.so\n'}
[23.244192] (go2_robot) StdoutLine: {'line': b'-- Set runtime path of "/home/hong/Movement_Control/Go2Robot/install/go2_robot/lib/libgo2_robot__rosidl_typesupport_fastrtps_c.so" to ""\n'}
[23.244360] (go2_robot) StdoutLine: {'line': b'-- Up-to-date: /home/hong/Movement_Control/Go2Robot/install/go2_robot/include/go2_robot/go2_robot\n'}
[23.244507] (go2_robot) StdoutLine: {'line': b'-- Up-to-date: /home/hong/Movement_Control/Go2Robot/install/go2_robot/include/go2_robot/go2_robot/msg\n'}
[23.244794] (go2_robot) StdoutLine: {'line': b'-- Up-to-date: /home/hong/Movement_Control/Go2Robot/install/go2_robot/include/go2_robot/go2_robot/msg/rosidl_generator_cpp__visibility_control.hpp\n'}
[23.244978] (go2_robot) StdoutLine: {'line': b'-- Installing: /home/hong/Movement_Control/Go2Robot/install/go2_robot/include/go2_robot/go2_robot/msg/go2_telemetry.hpp\n'}
[23.245125] (go2_robot) StdoutLine: {'line': b'-- Up-to-date: /home/hong/Movement_Control/Go2Robot/install/go2_robot/include/go2_robot/go2_robot/msg/detail\n'}
[23.245386] (go2_robot) StdoutLine: {'line': b'-- Installing: /home/hong/Movement_Control/Go2Robot/install/go2_robot/include/go2_robot/go2_robot/msg/detail/go2_telemetry__builder.hpp\n'}
[23.245542] (go2_robot) StdoutLine: {'line': b'-- Installing: /home/hong/Movement_Control/Go2Robot/install/go2_robot/include/go2_robot/go2_robot/msg/detail/go2_telemetry__type_support.hpp\n'}
[23.245707] (go2_robot) StdoutLine: {'line': b'-- Installing: /home/hong/Movement_Control/Go2Robot/install/go2_robot/include/go2_robot/go2_robot/msg/detail/go2_telemetry__traits.hpp\n'}
[23.245860] (go2_robot) StdoutLine: {'line': b'-- Installing: /home/hong/Movement_Control/Go2Robot/install/go2_robot/include/go2_robot/go2_robot/msg/detail/go2_telemetry__struct.hpp\n'}
[23.246004] (go2_robot) StdoutLine: {'line': b'-- Up-to-date: /home/hong/Movement_Control/Go2Robot/install/go2_robot/include/go2_robot/go2_robot\n'}
[23.246145] (go2_robot) StdoutLine: {'line': b'-- Up-to-date: /home/hong/Movement_Control/Go2Robot/install/go2_robot/include/go2_robot/go2_robot/msg\n'}
[23.246304] (go2_robot) StdoutLine: {'line': b'-- Up-to-date: /home/hong/Movement_Control/Go2Robot/install/go2_robot/include/go2_robot/go2_robot/msg/rosidl_typesupport_fastrtps_cpp__visibility_control.h\n'}
[23.246446] (go2_robot) StdoutLine: {'line': b'-- Up-to-date: /home/hong/Movement_Control/Go2Robot/install/go2_robot/include/go2_robot/go2_robot/msg/detail\n'}
[23.246588] (go2_robot) StdoutLine: {'line': b'-- Installing: /home/hong/Movement_Control/Go2Robot/install/go2_robot/include/go2_robot/go2_robot/msg/detail/go2_telemetry__rosidl_typesupport_fastrtps_cpp.hpp\n'}
[23.246765] (go2_robot) StdoutLine: {'line': b'-- Up-to-date: /home/hong/Movement_Control/Go2Robot/install/go2_robot/include/go2_robot/go2_robot/msg/detail/dds_fastrtps\n'}
[23.246911] (go2_robot) StdoutLine: {'line': b'-- Installing: /home/hong/Movement_Control/Go2Robot/install/go2_robot/lib/libgo2_robot__rosidl_typesupport_fastrtps_cpp.so\n'}
[23.247050] (go2_robot) StdoutLine: {'line': b'-- Set runtime path of "/home/hong/Movement_Control/Go2Robot/install/go2_robot/lib/libgo2_robot__rosidl_typesupport_fastrtps_cpp.so" to ""\n'}
[23.247419] (go2_robot) StdoutLine: {'line': b'-- Up-to-date: /home/hong/Movement_Control/Go2Robot/install/go2_robot/include/go2_robot/go2_robot\n'}
[23.247593] (go2_robot) StdoutLine: {'line': b'-- Up-to-date: /home/hong/Movement_Control/Go2Robot/install/go2_robot/include/go2_robot/go2_robot/msg\n'}
[23.247962] (go2_robot) StdoutLine: {'line': b'-- Up-to-date: /home/hong/Movement_Control/Go2Robot/install/go2_robot/include/go2_robot/go2_robot/msg/rosidl_typesupport_introspection_c__visibility_control.h\n'}
[23.248103] (go2_robot) StdoutLine: {'line': b'-- Up-to-date: /home/hong/Movement_Control/Go2Robot/install/go2_robot/include/go2_robot/go2_robot/msg/detail\n'}
[23.248531] (go2_robot) StdoutLine: {'line': b'-- Installing: /home/hong/Movement_Control/Go2Robot/install/go2_robot/include/go2_robot/go2_robot/msg/detail/go2_telemetry__type_support.c\n'}
[23.248683] (go2_robot) StdoutLine: {'line': b'-- Installing: /home/hong/Movement_Control/Go2Robot/install/go2_robot/include/go2_robot/go2_robot/msg/detail/go2_telemetry__rosidl_typesupport_introspection_c.h\n'}
[23.248936] (go2_robot) StdoutLine: {'line': b'-- Installing: /home/hong/Movement_Control/Go2Robot/install/go2_robot/lib/libgo2_robot__rosidl_typesupport_introspection_c.so\n'}
[23.249090] (go2_robot) StdoutLine: {'line': b'-- Set runtime path of "/home/hong/Movement_Control/Go2Robot/install/go2_robot/lib/libgo2_robot__rosidl_typesupport_introspection_c.so" to ""\n'}
[23.249221] (go2_robot) StdoutLine: {'line': b'-- Installing: /home/hong/Movement_Control/Go2Robot/install/go2_robot/lib/libgo2_robot__rosidl_typesupport_c.so\n'}
[23.249353] (go2_robot) StdoutLine: {'line': b'-- Set runtime path of "/home/hong/Movement_Control/Go2Robot/install/go2_robot/lib/libgo2_robot__rosidl_typesupport_c.so" to ""\n'}
[23.249487] (go2_robot) StdoutLine: {'line': b'-- Up-to-date: /home/hong/Movement_Control/Go2Robot/install/go2_robot/include/go2_robot/go2_robot\n'}
[23.249753] (go2_robot) StdoutLine: {'line': b'-- Up-to-date: /home/hong/Movement_Control/Go2Robot/install/go2_robot/include/go2_robot/go2_robot/msg\n'}
[23.249890] (go2_robot) StdoutLine: {'line': b'-- Up-to-date: /home/hong/Movement_Control/Go2Robot/install/go2_robot/include/go2_robot/go2_robot/msg/detail\n'}
[23.250021] (go2_robot) StdoutLine: {'line': b'-- Installing: /home/hong/Movement_Control/Go2Robot/install/go2_robot/include/go2_robot/go2_robot/msg/detail/go2_telemetry__rosidl_typesupport_introspection_cpp.hpp\n'}
[23.250153] (go2_robot) StdoutLine: {'line': b'-- Installing: /home/hong/Movement_Control/Go2Robot/install/go2_robot/include/go2_robot/go2_robot/msg/detail/go2_telemetry__type_support.cpp\n'}
[23.250397] (go2_robot) StdoutLine: {'line': b'-- Installing: /home/hong/Movement_Control/Go2Robot/install/go2_robot/lib/libgo2_robot__rosidl_typesupport_introspection_cpp.so\n'}
[23.250641] (go2_robot) StdoutLine: {'line': b'-- Set runtime path of "/home/hong/Movement_Control/Go2Robot/install/go2_robot/lib/libgo2_robot__rosidl_typesupport_introspection_cpp.so" to ""\n'}
[23.250802] (go2_robot) StdoutLine: {'line': b'-- Installing: /home/hong/Movement_Control/Go2Robot/install/go2_robot/lib/libgo2_robot__rosidl_typesupport_cpp.so\n'}
[23.251460] (go2_robot) StdoutLine: {'line': b'-- Set runtime path of "/home/hong/Movement_Control/Go2Robot/install/go2_robot/lib/libgo2_robot__rosidl_typesupport_cpp.so" to ""\n'}
[23.251785] (go2_robot) StdoutLine: {'line': b'-- Up-to-date: /home/hong/Movement_Control/Go2Robot/install/go2_robot/share/go2_robot/environment/pythonpath.sh\n'}
[23.252024] (go2_robot) StdoutLine: {'line': b'-- Installing: /home/hong/Movement_Control/Go2Robot/install/go2_robot/share/go2_robot/environment/pythonpath.dsv\n'}
[23.252245] (go2_robot) StdoutLine: {'line': b'-- Up-to-date: /home/hong/Movement_Control/Go2Robot/install/go2_robot/local/lib/python3.10/dist-packages/go2_robot-0.1.0-py3.10.egg-info\n'}
[23.252472] (go2_robot) StdoutLine: {'line': b'-- Installing: /home/hong/Movement_Control/Go2Robot/install/go2_robot/local/lib/python3.10/dist-packages/go2_robot-0.1.0-py3.10.egg-info/SOURCES.txt\n'}
[23.252593] (go2_robot) StdoutLine: {'line': b'-- Installing: /home/hong/Movement_Control/Go2Robot/install/go2_robot/local/lib/python3.10/dist-packages/go2_robot-0.1.0-py3.10.egg-info/top_level.txt\n'}
[23.252877] (go2_robot) StdoutLine: {'line': b'-- Installing: /home/hong/Movement_Control/Go2Robot/install/go2_robot/local/lib/python3.10/dist-packages/go2_robot-0.1.0-py3.10.egg-info/PKG-INFO\n'}
[23.253094] (-) TimerEvent: {}
[23.253130] (go2_robot) StdoutLine: {'line': b'-- Installing: /home/hong/Movement_Control/Go2Robot/install/go2_robot/local/lib/python3.10/dist-packages/go2_robot-0.1.0-py3.10.egg-info/dependency_links.txt\n'}
[23.253351] (go2_robot) StdoutLine: {'line': b'-- Up-to-date: /home/hong/Movement_Control/Go2Robot/install/go2_robot/local/lib/python3.10/dist-packages/go2_robot\n'}
[23.253571] (go2_robot) StdoutLine: {'line': b'-- Installing: /home/hong/Movement_Control/Go2Robot/install/go2_robot/local/lib/python3.10/dist-packages/go2_robot/_go2_robot_s.ep.rosidl_typesupport_fastrtps_c.c\n'}
[23.253807] (go2_robot) StdoutLine: {'line': b'-- Installing: /home/hong/Movement_Control/Go2Robot/install/go2_robot/local/lib/python3.10/dist-packages/go2_robot/go2_robot_s__rosidl_typesupport_fastrtps_c..cpython-310-x86_64-linux-gnu.so\n'}
[23.254032] (go2_robot) StdoutLine: {'line': b'-- Installing: /home/hong/Movement_Control/Go2Robot/install/go2_robot/local/lib/python3.10/dist-packages/go2_robot/__init__.py\n'}
[23.254349] (go2_robot) StdoutLine: {'line': b'-- Installing: /home/hong/Movement_Control/Go2Robot/install/go2_robot/local/lib/python3.10/dist-packages/go2_robot/_go2_robot_s.ep.rosidl_typesupport_introspection_c.c\n'}
[23.254575] (go2_robot) StdoutLine: {'line': b'-- Installing: /home/hong/Movement_Control/Go2Robot/install/go2_robot/local/lib/python3.10/dist-packages/go2_robot/_go2_robot_s.ep.rosidl_typesupport_c.c\n'}
[23.254705] (go2_robot) StdoutLine: {'line': b'-- Installing: /home/hong/Movement_Control/Go2Robot/install/go2_robot/local/lib/python3.10/dist-packages/go2_robot/go2_robot_s__rosidl_typesupport_introspection_c..cpython-310-x86_64-linux-gnu.so\n'}
[23.254828] (go2_robot) StdoutLine: {'line': b'-- Up-to-date: /home/hong/Movement_Control/Go2Robot/install/go2_robot/local/lib/python3.10/dist-packages/go2_robot/msg\n'}
[23.254940] (go2_robot) StdoutLine: {'line': b'-- Installing: /home/hong/Movement_Control/Go2Robot/install/go2_robot/local/lib/python3.10/dist-packages/go2_robot/msg/__init__.py\n'}
[23.255214] (go2_robot) StdoutLine: {'line': b'-- Installing: /home/hong/Movement_Control/Go2Robot/install/go2_robot/local/lib/python3.10/dist-packages/go2_robot/msg/_go2_telemetry.py\n'}
[23.255478] (go2_robot) StdoutLine: {'line': b'-- Installing: /home/hong/Movement_Control/Go2Robot/install/go2_robot/local/lib/python3.10/dist-packages/go2_robot/msg/_go2_telemetry_s.c\n'}
[23.255809] (go2_robot) StdoutLine: {'line': b'-- Installing: /home/hong/Movement_Control/Go2Robot/install/go2_robot/local/lib/python3.10/dist-packages/go2_robot/libgo2_robot__rosidl_generator_py.so\n'}
[23.255953] (go2_robot) StdoutLine: {'line': b'-- Installing: /home/hong/Movement_Control/Go2Robot/install/go2_robot/local/lib/python3.10/dist-packages/go2_robot/go2_robot_s__rosidl_typesupport_c..cpython-310-x86_64-linux-gnu.so\n'}
[23.302152] (go2_robot) StdoutLine: {'line': b"Listing '/home/hong/Movement_Control/Go2Robot/install/go2_robot/local/lib/python3.10/dist-packages/go2_robot'...\n"}
[23.302349] (go2_robot) StdoutLine: {'line': b"Compiling '/home/hong/Movement_Control/Go2Robot/install/go2_robot/local/lib/python3.10/dist-packages/go2_robot/__init__.py'...\n"}
[23.302424] (go2_robot) StdoutLine: {'line': b"Listing '/home/hong/Movement_Control/Go2Robot/install/go2_robot/local/lib/python3.10/dist-packages/go2_robot/msg'...\n"}
[23.302494] (go2_robot) StdoutLine: {'line': b"Compiling '/home/hong/Movement_Control/Go2Robot/install/go2_robot/local/lib/python3.10/dist-packages/go2_robot/msg/__init__.py'...\n"}
[23.302563] (go2_robot) StdoutLine: {'line': b"Compiling '/home/hong/Movement_Control/Go2Robot/install/go2_robot/local/lib/python3.10/dist-packages/go2_robot/msg/_go2_telemetry.py'...\n"}
[23.305849] (go2_robot) StdoutLine: {'line': b'-- Installing: /home/hong/Movement_Control/Go2Robot/install/go2_robot/local/lib/python3.10/dist-packages/go2_robot/go2_robot_s__rosidl_typesupport_fastrtps_c..cpython-310-x86_64-linux-gnu.so\n'}
[23.306075] (go2_robot) StdoutLine: {'line': b'-- Set runtime path of "/home/hong/Movement_Control/Go2Robot/install/go2_robot/local/lib/python3.10/dist-packages/go2_robot/go2_robot_s__rosidl_typesupport_fastrtps_c..cpython-310-x86_64-linux-gnu.so" to ""\n'}
[23.306146] (go2_robot) StdoutLine: {'line': b'-- Installing: /home/hong/Movement_Control/Go2Robot/install/go2_robot/local/lib/python3.10/dist-packages/go2_robot/go2_robot_s__rosidl_typesupport_introspection_c..cpython-310-x86_64-linux-gnu.so\n'}
[23.306290] (go2_robot) StdoutLine: {'line': b'-- Set runtime path of "/home/hong/Movement_Control/Go2Robot/install/go2_robot/local/lib/python3.10/dist-packages/go2_robot/go2_robot_s__rosidl_typesupport_introspection_c..cpython-310-x86_64-linux-gnu.so" to ""\n'}
[23.306358] (go2_robot) StdoutLine: {'line': b'-- Installing: /home/hong/Movement_Control/Go2Robot/install/go2_robot/local/lib/python3.10/dist-packages/go2_robot/go2_robot_s__rosidl_typesupport_c..cpython-310-x86_64-linux-gnu.so\n'}
[23.306498] (go2_robot) StdoutLine: {'line': b'-- Set runtime path of "/home/hong/Movement_Control/Go2Robot/install/go2_robot/local/lib/python3.10/dist-packages/go2_robot/go2_robot_s__rosidl_typesupport_c..cpython-310-x86_64-linux-gnu.so" to ""\n'}
[23.306566] (go2_robot) StdoutLine: {'line': b'-- Installing: /home/hong/Movement_Control/Go2Robot/install/go2_robot/lib/libgo2_robot__rosidl_generator_py.so\n'}
[23.306690] (go2_robot) StdoutLine: {'line': b'-- Set runtime path of "/home/hong/Movement_Control/Go2Robot/install/go2_robot/lib/libgo2_robot__rosidl_generator_py.so" to ""\n'}
[23.306763] (go2_robot) StdoutLine: {'line': b'-- Up-to-date: /home/hong/Movement_Control/Go2Robot/install/go2_robot/share/ament_index/resource_index/rust_packages/go2_robot\n'}
[23.306931] (go2_robot) StdoutLine: {'line': b'-- Up-to-date: /home/hong/Movement_Control/Go2Robot/install/go2_robot/share/go2_robot/rust\n'}
[23.306996] (go2_robot) StdoutLine: {'line': b'-- Installing: /home/hong/Movement_Control/Go2Robot/install/go2_robot/share/go2_robot/rust/Cargo.toml\n'}
[23.307059] (go2_robot) StdoutLine: {'line': b'-- Installing: /home/hong/Movement_Control/Go2Robot/install/go2_robot/share/go2_robot/rust/build.rs\n'}
[23.307197] (go2_robot) StdoutLine: {'line': b'-- Up-to-date: /home/hong/Movement_Control/Go2Robot/install/go2_robot/share/go2_robot/rust/src\n'}
[23.307293] (go2_robot) StdoutLine: {'line': b'-- Up-to-date: /home/hong/Movement_Control/Go2Robot/install/go2_robot/share/go2_robot/rust/src/msg\n'}
[23.307359] (go2_robot) StdoutLine: {'line': b'-- Installing: /home/hong/Movement_Control/Go2Robot/install/go2_robot/share/go2_robot/rust/src/msg/rmw.rs\n'}
[23.307428] (go2_robot) StdoutLine: {'line': b'-- Installing: /home/hong/Movement_Control/Go2Robot/install/go2_robot/share/go2_robot/rust/src/lib.rs\n'}
[23.307491] (go2_robot) StdoutLine: {'line': b'-- Installing: /home/hong/Movement_Control/Go2Robot/install/go2_robot/share/go2_robot/rust/src/msg.rs\n'}
[23.307552] (go2_robot) StdoutLine: {'line': b'-- Installing: /home/hong/Movement_Control/Go2Robot/install/go2_robot/share/go2_robot/msg/Go2Telemetry.idl\n'}
[23.307613] (go2_robot) StdoutLine: {'line': b'-- Installing: /home/hong/Movement_Control/Go2Robot/install/go2_robot/share/go2_robot/msg/Go2Telemetry.msg\n'}
[23.307685] (go2_robot) StdoutLine: {'line': b'-- Installing: /home/hong/Movement_Control/Go2Robot/install/go2_robot/lib/go2_robot/go2_control_node\n'}
[23.309192] (go2_robot) StdoutLine: {'line': b'-- Set runtime path of "/home/hong/Movement_Control/Go2Robot/install/go2_robot/lib/go2_robot/go2_control_node" to ""\n'}
[23.309437] (go2_robot) StdoutLine: {'line': b'-- Up-to-date: /home/hong/Movement_Control/Go2Robot/install/go2_robot/share/go2_robot/config\n'}
[23.309641] (go2_robot) StdoutLine: {'line': b'-- Up-to-date: /home/hong/Movement_Control/Go2Robot/install/go2_robot/share/go2_robot/config/go2_params.yaml\n'}
[23.309810] (go2_robot) StdoutLine: {'line': b'-- Up-to-date: /home/hong/Movement_Control/Go2Robot/install/go2_robot/share/go2_robot/config/mpc.yaml\n'}
[23.309965] (go2_robot) StdoutLine: {'line': b'-- Up-to-date: /home/hong/Movement_Control/Go2Robot/install/go2_robot/share/go2_robot/launch\n'}
[23.310066] (go2_robot) StdoutLine: {'line': b'-- Up-to-date: /home/hong/Movement_Control/Go2Robot/install/go2_robot/share/go2_robot/launch/go2_sim.launch.py\n'}
[23.310186] (go2_robot) StdoutLine: {'line': b'-- Up-to-date: /home/hong/Movement_Control/Go2Robot/install/go2_robot/share/go2_robot/launch/__pycache__\n'}
[23.310314] (go2_robot) StdoutLine: {'line': b'-- Up-to-date: /home/hong/Movement_Control/Go2Robot/install/go2_robot/share/go2_robot/launch/__pycache__/go2_sim.launch.cpython-310.pyc\n'}
[23.310473] (go2_robot) StdoutLine: {'line': b'-- Up-to-date: /home/hong/Movement_Control/Go2Robot/install/go2_robot/share/go2_robot/go2\n'}
[23.310632] (go2_robot) StdoutLine: {'line': b'-- Up-to-date: /home/hong/Movement_Control/Go2Robot/install/go2_robot/share/go2_robot/go2/my_bot.xml\n'}
[23.310781] (go2_robot) StdoutLine: {'line': b'-- Up-to-date: /home/hong/Movement_Control/Go2Robot/install/go2_robot/share/go2_robot/go2/scene.xml\n'}
[23.311000] (go2_robot) StdoutLine: {'line': b'-- Up-to-date: /home/hong/Movement_Control/Go2Robot/install/go2_robot/share/go2_robot/go2/height_field.png\n'}
[23.311104] (go2_robot) StdoutLine: {'line': b'-- Up-to-date: /home/hong/Movement_Control/Go2Robot/install/go2_robot/share/go2_robot/go2/go2.xml\n'}
[23.311172] (go2_robot) StdoutLine: {'line': b'-- Up-to-date: /home/hong/Movement_Control/Go2Robot/install/go2_robot/share/go2_robot/go2/scene_terrain.xml\n'}
[23.311239] (go2_robot) StdoutLine: {'line': b'-- Up-to-date: /home/hong/Movement_Control/Go2Robot/install/go2_robot/share/go2_robot/go2/dae\n'}
[23.311337] (go2_robot) StdoutLine: {'line': b'-- Up-to-date: /home/hong/Movement_Control/Go2Robot/install/go2_robot/share/go2_robot/go2/dae/thigh.dae\n'}
[23.311490] (go2_robot) StdoutLine: {'line': b'-- Up-to-date: /home/hong/Movement_Control/Go2Robot/install/go2_robot/share/go2_robot/go2/dae/foot.dae\n'}
[23.311653] (go2_robot) StdoutLine: {'line': b'-- Up-to-date: /home/hong/Movement_Control/Go2Robot/install/go2_robot/share/go2_robot/go2/dae/calf_mirror.dae\n'}
[23.311736] (go2_robot) StdoutLine: {'line': b'-- Up-to-date: /home/hong/Movement_Control/Go2Robot/install/go2_robot/share/go2_robot/go2/dae/thigh_mirror.dae\n'}
[23.311803] (go2_robot) StdoutLine: {'line': b'-- Up-to-date: /home/hong/Movement_Control/Go2Robot/install/go2_robot/share/go2_robot/go2/dae/base.dae\n'}
[23.311869] (go2_robot) StdoutLine: {'line': b'-- Up-to-date: /home/hong/Movement_Control/Go2Robot/install/go2_robot/share/go2_robot/go2/dae/calf.dae\n'}
[23.311942] (go2_robot) StdoutLine: {'line': b'-- Up-to-date: /home/hong/Movement_Control/Go2Robot/install/go2_robot/share/go2_robot/go2/dae/hip.dae\n'}
[23.312008] (go2_robot) StdoutLine: {'line': b'-- Up-to-date: /home/hong/Movement_Control/Go2Robot/install/go2_robot/share/go2_robot/go2/mjmodel.xml\n'}
[23.312074] (go2_robot) StdoutLine: {'line': b'-- Up-to-date: /home/hong/Movement_Control/Go2Robot/install/go2_robot/share/go2_robot/go2/go2_description.urdf\n'}
[23.312141] (go2_robot) StdoutLine: {'line': b'-- Up-to-date: /home/hong/Movement_Control/Go2Robot/install/go2_robot/share/go2_robot/go2/estiandtruth.xml\n'}
[23.312208] (go2_robot) StdoutLine: {'line': b'-- Up-to-date: /home/hong/Movement_Control/Go2Robot/install/go2_robot/share/go2_robot/go2/assets\n'}
[23.312277] (go2_robot) StdoutLine: {'line': b'-- Up-to-date: /home/hong/Movement_Control/Go2Robot/install/go2_robot/share/go2_robot/go2/assets/thigh_mirror_0.obj\n'}
[23.312343] (go2_robot) StdoutLine: {'line': b'-- Up-to-date: /home/hong/Movement_Control/Go2Robot/install/go2_robot/share/go2_robot/go2/assets/calf_mirror_1.obj\n'}
[23.312410] (go2_robot) StdoutLine: {'line': b'-- Up-to-date: /home/hong/Movement_Control/Go2Robot/install/go2_robot/share/go2_robot/go2/assets/base_1.obj\n'}
[23.312475] (go2_robot) StdoutLine: {'line': b'-- Up-to-date: /home/hong/Movement_Control/Go2Robot/install/go2_robot/share/go2_robot/go2/assets/calf_1.stl\n'}
[23.312543] (go2_robot) StdoutLine: {'line': b'-- Up-to-date: /home/hong/Movement_Control/Go2Robot/install/go2_robot/share/go2_robot/go2/assets/base_0.obj\n'}
[23.312607] (go2_robot) StdoutLine: {'line': b'-- Up-to-date: /home/hong/Movement_Control/Go2Robot/install/go2_robot/share/go2_robot/go2/assets/thigh_mirror_1.obj\n'}
[23.312680] (go2_robot) StdoutLine: {'line': b'-- Up-to-date: /home/hong/Movement_Control/Go2Robot/install/go2_robot/share/go2_robot/go2/assets/calf_mirror_1.stl\n'}
[23.312786] (go2_robot) StdoutLine: {'line': b'-- Up-to-date: /home/hong/Movement_Control/Go2Robot/install/go2_robot/share/go2_robot/go2/assets/thigh_mirror_0.stl\n'}
[23.313117] (go2_robot) StdoutLine: {'line': b'-- Up-to-date: /home/hong/Movement_Control/Go2Robot/install/go2_robot/share/go2_robot/go2/assets/foot.obj\n'}
[23.313488] (go2_robot) StdoutLine: {'line': b'-- Up-to-date: /home/hong/Movement_Control/Go2Robot/install/go2_robot/share/go2_robot/go2/assets/base_3.stl\n'}
[23.313642] (go2_robot) StdoutLine: {'line': b'-- Up-to-date: /home/hong/Movement_Control/Go2Robot/install/go2_robot/share/go2_robot/go2/assets/hip_1.obj\n'}
[23.313932] (go2_robot) StdoutLine: {'line': b'-- Up-to-date: /home/hong/Movement_Control/Go2Robot/install/go2_robot/share/go2_robot/go2/assets/hip_1.stl\n'}
[23.314050] (go2_robot) StdoutLine: {'line': b'-- Up-to-date: /home/hong/Movement_Control/Go2Robot/install/go2_robot/share/go2_robot/go2/assets/thigh_0.obj\n'}
[23.314157] (go2_robot) StdoutLine: {'line': b'-- Up-to-date: /home/hong/Movement_Control/Go2Robot/install/go2_robot/share/go2_robot/go2/assets/thigh_0.stl\n'}
[23.314267] (go2_robot) StdoutLine: {'line': b'-- Up-to-date: /home/hong/Movement_Control/Go2Robot/install/go2_robot/share/go2_robot/go2/assets/base_3.obj\n'}
[23.314546] (go2_robot) StdoutLine: {'line': b'-- Up-to-date: /home/hong/Movement_Control/Go2Robot/install/go2_robot/share/go2_robot/go2/assets/hip_0.obj\n'}
[23.314693] (go2_robot) StdoutLine: {'line': b'-- Up-to-date: /home/hong/Movement_Control/Go2Robot/install/go2_robot/share/go2_robot/go2/assets/calf_1.obj\n'}
[23.315022] (go2_robot) StdoutLine: {'line': b'-- Up-to-date: /home/hong/Movement_Control/Go2Robot/install/go2_robot/share/go2_robot/go2/assets/base_4.stl\n'}
[23.315115] (go2_robot) StdoutLine: {'line': b'-- Up-to-date: /home/hong/Movement_Control/Go2Robot/install/go2_robot/share/go2_robot/go2/assets/calf_mirror_0.stl\n'}
[23.315150] (go2_robot) StdoutLine: {'line': b'-- Up-to-date: /home/hong/Movement_Control/Go2Robot/install/go2_robot/share/go2_robot/go2/assets/base_1.stl\n'}
[23.315180] (go2_robot) StdoutLine: {'line': b'-- Up-to-date: /home/hong/Movement_Control/Go2Robot/install/go2_robot/share/go2_robot/go2/assets/base_2.stl\n'}
[23.315253] (go2_robot) StdoutLine: {'line': b'-- Up-to-date: /home/hong/Movement_Control/Go2Robot/install/go2_robot/share/go2_robot/go2/assets/calf_mirror_0.obj\n'}
[23.315283] (go2_robot) StdoutLine: {'line': b'-- Up-to-date: /home/hong/Movement_Control/Go2Robot/install/go2_robot/share/go2_robot/go2/assets/foot.stl\n'}
[23.315312] (go2_robot) StdoutLine: {'line': b'-- Up-to-date: /home/hong/Movement_Control/Go2Robot/install/go2_robot/share/go2_robot/go2/assets/calf_0.obj\n'}
[23.315340] (go2_robot) StdoutLine: {'line': b'-- Up-to-date: /home/hong/Movement_Control/Go2Robot/install/go2_robot/share/go2_robot/go2/assets/thigh_mirror_1.stl\n'}
[23.315368] (go2_robot) StdoutLine: {'line': b'-- Up-to-date: /home/hong/Movement_Control/Go2Robot/install/go2_robot/share/go2_robot/go2/assets/hip_0.stl\n'}
[23.315395] (go2_robot) StdoutLine: {'line': b'-- Up-to-date: /home/hong/Movement_Control/Go2Robot/install/go2_robot/share/go2_robot/go2/assets/calf_0.stl\n'}
[23.315422] (go2_robot) StdoutLine: {'line': b'-- Up-to-date: /home/hong/Movement_Control/Go2Robot/install/go2_robot/share/go2_robot/go2/assets/base_4.obj\n'}
[23.315449] (go2_robot) StdoutLine: {'line': b'-- Up-to-date: /home/hong/Movement_Control/Go2Robot/install/go2_robot/share/go2_robot/go2/assets/base_0.stl\n'}
[23.315476] (go2_robot) StdoutLine: {'line': b'-- Up-to-date: /home/hong/Movement_Control/Go2Robot/install/go2_robot/share/go2_robot/go2/assets/thigh_1.stl\n'}
[23.315506] (go2_robot) StdoutLine: {'line': b'-- Up-to-date: /home/hong/Movement_Control/Go2Robot/install/go2_robot/share/go2_robot/go2/assets/thigh_1.obj\n'}
[23.315533] (go2_robot) StdoutLine: {'line': b'-- Up-to-date: /home/hong/Movement_Control/Go2Robot/install/go2_robot/share/go2_robot/go2/assets/base_2.obj\n'}
[23.315560] (go2_robot) StdoutLine: {'line': b'-- Up-to-date: /home/hong/Movement_Control/Go2Robot/install/go2_robot/share/go2_robot/go2/meshes\n'}
[23.315587] (go2_robot) StdoutLine: {'line': b'-- Up-to-date: /home/hong/Movement_Control/Go2Robot/install/go2_robot/share/go2_robot/go2/meshes/RR_knee_Link.STL\n'}
[23.315614] (go2_robot) StdoutLine: {'line': b'-- Up-to-date: /home/hong/Movement_Control/Go2Robot/install/go2_robot/share/go2_robot/go2/meshes/FL_elbow_Link.STL\n'}
[23.315644] (go2_robot) StdoutLine: {'line': b'-- Up-to-date: /home/hong/Movement_Control/Go2Robot/install/go2_robot/share/go2_robot/go2/meshes/FR_elbow_Link.STL\n'}
[23.315672] (go2_robot) StdoutLine: {'line': b'-- Up-to-date: /home/hong/Movement_Control/Go2Robot/install/go2_robot/share/go2_robot/go2/meshes/RL_elbow_Link.STL\n'}
[23.315698] (go2_robot) StdoutLine: {'line': b'-- Up-to-date: /home/hong/Movement_Control/Go2Robot/install/go2_robot/share/go2_robot/go2/meshes/FL_knee_Link.STL\n'}
[23.315733] (go2_robot) StdoutLine: {'line': b'-- Up-to-date: /home/hong/Movement_Control/Go2Robot/install/go2_robot/share/go2_robot/go2/meshes/base_link.STL\n'}
[23.315761] (go2_robot) StdoutLine: {'line': b'-- Up-to-date: /home/hong/Movement_Control/Go2Robot/install/go2_robot/share/go2_robot/go2/meshes/FR_knee_Link.STL\n'}
[23.315788] (go2_robot) StdoutLine: {'line': b'-- Up-to-date: /home/hong/Movement_Control/Go2Robot/install/go2_robot/share/go2_robot/go2/meshes/RR_elbow_Link.STL\n'}
[23.315814] (go2_robot) StdoutLine: {'line': b'-- Up-to-date: /home/hong/Movement_Control/Go2Robot/install/go2_robot/share/go2_robot/go2/meshes/RL_knee_Link.STL\n'}
[23.315841] (go2_robot) StdoutLine: {'line': b'-- Up-to-date: /home/hong/Movement_Control/Go2Robot/install/go2_robot/share/go2_robot/go2/unitree_hfield.png\n'}
[23.315869] (go2_robot) StdoutLine: {'line': b'-- Up-to-date: /home/hong/Movement_Control/Go2Robot/install/go2_robot/share/ament_index/resource_index/package_run_dependencies/go2_robot\n'}
[23.315897] (go2_robot) StdoutLine: {'line': b'-- Up-to-date: /home/hong/Movement_Control/Go2Robot/install/go2_robot/share/ament_index/resource_index/parent_prefix_path/go2_robot\n'}
[23.315924] (go2_robot) StdoutLine: {'line': b'-- Up-to-date: /home/hong/Movement_Control/Go2Robot/install/go2_robot/share/go2_robot/environment/ament_prefix_path.sh\n'}
[23.315954] (go2_robot) StdoutLine: {'line': b'-- Installing: /home/hong/Movement_Control/Go2Robot/install/go2_robot/share/go2_robot/environment/ament_prefix_path.dsv\n'}
[23.315982] (go2_robot) StdoutLine: {'line': b'-- Up-to-date: /home/hong/Movement_Control/Go2Robot/install/go2_robot/share/go2_robot/environment/path.sh\n'}
[23.316009] (go2_robot) StdoutLine: {'line': b'-- Installing: /home/hong/Movement_Control/Go2Robot/install/go2_robot/share/go2_robot/environment/path.dsv\n'}
[23.316036] (go2_robot) StdoutLine: {'line': b'-- Up-to-date: /home/hong/Movement_Control/Go2Robot/install/go2_robot/share/go2_robot/local_setup.bash\n'}
[23.316063] (go2_robot) StdoutLine: {'line': b'-- Up-to-date: /home/hong/Movement_Control/Go2Robot/install/go2_robot/share/go2_robot/local_setup.sh\n'}
[23.316089] (go2_robot) StdoutLine: {'line': b'-- Up-to-date: /home/hong/Movement_Control/Go2Robot/install/go2_robot/share/go2_robot/local_setup.zsh\n'}
[23.316116] (go2_robot) StdoutLine: {'line': b'-- Installing: /home/hong/Movement_Control/Go2Robot/install/go2_robot/share/go2_robot/local_setup.dsv\n'}
[23.316172] (go2_robot) StdoutLine: {'line': b'-- Installing: /home/hong/Movement_Control/Go2Robot/install/go2_robot/share/go2_robot/package.dsv\n'}
[23.316200] (go2_robot) StdoutLine: {'line': b'-- Up-to-date: /home/hong/Movement_Control/Go2Robot/install/go2_robot/share/ament_index/resource_index/packages/go2_robot\n'}
[23.316230] (go2_robot) StdoutLine: {'line': b'-- Up-to-date: /home/hong/Movement_Control/Go2Robot/install/go2_robot/share/go2_robot/cmake/export_go2_robot__rosidl_generator_cExport.cmake\n'}
[23.316257] (go2_robot) StdoutLine: {'line': b'-- Up-to-date: /home/hong/Movement_Control/Go2Robot/install/go2_robot/share/go2_robot/cmake/export_go2_robot__rosidl_generator_cExport-release.cmake\n'}
[23.316284] (go2_robot) StdoutLine: {'line': b'-- Up-to-date: /home/hong/Movement_Control/Go2Robot/install/go2_robot/share/go2_robot/cmake/export_go2_robot__rosidl_typesupport_fastrtps_cExport.cmake\n'}
[23.316311] (go2_robot) StdoutLine: {'line': b'-- Up-to-date: /home/hong/Movement_Control/Go2Robot/install/go2_robot/share/go2_robot/cmake/export_go2_robot__rosidl_typesupport_fastrtps_cExport-release.cmake\n'}
[23.316339] (go2_robot) StdoutLine: {'line': b'-- Up-to-date: /home/hong/Movement_Control/Go2Robot/install/go2_robot/share/go2_robot/cmake/export_go2_robot__rosidl_generator_cppExport.cmake\n'}
[23.316368] (go2_robot) StdoutLine: {'line': b'-- Up-to-date: /home/hong/Movement_Control/Go2Robot/install/go2_robot/share/go2_robot/cmake/export_go2_robot__rosidl_typesupport_fastrtps_cppExport.cmake\n'}
[23.316395] (go2_robot) StdoutLine: {'line': b'-- Up-to-date: /home/hong/Movement_Control/Go2Robot/install/go2_robot/share/go2_robot/cmake/export_go2_robot__rosidl_typesupport_fastrtps_cppExport-release.cmake\n'}
[23.316422] (go2_robot) StdoutLine: {'line': b'-- Up-to-date: /home/hong/Movement_Control/Go2Robot/install/go2_robot/share/go2_robot/cmake/go2_robot__rosidl_typesupport_introspection_cExport.cmake\n'}
[23.316450] (go2_robot) StdoutLine: {'line': b'-- Up-to-date: /home/hong/Movement_Control/Go2Robot/install/go2_robot/share/go2_robot/cmake/go2_robot__rosidl_typesupport_introspection_cExport-release.cmake\n'}
[23.316479] (go2_robot) StdoutLine: {'line': b'-- Up-to-date: /home/hong/Movement_Control/Go2Robot/install/go2_robot/share/go2_robot/cmake/go2_robot__rosidl_typesupport_cExport.cmake\n'}
[23.316507] (go2_robot) StdoutLine: {'line': b'-- Up-to-date: /home/hong/Movement_Control/Go2Robot/install/go2_robot/share/go2_robot/cmake/go2_robot__rosidl_typesupport_cExport-release.cmake\n'}
[23.316534] (go2_robot) StdoutLine: {'line': b'-- Up-to-date: /home/hong/Movement_Control/Go2Robot/install/go2_robot/share/go2_robot/cmake/go2_robot__rosidl_typesupport_introspection_cppExport.cmake\n'}
[23.316560] (go2_robot) StdoutLine: {'line': b'-- Up-to-date: /home/hong/Movement_Control/Go2Robot/install/go2_robot/share/go2_robot/cmake/go2_robot__rosidl_typesupport_introspection_cppExport-release.cmake\n'}
[23.316618] (go2_robot) StdoutLine: {'line': b'-- Up-to-date: /home/hong/Movement_Control/Go2Robot/install/go2_robot/share/go2_robot/cmake/go2_robot__rosidl_typesupport_cppExport.cmake\n'}
[23.316647] (go2_robot) StdoutLine: {'line': b'-- Up-to-date: /home/hong/Movement_Control/Go2Robot/install/go2_robot/share/go2_robot/cmake/go2_robot__rosidl_typesupport_cppExport-release.cmake\n'}
[23.316674] (go2_robot) StdoutLine: {'line': b'-- Up-to-date: /home/hong/Movement_Control/Go2Robot/install/go2_robot/share/go2_robot/cmake/export_go2_robot__rosidl_generator_pyExport.cmake\n'}
[23.316702] (go2_robot) StdoutLine: {'line': b'-- Up-to-date: /home/hong/Movement_Control/Go2Robot/install/go2_robot/share/go2_robot/cmake/export_go2_robot__rosidl_generator_pyExport-release.cmake\n'}
[23.317068] (go2_robot) StdoutLine: {'line': b'-- Up-to-date: /home/hong/Movement_Control/Go2Robot/install/go2_robot/share/go2_robot/cmake/rosidl_cmake-extras.cmake\n'}
[23.317098] (go2_robot) StdoutLine: {'line': b'-- Up-to-date: /home/hong/Movement_Control/Go2Robot/install/go2_robot/share/go2_robot/cmake/ament_cmake_export_dependencies-extras.cmake\n'}
[23.317125] (go2_robot) StdoutLine: {'line': b'-- Up-to-date: /home/hong/Movement_Control/Go2Robot/install/go2_robot/share/go2_robot/cmake/ament_cmake_export_include_directories-extras.cmake\n'}
[23.317152] (go2_robot) StdoutLine: {'line': b'-- Up-to-date: /home/hong/Movement_Control/Go2Robot/install/go2_robot/share/go2_robot/cmake/ament_cmake_export_libraries-extras.cmake\n'}
[23.317179] (go2_robot) StdoutLine: {'line': b'-- Up-to-date: /home/hong/Movement_Control/Go2Robot/install/go2_robot/share/go2_robot/cmake/ament_cmake_export_targets-extras.cmake\n'}
[23.317206] (go2_robot) StdoutLine: {'line': b'-- Up-to-date: /home/hong/Movement_Control/Go2Robot/install/go2_robot/share/go2_robot/cmake/rosidl_cmake_export_typesupport_targets-extras.cmake\n'}
[23.317233] (go2_robot) StdoutLine: {'line': b'-- Up-to-date: /home/hong/Movement_Control/Go2Robot/install/go2_robot/share/go2_robot/cmake/rosidl_cmake_export_typesupport_libraries-extras.cmake\n'}
[23.317260] (go2_robot) StdoutLine: {'line': b'-- Up-to-date: /home/hong/Movement_Control/Go2Robot/install/go2_robot/share/go2_robot/cmake/go2_robotConfig.cmake\n'}
[23.317287] (go2_robot) StdoutLine: {'line': b'-- Up-to-date: /home/hong/Movement_Control/Go2Robot/install/go2_robot/share/go2_robot/cmake/go2_robotConfig-version.cmake\n'}
[23.317314] (go2_robot) StdoutLine: {'line': b'-- Up-to-date: /home/hong/Movement_Control/Go2Robot/install/go2_robot/share/go2_robot/package.xml\n'}
[23.317345] (go2_robot) StdoutLine: {'line': b'-- Up-to-date: /home/hong/Movement_Control/Go2Robot/install/go2_robot/lib/libOsqpEigen.so.0.11.0\n'}
[23.317373] (go2_robot) StdoutLine: {'line': b'-- Up-to-date: /home/hong/Movement_Control/Go2Robot/install/go2_robot/lib/libOsqpEigen.so\n'}
[23.317397] (go2_robot) StdoutLine: {'line': b'-- Up-to-date: /home/hong/Movement_Control/Go2Robot/install/go2_robot/include/OsqpEigen/OsqpEigen.h\n'}
[23.317435] (go2_robot) StdoutLine: {'line': b'-- Up-to-date: /home/hong/Movement_Control/Go2Robot/install/go2_robot/include/OsqpEigen/Constants.hpp\n'}
[23.317462] (go2_robot) StdoutLine: {'line': b'-- Up-to-date: /home/hong/Movement_Control/Go2Robot/install/go2_robot/include/OsqpEigen/SparseMatrixHelper.hpp\n'}
[23.317490] (go2_robot) StdoutLine: {'line': b'-- Up-to-date: /home/hong/Movement_Control/Go2Robot/install/go2_robot/include/OsqpEigen/SparseMatrixHelper.tpp\n'}
[23.317518] (go2_robot) StdoutLine: {'line': b'-- Up-to-date: /home/hong/Movement_Control/Go2Robot/install/go2_robot/include/OsqpEigen/Data.hpp\n'}
[23.317545] (go2_robot) StdoutLine: {'line': b'-- Up-to-date: /home/hong/Movement_Control/Go2Robot/install/go2_robot/include/OsqpEigen/Data.tpp\n'}
[23.317572] (go2_robot) StdoutLine: {'line': b'-- Up-to-date: /home/hong/Movement_Control/Go2Robot/install/go2_robot/include/OsqpEigen/Settings.hpp\n'}
[23.317600] (go2_robot) StdoutLine: {'line': b'-- Up-to-date: /home/hong/Movement_Control/Go2Robot/install/go2_robot/include/OsqpEigen/Solver.hpp\n'}
[23.317656] (go2_robot) StdoutLine: {'line': b'-- Up-to-date: /home/hong/Movement_Control/Go2Robot/install/go2_robot/include/OsqpEigen/Solver.tpp\n'}
[23.317683] (go2_robot) StdoutLine: {'line': b'-- Up-to-date: /home/hong/Movement_Control/Go2Robot/install/go2_robot/include/OsqpEigen/Compat.hpp\n'}
[23.317712] (go2_robot) StdoutLine: {'line': b'-- Up-to-date: /home/hong/Movement_Control/Go2Robot/install/go2_robot/include/OsqpEigen/Debug.hpp\n'}
[23.317740] (go2_robot) StdoutLine: {'line': b'-- Up-to-date: /home/hong/Movement_Control/Go2Robot/install/go2_robot/lib/cmake/OsqpEigen/OsqpEigenConfigVersion.cmake\n'}
[23.317768] (go2_robot) StdoutLine: {'line': b'-- Up-to-date: /home/hong/Movement_Control/Go2Robot/install/go2_robot/lib/cmake/OsqpEigen/OsqpEigenConfig.cmake\n'}
[23.317807] (go2_robot) StdoutLine: {'line': b'-- Up-to-date: /home/hong/Movement_Control/Go2Robot/install/go2_robot/lib/cmake/OsqpEigen/OsqpEigenTargets.cmake\n'}
[23.317835] (go2_robot) StdoutLine: {'line': b'-- Up-to-date: /home/hong/Movement_Control/Go2Robot/install/go2_robot/lib/cmake/OsqpEigen/OsqpEigenTargets-release.cmake\n'}
[23.317862] (go2_robot) StdoutLine: {'line': b'-- Up-to-date: /home/hong/Movement_Control/Go2Robot/install/go2_robot/share/cmake/osqp-eigen/package.xml\n'}
[23.317891] (go2_robot) CommandEnded: {'returncode': 0}
[23.337143] (go2_robot) JobEnded: {'identifier': 'go2_robot', 'rc': 0}
[23.337526] (-) EventReactorShutdown: {}
