[1.311s] DEBUG:colcon:Command line arguments: ['/usr/bin/colcon', 'build']
[1.311s] DEBUG:colcon:Parsed command line arguments: Namespace(log_base=None, log_level=None, verb_name='build', build_base='build', install_base='install', merge_install=False, symlink_install=False, test_result_base=None, continue_on_error=False, executor='parallel', parallel_workers=24, event_handlers=None, ignore_user_meta=False, metas=['./colcon.meta'], base_paths=['.'], packages_ignore=None, packages_ignore_regex=None, paths=None, packages_up_to=None, packages_up_to_regex=None, packages_above=None, packages_above_and_dependencies=None, packages_above_depth=None, packages_select_by_dep=None, packages_skip_by_dep=None, packages_skip_up_to=None, packages_select_build_failed=False, packages_skip_build_finished=False, packages_select_test_failures=False, packages_skip_test_passed=False, packages_select=None, packages_skip=None, packages_select_regex=None, packages_skip_regex=None, packages_start=None, packages_end=None, allow_overriding=[], cmake_args=None, cmake_target=None, cmake_target_skip_unavailable=False, cmake_clean_cache=False, cmake_clean_first=False, cmake_force_configure=False, ament_cmake_args=None, catkin_cmake_args=None, catkin_skip_building_tests=False, verb_parser=<colcon_defaults.argument_parser.defaults.DefaultArgumentsDecorator object at 0x74e5e8023790>, verb_extension=<colcon_core.verb.build.BuildVerb object at 0x74e5e8170a90>, main=<bound method BuildVerb.main of <colcon_core.verb.build.BuildVerb object at 0x74e5e8170a90>>)
[2.032s] Level 1:colcon.colcon_core.package_discovery:discover_packages(colcon_meta) check parameters
[2.032s] Level 1:colcon.colcon_core.package_discovery:discover_packages(recursive) check parameters
[2.032s] Level 1:colcon.colcon_core.package_discovery:discover_packages(ignore) check parameters
[2.032s] Level 1:colcon.colcon_core.package_discovery:discover_packages(path) check parameters
[2.032s] Level 1:colcon.colcon_core.package_discovery:discover_packages(colcon_meta) discover
[2.032s] Level 1:colcon.colcon_core.package_discovery:discover_packages(recursive) discover
[2.032s] INFO:colcon.colcon_core.package_discovery:Crawling recursively for packages in '/home/hong/Movement_Control/Go2Robot'
[2.032s] Level 1:colcon.colcon_core.package_identification:_identify(.) by extensions ['ignore', 'ignore_ament_install']
[2.033s] Level 1:colcon.colcon_core.package_identification:_identify(.) by extension 'ignore'
[2.033s] Level 1:colcon.colcon_core.package_identification:_identify(.) by extension 'ignore_ament_install'
[2.033s] Level 1:colcon.colcon_core.package_identification:_identify(.) by extensions ['colcon_pkg']
[2.033s] Level 1:colcon.colcon_core.package_identification:_identify(.) by extension 'colcon_pkg'
[2.033s] Level 1:colcon.colcon_core.package_identification:_identify(.) by extensions ['colcon_meta']
[2.033s] Level 1:colcon.colcon_core.package_identification:_identify(.) by extension 'colcon_meta'
[2.033s] Level 1:colcon.colcon_core.package_identification:_identify(.) by extensions ['ros']
[2.033s] Level 1:colcon.colcon_core.package_identification:_identify(.) by extension 'ros'
[4.636s] DEBUG:colcon.colcon_core.package_identification:Package '.' with type 'ros.ament_cmake' and name 'go2_robot'
[4.637s] Level 1:colcon.colcon_core.package_discovery:discover_packages(recursive) using defaults
[4.637s] Level 1:colcon.colcon_core.package_discovery:discover_packages(ignore) discover
[4.637s] Level 1:colcon.colcon_core.package_discovery:discover_packages(ignore) using defaults
[4.637s] Level 1:colcon.colcon_core.package_discovery:discover_packages(path) discover
[4.637s] Level 1:colcon.colcon_core.package_discovery:discover_packages(path) using defaults
[5.097s] Level 1:colcon.colcon_core.package_discovery:discover_packages(prefix_path) check parameters
[5.098s] Level 1:colcon.colcon_core.package_discovery:discover_packages(prefix_path) discover
[5.100s] DEBUG:colcon.colcon_installed_package_information.package_discovery:Found 1 installed packages in /home/hong/Movement_Control/Go2Robot/install
[5.253s] DEBUG:colcon.colcon_installed_package_information.package_discovery:Found 380 installed packages in /opt/ros/humble
[5.256s] Level 1:colcon.colcon_core.package_discovery:discover_packages(prefix_path) using defaults
[11.663s] Level 5:colcon.colcon_core.verb:set package 'go2_robot' build argument 'cmake_args' from command line to 'None'
[11.663s] Level 5:colcon.colcon_core.verb:set package 'go2_robot' build argument 'cmake_target' from command line to 'None'
[11.663s] Level 5:colcon.colcon_core.verb:set package 'go2_robot' build argument 'cmake_target_skip_unavailable' from command line to 'False'
[11.663s] Level 5:colcon.colcon_core.verb:set package 'go2_robot' build argument 'cmake_clean_cache' from command line to 'False'
[11.663s] Level 5:colcon.colcon_core.verb:set package 'go2_robot' build argument 'cmake_clean_first' from command line to 'False'
[11.663s] Level 5:colcon.colcon_core.verb:set package 'go2_robot' build argument 'cmake_force_configure' from command line to 'False'
[11.663s] Level 5:colcon.colcon_core.verb:set package 'go2_robot' build argument 'ament_cmake_args' from command line to 'None'
[11.664s] Level 5:colcon.colcon_core.verb:set package 'go2_robot' build argument 'catkin_cmake_args' from command line to 'None'
[11.664s] Level 5:colcon.colcon_core.verb:set package 'go2_robot' build argument 'catkin_skip_building_tests' from command line to 'False'
[11.664s] DEBUG:colcon.colcon_core.verb:Building package 'go2_robot' with the following arguments: {'ament_cmake_args': None, 'build_base': '/home/hong/Movement_Control/Go2Robot/build/go2_robot', 'catkin_cmake_args': None, 'catkin_skip_building_tests': False, 'cmake_args': None, 'cmake_clean_cache': False, 'cmake_clean_first': False, 'cmake_force_configure': False, 'cmake_target': None, 'cmake_target_skip_unavailable': False, 'install_base': '/home/hong/Movement_Control/Go2Robot/install/go2_robot', 'merge_install': False, 'path': '/home/hong/Movement_Control/Go2Robot', 'symlink_install': False, 'test_result_base': None}
[11.664s] INFO:colcon.colcon_core.executor:Executing jobs using 'parallel' executor
[11.665s] DEBUG:colcon.colcon_parallel_executor.executor.parallel:run_until_complete
[11.665s] INFO:colcon.colcon_ros.task.ament_cmake.build:Building ROS package in '/home/hong/Movement_Control/Go2Robot' with build type 'ament_cmake'
[11.665s] INFO:colcon.colcon_cmake.task.cmake.build:Building CMake package in '/home/hong/Movement_Control/Go2Robot'
[11.731s] INFO:colcon.colcon_core.plugin_system:Skipping extension 'colcon_core.shell.bat': Not used on non-Windows systems
[11.731s] INFO:colcon.colcon_core.shell:Skip shell extension 'powershell' for command environment: Not usable outside of PowerShell
[11.732s] DEBUG:colcon.colcon_core.shell:Skip shell extension 'dsv' for command environment
[11.800s] DEBUG:colcon.colcon_core.event_handler.log_command:Invoking command in '/home/hong/Movement_Control/Go2Robot/build/go2_robot': CMAKE_PREFIX_PATH=${CMAKE_PREFIX_PATH}:/opt/ros/humble /usr/bin/cmake --build /home/hong/Movement_Control/Go2Robot/build/go2_robot -- -j24 -l24
[25.705s] DEBUG:colcon.colcon_core.event_handler.log_command:Invoked command in '/home/hong/Movement_Control/Go2Robot/build/go2_robot' returned '0': CMAKE_PREFIX_PATH=${CMAKE_PREFIX_PATH}:/opt/ros/humble /usr/bin/cmake --build /home/hong/Movement_Control/Go2Robot/build/go2_robot -- -j24 -l24
[25.716s] DEBUG:colcon.colcon_core.event_handler.log_command:Invoking command in '/home/hong/Movement_Control/Go2Robot/build/go2_robot': CMAKE_PREFIX_PATH=${CMAKE_PREFIX_PATH}:/opt/ros/humble /usr/bin/cmake --install /home/hong/Movement_Control/Go2Robot/build/go2_robot
[25.904s] Level 1:colcon.colcon_core.environment:create_environment_scripts_only(go2_robot)
[25.906s] DEBUG:colcon.colcon_core.event_handler.log_command:Invoked command in '/home/hong/Movement_Control/Go2Robot/build/go2_robot' returned '0': CMAKE_PREFIX_PATH=${CMAKE_PREFIX_PATH}:/opt/ros/humble /usr/bin/cmake --install /home/hong/Movement_Control/Go2Robot/build/go2_robot
[26.044s] Level 1:colcon.colcon_core.environment:checking '/home/hong/Movement_Control/Go2Robot/install/go2_robot' for CMake module files
[26.045s] Level 1:colcon.colcon_core.environment:checking '/home/hong/Movement_Control/Go2Robot/install/go2_robot' for CMake config files
[26.045s] Level 1:colcon.colcon_core.shell:create_environment_hook('go2_robot', 'cmake_prefix_path')
[26.046s] INFO:colcon.colcon_core.shell:Creating environment hook '/home/hong/Movement_Control/Go2Robot/install/go2_robot/share/go2_robot/hook/cmake_prefix_path.ps1'
[26.047s] INFO:colcon.colcon_core.shell:Creating environment descriptor '/home/hong/Movement_Control/Go2Robot/install/go2_robot/share/go2_robot/hook/cmake_prefix_path.dsv'
[26.047s] INFO:colcon.colcon_core.shell:Creating environment hook '/home/hong/Movement_Control/Go2Robot/install/go2_robot/share/go2_robot/hook/cmake_prefix_path.sh'
[26.048s] Level 1:colcon.colcon_core.environment:checking '/home/hong/Movement_Control/Go2Robot/install/go2_robot/lib'
[26.048s] Level 1:colcon.colcon_core.shell:create_environment_hook('go2_robot', 'ld_library_path_lib')
[26.049s] INFO:colcon.colcon_core.shell:Creating environment hook '/home/hong/Movement_Control/Go2Robot/install/go2_robot/share/go2_robot/hook/ld_library_path_lib.ps1'
[26.049s] INFO:colcon.colcon_core.shell:Creating environment descriptor '/home/hong/Movement_Control/Go2Robot/install/go2_robot/share/go2_robot/hook/ld_library_path_lib.dsv'
[26.049s] INFO:colcon.colcon_core.shell:Creating environment hook '/home/hong/Movement_Control/Go2Robot/install/go2_robot/share/go2_robot/hook/ld_library_path_lib.sh'
[26.050s] Level 1:colcon.colcon_core.environment:checking '/home/hong/Movement_Control/Go2Robot/install/go2_robot/bin'
[26.050s] Level 1:colcon.colcon_core.environment:checking '/home/hong/Movement_Control/Go2Robot/install/go2_robot/lib/pkgconfig/go2_robot.pc'
[26.050s] Level 1:colcon.colcon_core.environment:checking '/home/hong/Movement_Control/Go2Robot/install/go2_robot/lib/python3.10/site-packages'
[26.050s] Level 1:colcon.colcon_core.environment:checking '/home/hong/Movement_Control/Go2Robot/install/go2_robot/bin'
[26.051s] INFO:colcon.colcon_core.shell:Creating package script '/home/hong/Movement_Control/Go2Robot/install/go2_robot/share/go2_robot/package.ps1'
[26.051s] INFO:colcon.colcon_core.shell:Creating package descriptor '/home/hong/Movement_Control/Go2Robot/install/go2_robot/share/go2_robot/package.dsv'
[26.052s] INFO:colcon.colcon_core.shell:Creating package script '/home/hong/Movement_Control/Go2Robot/install/go2_robot/share/go2_robot/package.sh'
[26.052s] INFO:colcon.colcon_core.shell:Creating package script '/home/hong/Movement_Control/Go2Robot/install/go2_robot/share/go2_robot/package.bash'
[26.052s] INFO:colcon.colcon_core.shell:Creating package script '/home/hong/Movement_Control/Go2Robot/install/go2_robot/share/go2_robot/package.zsh'
[26.053s] Level 1:colcon.colcon_core.environment:create_file_with_runtime_dependencies(/home/hong/Movement_Control/Go2Robot/install/go2_robot/share/colcon-core/packages/go2_robot)
[26.053s] Level 1:colcon.colcon_core.environment:create_environment_scripts_only(go2_robot)
[26.053s] Level 1:colcon.colcon_core.environment:checking '/home/hong/Movement_Control/Go2Robot/install/go2_robot' for CMake module files
[26.054s] Level 1:colcon.colcon_core.environment:checking '/home/hong/Movement_Control/Go2Robot/install/go2_robot' for CMake config files
[26.054s] Level 1:colcon.colcon_core.shell:create_environment_hook('go2_robot', 'cmake_prefix_path')
[26.054s] INFO:colcon.colcon_core.shell:Creating environment hook '/home/hong/Movement_Control/Go2Robot/install/go2_robot/share/go2_robot/hook/cmake_prefix_path.ps1'
[26.054s] INFO:colcon.colcon_core.shell:Creating environment descriptor '/home/hong/Movement_Control/Go2Robot/install/go2_robot/share/go2_robot/hook/cmake_prefix_path.dsv'
[26.054s] INFO:colcon.colcon_core.shell:Creating environment hook '/home/hong/Movement_Control/Go2Robot/install/go2_robot/share/go2_robot/hook/cmake_prefix_path.sh'
[26.055s] Level 1:colcon.colcon_core.environment:checking '/home/hong/Movement_Control/Go2Robot/install/go2_robot/lib'
[26.055s] Level 1:colcon.colcon_core.shell:create_environment_hook('go2_robot', 'ld_library_path_lib')
[26.055s] INFO:colcon.colcon_core.shell:Creating environment hook '/home/hong/Movement_Control/Go2Robot/install/go2_robot/share/go2_robot/hook/ld_library_path_lib.ps1'
[26.055s] INFO:colcon.colcon_core.shell:Creating environment descriptor '/home/hong/Movement_Control/Go2Robot/install/go2_robot/share/go2_robot/hook/ld_library_path_lib.dsv'
[26.055s] INFO:colcon.colcon_core.shell:Creating environment hook '/home/hong/Movement_Control/Go2Robot/install/go2_robot/share/go2_robot/hook/ld_library_path_lib.sh'
[26.055s] Level 1:colcon.colcon_core.environment:checking '/home/hong/Movement_Control/Go2Robot/install/go2_robot/bin'
[26.055s] Level 1:colcon.colcon_core.environment:checking '/home/hong/Movement_Control/Go2Robot/install/go2_robot/lib/pkgconfig/go2_robot.pc'
[26.056s] Level 1:colcon.colcon_core.environment:checking '/home/hong/Movement_Control/Go2Robot/install/go2_robot/lib/python3.10/site-packages'
[26.056s] Level 1:colcon.colcon_core.environment:checking '/home/hong/Movement_Control/Go2Robot/install/go2_robot/bin'
[26.056s] INFO:colcon.colcon_core.shell:Creating package script '/home/hong/Movement_Control/Go2Robot/install/go2_robot/share/go2_robot/package.ps1'
[26.057s] INFO:colcon.colcon_core.shell:Creating package descriptor '/home/hong/Movement_Control/Go2Robot/install/go2_robot/share/go2_robot/package.dsv'
[26.057s] INFO:colcon.colcon_core.shell:Creating package script '/home/hong/Movement_Control/Go2Robot/install/go2_robot/share/go2_robot/package.sh'
[26.057s] INFO:colcon.colcon_core.shell:Creating package script '/home/hong/Movement_Control/Go2Robot/install/go2_robot/share/go2_robot/package.bash'
[26.058s] INFO:colcon.colcon_core.shell:Creating package script '/home/hong/Movement_Control/Go2Robot/install/go2_robot/share/go2_robot/package.zsh'
[26.058s] Level 1:colcon.colcon_core.environment:create_file_with_runtime_dependencies(/home/hong/Movement_Control/Go2Robot/install/go2_robot/share/colcon-core/packages/go2_robot)
[26.058s] DEBUG:colcon.colcon_parallel_executor.executor.parallel:closing loop
[26.058s] DEBUG:colcon.colcon_parallel_executor.executor.parallel:loop closed
[26.058s] DEBUG:colcon.colcon_parallel_executor.executor.parallel:run_until_complete finished with '0'
[26.059s] DEBUG:colcon.colcon_core.event_reactor:joining thread
[26.063s] INFO:colcon.colcon_core.plugin_system:Skipping extension 'colcon_notification.desktop_notification.terminal_notifier': Not used on non-Darwin systems
[26.063s] INFO:colcon.colcon_core.plugin_system:Skipping extension 'colcon_notification.desktop_notification.win32': Not used on non-Windows systems
[26.063s] INFO:colcon.colcon_notification.desktop_notification:Sending desktop notification using 'notify2'
[26.078s] DEBUG:colcon.colcon_core.event_reactor:joined thread
[26.079s] INFO:colcon.colcon_core.shell:Creating prefix script '/home/hong/Movement_Control/Go2Robot/install/local_setup.ps1'
[26.082s] INFO:colcon.colcon_core.shell:Creating prefix util module '/home/hong/Movement_Control/Go2Robot/install/_local_setup_util_ps1.py'
[26.083s] INFO:colcon.colcon_core.shell:Creating prefix chain script '/home/hong/Movement_Control/Go2Robot/install/setup.ps1'
[26.085s] INFO:colcon.colcon_core.shell:Creating prefix script '/home/hong/Movement_Control/Go2Robot/install/local_setup.sh'
[26.086s] INFO:colcon.colcon_core.shell:Creating prefix util module '/home/hong/Movement_Control/Go2Robot/install/_local_setup_util_sh.py'
[26.086s] INFO:colcon.colcon_core.shell:Creating prefix chain script '/home/hong/Movement_Control/Go2Robot/install/setup.sh'
[26.089s] INFO:colcon.colcon_core.shell:Creating prefix script '/home/hong/Movement_Control/Go2Robot/install/local_setup.bash'
[26.112s] INFO:colcon.colcon_core.shell:Creating prefix chain script '/home/hong/Movement_Control/Go2Robot/install/setup.bash'
[26.114s] INFO:colcon.colcon_core.shell:Creating prefix script '/home/hong/Movement_Control/Go2Robot/install/local_setup.zsh'
[26.126s] INFO:colcon.colcon_core.shell:Creating prefix chain script '/home/hong/Movement_Control/Go2Robot/install/setup.zsh'
