[0.983s] DEBUG:colcon:Command line arguments: ['/usr/bin/colcon', 'build']
[0.983s] DEBUG:colcon:Parsed command line arguments: Namespace(log_base=None, log_level=None, verb_name='build', build_base='build', install_base='install', merge_install=False, symlink_install=False, test_result_base=None, continue_on_error=False, executor='parallel', parallel_workers=24, event_handlers=None, ignore_user_meta=False, metas=['./colcon.meta'], base_paths=['.'], packages_ignore=None, packages_ignore_regex=None, paths=None, packages_up_to=None, packages_up_to_regex=None, packages_above=None, packages_above_and_dependencies=None, packages_above_depth=None, packages_select_by_dep=None, packages_skip_by_dep=None, packages_skip_up_to=None, packages_select_build_failed=False, packages_skip_build_finished=False, packages_select_test_failures=False, packages_skip_test_passed=False, packages_select=None, packages_skip=None, packages_select_regex=None, packages_skip_regex=None, packages_start=None, packages_end=None, allow_overriding=[], cmake_args=None, cmake_target=None, cmake_target_skip_unavailable=False, cmake_clean_cache=False, cmake_clean_first=False, cmake_force_configure=False, ament_cmake_args=None, catkin_cmake_args=None, catkin_skip_building_tests=False, verb_parser=<colcon_defaults.argument_parser.defaults.DefaultArgumentsDecorator object at 0x7a4792c1b760>, verb_extension=<colcon_core.verb.build.BuildVerb object at 0x7a4792d68a60>, main=<bound method BuildVerb.main of <colcon_core.verb.build.BuildVerb object at 0x7a4792d68a60>>)
[1.368s] Level 1:colcon.colcon_core.package_discovery:discover_packages(colcon_meta) check parameters
[1.368s] Level 1:colcon.colcon_core.package_discovery:discover_packages(recursive) check parameters
[1.368s] Level 1:colcon.colcon_core.package_discovery:discover_packages(ignore) check parameters
[1.368s] Level 1:colcon.colcon_core.package_discovery:discover_packages(path) check parameters
[1.368s] Level 1:colcon.colcon_core.package_discovery:discover_packages(colcon_meta) discover
[1.368s] Level 1:colcon.colcon_core.package_discovery:discover_packages(recursive) discover
[1.368s] INFO:colcon.colcon_core.package_discovery:Crawling recursively for packages in '/home/hong/Movement_Control/Go2Robot'
[1.368s] Level 1:colcon.colcon_core.package_identification:_identify(.) by extensions ['ignore', 'ignore_ament_install']
[1.368s] Level 1:colcon.colcon_core.package_identification:_identify(.) by extension 'ignore'
[1.368s] Level 1:colcon.colcon_core.package_identification:_identify(.) by extension 'ignore_ament_install'
[1.368s] Level 1:colcon.colcon_core.package_identification:_identify(.) by extensions ['colcon_pkg']
[1.368s] Level 1:colcon.colcon_core.package_identification:_identify(.) by extension 'colcon_pkg'
[1.368s] Level 1:colcon.colcon_core.package_identification:_identify(.) by extensions ['colcon_meta']
[1.368s] Level 1:colcon.colcon_core.package_identification:_identify(.) by extension 'colcon_meta'
[1.368s] Level 1:colcon.colcon_core.package_identification:_identify(.) by extensions ['ros']
[1.368s] Level 1:colcon.colcon_core.package_identification:_identify(.) by extension 'ros'
[1.398s] DEBUG:colcon.colcon_core.package_identification:Package '.' with type 'ros.ament_cmake' and name 'go2_robot'
[1.398s] Level 1:colcon.colcon_core.package_discovery:discover_packages(recursive) using defaults
[1.398s] Level 1:colcon.colcon_core.package_discovery:discover_packages(ignore) discover
[1.398s] Level 1:colcon.colcon_core.package_discovery:discover_packages(ignore) using defaults
[1.398s] Level 1:colcon.colcon_core.package_discovery:discover_packages(path) discover
[1.398s] Level 1:colcon.colcon_core.package_discovery:discover_packages(path) using defaults
[1.429s] Level 1:colcon.colcon_core.package_discovery:discover_packages(prefix_path) check parameters
[1.429s] Level 1:colcon.colcon_core.package_discovery:discover_packages(prefix_path) discover
[1.430s] DEBUG:colcon.colcon_installed_package_information.package_discovery:Found 1 installed packages in /home/hong/Movement_Control/Go2Robot/install
[1.431s] DEBUG:colcon.colcon_installed_package_information.package_discovery:Found 380 installed packages in /opt/ros/humble
[1.432s] Level 1:colcon.colcon_core.package_discovery:discover_packages(prefix_path) using defaults
[1.690s] Level 5:colcon.colcon_core.verb:set package 'go2_robot' build argument 'cmake_args' from command line to 'None'
[1.690s] Level 5:colcon.colcon_core.verb:set package 'go2_robot' build argument 'cmake_target' from command line to 'None'
[1.690s] Level 5:colcon.colcon_core.verb:set package 'go2_robot' build argument 'cmake_target_skip_unavailable' from command line to 'False'
[1.690s] Level 5:colcon.colcon_core.verb:set package 'go2_robot' build argument 'cmake_clean_cache' from command line to 'False'
[1.690s] Level 5:colcon.colcon_core.verb:set package 'go2_robot' build argument 'cmake_clean_first' from command line to 'False'
[1.690s] Level 5:colcon.colcon_core.verb:set package 'go2_robot' build argument 'cmake_force_configure' from command line to 'False'
[1.690s] Level 5:colcon.colcon_core.verb:set package 'go2_robot' build argument 'ament_cmake_args' from command line to 'None'
[1.690s] Level 5:colcon.colcon_core.verb:set package 'go2_robot' build argument 'catkin_cmake_args' from command line to 'None'
[1.690s] Level 5:colcon.colcon_core.verb:set package 'go2_robot' build argument 'catkin_skip_building_tests' from command line to 'False'
[1.690s] DEBUG:colcon.colcon_core.verb:Building package 'go2_robot' with the following arguments: {'ament_cmake_args': None, 'build_base': '/home/hong/Movement_Control/Go2Robot/build/go2_robot', 'catkin_cmake_args': None, 'catkin_skip_building_tests': False, 'cmake_args': None, 'cmake_clean_cache': False, 'cmake_clean_first': False, 'cmake_force_configure': False, 'cmake_target': None, 'cmake_target_skip_unavailable': False, 'install_base': '/home/hong/Movement_Control/Go2Robot/install/go2_robot', 'merge_install': False, 'path': '/home/hong/Movement_Control/Go2Robot', 'symlink_install': False, 'test_result_base': None}
[1.691s] INFO:colcon.colcon_core.executor:Executing jobs using 'parallel' executor
[1.692s] DEBUG:colcon.colcon_parallel_executor.executor.parallel:run_until_complete
[1.692s] INFO:colcon.colcon_ros.task.ament_cmake.build:Building ROS package in '/home/hong/Movement_Control/Go2Robot' with build type 'ament_cmake'
[1.692s] INFO:colcon.colcon_cmake.task.cmake.build:Building CMake package in '/home/hong/Movement_Control/Go2Robot'
[1.693s] INFO:colcon.colcon_core.plugin_system:Skipping extension 'colcon_core.shell.bat': Not used on non-Windows systems
[1.694s] INFO:colcon.colcon_core.shell:Skip shell extension 'powershell' for command environment: Not usable outside of PowerShell
[1.694s] DEBUG:colcon.colcon_core.shell:Skip shell extension 'dsv' for command environment
[1.870s] DEBUG:colcon.colcon_core.event_handler.log_command:Invoking command in '/home/hong/Movement_Control/Go2Robot/build/go2_robot': CMAKE_PREFIX_PATH=${CMAKE_PREFIX_PATH}:/opt/ros/humble /usr/bin/cmake --build /home/hong/Movement_Control/Go2Robot/build/go2_robot -- -j24 -l24
[11.071s] DEBUG:colcon.colcon_core.event_handler.log_command:Invoked command in '/home/hong/Movement_Control/Go2Robot/build/go2_robot' returned '2': CMAKE_PREFIX_PATH=${CMAKE_PREFIX_PATH}:/opt/ros/humble /usr/bin/cmake --build /home/hong/Movement_Control/Go2Robot/build/go2_robot -- -j24 -l24
[11.072s] Level 1:colcon.colcon_core.environment:create_environment_scripts_only(go2_robot)
[11.074s] Level 1:colcon.colcon_core.environment:checking '/home/hong/Movement_Control/Go2Robot/install/go2_robot' for CMake module files
[11.075s] Level 1:colcon.colcon_core.environment:checking '/home/hong/Movement_Control/Go2Robot/install/go2_robot' for CMake config files
[11.076s] Level 1:colcon.colcon_core.shell:create_environment_hook('go2_robot', 'cmake_prefix_path')
[11.076s] INFO:colcon.colcon_core.shell:Creating environment hook '/home/hong/Movement_Control/Go2Robot/install/go2_robot/share/go2_robot/hook/cmake_prefix_path.ps1'
[11.083s] INFO:colcon.colcon_core.shell:Creating environment descriptor '/home/hong/Movement_Control/Go2Robot/install/go2_robot/share/go2_robot/hook/cmake_prefix_path.dsv'
[11.238s] INFO:colcon.colcon_core.shell:Creating environment hook '/home/hong/Movement_Control/Go2Robot/install/go2_robot/share/go2_robot/hook/cmake_prefix_path.sh'
[11.251s] Level 1:colcon.colcon_core.environment:checking '/home/hong/Movement_Control/Go2Robot/install/go2_robot/lib'
[11.252s] Level 1:colcon.colcon_core.shell:create_environment_hook('go2_robot', 'ld_library_path_lib')
[11.252s] INFO:colcon.colcon_core.shell:Creating environment hook '/home/hong/Movement_Control/Go2Robot/install/go2_robot/share/go2_robot/hook/ld_library_path_lib.ps1'
[11.284s] INFO:colcon.colcon_core.shell:Creating environment descriptor '/home/hong/Movement_Control/Go2Robot/install/go2_robot/share/go2_robot/hook/ld_library_path_lib.dsv'
[11.285s] INFO:colcon.colcon_core.shell:Creating environment hook '/home/hong/Movement_Control/Go2Robot/install/go2_robot/share/go2_robot/hook/ld_library_path_lib.sh'
[11.461s] Level 1:colcon.colcon_core.environment:checking '/home/hong/Movement_Control/Go2Robot/install/go2_robot/bin'
[11.461s] Level 1:colcon.colcon_core.environment:checking '/home/hong/Movement_Control/Go2Robot/install/go2_robot/lib/pkgconfig/go2_robot.pc'
[11.462s] Level 1:colcon.colcon_core.environment:checking '/home/hong/Movement_Control/Go2Robot/install/go2_robot/lib/python3.10/site-packages'
[11.462s] Level 1:colcon.colcon_core.environment:checking '/home/hong/Movement_Control/Go2Robot/install/go2_robot/bin'
[11.463s] INFO:colcon.colcon_core.shell:Creating package script '/home/hong/Movement_Control/Go2Robot/install/go2_robot/share/go2_robot/package.ps1'
[11.473s] INFO:colcon.colcon_core.shell:Creating package descriptor '/home/hong/Movement_Control/Go2Robot/install/go2_robot/share/go2_robot/package.dsv'
[11.517s] INFO:colcon.colcon_core.shell:Creating package script '/home/hong/Movement_Control/Go2Robot/install/go2_robot/share/go2_robot/package.sh'
[11.689s] INFO:colcon.colcon_core.shell:Creating package script '/home/hong/Movement_Control/Go2Robot/install/go2_robot/share/go2_robot/package.bash'
[11.710s] INFO:colcon.colcon_core.shell:Creating package script '/home/hong/Movement_Control/Go2Robot/install/go2_robot/share/go2_robot/package.zsh'
[11.726s] Level 1:colcon.colcon_core.environment:create_file_with_runtime_dependencies(/home/hong/Movement_Control/Go2Robot/install/go2_robot/share/colcon-core/packages/go2_robot)
[11.737s] DEBUG:colcon.colcon_parallel_executor.executor.parallel:closing loop
[11.737s] DEBUG:colcon.colcon_parallel_executor.executor.parallel:loop closed
[11.738s] DEBUG:colcon.colcon_parallel_executor.executor.parallel:run_until_complete finished with '2'
[11.738s] DEBUG:colcon.colcon_core.event_reactor:joining thread
[11.997s] INFO:colcon.colcon_core.plugin_system:Skipping extension 'colcon_notification.desktop_notification.terminal_notifier': Not used on non-Darwin systems
[11.997s] INFO:colcon.colcon_core.plugin_system:Skipping extension 'colcon_notification.desktop_notification.win32': Not used on non-Windows systems
[11.997s] INFO:colcon.colcon_notification.desktop_notification:Sending desktop notification using 'notify2'
[12.008s] DEBUG:colcon.colcon_core.event_reactor:joined thread
[12.008s] INFO:colcon.colcon_core.shell:Creating prefix script '/home/hong/Movement_Control/Go2Robot/install/local_setup.ps1'
[12.011s] INFO:colcon.colcon_core.shell:Creating prefix util module '/home/hong/Movement_Control/Go2Robot/install/_local_setup_util_ps1.py'
[12.043s] INFO:colcon.colcon_core.shell:Creating prefix chain script '/home/hong/Movement_Control/Go2Robot/install/setup.ps1'
[12.217s] INFO:colcon.colcon_core.shell:Creating prefix script '/home/hong/Movement_Control/Go2Robot/install/local_setup.sh'
[12.245s] INFO:colcon.colcon_core.shell:Creating prefix util module '/home/hong/Movement_Control/Go2Robot/install/_local_setup_util_sh.py'
[12.249s] INFO:colcon.colcon_core.shell:Creating prefix chain script '/home/hong/Movement_Control/Go2Robot/install/setup.sh'
[12.253s] INFO:colcon.colcon_core.shell:Creating prefix script '/home/hong/Movement_Control/Go2Robot/install/local_setup.bash'
[12.255s] INFO:colcon.colcon_core.shell:Creating prefix chain script '/home/hong/Movement_Control/Go2Robot/install/setup.bash'
[12.258s] INFO:colcon.colcon_core.shell:Creating prefix script '/home/hong/Movement_Control/Go2Robot/install/local_setup.zsh'
[12.297s] INFO:colcon.colcon_core.shell:Creating prefix chain script '/home/hong/Movement_Control/Go2Robot/install/setup.zsh'
