-- Found ament_cmake: 1.3.14 (/opt/ros/humble/share/ament_cmake/cmake)
-- Found Python3: /home/hong/miniconda3/envs/rl_env/bin/python3 (found version "3.8.10") found components: Interpreter 
-- Found rclcpp: 16.0.19 (/opt/ros/humble/share/rclcpp/cmake)
-- Found rosidl_generator_c: 3.1.8 (/opt/ros/humble/share/rosidl_generator_c/cmake)
-- Found rosidl_adapter: 3.1.8 (/opt/ros/humble/share/rosidl_adapter/cmake)
-- Found rosidl_generator_cpp: 3.1.8 (/opt/ros/humble/share/rosidl_generator_cpp/cmake)
-- Using all available rosidl_typesupport_c: rosidl_typesupport_fastrtps_c;rosidl_typesupport_introspection_c
-- Using all available rosidl_typesupport_cpp: rosidl_typesupport_fastrtps_cpp;rosidl_typesupport_introspection_cpp
-- Found rmw_implementation_cmake: 6.1.2 (/opt/ros/humble/share/rmw_implementation_cmake/cmake)
-- Found rmw_fastrtps_cpp: 6.2.10 (/opt/ros/humble/share/rmw_fastrtps_cpp/cmake)
-- Using RMW implementation 'rmw_fastrtps_cpp' as default
-- Found geometry_msgs: 4.9.2 (/opt/ros/humble/share/geometry_msgs/cmake)
-- Found sensor_msgs: 4.9.1 (/opt/ros/humble/share/sensor_msgs/cmake)
-- Found nav_msgs: 4.9.1 (/opt/ros/humble/share/nav_msgs/cmake)
[33mCMake Warning (dev) at /usr/share/cmake-3.22/Modules/FindOpenGL.cmake:315 (message):
  Policy CMP0072 is not set: FindOpenGL prefers GLVND by default when
  available.  Run "cmake --help-policy CMP0072" for policy details.  Use the
  cmake_policy command to set the policy and suppress this warning.

  FindOpenGL found both a legacy GL library:

    OPENGL_gl_LIBRARY: /usr/lib/x86_64-linux-gnu/libGL.so

  and GLVND libraries for OpenGL and GLX:

    OPENGL_opengl_LIBRARY: /usr/lib/x86_64-linux-gnu/libOpenGL.so
    OPENGL_glx_LIBRARY: /usr/lib/x86_64-linux-gnu/libGLX.so

  OpenGL_GL_PREFERENCE has not been set to "GLVND" or "LEGACY", so for
  compatibility with CMake 3.10 and below the legacy GL library will be used.
Call Stack (most recent call first):
  CMakeLists.txt:26 (find_package)
This warning is for project developers.  Use -Wno-dev to suppress it.
[0m
-- pinocchio_default FOUND. pinocchio_default at /opt/ros/humble/lib/x86_64-linux-gnu/libpinocchio_default.so
-- pinocchio_parsers FOUND. pinocchio_parsers at /opt/ros/humble/lib/x86_64-linux-gnu/libpinocchio_parsers.so
-- boost_filesystem FOUND. boost_filesystem at /lib/x86_64-linux-gnu/libboost_filesystem.so
-- Found Boost: /usr/include (found version "1.74.0") found components: filesystem serialization 
-- eigenpy FOUND. eigenpy at /opt/ros/humble/lib/x86_64-linux-gnu/libeigenpy.so
-- Checking for NumPy
--   NUMPY_INCLUDE_DIRS=/home/hong/miniconda3/envs/rl_env/lib/python3.8/site-packages/numpy/core/include
--   NUMPY_VERSION=1.23.2
-- Found Python3: /home/hong/miniconda3/envs/rl_env/bin/python3 (found version "3.8.10") found components: Interpreter Development.Module NumPy 
-- PythonLibraryDirs: 
-- PythonLibVersionString: 3.8.10
-- Python site lib: lib/python3.8/site-packages
-- Python include dirs: /home/hong/miniconda3/envs/rl_env/include/python3.8
-- Checking for NumPy
--   NUMPY_INCLUDE_DIRS=/home/hong/miniconda3/envs/rl_env/lib/python3.8/site-packages/numpy/core/include
--   NUMPY_VERSION=1.23.2
-- NumPy include dir: /home/hong/miniconda3/envs/rl_env/lib/python3.8/site-packages/numpy/core/include
[33mCMake Warning at /usr/share/cmake-3.22/Modules/FindBoost.cmake:2201 (message):
  No header defined for python310; skipping header check (note: header-only
  libraries have no designated component)
Call Stack (most recent call first):
  /opt/ros/humble/lib/x86_64-linux-gnu/cmake/eigenpy/boost.cmake:148 (find_package)
  /opt/ros/humble/lib/x86_64-linux-gnu/cmake/eigenpy/eigenpyConfig.cmake:149 (SEARCH_FOR_BOOST_PYTHON)
  /usr/share/cmake-3.22/Modules/CMakeFindDependencyMacro.cmake:47 (find_package)
  /opt/ros/humble/lib/x86_64-linux-gnu/cmake/pinocchio/pinocchioConfig.cmake:161 (find_dependency)
  CMakeLists.txt:38 (find_package)

[0m
-- Found Boost: /usr/include (found version "1.74.0") found components: python310 
-- Default C++ standard: 201703
-- C++ standard sufficient: Minimal required 11, currently defined: 17
-- hpp-fcl FOUND. hpp-fcl at /opt/ros/humble/lib/x86_64-linux-gnu/libhpp-fcl.so
-- Found Boost: /usr/include (found version "1.74.0") found components: chrono serialization filesystem 
-- C++ standard sufficient: Minimal required 11, currently defined: 17
-- C++ standard sufficient: Minimal required 11, currently defined: 17
-- Configuring done
-- Generating done
-- Build files have been written to: /home/hong/Movement_Control/Go2Robot/build/go2_robot
[35m[1mConsolidate compiler generated dependencies of target OsqpEigen[0m
[ 29%] Built target OsqpEigen
[35m[1mConsolidate compiler generated dependencies of target go2_core[0m
[ 82%] Built target go2_core
[ 94%] [32mBuilding CXX object CMakeFiles/go2_control_node.dir/src/ros2/go2_control_node.cpp.o[0m
[ 94%] [32mBuilding CXX object CMakeFiles/go2_control_node.dir/src/ros2/main.cpp.o[0m
In file included from [01m[K/home/hong/Movement_Control/Go2Robot/src/ros2/go2_control_node.cpp:1[m[K:
[01m[K/home/hong/Movement_Control/Go2Robot/include/ros2/go2_control_node.hpp:95:43:[m[K [01;31m[Kerror: [m[K‘[01m[KOdometry[m[K’ is not a member of ‘[01m[Kgeometry_msgs::msg[m[K’; did you mean ‘[01m[Knav_msgs::msg::Odometry[m[K’?
   95 |     rclcpp::Publisher<geometry_msgs::msg::[01;31m[KOdometry[m[K>::SharedPtr odom_pub_;
      |                                           [01;31m[K^~~~~~~~[m[K
In file included from [01m[K/opt/ros/humble/include/nav_msgs/nav_msgs/msg/odometry.hpp:7[m[K,
                 from [01m[K/home/hong/Movement_Control/Go2Robot/include/ros2/go2_control_node.hpp:27[m[K,
                 from [01m[K/home/hong/Movement_Control/Go2Robot/src/ros2/go2_control_node.cpp:1[m[K:
[01m[K/opt/ros/humble/include/nav_msgs/nav_msgs/msg/detail/odometry__struct.hpp:173:7:[m[K [01;36m[Knote: [m[K‘[01m[Knav_msgs::msg::Odometry[m[K’ declared here
  173 | using [01;36m[KOdometry[m[K =
      |       [01;36m[K^~~~~~~~[m[K
In file included from [01m[K/home/hong/Movement_Control/Go2Robot/src/ros2/go2_control_node.cpp:1[m[K:
[01m[K/home/hong/Movement_Control/Go2Robot/include/ros2/go2_control_node.hpp:95:51:[m[K [01;31m[Kerror: [m[Ktemplate argument 1 is invalid
   95 |     rclcpp::Publisher<geometry_msgs::msg::Odometry[01;31m[K>[m[K::SharedPtr odom_pub_;
      |                                                   [01;31m[K^[m[K
[01m[K/home/hong/Movement_Control/Go2Robot/include/ros2/go2_control_node.hpp:95:54:[m[K [01;31m[Kerror: [m[Kexpected ‘[01m[K;[m[K’ at end of member declaration
   95 |     rclcpp::Publisher<geometry_msgs::msg::Odometry>::[01;31m[KSharedPtr[m[K odom_pub_;
      |                                                      [01;31m[K^~~~~~~~~[m[K
      |                                                               [32m[K;[m[K
[01m[K/home/hong/Movement_Control/Go2Robot/include/ros2/go2_control_node.hpp:95:64:[m[K [01;31m[Kerror: [m[K‘[01m[Kodom_pub_[m[K’ does not name a type
   95 |     rclcpp::Publisher<geometry_msgs::msg::Odometry>::SharedPtr [01;31m[Kodom_pub_[m[K;
      |                                                                [01;31m[K^~~~~~~~~[m[K
[01m[K/home/hong/Movement_Control/Go2Robot/include/ros2/go2_control_node.hpp:104:25:[m[K [01;31m[Kerror: [m[K‘[01m[KOdometry[m[K’ in namespace ‘[01m[Kgeometry_msgs::msg[m[K’ does not name a type
  104 |     geometry_msgs::msg::[01;31m[KOdometry[m[K   odom_msg_;
      |                         [01;31m[K^~~~~~~~[m[K
[01m[K/home/hong/Movement_Control/Go2Robot/src/ros2/go2_control_node.cpp:[m[K In member function ‘[01m[Kvoid go2::Go2ControlNode::startTimersAndThreads()[m[K’:
[01m[K/home/hong/Movement_Control/Go2Robot/src/ros2/go2_control_node.cpp:176:5:[m[K [01;31m[Kerror: [m[K‘[01m[Kodom_pub_[m[K’ was not declared in this scope
  176 |     [01;31m[Kodom_pub_[m[K         = create_publisher<geometry_msgs::msg::Odometry>("odom", 10);
      |     [01;31m[K^~~~~~~~~[m[K
[01m[K/home/hong/Movement_Control/Go2Robot/src/ros2/go2_control_node.cpp:176:62:[m[K [01;31m[Kerror: [m[K‘[01m[KOdometry[m[K’ is not a member of ‘[01m[Kgeometry_msgs::msg[m[K’; did you mean ‘[01m[Knav_msgs::msg::Odometry[m[K’?
  176 |     odom_pub_         = create_publisher<geometry_msgs::msg::[01;31m[KOdometry[m[K>("odom", 10);
      |                                                              [01;31m[K^~~~~~~~[m[K
In file included from [01m[K/opt/ros/humble/include/nav_msgs/nav_msgs/msg/odometry.hpp:7[m[K,
                 from [01m[K/home/hong/Movement_Control/Go2Robot/include/ros2/go2_control_node.hpp:27[m[K,
                 from [01m[K/home/hong/Movement_Control/Go2Robot/src/ros2/go2_control_node.cpp:1[m[K:
[01m[K/opt/ros/humble/include/nav_msgs/nav_msgs/msg/detail/odometry__struct.hpp:173:7:[m[K [01;36m[Knote: [m[K‘[01m[Knav_msgs::msg::Odometry[m[K’ declared here
  173 | using [01;36m[KOdometry[m[K =
      |       [01;36m[K^~~~~~~~[m[K
[01m[K/home/hong/Movement_Control/Go2Robot/src/ros2/go2_control_node.cpp:176:71:[m[K [01;31m[Kerror: [m[Kno matching function for call to ‘[01m[Kgo2::Go2ControlNode::create_publisher<<expression error> >(const char [5], int)[m[K’
  176 |     odom_pub_         = [01;31m[Kcreate_publisher<geometry_msgs::msg::Odometry>("odom", 10)[m[K;
      |                         [01;31m[K~~~~~~~~~~~~~~~~~~~~~~~~~~~~~~~~~~~~~~~~~~~~~~^~~~~~~~~~~~[m[K
In file included from [01m[K/opt/ros/humble/include/rclcpp/rclcpp/executors/single_threaded_executor.hpp:28[m[K,
                 from [01m[K/opt/ros/humble/include/rclcpp/rclcpp/executors.hpp:22[m[K,
                 from [01m[K/opt/ros/humble/include/rclcpp/rclcpp/rclcpp.hpp:155[m[K,
                 from [01m[K/home/hong/Movement_Control/Go2Robot/include/ros2/go2_control_node.hpp:25[m[K,
                 from [01m[K/home/hong/Movement_Control/Go2Robot/src/ros2/go2_control_node.cpp:1[m[K:
[01m[K/opt/ros/humble/include/rclcpp/rclcpp/node.hpp:195:3:[m[K [01;36m[Knote: [m[Kcandidate: ‘[01m[Ktemplate<class MessageT, class AllocatorT, class PublisherT> std::shared_ptr<PublisherT> rclcpp::Node::create_publisher(const string&, const rclcpp::QoS&, const rclcpp::PublisherOptionsWithAllocator<AllocatorT>&)[m[K’
  195 |   [01;36m[Kcreate_publisher[m[K(
      |   [01;36m[K^~~~~~~~~~~~~~~~[m[K
[01m[K/opt/ros/humble/include/rclcpp/rclcpp/node.hpp:195:3:[m[K [01;36m[Knote: [m[K  template argument deduction/substitution failed:
[01m[K/home/hong/Movement_Control/Go2Robot/src/ros2/go2_control_node.cpp:176:71:[m[K [01;31m[Kerror: [m[Ktemplate argument 1 is invalid
  176 |     odom_pub_         = [01;31m[Kcreate_publisher<geometry_msgs::msg::Odometry>("odom", 10)[m[K;
      |                         [01;31m[K~~~~~~~~~~~~~~~~~~~~~~~~~~~~~~~~~~~~~~~~~~~~~~^~~~~~~~~~~~[m[K
[01m[K/home/hong/Movement_Control/Go2Robot/src/ros2/go2_control_node.cpp:[m[K In member function ‘[01m[Kvoid go2::Go2ControlNode::wbcControlLoop()[m[K’:
[01m[K/home/hong/Movement_Control/Go2Robot/src/ros2/go2_control_node.cpp:342:9:[m[K [01;31m[Kerror: [m[K‘[01m[Kodom_msg_[m[K’ was not declared in this scope
  342 |         [01;31m[Kodom_msg_[m[K.header.stamp = this->now();
      |         [01;31m[K^~~~~~~~~[m[K
In file included from [01m[K/home/hong/Movement_Control/Go2Robot/src/ros2/main.cpp:2[m[K:
[01m[K/home/hong/Movement_Control/Go2Robot/include/ros2/go2_control_node.hpp:95:43:[m[K [01;31m[Kerror: [m[K‘[01m[KOdometry[m[K’ is not a member of ‘[01m[Kgeometry_msgs::msg[m[K’; did you mean ‘[01m[Knav_msgs::msg::Odometry[m[K’?
   95 |     rclcpp::Publisher<geometry_msgs::msg::[01;31m[KOdometry[m[K>::SharedPtr odom_pub_;
      |                                           [01;31m[K^~~~~~~~[m[K
In file included from [01m[K/opt/ros/humble/include/nav_msgs/nav_msgs/msg/odometry.hpp:7[m[K,
                 from [01m[K/home/hong/Movement_Control/Go2Robot/include/ros2/go2_control_node.hpp:27[m[K,
                 from [01m[K/home/hong/Movement_Control/Go2Robot/src/ros2/main.cpp:2[m[K:
[01m[K/opt/ros/humble/include/nav_msgs/nav_msgs/msg/detail/odometry__struct.hpp:173:7:[m[K [01;36m[Knote: [m[K‘[01m[Knav_msgs::msg::Odometry[m[K’ declared here
  173 | using [01;36m[KOdometry[m[K =
      |       [01;36m[K^~~~~~~~[m[K
In file included from [01m[K/home/hong/Movement_Control/Go2Robot/src/ros2/main.cpp:2[m[K:
[01m[K/home/hong/Movement_Control/Go2Robot/include/ros2/go2_control_node.hpp:95:51:[m[K [01;31m[Kerror: [m[Ktemplate argument 1 is invalid
   95 |     rclcpp::Publisher<geometry_msgs::msg::Odometry[01;31m[K>[m[K::SharedPtr odom_pub_;
      |                                                   [01;31m[K^[m[K
[01m[K/home/hong/Movement_Control/Go2Robot/include/ros2/go2_control_node.hpp:95:54:[m[K [01;31m[Kerror: [m[Kexpected ‘[01m[K;[m[K’ at end of member declaration
   95 |     rclcpp::Publisher<geometry_msgs::msg::Odometry>::[01;31m[KSharedPtr[m[K odom_pub_;
      |                                                      [01;31m[K^~~~~~~~~[m[K
      |                                                               [32m[K;[m[K
[01m[K/home/hong/Movement_Control/Go2Robot/include/ros2/go2_control_node.hpp:95:64:[m[K [01;31m[Kerror: [m[K‘[01m[Kodom_pub_[m[K’ does not name a type
   95 |     rclcpp::Publisher<geometry_msgs::msg::Odometry>::SharedPtr [01;31m[Kodom_pub_[m[K;
      |                                                                [01;31m[K^~~~~~~~~[m[K
[01m[K/home/hong/Movement_Control/Go2Robot/include/ros2/go2_control_node.hpp:104:25:[m[K [01;31m[Kerror: [m[K‘[01m[KOdometry[m[K’ in namespace ‘[01m[Kgeometry_msgs::msg[m[K’ does not name a type
  104 |     geometry_msgs::msg::[01;31m[KOdometry[m[K   odom_msg_;
      |                         [01;31m[K^~~~~~~~[m[K
[01m[K/home/hong/Movement_Control/Go2Robot/src/ros2/go2_control_node.cpp:[m[K In member function ‘[01m[Kvoid go2::Go2ControlNode::publishState()[m[K’:
[01m[K/home/hong/Movement_Control/Go2Robot/src/ros2/go2_control_node.cpp:446:25:[m[K [01;31m[Kerror: [m[K‘[01m[KOdometry[m[K’ is not a member of ‘[01m[Kgeometry_msgs::msg[m[K’; did you mean ‘[01m[Knav_msgs::msg::Odometry[m[K’?
  446 |     geometry_msgs::msg::[01;31m[KOdometry[m[K odom;
      |                         [01;31m[K^~~~~~~~[m[K
In file included from [01m[K/opt/ros/humble/include/nav_msgs/nav_msgs/msg/odometry.hpp:7[m[K,
                 from [01m[K/home/hong/Movement_Control/Go2Robot/include/ros2/go2_control_node.hpp:27[m[K,
                 from [01m[K/home/hong/Movement_Control/Go2Robot/src/ros2/go2_control_node.cpp:1[m[K:
[01m[K/opt/ros/humble/include/nav_msgs/nav_msgs/msg/detail/odometry__struct.hpp:173:7:[m[K [01;36m[Knote: [m[K‘[01m[Knav_msgs::msg::Odometry[m[K’ declared here
  173 | using [01;36m[KOdometry[m[K =
      |       [01;36m[K^~~~~~~~[m[K
[01m[K/home/hong/Movement_Control/Go2Robot/src/ros2/go2_control_node.cpp:451:9:[m[K [01;31m[Kerror: [m[K‘[01m[Kodom[m[K’ was not declared in this scope
  451 |         [01;31m[Kodom[m[K  = odom_msg_;
      |         [01;31m[K^~~~[m[K
[01m[K/home/hong/Movement_Control/Go2Robot/src/ros2/go2_control_node.cpp:451:17:[m[K [01;31m[Kerror: [m[K‘[01m[Kodom_msg_[m[K’ was not declared in this scope
  451 |         odom  = [01;31m[Kodom_msg_[m[K;
      |                 [01;31m[K^~~~~~~~~[m[K
[01m[K/home/hong/Movement_Control/Go2Robot/src/ros2/go2_control_node.cpp:455:5:[m[K [01;31m[Kerror: [m[K‘[01m[Kodom_pub_[m[K’ was not declared in this scope
  455 |     [01;31m[Kodom_pub_[m[K->publish(odom);
      |     [01;31m[K^~~~~~~~~[m[K
[01m[K/home/hong/Movement_Control/Go2Robot/src/ros2/go2_control_node.cpp:455:24:[m[K [01;31m[Kerror: [m[K‘[01m[Kodom[m[K’ was not declared in this scope
  455 |     odom_pub_->publish([01;31m[Kodom[m[K);
      |                        [01;31m[K^~~~[m[K
gmake[2]: *** [CMakeFiles/go2_control_node.dir/build.make:90：CMakeFiles/go2_control_node.dir/src/ros2/main.cpp.o] 错误 1
gmake[2]: *** 正在等待未完成的任务....
gmake[2]: *** [CMakeFiles/go2_control_node.dir/build.make:76：CMakeFiles/go2_control_node.dir/src/ros2/go2_control_node.cpp.o] 错误 1
gmake[1]: *** [CMakeFiles/Makefile2:228：CMakeFiles/go2_control_node.dir/all] 错误 2
gmake: *** [Makefile:146：all] 错误 2
