[0.007s] Invoking command in '/home/hong/Movement_Control/Go2Robot/build/go2_robot': CMAKE_PREFIX_PATH=${CMAKE_PREFIX_PATH}:/opt/ros/humble /usr/bin/cmake --build /home/hong/Movement_Control/Go2Robot/build/go2_robot -- -j24 -l24
[0.044s] [35m[1mConsolidate compiler generated dependencies of target go2_robot__rosidl_generator_c[0m
[0.044s] [35m[1mConsolidate compiler generated dependencies of target OsqpEigen[0m
[0.052s] [  6%] Built target go2_robot__rosidl_generator_c
[0.052s] [ 10%] Built target go2_robot__cpp
[0.052s] [ 10%] Built target go2_robot__rs
[0.055s] [ 10%] Built target ament_cmake_python_copy_go2_robot
[0.057s] [ 20%] Built target OsqpEigen
[0.058s] [35m[1mConsolidate compiler generated dependencies of target go2_robot__rosidl_typesupport_fastrtps_c[0m
[0.059s] [35m[1mConsolidate compiler generated dependencies of target go2_robot__rosidl_typesupport_introspection_c[0m
[0.061s] [35m[1mConsolidate compiler generated dependencies of target go2_robot__rosidl_typesupport_introspection_cpp[0m
[0.061s] [35m[1mConsolidate compiler generated dependencies of target go2_robot__rosidl_typesupport_c[0m
[0.061s] [35m[1mConsolidate compiler generated dependencies of target go2_robot__rosidl_typesupport_cpp[0m
[0.062s] [35m[1mConsolidate compiler generated dependencies of target go2_robot__rosidl_typesupport_fastrtps_cpp[0m
[0.066s] [ 26%] Built target go2_robot__rosidl_typesupport_fastrtps_c
[0.068s] [ 32%] Built target go2_robot__rosidl_typesupport_introspection_c
[0.069s] [ 38%] Built target go2_robot__rosidl_typesupport_c
[0.070s] [35m[1mConsolidate compiler generated dependencies of target go2_core[0m
[0.071s] [ 44%] Built target go2_robot__rosidl_typesupport_introspection_cpp
[0.073s] [ 57%] Built target go2_robot__rosidl_typesupport_fastrtps_cpp
[0.073s] [ 57%] Built target go2_robot__rosidl_typesupport_cpp
[0.092s] [ 57%] Built target go2_robot
[0.105s] [ 75%] Built target go2_core
[0.111s] [ 77%] Built target go2_robot__py
[0.120s] [ 79%] [32mBuilding CXX object CMakeFiles/go2_control_node.dir/src/ros2/main.cpp.o[0m
[0.120s] [ 81%] [32mBuilding CXX object CMakeFiles/go2_control_node.dir/src/ros2/go2_control_node.cpp.o[0m
[0.120s] [35m[1mConsolidate compiler generated dependencies of target go2_robot__rosidl_generator_py[0m
[0.133s] [ 85%] Built target go2_robot__rosidl_generator_py
[0.142s] [35m[1mConsolidate compiler generated dependencies of target go2_robot__rosidl_typesupport_c__pyext[0m
[0.142s] [35m[1mConsolidate compiler generated dependencies of target go2_robot__rosidl_typesupport_fastrtps_c__pyext[0m
[0.142s] [35m[1mConsolidate compiler generated dependencies of target go2_robot__rosidl_typesupport_introspection_c__pyext[0m
[0.153s] [ 89%] Built target go2_robot__rosidl_typesupport_c__pyext
[0.154s] [ 93%] Built target go2_robot__rosidl_typesupport_introspection_c__pyext
[0.154s] [ 97%] Built target go2_robot__rosidl_typesupport_fastrtps_c__pyext
[0.186s] running egg_info
[0.187s] writing go2_robot.egg-info/PKG-INFO
[0.187s] writing dependency_links to go2_robot.egg-info/dependency_links.txt
[0.187s] writing top-level names to go2_robot.egg-info/top_level.txt
[0.188s] reading manifest file 'go2_robot.egg-info/SOURCES.txt'
[0.189s] writing manifest file 'go2_robot.egg-info/SOURCES.txt'
[0.208s] [ 97%] Built target ament_cmake_python_build_go2_robot_egg
[5.670s] [01m[K/home/hong/Movement_Control/Go2Robot/src/ros2/go2_control_node.cpp:526:1:[m[K [01;31m[Kerror: [m[Kexpected declaration before ‘[01m[K}[m[K’ token
[5.670s]   526 | [01;31m[K}[m[K // namespace go2
[5.670s]       | [01;31m[K^[m[K
[8.627s] gmake[2]: *** [CMakeFiles/go2_control_node.dir/build.make:76：CMakeFiles/go2_control_node.dir/src/ros2/go2_control_node.cpp.o] 错误 1
[8.627s] gmake[1]: *** [CMakeFiles/Makefile2:294：CMakeFiles/go2_control_node.dir/all] 错误 2
[8.627s] gmake: *** [Makefile:146：all] 错误 2
[8.629s] Invoked command in '/home/hong/Movement_Control/Go2Robot/build/go2_robot' returned '2': CMAKE_PREFIX_PATH=${CMAKE_PREFIX_PATH}:/opt/ros/humble /usr/bin/cmake --build /home/hong/Movement_Control/Go2Robot/build/go2_robot -- -j24 -l24
